CONTACT 2973 2979
t=0.00 rise=-0.00137 foot=0.00019 vy=-0.12343 force=-9598.1 work=0.0
t=2.00 rise=-0.02001 foot=0.00293 vy=0.00001 force=-110968.8 work=0.6
t=4.00 rise=1.42916 foot=-0.20743 vy=1.16620 force=-158537.3 work=36601.9
t=6.00 rise=3.51254 foot=-0.56847 vy=0.94632 force=-126558.2 work=86737.7
t=8.00 rise=5.26394 foot=-0.92908 vy=0.81427 force=-109217.2 work=129044.2
t=10.00 rise=6.79344 foot=-1.28953 vy=0.72050 force=-96782.9 work=166047.9
t=12.00 rise=8.15968 foot=-1.64989 vy=0.64913 force=-87274.1 work=199132.4
t=14.00 rise=9.39866 foot=-2.01020 vy=0.59216 force=-79663.6 work=229152.9
t=16.00 rise=10.53429 foot=-2.37047 vy=0.54513 force=-73368.1 work=256680.2
t=18.00 rise=11.58344 foot=-2.73073 vy=0.50529 force=-68027.7 work=282119.6
t=20.00 rise=12.55860 foot=-3.09095 vy=0.47086 force=-63408.5 work=305769.2
t=22.00 rise=13.46930 foot=-3.45115 vy=0.44062 force=-59348.0 work=327858.8
t=24.00 rise=14.32299 foot=-3.81134 vy=0.41371 force=-55732.0 work=348568.4
t=20.00 rise=12.55745 foot=-3.09072 vy=0.36668 force=-12754.4 work=305664.8
t=22.00 rise=13.46302 foot=-3.44887 vy=0.44083 force=-59373.9 work=327725.1
t=24.00 rise=14.31710 foot=-3.80900 vy=0.41390 force=-55755.6 work=348440.4
REPLAY position_error_m=0.00571060 velocity_error_mps=0.00018558
t=26.00 rise=15.12011 foot=-4.16911 vy=0.38967 force=-52497.8 work=367919.2
t=28.00 rise=15.87695 foot=-4.52922 vy=0.36765 force=-49537.0 work=386280.1
t=30.00 rise=16.59164 foot=-4.88932 vy=0.34749 force=-46824.1 work=403620.3
t=32.00 rise=17.26761 foot=-5.24942 vy=0.32889 force=-44320.9 work=420022.8
t=34.00 rise=17.90775 foot=-5.60953 vy=0.31162 force=-41996.6 work=435557.1
t=36.00 rise=18.51455 foot=-5.96963 vy=0.29550 force=-39826.4 work=450282.7
t=38.00 rise=19.09013 foot=-6.32971 vy=0.28038 force=-37790.1 work=464251.1
t=40.00 rise=19.63636 foot=-6.68977 vy=0.26613 force=-35870.8 work=477507.2
t=42.00 rise=20.15489 foot=-7.04986 vy=0.25264 force=-34054.5 work=490092.0
t=44.00 rise=20.64715 foot=-7.40992 vy=0.23983 force=-32329.1 work=502039.0
t=46.00 rise=21.11439 foot=-7.76999 vy=0.22763 force=-30684.6 work=513379.7
t=48.00 rise=21.55776 foot=-8.13006 vy=0.21596 force=-29112.2 work=524141.4
t=50.00 rise=21.97830 foot=-8.49012 vy=0.20477 force=-27604.4 work=534348.9
t=52.00 rise=22.37691 foot=-8.85020 vy=0.19401 force=-26154.6 work=544024.5
t=54.00 rise=22.75440 foot=-9.21027 vy=0.18364 force=-24757.0 work=553187.5
t=56.00 rise=23.09971 foot=-9.55812 vy=0.12923 force=-23202.8 work=561547.1
t=58.00 rise=23.24760 foot=-9.71312 vy=0.03782 force=-22812.8 work=565113.2
t=60.00 rise=23.29121 foot=-9.75951 vy=0.00678 force=-21131.6 work=566168.2
t=62.00 rise=23.29113 foot=-9.75951 vy=-0.00000 force=-22716.2 work=566168.2
t=64.00 rise=23.29113 foot=-9.75951 vy=-0.00000 force=-22716.2 work=566168.2
t=66.00 rise=23.29113 foot=-9.75951 vy=-0.00000 force=-22716.2 work=566168.2
RESULT hz=90 rider=85.0 cap=200000 mode=0 rise=23.291132 theory=23.309595 work_j=566168.213 peak_force_n=199999.984 peak_joint_m=0.002089 peak_speed=1.23720 off_drop_m=0.000000 rider_gap=-0.004707 max_rider_offset=0.000132 errors=0
ENERGY remaining_j=492289.733927 capacity_j=1200000.000 peak_electrical_w=38714.437 overdraft_j=0.000000 cutoff=0 max_rise_m=23.291216 cutoff_drop_m=0.000000
LEDGER settled_travel_m=23.311144 delta_pe_j=566005.067 positive_work_j=566168.213 peak_power_w=30971.550 positive_work_minus_pe_fraction=0.000288 eccentric_m=0.00
