CONTACT 2973 2979
t=0.00 rise=-0.00137 foot=0.00019 vy=-0.12343 force=-9598.1 work=0.0
t=2.00 rise=-0.02001 foot=0.00293 vy=0.00001 force=-110968.8 work=0.6
t=4.00 rise=1.42916 foot=-0.20743 vy=1.16620 force=-158537.3 work=36601.9
t=6.00 rise=3.51254 foot=-0.56847 vy=0.94632 force=-126558.2 work=86737.7
t=8.00 rise=5.26394 foot=-0.92908 vy=0.81427 force=-109217.2 work=129044.2
t=10.00 rise=6.79344 foot=-1.28953 vy=0.72050 force=-96782.9 work=166047.9
t=12.00 rise=8.15968 foot=-1.64989 vy=0.64913 force=-87274.1 work=199132.4
t=14.00 rise=8.18117 foot=-1.65617 vy=-0.00002 force=-87302.8 work=199655.9
t=16.00 rise=8.18117 foot=-1.65617 vy=-0.00000 force=-87305.4 work=199655.9
t=18.00 rise=8.18117 foot=-1.65617 vy=-0.00000 force=-87305.4 work=199655.9
t=20.00 rise=8.18117 foot=-1.65617 vy=-0.00000 force=-87305.4 work=199655.9
t=22.00 rise=8.18117 foot=-1.65617 vy=-0.00000 force=-87305.4 work=199655.9
t=24.00 rise=8.18117 foot=-1.65617 vy=-0.00000 force=-87305.4 work=199655.9
t=20.00 rise=8.17989 foot=-1.65595 vy=-0.11574 force=-12298.1 work=199655.9
t=22.00 rise=8.16954 foot=-1.65312 vy=0.00001 force=-87381.8 work=199655.9
t=24.00 rise=8.16954 foot=-1.65312 vy=-0.00000 force=-87380.0 work=199655.9
REPLAY position_error_m=0.01162720 velocity_error_mps=0.00000003
t=26.00 rise=8.16954 foot=-1.65312 vy=-0.00000 force=-87380.0 work=199655.9
t=28.00 rise=8.16954 foot=-1.65312 vy=-0.00000 force=-87380.0 work=199655.9
t=30.00 rise=8.16954 foot=-1.65312 vy=-0.00000 force=-87380.0 work=199655.9
t=32.00 rise=8.16954 foot=-1.65312 vy=-0.00000 force=-87380.0 work=199655.9
t=34.00 rise=8.16954 foot=-1.65312 vy=-0.00000 force=-87380.0 work=199655.9
t=36.00 rise=8.16954 foot=-1.65312 vy=-0.00000 force=-87380.0 work=199655.9
t=38.00 rise=8.16954 foot=-1.65312 vy=-0.00000 force=-87380.0 work=199655.9
t=40.00 rise=8.16954 foot=-1.65312 vy=-0.00000 force=-87380.0 work=199655.9
t=42.00 rise=8.16954 foot=-1.65312 vy=-0.00000 force=-87380.0 work=199655.9
t=44.00 rise=8.16954 foot=-1.65312 vy=-0.00000 force=-87380.0 work=199655.9
t=46.00 rise=8.16954 foot=-1.65312 vy=-0.00000 force=-87380.0 work=199655.9
t=48.00 rise=8.16954 foot=-1.65312 vy=-0.00000 force=-87380.0 work=199655.9
t=50.00 rise=8.16954 foot=-1.65312 vy=-0.00000 force=-87380.0 work=199655.9
t=52.00 rise=8.16954 foot=-1.65312 vy=-0.00000 force=-87380.0 work=199655.9
t=54.00 rise=8.16954 foot=-1.65312 vy=-0.00000 force=-87380.0 work=199655.9
t=56.00 rise=8.16954 foot=-1.65312 vy=-0.00000 force=-87380.0 work=199655.9
t=58.00 rise=8.16954 foot=-1.65312 vy=-0.00000 force=-87380.0 work=199655.9
t=60.00 rise=8.16954 foot=-1.65312 vy=-0.00000 force=-87380.0 work=199655.9
t=62.00 rise=8.16954 foot=-1.65312 vy=-0.00000 force=-87380.0 work=199655.9
t=64.00 rise=8.16954 foot=-1.65312 vy=-0.00000 force=-87380.0 work=199655.9
t=66.00 rise=8.16954 foot=-1.65312 vy=-0.00000 force=-87380.0 work=199655.9
RESULT hz=90 rider=85.0 cap=200000 mode=0 rise=8.169544 theory=23.309595 work_j=199655.887 peak_force_n=199999.984 peak_joint_m=0.002089 peak_speed=1.23720 off_drop_m=0.000000 rider_gap=-0.000343 max_rider_offset=0.000132 errors=0
ENERGY remaining_j=430.141561 capacity_j=250000.000 peak_electrical_w=38714.437 overdraft_j=0.000000 cutoff=1 max_rise_m=8.197401 cutoff_drop_m=0.018984
LEDGER settled_travel_m=8.189556 delta_pe_j=198865.730 positive_work_j=199655.887 peak_power_w=30971.550 positive_work_minus_pe_fraction=0.003958 eccentric_m=0.00
