CONTACT 2973 2979
t=0.00 rise=-0.00137 foot=0.00019 vy=-0.12343 force=-9598.1 work=0.0
t=2.00 rise=-0.02001 foot=0.00293 vy=0.00001 force=-110968.8 work=0.6
t=4.00 rise=1.42916 foot=-0.20743 vy=1.16620 force=-158537.3 work=36601.9
t=6.00 rise=3.51254 foot=-0.56847 vy=0.94632 force=-126558.2 work=86737.7
t=8.00 rise=5.26394 foot=-0.92908 vy=0.81427 force=-109217.2 work=129044.2
t=10.00 rise=6.79344 foot=-1.28953 vy=0.72050 force=-96782.9 work=166047.9
t=12.00 rise=8.15902 foot=-1.64898 vy=0.59142 force=-36004.1 work=198957.7
t=14.00 rise=8.15234 foot=-1.64816 vy=-0.00002 force=-87497.2 work=198957.7
t=16.00 rise=8.15234 foot=-1.64816 vy=-0.00000 force=-87493.9 work=198957.7
t=18.00 rise=8.15234 foot=-1.64816 vy=-0.00000 force=-87493.9 work=198957.7
t=20.00 rise=8.15234 foot=-1.64816 vy=-0.00000 force=-87493.9 work=198957.7
t=22.00 rise=8.15234 foot=-1.64816 vy=-0.00000 force=-87493.9 work=198957.7
t=24.00 rise=8.15234 foot=-1.64816 vy=-0.00000 force=-87493.9 work=198957.7
t=26.00 rise=8.15234 foot=-1.64816 vy=-0.00000 force=-87493.9 work=198957.7
t=28.00 rise=8.15234 foot=-1.64816 vy=-0.00000 force=-87493.9 work=198957.7
t=30.00 rise=8.15234 foot=-1.64816 vy=-0.00000 force=-87493.9 work=198957.7
t=32.00 rise=8.15234 foot=-1.64816 vy=-0.00000 force=-87493.9 work=198957.7
t=34.00 rise=8.15234 foot=-1.64816 vy=-0.00000 force=-87493.9 work=198957.7
t=36.00 rise=8.15234 foot=-1.64816 vy=-0.00000 force=-87493.9 work=198957.7
t=38.00 rise=8.15234 foot=-1.64816 vy=-0.00000 force=-87493.9 work=198957.7
t=40.00 rise=8.15234 foot=-1.64816 vy=-0.00000 force=-87493.9 work=198957.7
t=42.00 rise=8.15234 foot=-1.64816 vy=-0.00000 force=-87493.9 work=198957.7
t=44.00 rise=8.15234 foot=-1.64816 vy=-0.00000 force=-87493.9 work=198957.7
t=46.00 rise=8.15234 foot=-1.64816 vy=-0.00000 force=-87493.9 work=198957.7
t=48.00 rise=8.15234 foot=-1.64816 vy=-0.00000 force=-87493.9 work=198957.7
t=50.00 rise=8.15234 foot=-1.64816 vy=-0.00000 force=-87493.9 work=198957.7
t=52.00 rise=8.15234 foot=-1.64816 vy=-0.00000 force=-87493.9 work=198957.7
t=54.00 rise=8.15234 foot=-1.64816 vy=-0.00000 force=-87493.9 work=198957.7
t=56.00 rise=8.15234 foot=-1.64816 vy=-0.00000 force=-87493.9 work=198957.7
t=58.00 rise=8.15234 foot=-1.64816 vy=-0.00000 force=-87493.9 work=198957.7
t=60.00 rise=8.15234 foot=-1.64816 vy=-0.00000 force=-87493.9 work=198957.7
t=62.00 rise=8.15234 foot=-1.64816 vy=-0.00000 force=-87493.9 work=198957.7
t=64.00 rise=8.15234 foot=-1.64816 vy=-0.00000 force=-87493.9 work=198957.7
t=66.00 rise=8.15234 foot=-1.64816 vy=-0.00000 force=-87493.9 work=198957.7
RESULT hz=90 rider=85.0 cap=200000 mode=1 rise=8.152338 theory=23.309595 work_j=198957.724 peak_force_n=199999.984 peak_joint_m=0.002089 peak_speed=1.23720 off_drop_m=0.009192 rider_gap=-0.000014 max_rider_offset=0.000132 errors=0
ENERGY remaining_j=951302.845253 capacity_j=1200000.000 peak_electrical_w=38714.437 overdraft_j=0.000000 cutoff=0 max_rise_m=8.168644 cutoff_drop_m=0.000000
LEDGER settled_travel_m=8.172350 delta_pe_j=198444.379 positive_work_j=198957.724 peak_power_w=30971.550 positive_work_minus_pe_fraction=0.002580 eccentric_m=0.00
