INFO AS-003 loaded stair: phase=foot flight_command=0 tick=7126 time=79.1778 target=-8.3,-116 pos=-8.34065,1.07388,-115.884 velocity=0.349757,-5.28698e-09,-3.6378 grounded=1 support=44 contact=-8.34348,0.187203,-115.844 held=56 block=-8.47543,1.22554,-116.309 deaths=0 traversal=0 traversal_target=0,0,0 on_handoff=0 block_held=1
INFO AS-003 loaded stair: phase=turn flight_command=0 tick=7846 time=87.1778 target=-7.5,-116 pos=-7.49393,1.06608,-116.036 velocity=-0.0490079,1.32098e-10,0.118103 grounded=1 support=44 contact=-7.49406,0.187203,-116.036 held=56 block=-6.90967,1.19101,-115.84 deaths=0 traversal=0 traversal_target=0,0,0 on_handoff=0 block_held=1
INFO AS-003 loaded stair: phase=climb flight_command=0 tick=9106 time=101.178 target=7.5,-116 pos=7.46905,5.06627,-116.007 velocity=0.0973224,-5.45667e-09,0.0611716 grounded=1 support=44 contact=7.46919,4.1872,-116.007 held=56 block=7.61358,5.18721,-116.59 deaths=0 traversal=0 traversal_target=0,0,0 on_handoff=0 block_held=1
INFO AS-003 loaded stair: phase=turn flight_command=1 tick=9826 time=109.178 target=7.5,-120 pos=7.50886,5.07466,-120.03 velocity=-0.0749121,-3.89212e-10,0.12079 grounded=1 support=44 contact=7.5096,4.1872,-120.03 held=56 block=6.87906,5.26655,-120.317 deaths=0 traversal=0 traversal_target=0,0,0 on_handoff=0 block_held=1
INFO AS-003 loaded stair: phase=climb flight_command=1 tick=11086 time=123.178 target=-7.5,-120 pos=-7.47238,9.08173,-119.996 velocity=-0.0737324,5.10328e-09,0.0116563 grounded=1 support=44 contact=-7.47213,8.1872,-119.997 held=56 block=-7.73667,9.18488,-119.413 deaths=0 traversal=0 traversal_target=0,0,0 on_handoff=0 block_held=1
INFO AS-003 loaded stair: phase=turn flight_command=2 tick=11806 time=131.178 target=-7.5,-116 pos=-7.51298,9.0809,-115.974 velocity=0.0124409,2.39653e-10,-0.121897 grounded=1 support=44 contact=-7.51291,8.1872,-115.974 held=56 block=-6.90543,9.21024,-115.999 deaths=0 traversal=0 traversal_target=0,0,0 on_handoff=0 block_held=1
INFO AS-003 loaded stair: phase=climb flight_command=2 tick=13066 time=145.178 target=7.5,-116 pos=7.47377,13.0774,-115.995 velocity=0.0802299,3.60153e-10,0.0122543 grounded=1 support=44 contact=7.47369,12.1872,-115.996 held=56 block=7.69693,13.185,-115.388 deaths=0 traversal=0 traversal_target=0,0,0 on_handoff=0 block_held=1
INFO AS-003 loaded stair: phase=turn flight_command=3 tick=13786 time=153.178 target=7.5,-120 pos=7.48756,13.078,-120.023 velocity=0.0297783,-4.68297e-09,0.0525847 grounded=1 support=44 contact=7.4868,12.1872,-120.022 held=56 block=8.04033,13.1797,-120.159 deaths=0 traversal=0 traversal_target=0,0,0 on_handoff=0 block_held=1
INFO AS-003 loaded stair: phase=climb flight_command=3 tick=15046 time=167.178 target=-7.5,-120 pos=-7.47024,17.0757,-119.999 velocity=-0.10499,5.30492e-09,0.0379334 grounded=1 support=44 contact=-7.47042,16.1872,-120 held=56 block=-7.80714,17.2321,-119.383 deaths=0 traversal=0 traversal_target=0,0,0 on_handoff=0 block_held=1
INFO AS-003 loaded stair: phase=turn flight_command=4 tick=15766 time=175.178 target=-7.5,-116 pos=-7.51511,17.0847,-115.97 velocity=0.0515735,-2.09163e-09,-0.149983 grounded=1 support=44 contact=-7.51601,16.1872,-115.97 held=56 block=-6.79234,17.2343,-115.976 deaths=0 traversal=0 traversal_target=0,0,0 on_handoff=0 block_held=1
INFO AS-003 loaded stair: phase=climb flight_command=4 tick=17026 time=189.178 target=7.5,-116 pos=7.47329,21.0713,-116.005 velocity=0.106945,4.35582e-09,-0.0205539 grounded=1 support=44 contact=7.47326,20.1872,-116.004 held=56 block=7.85849,21.2013,-116.582 deaths=0 traversal=0 traversal_target=0,0,0 on_handoff=0 block_held=1
INFO AS-003 loaded stair: phase=turn flight_command=5 tick=17746 time=197.178 target=7.5,-120 pos=7.51023,21.0823,-120.023 velocity=-0.0261186,-2.38093e-09,0.0751742 grounded=1 support=44 contact=7.51121,20.1872,-120.022 held=56 block=6.84028,21.1996,-120.169 deaths=0 traversal=0 traversal_target=0,0,0 on_handoff=0 block_held=1
INFO AS-003 loaded stair: phase=climb flight_command=5 tick=19006 time=211.178 target=-7.5,-120 pos=-7.47269,25.073,-120.003 velocity=-0.0626569,1.15903e-09,-0.00193976 grounded=1 support=44 contact=-7.47302,24.1872,-120.002 held=56 block=-7.64879,25.1894,-120.636 deaths=0 traversal=0 traversal_target=0,0,0 on_handoff=0 block_held=1
PROBE before_ordinary_0.2m_approach_variation tick=19006 time=211.178 P=-7.47269,25.073,-120.003 V=-0.0626569,1.15903e-09,-0.00193976 grounded=1 support=44 contact=-7.47302,24.1872,-120.002 held=56 traversal=0 deaths=0
PROBE direct_transfer_start tick=19065 time=211.833 P=-7.66333,25.0684,-120.021 V=-0.12703,-4.17252e-09,0.0553303 grounded=1 support=44 contact=-7.66255,24.1872,-120.02 held=56 traversal=0 deaths=0
PROBE first_event support_loss=1 contact_drop=1 traversal_change=0 target=-9,-109 input=-0.109723,0.993962
PROBE previous tick=19149 time=212.767 P=-8.0742,25.1112,-117.366 V=-0.540263,0.71103,4.75848 grounded=1 support=44 contact=-8.06771,24.1872,-117.417 held=56 traversal=0 deaths=0
PROBE after tick=19150 time=212.778 P=-8.08073,25.1172,-117.313 V=-0.542202,0.578457,4.80875 grounded=0 support=0 contact=0,0,0 held=56 traversal=0 deaths=0
PROBE direct_transfer_end tick=19478 time=216.422 P=-9.01523,25.0873,-108.965 V=0.0198872,-0.00995636,-0.144346 grounded=1 support=45 contact=-9.0148,24.1872,-108.964 held=56 traversal=0 deaths=0
PROBE arrival=1 elapsed_ticks=413 support_loss=1 contact_drop=1 traversal_change=0
