Godot Engine v4.7.stable.official.5b4e0cb0f - https://godotengine.org

[   0% ] [90m[1mfirst_scan_filesystem[22m | Started Project initialization (5 steps)[39m[0m
[   0% ] [90m[1mfirst_scan_filesystem[22m | Scanning file structure...[39m[0m
[  16% ] [90m[1mfirst_scan_filesystem[22m | Loading global class names...[39m[0m
[  33% ] [90m[1mfirst_scan_filesystem[22m | Verifying GDExtensions...[39m[0m
[  50% ] [90m[1mfirst_scan_filesystem[22m | Creating autoload scripts...[39m[0m
[  66% ] [90m[1mfirst_scan_filesystem[22m | Initializing plugins...[39m[0m
[  83% ] [90m[1mfirst_scan_filesystem[22m | Starting file scan...[39m[0m
[92m[ DONE ][39m [1mfirst_scan_filesystem[22m
[0m
[   0% ] [90m[1mupdate_scripts_classes[22m | Started Registering global classes... (25 steps)[39m[0m
[   0% ] [90m[1mupdate_scripts_classes[22m | [39m[0m
[   3% ] [90m[1mupdate_scripts_classes[22m | [39m[0m
[   7% ] [90m[1mupdate_scripts_classes[22m | [39m[0m
[  11% ] [90m[1mupdate_scripts_classes[22m | [39m[0m
[  15% ] [90m[1mupdate_scripts_classes[22m | [39m[0m
[  19% ] [90m[1mupdate_scripts_classes[22m | [39m[0m
[  23% ] [90m[1mupdate_scripts_classes[22m | [39m[0m
[  26% ] [90m[1mupdate_scripts_classes[22m | [39m[0m
[  30% ] [90m[1mupdate_scripts_classes[22m | [39m[0m
[  34% ] [90m[1mupdate_scripts_classes[22m | [39m[0m
[  38% ] [90m[1mupdate_scripts_classes[22m | [39m[0m
[  42% ] [90m[1mupdate_scripts_classes[22m | [39m[0m
[  46% ] [90m[1mupdate_scripts_classes[22m | [39m[0m
[  50% ] [90m[1mupdate_scripts_classes[22m | [39m[0m
[  53% ] [90m[1mupdate_scripts_classes[22m | [39m[0m
[  57% ] [90m[1mupdate_scripts_classes[22m | [39m[0m
[  61% ] [90m[1mupdate_scripts_classes[22m | [39m[0m
[  65% ] [90m[1mupdate_scripts_classes[22m | [39m[0m
[  69% ] [90m[1mupdate_scripts_classes[22m | [39m[0m
[  73% ] [90m[1mupdate_scripts_classes[22m | ReclaimDust[39m[0m
[  76% ] [90m[1mupdate_scripts_classes[22m | [39m[0m
[  80% ] [90m[1mupdate_scripts_classes[22m | [39m[0m
[  84% ] [90m[1mupdate_scripts_classes[22m | [39m[0m
[  88% ] [90m[1mupdate_scripts_classes[22m | [39m[0m
[  92% ] [90m[1mupdate_scripts_classes[22m | [39m[0m
[92m[ DONE ][39m [1mupdate_scripts_classes[22m
[0m
[   0% ] [90m[1m_update_scan_actions[22m | Started Scanning actions... (31 steps)[39m[0m
[   0% ] [90m[1m_update_scan_actions[22m | fear_1.ogg[39m[0m
[   3% ] [90m[1m_update_scan_actions[22m | fear_2.ogg[39m[0m
[   6% ] [90m[1m_update_scan_actions[22m | fear_3.ogg[39m[0m
[   9% ] [90m[1m_update_scan_actions[22m | fear_4.ogg[39m[0m
[  12% ] [90m[1m_update_scan_actions[22m | fear_5.ogg[39m[0m
[  15% ] [90m[1m_update_scan_actions[22m | fear_6.ogg[39m[0m
[  18% ] [90m[1m_update_scan_actions[22m | fuck_1.ogg[39m[0m
[  21% ] [90m[1m_update_scan_actions[22m | fuck_2.ogg[39m[0m
[  25% ] [90m[1m_update_scan_actions[22m | fuck_you_all.ogg[39m[0m
[  28% ] [90m[1m_update_scan_actions[22m | scream_dominic.ogg[39m[0m
[  31% ] [90m[1m_update_scan_actions[22m | wtf_1.ogg[39m[0m
[  34% ] [90m[1m_update_scan_actions[22m | wtf_2.ogg[39m[0m
[  37% ] [90m[1m_update_scan_actions[22m | wtf_3.ogg[39m[0m
[  40% ] [90m[1m_update_scan_actions[22m | concrete_01.wav[39m[0m
[  43% ] [90m[1m_update_scan_actions[22m | concrete_02.wav[39m[0m
[  46% ] [90m[1m_update_scan_actions[22m | concrete_03.wav[39m[0m
[  50% ] [90m[1m_update_scan_actions[22m | concrete_04.wav[39m[0m
[  53% ] [90m[1m_update_scan_actions[22m | earth_01.wav[39m[0m
[  56% ] [90m[1m_update_scan_actions[22m | earth_02.wav[39m[0m
[  59% ] [90m[1m_update_scan_actions[22m | earth_03.wav[39m[0m
[  62% ] [90m[1m_update_scan_actions[22m | earth_04.wav[39m[0m
[  65% ] [90m[1m_update_scan_actions[22m | metal_01.wav[39m[0m
[  68% ] [90m[1m_update_scan_actions[22m | metal_02.wav[39m[0m
[  71% ] [90m[1m_update_scan_actions[22m | metal_03.wav[39m[0m
[  75% ] [90m[1m_update_scan_actions[22m | metal_04.wav[39m[0m
[  78% ] [90m[1m_update_scan_actions[22m | 843338_16682330-hq.mp3[39m[0m
[  81% ] [90m[1m_update_scan_actions[22m | concrete_break_denoised_843338_preview.wav[39m[0m
[  84% ] [90m[1m_update_scan_actions[22m | 400638_706234-hq.mp3[39m[0m
[  87% ] [90m[1m_update_scan_actions[22m | timber_snap_400638_preview.wav[39m[0m
[  90% ] [90m[1m_update_scan_actions[22m | brick_colour_roughness.png[39m[0m
[  93% ] [90m[1m_update_scan_actions[22m | brick_normal_gl.png[39m[0m
[92m[ DONE ][39m [1m_update_scan_actions[22m
[0m
[   0% ] [90m[1mreimport[22m | Started (Re)Importing Assets (31 steps)[39m[0m
[   0% ] [90m[1mreimport[22m | Preparing files to reimport...[39m[0m
[   3% ] [90m[1mreimport[22m | Preparing files to reimport...[39m[0m
[   6% ] [90m[1mreimport[22m | Preparing files to reimport...[39m[0m
[   9% ] [90m[1mreimport[22m | Preparing files to reimport...[39m[0m
[  12% ] [90m[1mreimport[22m | Preparing files to reimport...[39m[0m
[  15% ] [90m[1mreimport[22m | Preparing files to reimport...[39m[0m
[  18% ] [90m[1mreimport[22m | Preparing files to reimport...[39m[0m
[  21% ] [90m[1mreimport[22m | Preparing files to reimport...[39m[0m
[  25% ] [90m[1mreimport[22m | Preparing files to reimport...[39m[0m
[  28% ] [90m[1mreimport[22m | Preparing files to reimport...[39m[0m
[  31% ] [90m[1mreimport[22m | Preparing files to reimport...[39m[0m
[  34% ] [90m[1mreimport[22m | Preparing files to reimport...[39m[0m
[  37% ] [90m[1mreimport[22m | Preparing files to reimport...[39m[0m
[  40% ] [90m[1mreimport[22m | Preparing files to reimport...[39m[0m
[  43% ] [90m[1mreimport[22m | Preparing files to reimport...[39m[0m
[  46% ] [90m[1mreimport[22m | Preparing files to reimport...[39m[0m
[  50% ] [90m[1mreimport[22m | Preparing files to reimport...[39m[0m
[  53% ] [90m[1mreimport[22m | Preparing files to reimport...[39m[0m
[  56% ] [90m[1mreimport[22m | Preparing files to reimport...[39m[0m
[  59% ] [90m[1mreimport[22m | Preparing files to reimport...[39m[0m
[  62% ] [90m[1mreimport[22m | Preparing files to reimport...[39m[0m
[  65% ] [90m[1mreimport[22m | Preparing files to reimport...[39m[0m
[  68% ] [90m[1mreimport[22m | Preparing files to reimport...[39m[0m
[  71% ] [90m[1mreimport[22m | Preparing files to reimport...[39m[0m
[  75% ] [90m[1mreimport[22m | Preparing files to reimport...[39m[0m
[  78% ] [90m[1mreimport[22m | Preparing files to reimport...[39m[0m
[  81% ] [90m[1mreimport[22m | Preparing files to reimport...[39m[0m
[  84% ] [90m[1mreimport[22m | Preparing files to reimport...[39m[0m
[  87% ] [90m[1mreimport[22m | Preparing files to reimport...[39m[0m
[  90% ] [90m[1mreimport[22m | Preparing files to reimport...[39m[0m
[  93% ] [90m[1mreimport[22m | Preparing files to reimport...[39m[0m
[   0% ] [90m[1mreimport[22m | Executing pre-reimport operations...[39m[0m
[   0% ] [90m[1mreimport[22m | 843338_16682330-hq.mp3[39m[0m
[   3% ] [90m[1mreimport[22m | 400638_706234-hq.mp3[39m[0m
[   6% ] [90m[1mreimport[22m | 843338_16682330-hq.mp3[39m[0m
[   9% ] [90m[1mreimport[22m | 400638_706234-hq.mp3[39m[0m
[  12% ] [90m[1mreimport[22m | wtf_3.ogg[39m[0m
[  15% ] [90m[1mreimport[22m | wtf_2.ogg[39m[0m
[  18% ] [90m[1mreimport[22m | wtf_1.ogg[39m[0m
[  21% ] [90m[1mreimport[22m | scream_dominic.ogg[39m[0m
[  25% ] [90m[1mreimport[22m | fuck_you_all.ogg[39m[0m
[  28% ] [90m[1mreimport[22m | fuck_2.ogg[39m[0m
[  31% ] [90m[1mreimport[22m | fuck_1.ogg[39m[0m
[  34% ] [90m[1mreimport[22m | fear_6.ogg[39m[0m
[  37% ] [90m[1mreimport[22m | fear_5.ogg[39m[0m
[  40% ] [90m[1mreimport[22m | fear_4.ogg[39m[0m
[  43% ] [90m[1mreimport[22m | fear_3.ogg[39m[0m
[  46% ] [90m[1mreimport[22m | 843338_16682330-hq.mp3[39m[0m
[  50% ] [90m[1mreimport[22m | 400638_706234-hq.mp3[39m[0m
[  53% ] [90m[1mreimport[22m | 843338_16682330-hq.mp3[39m[0m
[  56% ] [90m[1mreimport[22m | 400638_706234-hq.mp3[39m[0m
[  59% ] [90m[1mreimport[22m | wtf_3.ogg[39m[0m
[  62% ] [90m[1mreimport[22m | wtf_2.ogg[39m[0m
[  65% ] [90m[1mreimport[22m | wtf_1.ogg[39m[0m
[  68% ] [90m[1mreimport[22m | scream_dominic.ogg[39m[0m
[  71% ] [90m[1mreimport[22m | fuck_you_all.ogg[39m[0m
[  75% ] [90m[1mreimport[22m | fuck_2.ogg[39m[0m
[  78% ] [90m[1mreimport[22m | fuck_1.ogg[39m[0m
[  81% ] [90m[1mreimport[22m | fear_6.ogg[39m[0m
[  84% ] [90m[1mreimport[22m | fear_5.ogg[39m[0m
[  87% ] [90m[1mreimport[22m | fear_4.ogg[39m[0m
[  90% ] [90m[1mreimport[22m | fear_3.ogg[39m[0m
[  93% ] [90m[1mreimport[22m | fear_2.ogg[39m[0m
[  96% ] [90m[1mreimport[22m | Finalizing Asset Import...[39m[0m
[92m[ DONE ][39m [1mreimport[22m
[0m
[   0% ] [90m[1mreimport[22m | Started (Re)Importing Assets (31 steps)[39m[0m
[   0% ] [90m[1mreimport[22m | Executing post-reimport operations...[39m[0m
[92m[ DONE ][39m [1mreimport[22m
[0m
[   0% ] [90m[1mloading_editor_layout[22m | Started Loading editor (5 steps)[39m[0m
[   0% ] [90m[1mloading_editor_layout[22m | Loading editor layout...[39m[0m
[  16% ] [90m[1mloading_editor_layout[22m | Loading docks...[39m[0m
[92m[ DONE ][39m [1mloading_editor_layout[22m
[0m
