CONTACT 2973 2979
t=0.00 rise=-0.00137 foot=0.00019 vy=-0.12343 force=-9598.2 work=0.0
t=2.00 rise=-0.02001 foot=0.00293 vy=0.00001 force=-110968.9 work=0.6
t=4.00 rise=1.47922 foot=-0.21531 vy=1.41311 force=-161368.2 work=38458.6
t=6.00 rise=3.96575 foot=-0.65664 vy=1.11108 force=-121354.7 work=98096.5
t=8.00 rise=6.00117 foot=-1.09735 vy=0.93755 force=-102774.8 work=147184.8
t=10.00 rise=7.74985 foot=-1.53785 vy=0.81837 force=-89880.2 work=189450.6
t=12.00 rise=9.29324 foot=-1.97825 vy=0.72945 force=-80203.5 work=226799.9
t=14.00 rise=10.67914 foot=-2.41861 vy=0.65937 force=-72551.2 work=260364.2
t=16.00 rise=11.93842 foot=-2.85893 vy=0.60198 force=-66270.1 work=290877.6
t=18.00 rise=13.09247 foot=-3.29921 vy=0.55362 force=-60969.3 work=318851.1
t=20.00 rise=14.15685 foot=-3.73947 vy=0.51197 force=-56397.5 work=344658.2
t=22.00 rise=15.14329 foot=-4.17968 vy=0.47544 force=-52385.8 work=368579.0
t=24.00 rise=16.06087 foot=-4.61988 vy=0.44296 force=-48815.1 work=390834.7
t=20.00 rise=14.15576 foot=-3.73923 vy=0.41295 force=-12784.0 work=344548.5
t=22.00 rise=15.13821 foot=-4.17759 vy=0.47564 force=-52404.8 work=368471.2
t=24.00 rise=16.05617 foot=-4.61773 vy=0.44314 force=-48832.4 work=390731.5
REPLAY position_error_m=0.00453950 velocity_error_mps=0.00016856
t=26.00 rise=16.91247 foot=-5.05784 vy=0.41388 force=-45614.9 work=411499.7
t=28.00 rise=17.71298 foot=-5.49794 vy=0.38728 force=-42687.7 work=430917.2
t=30.00 rise=18.46257 foot=-5.93803 vy=0.36287 force=-40001.3 work=449101.3
t=32.00 rise=19.16525 foot=-6.37813 vy=0.33978 force=-37303.1 work=466148.9
t=34.00 rise=19.49459 foot=-6.59453 vy=-0.00183 force=-35753.2 work=474003.8
t=36.00 rise=19.15396 foot=-6.37086 vy=-0.34179 force=-37087.0 work=474003.8
t=38.00 rise=18.45060 foot=-5.93083 vy=-0.36299 force=-40014.9 work=474003.8
t=40.00 rise=17.70033 foot=-5.49080 vy=-0.38741 force=-42702.1 work=474003.8
t=42.00 rise=16.89908 foot=-5.05077 vy=-0.41402 force=-45630.2 work=474003.8
t=44.00 rise=16.04204 foot=-4.61075 vy=-0.44328 force=-48848.6 work=474003.8
t=46.00 rise=15.12333 foot=-4.17072 vy=-0.47580 force=-52422.0 work=474003.8
t=48.00 rise=14.13570 foot=-3.73070 vy=-0.51235 force=-56437.2 work=474003.8
t=50.00 rise=13.07001 foot=-3.29066 vy=-0.55404 force=-61012.7 work=474003.8
t=52.00 rise=11.91454 foot=-2.85062 vy=-0.60245 force=-66318.1 work=474003.8
t=54.00 rise=10.65363 foot=-2.41057 vy=-0.65989 force=-72604.8 work=474003.8
t=56.00 rise=9.26583 foot=-1.97050 vy=-0.73005 force=-80264.4 work=474003.8
t=58.00 rise=7.72008 foot=-1.53040 vy=-0.81908 force=-89951.4 work=474003.8
t=60.00 rise=5.96840 foot=-1.09019 vy=-0.93842 force=-102864.3 work=474003.8
t=62.00 rise=3.92901 foot=-0.64980 vy=-1.11250 force=-121502.0 work=474003.8
t=64.00 rise=1.61175 foot=-0.23656 vy=-0.90332 force=-159126.3 work=474003.8
t=66.00 rise=0.51044 foot=-0.07073 vy=-0.30204 force=-173386.1 work=474003.8
t=68.00 rise=0.15389 foot=-0.02114 vy=-0.09396 force=-178848.2 work=474003.8
t=70.00 rise=0.04450 foot=-0.00632 vy=-0.02843 force=-180530.2 work=474003.8
t=72.00 rise=0.01155 foot=-0.00188 vy=-0.00853 force=-181037.4 work=474003.8
t=74.00 rise=0.00191 foot=-0.00051 vy=-0.00225 force=-181195.3 work=474003.8
t=76.00 rise=0.00053 foot=-0.00014 vy=-0.00064 force=-181203.3 work=474003.8
t=78.00 rise=0.00047 foot=-0.00014 vy=-0.00063 force=-181208.7 work=474003.8
t=80.00 rise=0.00047 foot=-0.00014 vy=-0.00063 force=-181208.5 work=474003.8
t=82.00 rise=0.00047 foot=-0.00014 vy=-0.00063 force=-181208.5 work=474003.8
t=84.00 rise=0.00047 foot=-0.00014 vy=-0.00063 force=-181208.6 work=474003.8
t=86.00 rise=0.00062 foot=-0.00014 vy=0.00011 force=-181185.5 work=474003.8
t=88.00 rise=0.00062 foot=-0.00014 vy=-0.00000 force=-181207.0 work=474003.8
RESULT hz=90 rider=85.0 cap=200000 mode=3 rise=0.000615 theory=23.309595 work_j=474003.802 peak_force_n=199999.984 peak_joint_m=0.002089 peak_speed=1.42845 off_drop_m=0.000000 rider_gap=-0.010639 max_rider_offset=0.000131 errors=0
LEDGER settled_travel_m=0.020627 delta_pe_j=512.953 positive_work_j=474003.802 peak_power_w=35761.591 positive_work_minus_pe_fraction=0.998918 eccentric_m=7.00
