CONTACT 2973 2979
t=0.00 rise=-0.00137 foot=0.00019 vy=-0.12343 force=-9598.1 work=0.0
t=2.00 rise=-0.02001 foot=0.00293 vy=0.00001 force=-110968.8 work=0.6
t=4.00 rise=1.47923 foot=-0.21530 vy=1.41312 force=-161368.7 work=38458.3
t=6.00 rise=3.96576 foot=-0.65664 vy=1.11107 force=-121355.0 work=98095.6
t=8.00 rise=6.00118 foot=-1.09735 vy=0.93755 force=-102775.3 work=147184.6
t=10.00 rise=7.74985 foot=-1.53785 vy=0.81837 force=-89879.9 work=189450.4
t=12.00 rise=9.29324 foot=-1.97824 vy=0.72945 force=-80203.7 work=226799.6
t=14.00 rise=10.67915 foot=-2.41861 vy=0.65937 force=-72551.2 work=260364.3
t=16.00 rise=11.93843 foot=-2.85893 vy=0.60198 force=-66270.1 work=290877.6
t=18.00 rise=13.09248 foot=-3.29921 vy=0.55362 force=-60969.3 work=318851.3
t=20.00 rise=14.15685 foot=-3.73947 vy=0.51196 force=-56397.4 work=344658.4
t=22.00 rise=15.14329 foot=-4.17968 vy=0.47544 force=-52385.8 work=368579.0
t=24.00 rise=16.06087 foot=-4.61987 vy=0.44296 force=-48815.2 work=390834.2
t=20.00 rise=14.15575 foot=-3.73923 vy=0.41289 force=-12783.8 work=344548.6
t=22.00 rise=15.13820 foot=-4.17760 vy=0.47564 force=-52404.8 work=368471.5
t=24.00 rise=16.05617 foot=-4.61773 vy=0.44314 force=-48832.4 work=390731.9
REPLAY position_error_m=0.00454141 velocity_error_mps=0.00016820
t=26.00 rise=16.91247 foot=-5.05785 vy=0.41388 force=-45614.9 work=411499.9
t=28.00 rise=17.71299 foot=-5.49794 vy=0.38727 force=-42687.7 work=430917.7
t=30.00 rise=18.46258 foot=-5.93803 vy=0.36287 force=-40001.2 work=449101.6
t=32.00 rise=19.16526 foot=-6.37815 vy=0.34030 force=-37517.0 work=466150.1
t=34.00 rise=19.82443 foot=-6.81824 vy=0.31930 force=-35204.4 work=482143.6
t=36.00 rise=20.44301 foot=-7.25833 vy=0.29964 force=-33038.8 work=497152.5
t=38.00 rise=21.02343 foot=-7.69841 vy=0.28114 force=-31000.0 work=511236.8
t=40.00 rise=21.56787 foot=-8.13850 vy=0.26364 force=-29071.4 work=524448.9
t=42.00 rise=22.07822 foot=-8.57858 vy=0.24701 force=-27239.0 work=536834.1
t=44.00 rise=22.55612 foot=-9.01867 vy=0.23115 force=-25490.9 work=548432.0
t=46.00 rise=23.00074 foot=-9.45647 vy=0.19453 force=-23481.0 work=559208.3
t=48.00 rise=23.21919 foot=-9.68306 vy=0.05520 force=-22889.0 work=564456.8
t=50.00 rise=23.28272 foot=-9.75046 vy=0.00987 force=-20445.9 work=565992.7
t=52.00 rise=23.28261 foot=-9.75043 vy=0.00000 force=-22749.1 work=565992.7
t=54.00 rise=23.28261 foot=-9.75043 vy=0.00000 force=-22749.1 work=565992.7
t=56.00 rise=23.28261 foot=-9.75043 vy=0.00000 force=-22749.1 work=565992.7
RESULT hz=90 rider=85.0 cap=200000 mode=0 rise=23.282614 theory=23.309595 work_j=565992.688 peak_force_n=199999.984 peak_joint_m=0.002089 peak_speed=1.42846 off_drop_m=0.000000 rider_gap=-0.004501 max_rider_offset=0.000132 errors=0
LEDGER settled_travel_m=23.302626 delta_pe_j=565798.601 positive_work_j=565992.688 peak_power_w=35737.074 positive_work_minus_pe_fraction=0.000343 eccentric_m=0.00
