CONTACT 2973 2979
t=0.00 rise=-0.00137 foot=0.00019 vy=-0.12343 force=-9598.1 work=0.0
t=2.00 rise=-0.02001 foot=0.00293 vy=0.00001 force=-110968.8 work=0.6
t=4.00 rise=1.47923 foot=-0.21530 vy=1.41312 force=-161368.7 work=38458.3
t=6.00 rise=3.96576 foot=-0.65664 vy=1.11107 force=-121355.0 work=98095.6
t=8.00 rise=6.00118 foot=-1.09735 vy=0.93755 force=-102775.3 work=147184.6
t=10.00 rise=7.74985 foot=-1.53785 vy=0.81837 force=-89879.9 work=189450.4
t=12.00 rise=9.29239 foot=-1.97708 vy=0.65434 force=-19968.9 work=226603.1
t=14.00 rise=9.28503 foot=-1.97611 vy=-0.00000 force=-80453.1 work=226603.1
t=16.00 rise=9.28503 foot=-1.97611 vy=-0.00000 force=-80454.4 work=226603.1
t=18.00 rise=9.28503 foot=-1.97611 vy=-0.00000 force=-80454.4 work=226603.1
t=20.00 rise=9.28503 foot=-1.97611 vy=-0.00000 force=-80454.4 work=226603.1
t=22.00 rise=9.28503 foot=-1.97611 vy=-0.00000 force=-80454.4 work=226603.1
t=24.00 rise=9.28503 foot=-1.97611 vy=-0.00000 force=-80454.4 work=226603.1
t=26.00 rise=9.28503 foot=-1.97611 vy=-0.00000 force=-80454.4 work=226603.1
t=28.00 rise=9.28503 foot=-1.97611 vy=-0.00000 force=-80454.4 work=226603.1
t=30.00 rise=9.28503 foot=-1.97611 vy=-0.00000 force=-80454.4 work=226603.1
t=32.00 rise=9.28503 foot=-1.97611 vy=-0.00000 force=-80454.4 work=226603.1
t=34.00 rise=9.28503 foot=-1.97611 vy=-0.00000 force=-80454.4 work=226603.1
t=36.00 rise=9.28503 foot=-1.97611 vy=-0.00000 force=-80454.4 work=226603.1
t=38.00 rise=9.28503 foot=-1.97611 vy=-0.00000 force=-80454.4 work=226603.1
t=40.00 rise=9.28503 foot=-1.97611 vy=-0.00000 force=-80454.4 work=226603.1
t=42.00 rise=9.28503 foot=-1.97611 vy=-0.00000 force=-80454.4 work=226603.1
t=44.00 rise=9.28503 foot=-1.97611 vy=-0.00000 force=-80454.4 work=226603.1
t=46.00 rise=9.28503 foot=-1.97611 vy=-0.00000 force=-80454.4 work=226603.1
t=48.00 rise=9.28503 foot=-1.97611 vy=-0.00000 force=-80454.4 work=226603.1
t=50.00 rise=9.28503 foot=-1.97611 vy=-0.00000 force=-80454.4 work=226603.1
t=52.00 rise=9.28503 foot=-1.97611 vy=-0.00000 force=-80454.4 work=226603.1
t=54.00 rise=9.28503 foot=-1.97611 vy=-0.00000 force=-80454.4 work=226603.1
t=56.00 rise=9.28503 foot=-1.97611 vy=-0.00000 force=-80454.4 work=226603.1
RESULT hz=90 rider=85.0 cap=200000 mode=1 rise=9.285027 theory=23.309595 work_j=226603.141 peak_force_n=199999.984 peak_joint_m=0.002089 peak_speed=1.42846 off_drop_m=0.008766 rider_gap=-0.000003 max_rider_offset=0.000146 errors=0
LEDGER settled_travel_m=9.305038 delta_pe_j=225946.320 positive_work_j=226603.141 peak_power_w=35737.074 positive_work_minus_pe_fraction=0.002899 eccentric_m=0.00
