CONTACT 2973 2979
t=0.00 rise=-0.00137 foot=0.00019 vy=-0.12343 force=-9598.1 work=0.0
t=2.00 rise=-0.02001 foot=0.00296 vy=-0.00016 force=-100000.0 work=0.0
t=4.00 rise=-0.02001 foot=0.00298 vy=0.00000 force=-100000.0 work=2.3
t=6.00 rise=-0.02001 foot=0.00298 vy=-0.00000 force=-100000.0 work=2.3
t=8.00 rise=-0.02001 foot=0.00298 vy=0.00000 force=-100000.0 work=2.3
t=10.00 rise=-0.02001 foot=0.00298 vy=0.00000 force=-100000.0 work=2.3
t=12.00 rise=-0.02001 foot=0.00298 vy=0.00000 force=-100000.0 work=2.3
t=14.00 rise=-0.02001 foot=0.00298 vy=-0.00000 force=-100000.0 work=2.3
t=16.00 rise=-0.02001 foot=0.00298 vy=-0.00000 force=-100000.0 work=2.3
t=18.00 rise=-0.02001 foot=0.00298 vy=0.00000 force=-100000.0 work=2.3
t=20.00 rise=-0.02001 foot=0.00298 vy=0.00000 force=-100000.0 work=2.3
t=22.00 rise=-0.02001 foot=0.00298 vy=0.00000 force=-100000.0 work=2.3
t=24.00 rise=-0.02001 foot=0.00298 vy=0.00000 force=-100000.0 work=2.3
t=20.00 rise=-0.02001 foot=0.00239 vy=0.00040 force=-88871.1 work=54.3
t=22.00 rise=-0.02001 foot=0.00257 vy=0.00000 force=-100000.0 work=59.9
t=24.00 rise=-0.02001 foot=0.00257 vy=0.00000 force=-100000.0 work=59.9
REPLAY position_error_m=0.00002152 velocity_error_mps=0.00000000
t=26.00 rise=-0.02001 foot=0.00257 vy=0.00000 force=-100000.0 work=59.9
t=28.00 rise=-0.02001 foot=0.00257 vy=0.00000 force=-100000.0 work=59.9
t=30.00 rise=-0.02001 foot=0.00257 vy=0.00000 force=-100000.0 work=59.9
t=32.00 rise=-0.02001 foot=0.00257 vy=0.00000 force=-100000.0 work=59.9
t=34.00 rise=-0.02001 foot=0.00257 vy=0.00000 force=-100000.0 work=59.9
t=36.00 rise=-0.02001 foot=0.00257 vy=0.00000 force=-100000.0 work=59.9
t=38.00 rise=-0.02001 foot=0.00257 vy=0.00000 force=-100000.0 work=59.9
t=40.00 rise=-0.02001 foot=0.00257 vy=0.00000 force=-100000.0 work=59.9
t=42.00 rise=-0.02001 foot=0.00257 vy=0.00000 force=-100000.0 work=59.9
t=44.00 rise=-0.02001 foot=0.00257 vy=0.00000 force=-100000.0 work=59.9
t=46.00 rise=-0.02001 foot=0.00257 vy=0.00000 force=-100000.0 work=59.9
t=48.00 rise=-0.02001 foot=0.00257 vy=0.00000 force=-100000.0 work=59.9
t=50.00 rise=-0.02001 foot=0.00257 vy=0.00000 force=-100000.0 work=59.9
t=52.00 rise=-0.02001 foot=0.00257 vy=0.00000 force=-100000.0 work=59.9
t=54.00 rise=-0.02001 foot=0.00257 vy=0.00000 force=-100000.0 work=59.9
t=56.00 rise=-0.02001 foot=0.00257 vy=0.00000 force=-100000.0 work=59.9
RESULT hz=90 rider=85.0 cap=100000 mode=0 rise=-0.020005 theory=23.309595 work_j=59.859 peak_force_n=99999.992 peak_joint_m=0.002089 peak_speed=0.59156 off_drop_m=0.000000 rider_gap=-0.005420 max_rider_offset=0.000132 errors=0
LEDGER settled_travel_m=0.000007 delta_pe_j=17.810 positive_work_j=59.859 peak_power_w=4683.508 positive_work_minus_pe_fraction=0.702473 eccentric_m=0.00
