CONTACT 2973 2979
t=0.00 rise=-0.00137 foot=0.00019 vy=-0.12343 force=-9598.2 work=0.0
t=2.00 rise=-0.02001 foot=0.00293 vy=0.00001 force=-110968.9 work=0.6
t=4.00 rise=1.47922 foot=-0.21531 vy=1.41311 force=-161368.2 work=38458.6
t=6.00 rise=3.96575 foot=-0.65664 vy=1.11108 force=-121354.7 work=98096.5
t=8.00 rise=6.00117 foot=-1.09735 vy=0.93755 force=-102774.8 work=147184.8
t=10.00 rise=7.74985 foot=-1.53785 vy=0.81837 force=-89880.2 work=189450.6
t=12.00 rise=9.29324 foot=-1.97825 vy=0.72945 force=-80203.5 work=226799.9
t=14.00 rise=10.67914 foot=-2.41861 vy=0.65937 force=-72551.2 work=260364.2
t=16.00 rise=11.93842 foot=-2.85893 vy=0.60198 force=-66270.1 work=290877.6
t=18.00 rise=13.09247 foot=-3.29921 vy=0.55362 force=-60969.3 work=318851.1
t=20.00 rise=14.15685 foot=-3.73947 vy=0.51197 force=-56397.5 work=344658.2
t=22.00 rise=15.14329 foot=-4.17968 vy=0.47544 force=-52385.8 work=368579.0
t=24.00 rise=16.06087 foot=-4.61988 vy=0.44296 force=-48815.1 work=390834.7
t=20.00 rise=14.15576 foot=-3.73923 vy=0.41295 force=-12784.0 work=344548.5
t=22.00 rise=15.13821 foot=-4.17759 vy=0.47564 force=-52404.8 work=368471.2
t=24.00 rise=16.05617 foot=-4.61773 vy=0.44314 force=-48832.4 work=390731.5
REPLAY position_error_m=0.00453950 velocity_error_mps=0.00016856
t=26.00 rise=16.91247 foot=-5.05784 vy=0.41388 force=-45614.9 work=411499.7
t=28.00 rise=17.71298 foot=-5.49794 vy=0.38728 force=-42687.7 work=430917.2
t=30.00 rise=18.46257 foot=-5.93803 vy=0.36287 force=-40001.3 work=449101.3
t=32.00 rise=19.16526 foot=-6.37814 vy=0.34030 force=-37517.0 work=466149.8
t=34.00 rise=19.82442 foot=-6.81824 vy=0.31930 force=-35204.4 work=482143.5
t=36.00 rise=20.44301 foot=-7.25832 vy=0.29964 force=-33038.8 work=497152.1
t=38.00 rise=21.02343 foot=-7.69840 vy=0.28114 force=-31000.1 work=511236.5
t=40.00 rise=21.56787 foot=-8.13849 vy=0.26364 force=-29071.4 work=524448.6
t=42.00 rise=22.07822 foot=-8.57856 vy=0.24701 force=-27239.0 work=536833.5
t=44.00 rise=22.55611 foot=-9.01866 vy=0.23115 force=-25491.0 work=548431.5
t=46.00 rise=23.00073 foot=-9.45645 vy=0.19454 force=-23481.0 work=559207.9
t=48.00 rise=23.21920 foot=-9.68305 vy=0.05520 force=-22889.0 work=564456.7
t=50.00 rise=23.28273 foot=-9.75045 vy=0.00987 force=-20446.7 work=565992.5
t=52.00 rise=23.28262 foot=-9.75043 vy=0.00000 force=-22749.1 work=565992.5
t=54.00 rise=23.28262 foot=-9.75043 vy=0.00000 force=-22749.1 work=565992.5
t=56.00 rise=23.28262 foot=-9.75043 vy=0.00000 force=-22749.1 work=565992.5
RESULT hz=90 rider=85.0 cap=200000 mode=0 rise=23.282618 theory=23.309595 work_j=565992.519 peak_force_n=199999.984 peak_joint_m=0.002089 peak_speed=1.42845 off_drop_m=0.000000 rider_gap=-0.004508 max_rider_offset=0.000131 errors=0
LEDGER settled_travel_m=23.302629 delta_pe_j=565798.785 positive_work_j=565992.519 peak_power_w=35761.591 positive_work_minus_pe_fraction=0.000342 eccentric_m=7.00
