CONTACT 0 0
CONTACT 94478213781288 94478213781288
t=0.00 rise=-0.00137 foot=0.00019 vy=-0.12343 force=-9598.1 work=0.0
t=2.00 rise=-0.02000 foot=0.00222 vy=0.00177 force=-190593.0 work=136.7
t=4.00 rise=2.32094 foot=-0.35320 vy=1.28056 force=-137034.1 work=56575.7
t=6.00 rise=4.63878 foot=-0.79412 vy=1.04870 force=-110790.3 work=110428.8
t=8.00 rise=6.57255 foot=-1.23471 vy=0.89603 force=-94926.2 work=155504.6
t=10.00 rise=8.25056 foot=-1.67520 vy=0.78805 force=-83617.4 work=194690.9
t=12.00 rise=9.74071 foot=-2.11560 vy=0.70591 force=-74973.1 work=229524.9
t=14.00 rise=11.08432 foot=-2.55594 vy=0.64030 force=-68048.6 work=260954.1
t=16.00 rise=12.30878 foot=-2.99624 vy=0.58605 force=-62310.8 work=289609.5
t=18.00 rise=13.43340 foot=-3.43651 vy=0.53999 force=-57432.9 work=315936.5
t=20.00 rise=14.47233 foot=-3.87673 vy=0.50008 force=-53201.6 work=340262.3
t=22.00 rise=15.43641 foot=-4.31693 vy=0.46492 force=-49470.9 work=362839.6
t=24.00 rise=16.33406 foot=-4.75711 vy=0.43352 force=-46137.3 work=383865.0
t=26.00 rise=17.17211 foot=-5.19728 vy=0.40516 force=-43124.9 work=403495.7
t=28.00 rise=17.95603 foot=-5.63742 vy=0.37930 force=-40376.3 work=421859.9
t=30.00 rise=18.69036 foot=-6.07756 vy=0.35551 force=-37847.4 work=439064.1
t=32.00 rise=19.37892 foot=-6.51770 vy=0.33347 force=-35503.8 work=455197.4
t=34.00 rise=20.02492 foot=-6.95781 vy=0.31292 force=-33318.0 work=470334.0
t=36.00 rise=20.63117 foot=-7.39792 vy=0.29364 force=-31267.3 work=484539.2
t=38.00 rise=21.19995 foot=-7.83801 vy=0.27547 force=-29333.9 work=497867.6
t=40.00 rise=21.73337 foot=-8.27807 vy=0.25826 force=-27502.5 work=510367.7
t=42.00 rise=22.23325 foot=-8.71815 vy=0.24189 force=-25760.0 work=522082.3
t=44.00 rise=22.70112 foot=-9.15822 vy=0.22626 force=-24095.8 work=533047.6
t=46.00 rise=23.10036 foot=-9.55879 vy=0.12882 force=-22402.1 work=542358.4
t=48.00 rise=23.24780 foot=-9.71332 vy=0.03770 force=-22028.2 work=545791.3
t=50.00 rise=23.29126 foot=-9.75957 vy=0.00661 force=-20361.6 work=546806.8
t=52.00 rise=23.29119 foot=-9.75956 vy=0.00000 force=-21935.9 work=546806.8
t=54.00 rise=23.29119 foot=-9.75956 vy=0.00000 force=-21935.9 work=546806.8
t=56.00 rise=23.29119 foot=-9.75956 vy=0.00000 force=-21935.9 work=546806.8
RESULT hz=90 rider=0.0 cap=200000 power_loss=0 rise=23.291185 theory=23.309595 work_j=546806.815 peak_force_n=199999.984 peak_joint_m=0.002089 peak_speed=1.67442 off_drop_m=0.000000 rider_gap=0.000000 max_rider_offset=0.000000 errors=0
