t=0.00 rise=-0.00134 foot=0.00019 vy=-0.12101 force=-9295.1 work=0.0
t=2.00 rise=-0.01999 foot=0.00179 vy=0.00077 force=-163102.2 work=154.6
t=4.00 rise=2.33046 foot=-0.35463 vy=1.32382 force=-137780.6 work=56807.2
t=6.00 rise=4.64814 foot=-0.79612 vy=1.04833 force=-110752.5 work=110581.8
t=8.00 rise=6.58251 foot=-1.23690 vy=0.89672 force=-94810.1 work=155640.6
t=10.00 rise=8.26502 foot=-1.67837 vy=0.78589 force=-79338.3 work=194872.8
t=12.00 rise=9.75590 foot=-2.11970 vy=0.70566 force=-73910.4 work=229743.9
t=14.00 rise=11.10779 foot=-2.56252 vy=0.73237 force=-59825.8 work=261395.9
t=16.00 rise=12.27472 foot=-2.98879 vy=0.60731 force=-93874.0 work=288780.7
t=18.00 rise=13.39609 foot=-3.42069 vy=0.53136 force=-56826.0 work=314276.5
t=20.00 rise=14.41265 foot=-3.84879 vy=0.51480 force=-54301.6 work=338003.6
t=22.00 rise=15.30161 foot=-4.25066 vy=0.44868 force=-48666.4 work=359114.4
t=24.00 rise=16.15136 foot=-4.67243 vy=0.43607 force=-42249.9 work=378975.6
t=26.00 rise=16.87164 foot=-4.97161 vy=2.48403 force=-76296.2 work=399419.2
t=28.00 rise=17.67667 foot=-5.47695 vy=0.43789 force=-41800.8 work=422518.9
t=30.00 rise=18.39870 foot=-5.89948 vy=0.32589 force=-40607.8 work=441895.2
t=32.00 rise=19.14024 foot=-6.35405 vy=0.35878 force=-13717.5 work=460654.8
t=34.00 rise=19.82926 foot=-6.80722 vy=0.34565 force=-33756.9 work=478983.5
t=36.00 rise=20.47966 foot=-7.24139 vy=0.25665 force=-25902.7 work=498695.7
t=38.00 rise=21.12938 foot=-7.72432 vy=-0.83403 force=63637.8 work=514323.7
t=40.00 rise=21.64700 foot=-8.19959 vy=0.24095 force=-47851.1 work=529088.1
t=42.00 rise=22.17442 foot=-8.66067 vy=0.23936 force=-25933.5 work=541255.9
t=44.00 rise=22.59429 foot=-9.05675 vy=0.23325 force=-24600.4 work=551441.5
t=46.00 rise=23.08146 foot=-9.52594 vy=0.15336 force=-24071.9 work=563238.0
t=48.00 rise=23.24356 foot=-9.70986 vy=-0.14259 force=-16840.5 work=567284.1
t=50.00 rise=23.29492 foot=-9.76130 vy=0.07580 force=-35042.4 work=568422.3
t=52.00 rise=23.30192 foot=-9.76652 vy=0.05910 force=-47753.9 work=568422.3
t=54.00 rise=23.30556 foot=-9.77235 vy=-0.05210 force=-45404.4 work=568422.3
t=56.00 rise=23.30960 foot=-9.74377 vy=-0.38690 force=69920.6 work=568422.3
RESULT hz=90 rider=0.0 cap=200000 power_loss=0 rise=23.284937 theory=23.309595 work_j=568422.285 peak_force_n=199999.984 peak_joint_m=0.092058 peak_speed=3.32012 off_drop_m=0.000000 rider_gap=0.000000 max_rider_offset=0.000000 errors=0
