proot warning: can't sanitize binding "/proc/self/fd/0": No such file or directory
Godot Engine v4.7.stable.official.5b4e0cb0f - https://godotengine.org

SCRAPERX_EXTENSION_LOADED api=4.7 authority=scraperx_sim scene=regression_fixtures work_order=WO-006
SCRAPERX_VIEWPORT size=2160x2160 aspect=1.000 fov=82.0 far=2000
SCRAPERX_AUDIO_BANK clips=28 msec=647 driver=Dummy
SCRAPERX_UITEST_POSE door_open tick=294 position=(10.42187, 0.88, -84.65) elapsed_ms=9471
CARRY_PROBE phase=door_open_before_rack tick=294 p=(10.42187, 0.88, -84.65) v=(-0.000675, 0.0, 0.0) grounded=true support=1 contact=(10.42232, 0.0, -84.64999) traversal=0 target=55 kind=0 held=0 block=(11.35044, 0.849972, -84.75015) bar=(10.51196, 0.722645, -85.08219) touch_move=(0.0, 0.0) derived_world_move=(0.0, 0.0) yaw=0.0 queued_verbs=[]
CARRY_PROBE phase=rack_before_action tick=331 p=(10.42165, 0.88, -84.65) v=(-0.000408, -0.0, 0.0) grounded=true support=1 contact=(10.42232, 0.0, -84.64999) traversal=0 target=55 kind=0 held=0 block=(11.35044, 0.849972, -84.75015) bar=(10.51196, 0.722646, -85.08219) touch_move=(0.0, 0.0) derived_world_move=(0.0, 0.0) yaw=-1.5707963267949 queued_verbs=[]
CARRY_PROBE phase=rack_after_tap_immediate tick=331 p=(10.42165, 0.88, -84.65) v=(-0.000408, -0.0, 0.0) grounded=true support=1 contact=(10.42232, 0.0, -84.64999) traversal=0 target=55 kind=0 held=0 block=(11.35044, 0.849972, -84.75015) bar=(10.51196, 0.722646, -85.08219) touch_move=(0.0, 0.0) derived_world_move=(0.0, 0.0) yaw=-1.5707963267949 queued_verbs=[&"action"]
CARRY_PROBE phase=rack_frame_0 tick=333 p=(10.34752, 0.833218, -84.68608) v=(-0.006955, 0.0, 0.001901) grounded=true support=1 contact=(10.36507, 0.0, -84.69684) traversal=0 target=0 kind=0 held=55 block=(11.35042, 0.849985, -84.75015) bar=(10.67762, 0.913636, -85.00142) touch_move=(0.0, 0.0) derived_world_move=(0.0, 0.0) yaw=-1.5707963267949 queued_verbs=[]
CARRY_PROBE phase=rack_frame_1 tick=334 p=(10.33632, 0.833204, -84.67786) v=(-0.011752, 0.0, 0.006355) grounded=true support=1 contact=(10.34751, -0.0, -84.68607) traversal=0 target=0 kind=0 held=55 block=(11.35042, 0.849985, -84.75015) bar=(10.70264, 0.965943, -85.01979) touch_move=(0.0, 0.0) derived_world_move=(0.0, 0.0) yaw=-1.5707963267949 queued_verbs=[]
CARRY_PROBE phase=rack_frame_2 tick=336 p=(10.32323, 0.842509, -84.66953) v=(-0.008378, 0.0, 0.012908) grounded=true support=1 contact=(10.32874, 0.0, -84.67264) traversal=0 target=0 kind=0 held=55 block=(11.35042, 0.849985, -84.75015) bar=(10.73277, 1.036408, -85.039) touch_move=(0.0, 0.0) derived_world_move=(0.0, 0.0) yaw=-1.5707963267949 queued_verbs=[]
CARRY_PROBE phase=rack_frame_3 tick=337 p=(10.31901, 0.848124, -84.66777) v=(-0.006445, 0.0, 0.013158) grounded=true support=1 contact=(10.32322, -0.0, -84.66951) traversal=0 target=0 kind=0 held=55 block=(11.35042, 0.849985, -84.75015) bar=(10.74296, 1.060164, -85.04366) touch_move=(0.0, 0.0) derived_world_move=(0.0, 0.0) yaw=-1.5707963267949 queued_verbs=[]
CARRY_PROBE phase=rack_frame_4 tick=339 p=(10.31279, 0.857897, -84.66666) v=(-0.003413, -0.0, 0.012307) grounded=true support=1 contact=(10.31564, 0.0, -84.66689) traversal=0 target=0 kind=0 held=55 block=(11.35042, 0.849985, -84.75015) bar=(10.75881, 1.093598, -85.04856) touch_move=(0.0, 0.0) derived_world_move=(0.0, 0.0) yaw=-1.5707963267949 queued_verbs=[]
CARRY_PROBE phase=rack_frame_5 tick=340 p=(10.31034, 0.861785, -84.66683) v=(-0.002135, 0.0, 0.011583) grounded=true support=1 contact=(10.31279, 0.0, -84.66666) traversal=0 target=0 kind=0 held=55 block=(11.35042, 0.849985, -84.75015) bar=(10.76542, 1.10537, -85.04987) touch_move=(0.0, 0.0) derived_world_move=(0.0, 0.0) yaw=-1.5707963267949 queued_verbs=[]
CARRY_PROBE phase=rack_frame_6 tick=342 p=(10.30615, 0.867736, -84.66793) v=(0.000151, -0.0, 0.009721) grounded=true support=1 contact=(10.30818, 0.0, -84.66727) traversal=0 target=0 kind=0 held=55 block=(11.35042, 0.849985, -84.75015) bar=(10.77715, 1.122358, -85.05161) touch_move=(0.0, 0.0) derived_world_move=(0.0, 0.0) yaw=-1.5707963267949 queued_verbs=[]
CARRY_PROBE phase=rack_frame_7 tick=343 p=(10.30429, 0.869956, -84.66871) v=(0.001191, 0.0, 0.008597) grounded=true support=1 contact=(10.30617, 0.0, -84.66793) traversal=0 target=0 kind=0 held=55 block=(11.35042, 0.849985, -84.75015) bar=(10.78252, 1.128471, -85.05233) touch_move=(0.0, 0.0) derived_world_move=(0.0, 0.0) yaw=-1.5707963267949 queued_verbs=[]
CARRY_PROBE phase=rack_frame_8 tick=345 p=(10.30083, 0.873262, -84.67053) v=(0.003066, 0.0, 0.005963) grounded=true support=1 contact=(10.30253, 0.0, -84.66956) traversal=0 target=0 kind=0 held=55 block=(11.35042, 0.849985, -84.75015) bar=(10.79251, 1.137538, -85.0538) touch_move=(0.0, 0.0) derived_world_move=(0.0, 0.0) yaw=-1.5707963267949 queued_verbs=[]
CARRY_PROBE phase=rack_frame_9 tick=346 p=(10.29921, 0.874471, -84.67152) v=(0.003878, -0.0, 0.004456) grounded=true support=1 contact=(10.30083, 0.0, -84.67053) traversal=0 target=0 kind=0 held=55 block=(11.35042, 0.849985, -84.75015) bar=(10.79718, 1.14096, -85.05461) touch_move=(0.0, 0.0) derived_world_move=(0.0, 0.0) yaw=-1.5707963267949 queued_verbs=[]
CARRY_PROBE phase=rack_frame_10 tick=348 p=(10.29611, 0.876239, -84.67357) v=(0.005144, 0.0, 0.001114) grounded=true support=1 contact=(10.29765, 0.0, -84.67252) traversal=0 target=0 kind=0 held=55 block=(11.35042, 0.849985, -84.75015) bar=(10.80584, 1.146449, -85.05633) touch_move=(0.0, 0.0) derived_world_move=(0.0, 0.0) yaw=-1.5707963267949 queued_verbs=[]
CARRY_PROBE phase=rack_frame_11 tick=349 p=(10.29464, 0.876868, -84.67462) v=(0.005553, 0.0, -0.000668) grounded=true support=1 contact=(10.29611, -0.0, -84.67358) traversal=0 target=0 kind=0 held=55 block=(11.35042, 0.849985, -84.75015) bar=(10.80983, 1.148765, -85.05719) touch_move=(0.0, 0.0) derived_world_move=(0.0, 0.0) yaw=-1.5707963267949 queued_verbs=[]
CARRY_PROBE phase=rack_pickup_wait_end tick=358 p=(10.28249, 0.878731, -84.68511) v=(-0.019448, 0.0, -0.015849) grounded=true support=1 contact=(10.28387, 0.0, -84.68385) traversal=0 target=0 kind=0 held=55 block=(11.35042, 0.849985, -84.75015) bar=(10.83566, 1.165559, -85.05555) touch_move=(0.0, 0.0) derived_world_move=(0.0, 0.0) yaw=-1.5707963267949 queued_verbs=[]
SCRAPERX_UITEST FAIL touch_carry reason=PICK UP did not put the hook block on the native carry point
