SAMPLE 0.0111111111111 4.76575223729e-10 6
SAMPLE 0.111111111111 7.34871719033e-10 6
SAMPLE 0.211111111111 7.78527464718e-10 6
SAMPLE 0.311111111111 8.0035533756e-10 6
SAMPLE 0.411111111111 8.11269273981e-10 6
SAMPLE 0.511111111111 8.14907252789e-10 6
SAMPLE 0.611111111111 8.14907252789e-10 6
SAMPLE 0.711111111111 8.14907252789e-10 6
SAMPLE 0.811111111111 8.2582118921e-10 6
SAMPLE 0.911111111111 8.2582118921e-10 6
SAMPLE 1.01111111111 8.2582118921e-10 6
SAMPLE 1.11111111111 8.2582118921e-10 6
SAMPLE 1.21111111111 8.2582118921e-10 6
SAMPLE 1.31111111111 8.2582118921e-10 6
SAMPLE 1.41111111111 8.2582118921e-10 6
SAMPLE 1.51111111111 8.2582118921e-10 6
SAMPLE 1.61111111111 8.2582118921e-10 6
SAMPLE 1.71111111111 8.2582118921e-10 6
SAMPLE 1.81111111111 8.2582118921e-10 6
SAMPLE 1.91111111111 8.2582118921e-10 6
SAMPLE 2.01111111111 8.2582118921e-10 6
SAMPLE 2.11111111111 8.2582118921e-10 6
SAMPLE 2.21111111111 8.2582118921e-10 6
SAMPLE 2.31111111111 8.2582118921e-10 6
SAMPLE 2.41111111111 8.2582118921e-10 6
SAMPLE 2.51111111111 8.2582118921e-10 6
SAMPLE 2.61111111111 8.2582118921e-10 6
SAMPLE 2.71111111111 8.2582118921e-10 6
SAMPLE 2.81111111111 8.2582118921e-10 6
SAMPLE 2.91111111111 8.2582118921e-10 6
SAMPLE 3.01111111111 8.2582118921e-10 6
SAMPLE 3.11111111111 8.2582118921e-10 6
SAMPLE 3.21111111111 8.2582118921e-10 6
SAMPLE 3.31111111111 8.2582118921e-10 6
SAMPLE 3.41111111111 8.2582118921e-10 6
SAMPLE 3.51111111111 8.2582118921e-10 6
SAMPLE 3.61111111111 8.2582118921e-10 6
SAMPLE 3.71111111111 8.2582118921e-10 6
SAMPLE 3.81111111111 8.2582118921e-10 6
SAMPLE 3.91111111111 8.2582118921e-10 6
SAMPLE 4.01111111111 8.2582118921e-10 6
SAMPLE 4.11111111111 8.2582118921e-10 6
SAMPLE 4.21111111111 8.2582118921e-10 6
SAMPLE 4.31111111111 8.2582118921e-10 6
SAMPLE 4.41111111111 8.2582118921e-10 6
SAMPLE 4.51111111111 8.2582118921e-10 6
SAMPLE 4.61111111111 8.2582118921e-10 6
SAMPLE 4.71111111111 8.2582118921e-10 6
SAMPLE 4.81111111111 8.2582118921e-10 6
SAMPLE 4.91111111111 8.2582118921e-10 6
SAMPLE 5.01111111111 8.2582118921e-10 6
SAMPLE 5.11111111111 8.2582118921e-10 6
SAMPLE 5.21111111111 8.2582118921e-10 6
SAMPLE 5.31111111111 8.2582118921e-10 6
SAMPLE 5.41111111111 8.2582118921e-10 6
SAMPLE 5.51111111111 8.2582118921e-10 6
SAMPLE 5.61111111111 8.2582118921e-10 6
SAMPLE 5.71111111111 8.2582118921e-10 6
SAMPLE 5.81111111111 8.2582118921e-10 6
SAMPLE 5.91111111111 8.2582118921e-10 6
SAMPLE 6.01111111111 8.2582118921e-10 6
SAMPLE 6.11111111111 8.2582118921e-10 6
SAMPLE 6.21111111111 8.2582118921e-10 6
SAMPLE 6.31111111111 8.2582118921e-10 6
SAMPLE 6.41111111111 8.2582118921e-10 6
SAMPLE 6.51111111111 8.2582118921e-10 6
SAMPLE 6.61111111111 8.2582118921e-10 6
SAMPLE 6.71111111111 8.2582118921e-10 6
SAMPLE 6.81111111111 8.2582118921e-10 6
SAMPLE 6.91111111111 8.2582118921e-10 6
SAMPLE 7.01111111111 8.2582118921e-10 6
SAMPLE 7.11111111111 8.2582118921e-10 6
SAMPLE 7.21111111111 8.2582118921e-10 6
SAMPLE 7.31111111111 8.2582118921e-10 6
SAMPLE 7.41111111111 8.2582118921e-10 6
SAMPLE 7.51111111111 8.2582118921e-10 6
SAMPLE 7.61111111111 8.2582118921e-10 6
SAMPLE 7.71111111111 8.2582118921e-10 6
SAMPLE 7.81111111111 8.2582118921e-10 6
SAMPLE 7.91111111111 8.2582118921e-10 6
SAMPLE 8.01111111111 8.2582118921e-10 6
SAMPLE 8.11111111111 8.2582118921e-10 6
SAMPLE 8.21111111111 8.2582118921e-10 6
SAMPLE 8.31111111111 8.2582118921e-10 6
SAMPLE 8.41111111111 8.2582118921e-10 6
SAMPLE 8.51111111111 8.2582118921e-10 6
SAMPLE 8.61111111111 8.2582118921e-10 6
SAMPLE 8.71111111111 8.2582118921e-10 6
SAMPLE 8.81111111111 8.2582118921e-10 6
SAMPLE 8.91111111111 8.2582118921e-10 6
SAMPLE 9.01111111111 8.2582118921e-10 6
SAMPLE 9.11111111111 8.2582118921e-10 6
SAMPLE 9.21111111111 8.2582118921e-10 6
SAMPLE 9.31111111111 8.2582118921e-10 6
SAMPLE 9.41111111111 8.2582118921e-10 6
SAMPLE 9.51111111111 8.2582118921e-10 6
SAMPLE 9.61111111111 8.2582118921e-10 6
SAMPLE 9.71111111111 8.2582118921e-10 6
SAMPLE 9.81111111111 8.2582118921e-10 6
SAMPLE 9.91111111111 8.2582118921e-10 6
SAMPLE 10.0111111111 8.2582118921e-10 6
SAMPLE 10.1111111111 8.2582118921e-10 6
SAMPLE 10.2111111111 8.2582118921e-10 6
SAMPLE 10.3111111111 8.2582118921e-10 6
SAMPLE 10.4111111111 8.2582118921e-10 6
SAMPLE 10.5111111111 8.2582118921e-10 6
SAMPLE 10.6111111111 8.2582118921e-10 6
SAMPLE 10.7111111111 8.2582118921e-10 6
SAMPLE 10.8111111111 8.2582118921e-10 6
SAMPLE 10.9111111111 8.2582118921e-10 6
SAMPLE 11.0111111111 8.2582118921e-10 6
SAMPLE 11.1111111111 8.2582118921e-10 6
SAMPLE 11.2111111111 8.2582118921e-10 6
SAMPLE 11.3111111111 8.2582118921e-10 6
SAMPLE 11.4111111111 8.2582118921e-10 6
SAMPLE 11.5111111111 8.2582118921e-10 6
SAMPLE 11.6111111111 8.2582118921e-10 6
SAMPLE 11.7111111111 8.2582118921e-10 6
SAMPLE 11.8111111111 8.2582118921e-10 6
SAMPLE 11.9111111111 8.2582118921e-10 6
SAMPLE 12.0111111111 8.2582118921e-10 6
SAMPLE 12.1111111111 8.2582118921e-10 6
SAMPLE 12.2111111111 8.2582118921e-10 6
SAMPLE 12.3111111111 8.2582118921e-10 6
SAMPLE 12.4111111111 8.2582118921e-10 6
SAMPLE 12.5111111111 8.2582118921e-10 6
SAMPLE 12.6111111111 8.2582118921e-10 6
SAMPLE 12.7111111111 8.2582118921e-10 6
SAMPLE 12.8111111111 8.2582118921e-10 6
SAMPLE 12.9111111111 8.2582118921e-10 6
SAMPLE 13.0111111111 8.2582118921e-10 6
SAMPLE 13.1111111111 8.2582118921e-10 6
SAMPLE 13.2111111111 8.2582118921e-10 6
SAMPLE 13.3111111111 8.2582118921e-10 6
SAMPLE 13.4111111111 8.2582118921e-10 6
SAMPLE 13.5111111111 8.2582118921e-10 6
SAMPLE 13.6111111111 8.2582118921e-10 6
SAMPLE 13.7111111111 8.2582118921e-10 6
SAMPLE 13.8111111111 8.2582118921e-10 6
SAMPLE 13.9111111111 8.2582118921e-10 6
SAMPLE 14.0111111111 8.2582118921e-10 6
SAMPLE 14.1111111111 8.2582118921e-10 6
SAMPLE 14.2111111111 8.2582118921e-10 6
SAMPLE 14.3111111111 8.2582118921e-10 6
SAMPLE 14.4111111111 8.2582118921e-10 6
SAMPLE 14.5111111111 8.2582118921e-10 6
SAMPLE 14.6111111111 8.2582118921e-10 6
SAMPLE 14.7111111111 8.2582118921e-10 6
SAMPLE 14.8111111111 8.2582118921e-10 6
SAMPLE 14.9111111111 8.2582118921e-10 6
SAMPLE 15.0111111111 8.2582118921e-10 6
SAMPLE 15.1111111111 8.2582118921e-10 6
SAMPLE 15.2111111111 8.2582118921e-10 6
SAMPLE 15.3111111111 8.2582118921e-10 6
SAMPLE 15.4111111111 8.2582118921e-10 6
SAMPLE 15.5111111111 8.2582118921e-10 6
SAMPLE 15.6111111111 8.2582118921e-10 6
SAMPLE 15.7111111111 8.2582118921e-10 6
SAMPLE 15.8111111111 8.2582118921e-10 6
SAMPLE 15.9111111111 8.2582118921e-10 6
RESULT {"h":0.0111111111111,"call":"Update(float(h),4)","ticks":1440,"substep_callbacks":5760,"velocity_iterations":10,"position_iterations":2,"penetration_slop_m":0.019999999553,"local_velocity_override":40,"local_position_override":8,"stiffness_n_per_m":250822.8125,"material_damping_n_s_per_m":0,"actual_gravity":9.81000041962,"actual_rung_mass":2.93738926061,"actual_substep_s":0.00277777784504,"rest_length_sum_left_m":23.8948802054,"max_initial_preload_error_n":0.00373165954522,"initial_spring_energy_j":61.0870464489,"final_spring_energy_j":61.0870464489,"max_pose_change_m":0,"max_span_change_m":0,"max_lambda":0,"max_tension_last_substep_n":864.474142123,"max_static_last_substep_force_error_n":0.0015035715918,"rung_mass":2.93738921285,"min_initial_span":0.396553069353,"max_initial_span":0.399942189455,"max_speed":6.33711351838e-06,"max_stretch":0.00344654917717,"max_kinetic_j":8.30025655187e-10,"initial_energy_j":30836.3506374,"final_energy_j":30836.3506374,"final_energy_delta_j":8.29459168017e-10,"max_abs_energy_delta_j":8.29459168017e-10,"min_signed_energy_delta_j":0,"max_signed_energy_delta_j":8.29459168017e-10,"contacts_added":0,"contacts_persisted":0,"update_errors":0,"added_force_calls":0}
