SAMPLE 0.0111111111111 4.76575223729e-10 6
SAMPLE 0.111111111111 7.34871719033e-10 6
SAMPLE 0.211111111111 7.78527464718e-10 6
SAMPLE 0.311111111111 8.0035533756e-10 6
SAMPLE 0.411111111111 8.11269273981e-10 6
SAMPLE 0.511111111111 8.14907252789e-10 6
SAMPLE 0.611111111111 8.14907252789e-10 6
SAMPLE 0.711111111111 8.14907252789e-10 6
SAMPLE 0.811111111111 8.2582118921e-10 6
SAMPLE 0.911111111111 8.2582118921e-10 6
SAMPLE 1.01111111111 8.2582118921e-10 6
SAMPLE 1.11111111111 8.2582118921e-10 6
SAMPLE 1.21111111111 8.2582118921e-10 6
SAMPLE 1.31111111111 8.2582118921e-10 6
SAMPLE 1.41111111111 8.2582118921e-10 6
SAMPLE 1.51111111111 8.2582118921e-10 6
SAMPLE 1.61111111111 8.2582118921e-10 6
SAMPLE 1.71111111111 8.2582118921e-10 6
SAMPLE 1.81111111111 8.2582118921e-10 6
SAMPLE 1.91111111111 8.2582118921e-10 6
SAMPLE 2.01111111111 8.2582118921e-10 6
SAMPLE 2.11111111111 8.2582118921e-10 6
SAMPLE 2.21111111111 8.2582118921e-10 6
SAMPLE 2.31111111111 8.2582118921e-10 6
SAMPLE 2.41111111111 8.2582118921e-10 6
SAMPLE 2.51111111111 8.2582118921e-10 6
SAMPLE 2.61111111111 8.2582118921e-10 6
SAMPLE 2.71111111111 8.2582118921e-10 6
SAMPLE 2.81111111111 8.2582118921e-10 6
SAMPLE 2.91111111111 8.2582118921e-10 6
SAMPLE 3.01111111111 -22.4216240463 6
SAMPLE 3.11111111111 -247.666800835 5.98397922516
SAMPLE 3.21111111111 -355.563407594 5.87918186188
SAMPLE 3.31111111111 -326.300477535 5.81763410568
SAMPLE 3.41111111111 -244.397821889 5.86619853973
SAMPLE 3.51111111111 -190.994450411 5.97726726532
SAMPLE 3.61111111111 -171.505610093 6.07906627655
SAMPLE 3.71111111111 -173.487070056 6.08338117599
SAMPLE 3.81111111111 -177.442356279 6.01265668869
SAMPLE 3.91111111111 -208.947208585 5.92439508438
SAMPLE 4.01111111111 -301.025229993 5.86601448059
SAMPLE 4.11111111111 -361.493860014 5.86041545868
SAMPLE 4.21111111111 -334.826493299 5.90149593353
SAMPLE 4.31111111111 -280.702816401 5.96970844269
SAMPLE 4.41111111111 -256.162601146 6.02692604065
SAMPLE 4.51111111111 -252.384573434 6.04087543488
SAMPLE 4.61111111111 -257.108165276 6.0039305687
SAMPLE 4.71111111111 -282.653342825 5.94220542908
SAMPLE 4.81111111111 -331.454975796 5.8936829567
SAMPLE 4.91111111111 -366.790712631 5.88436365128
SAMPLE 5.01111111111 -357.706996322 5.91458034515
SAMPLE 5.11111111111 -323.80419938 5.96392345428
SAMPLE 5.21111111111 -299.98497641 6.00417423248
SAMPLE 5.31111111111 -292.449838049 6.01437759399
SAMPLE 5.41111111111 -296.040735126 5.9910902977
SAMPLE 5.51111111111 -315.229356043 5.94961977005
SAMPLE 5.61111111111 -346.94518362 5.91454601288
SAMPLE 5.71111111111 -369.130730373 5.90501356125
SAMPLE 5.81111111111 -364.777537729 5.92414855957
SAMPLE 5.91111111111 -343.146570454 5.95873594284
SAMPLE 6.01111111111 -324.228183232 5.98828172684
SAMPLE 6.11111111111 -316.008155092 5.99696969986
SAMPLE 6.21111111111 -317.995784448 5.9818482399
SAMPLE 6.31111111111 -331.425021866 5.95325756073
SAMPLE 6.41111111111 -352.580718038 5.92809247971
SAMPLE 6.51111111111 -367.633977768 5.91998434067
SAMPLE 6.61111111111 -365.839249105 5.93200540543
SAMPLE 6.71111111111 -351.695021517 5.9558095932
SAMPLE 6.81111111111 -337.42776653 5.97720241547
SAMPLE 6.91111111111 -330.069507062 5.9845533371
SAMPLE 7.01111111111 -330.94409568 5.97500371933
SAMPLE 7.11111111111 -340.189970996 5.95527744293
SAMPLE 7.21111111111 -354.421639654 5.93714761734
SAMPLE 7.31111111111 -364.834402031 5.9304933548
SAMPLE 7.41111111111 -364.432640265 5.93801259995
SAMPLE 7.51111111111 -355.200770693 5.95435619354
SAMPLE 7.61111111111 -344.734660508 5.96973657608
SAMPLE 7.71111111111 -338.6409613 5.97572422028
SAMPLE 7.81111111111 -338.804978549 5.96980524063
SAMPLE 7.91111111111 -345.122640464 5.9562754631
SAMPLE 8.01111111111 -354.819515872 5.94325447083
SAMPLE 8.11111111111 -362.09866013 5.93790197372
SAMPLE 8.21111111111 -362.348845719 5.94252490997
SAMPLE 8.31111111111 -356.349868409 5.95371866226
SAMPLE 8.41111111111 -348.824519495 5.96473503113
SAMPLE 8.51111111111 -344.003633103 5.96949863434
SAMPLE 8.61111111111 -343.761992825 5.96590709686
SAMPLE 8.71111111111 -348.028529871 5.95665788651
SAMPLE 8.81111111111 -354.681649232 5.94734048843
SAMPLE 8.91111111111 -359.829807005 5.94312000275
SAMPLE 9.01111111111 -361.727342628 5.94589424133
SAMPLE 9.11111111111 -365.373546855 5.97619819641
SAMPLE 9.21111111111 -367.917613828 6.04935741425
SAMPLE 9.31111111111 -370.286782125 6.0532746315
SAMPLE 9.41111111111 -372.354893917 6.01661396027
SAMPLE 9.51111111111 -374.299786694 5.95321750641
SAMPLE 9.61111111111 -376.163330044 5.94844675064
SAMPLE 9.71111111111 -377.964993079 5.98971652985
SAMPLE 9.81111111111 -379.716886659 6.04617786407
SAMPLE 9.91111111111 -381.418099481 6.04876613617
SAMPLE 10.0111111111 -383.0842222 6.00488185883
SAMPLE 10.1111111111 -384.721899549 5.95439243317
SAMPLE 10.2111111111 -386.333147869 5.95463562012
SAMPLE 10.3111111111 -387.92209489 5.99976873398
SAMPLE 10.4111111111 -389.491631078 6.04501104355
SAMPLE 10.5111111111 -391.04272286 6.04164361954
SAMPLE 10.6111111111 -392.576411535 5.99620199203
SAMPLE 10.7111111111 -394.094330956 5.95570039749
SAMPLE 10.8111111111 -12484.266771 5.96222019196
SAMPLE 10.9111111111 -12484.6358067 6.00730752945
SAMPLE 11.0111111111 -12484.9921214 6.04341983795
SAMPLE 11.1111111111 -12485.3369364 6.03388500214
SAMPLE 11.2111111111 -12485.6703243 5.98963260651
SAMPLE 11.3111111111 -12485.9929116 5.95765161514
SAMPLE 11.4111111111 -12486.3049195 5.96996450424
SAMPLE 11.5111111111 -12486.6071234 6.013027668
SAMPLE 11.6111111111 -12486.8995506 6.04107809067
SAMPLE 11.7111111111 -12487.1827366 6.02627897263
SAMPLE 11.8111111111 -12487.4568402 5.98467493057
SAMPLE 11.9111111111 -12487.722569 5.96037912369
SAMPLE 12.0111111111 -12487.9795314 5.97734689713
SAMPLE 12.1111111111 -12488.2285124 6.01728487015
SAMPLE 12.2111111111 -12488.4698331 6.03799676895
SAMPLE 12.3111111111 -12488.7035351 6.01917886734
SAMPLE 12.4111111111 -12488.9297233 5.98107051849
SAMPLE 12.5111111111 -12489.1487079 5.96377182007
SAMPLE 12.6111111111 -12489.3607173 5.98412322998
SAMPLE 12.7111111111 -12489.5661135 6.02027988434
SAMPLE 12.8111111111 -12489.7651293 6.03434085846
SAMPLE 12.9111111111 -12489.957909 6.0127530098
SAMPLE 13.0111111111 -12490.144579 5.97864818573
SAMPLE 13.1111111111 -12490.3253519 5.96764183044
SAMPLE 13.2111111111 -12490.5003885 5.99018001556
SAMPLE 13.3111111111 -12490.6699837 6.02216291428
SAMPLE 13.4111111111 -12490.834265 6.03030347824
SAMPLE 13.5111111111 -12490.9932139 6.00708055496
SAMPLE 13.6111111111 -12491.1473176 5.97727060318
SAMPLE 13.7111111111 -12491.29658 5.97179746628
SAMPLE 13.8111111111 -12491.4411486 5.99545955658
SAMPLE 13.9111111111 -12491.5811479 6.02307081223
SAMPLE 14.0111111111 -12491.7168512 6.02607297897
SAMPLE 14.1111111111 -12491.848142 6.00219678879
SAMPLE 14.2111111111 -12491.9753401 5.97679710388
SAMPLE 14.3111111111 -12492.0984272 5.9760632515
SAMPLE 14.4111111111 -12492.2177278 5.99994945526
SAMPLE 14.5111111111 -12492.3332831 6.02314472198
SAMPLE 14.6111111111 -12492.4451086 6.02181053162
SAMPLE 14.7111111111 -12492.5533492 5.99810218811
SAMPLE 14.8111111111 -12492.6582761 5.97708511353
SAMPLE 14.9111111111 -12492.7599151 5.9802904129
SAMPLE 15.0111111111 -12492.8582853 6.00365352631
SAMPLE 15.1111111111 -12492.9536822 6.02252864838
SAMPLE 15.2111111111 -12493.0461704 6.01764774323
SAMPLE 15.3111111111 -12493.1356263 5.99477815628
SAMPLE 15.4111111111 -12493.2221995 5.97799634933
SAMPLE 15.5111111111 -12493.3061219 5.98436164856
SAMPLE 15.6111111111 -12493.3874128 6.00660467148
SAMPLE 15.7111111111 -12493.4661759 6.02135753632
SAMPLE 15.8111111111 -12493.5424849 6.01368951797
SAMPLE 15.9111111111 -12493.6163263 5.99219036102
RESULT {"h":0.0111111111111,"call":"Update(float(h),4)","ticks":1440,"substep_callbacks":5760,"velocity_iterations":10,"position_iterations":2,"penetration_slop_m":0.019999999553,"local_velocity_override":40,"local_position_override":8,"stiffness_n_per_m":250822.8125,"material_damping_n_s_per_m":0,"actual_gravity":9.81000041962,"actual_rung_mass":2.93738926061,"actual_substep_s":0.00277777784504,"rest_length_sum_left_m":23.8948802054,"max_initial_preload_error_n":0.00373165954522,"initial_spring_energy_j":61.0870464489,"final_spring_energy_j":85.5960493311,"max_pose_change_m":0.184705257416,"max_span_change_m":0.0062141418457,"max_lambda":0,"max_tension_last_substep_n":2423.04611061,"max_static_last_substep_force_error_n":0.0015035715918,"rung_mass":2.93738921285,"min_initial_span":0.396553069353,"max_initial_span":0.399942189455,"max_speed":1.82459831238,"max_stretch":0.00966069102287,"max_kinetic_j":72.2230740025,"initial_energy_j":30836.3506374,"final_energy_j":34076.2150762,"final_energy_delta_j":3239.86443882,"max_abs_energy_delta_j":12493.6799773,"min_signed_energy_delta_j":-12493.6799773,"max_signed_energy_delta_j":8.3127815742e-10,"case":"central_catch_hold_release","player_mass":84.9999983376,"player_gravity_factor":1,"player_rotation_locked":true,"inserted_energy_j":15733.5444162,"final_unclosed_mechanical_delta_j":-12493.6799773,"max_player_speed_m_s":16.8660011292,"max_hand_force_last_substep_n":866.025360118,"catch_peak_hand_force_n":866.025360118,"max_hand_error_m":0.231218338013,"loaded_hand_error_m":0.0844955868191,"release_velocity_jump_m_s":0,"departure_capsule_speed_m_s":0.0563213564456,"departure_rung_point_speed_m_s":0.040467929095,"loaded_root_vertical_n":2590.47641712,"unloaded_root_vertical_n":1726.41017278,"loaded_left_strand_extension_sum_m":0.15177887921,"max_left_strand_extension_sum_m":0.289779752493,"player_floor_contact_events":1899,"player_other_contact_events":0,"contacts_added":1,"contacts_persisted":1898,"update_errors":0,"added_force_calls":0}
