Godot Engine v4.7.stable.official.5b4e0cb0f - https://godotengine.org

SCRAPERX_EXTENSION_LOADED api=4.7 authority=scraperx_sim scene=slingshot
SCRAPERX_VIEWPORT size=2160x2160 aspect=1.000 fov=82.0 far=2000
SCRAPERX_AUDIO_BANK clips=28 msec=450 driver=Dummy
SCRAPERX_UITEST_POSE cargo_net_entry tick=1597 position=(19.98975, 0.9, -113.9313) elapsed_ms=4901
SCRAPERX_UITEST_POSE cargo_net_climbing tick=2596 position=(19.97968, 5.614784, -117.1742) elapsed_ms=7268
SCRAPERX_UITEST_POSE cargo_net_receiver tick=3487 position=(19.97934, 11.8958, -118.4755) elapsed_ms=9287
SCRAPERX_UITEST_POSE cargo_net_first_ring tick=4011 position=(18.49989, 11.9, -125.8896) elapsed_ms=10556
SCRAPERX_CAMPAIGN cargo_net_exit at=(18.49989, 11.9, -125.8896) support=11
SCRAPERX_UITEST_POSE facade_approach tick=4516 position=(19.97321, 11.87494, -121.2886) elapsed_ms=11766
SCRAPERX_UITEST_POSE duct_hang tick=5011 position=(19.99894, 15.07035, -122.4108) elapsed_ms=13058
SCRAPERX_UITEST_POSE vent_climb tick=5832 position=(24.03538, 17.98279, -122.998) elapsed_ms=15078
SCRAPERX_UITEST_POSE ladder_leap tick=7276 position=(12.50017, 23.19674, -119.7075) elapsed_ms=18490
SCRAPERX_UITEST_POSE facade_arrival tick=8938 position=(11.28976, 33.9, -125.2809) elapsed_ms=22580
SCRAPERX_UITEST_POSE stair_handle_ready tick=9616 position=(-17.49951, 33.9, -121.3958) elapsed_ms=24351
SCRAPERX_UITEST_POSE stair_released tick=9742 position=(-17.49951, 33.9, -122.0596) elapsed_ms=24659
SCRAPERX_UITEST_POSE stair_climb tick=11140 position=(-10.11189, 38.59866, -122.1001) elapsed_ms=27968
SCRAPERX_UITEST_POSE stair_exit_ready tick=12325 position=(-2.226857, 45.32489, -122.373) elapsed_ms=30675
SCRAPERX_UITEST_POSE stair_arrival tick=12495 position=(-2.095353, 44.9, -125.8287) elapsed_ms=31108
SCRAPERX_UITEST_POSE upper_handle_ready tick=13005 position=(4.011496, 44.9, -116.7864) elapsed_ms=32395
SCRAPERX_UITEST_POSE upper_lift_rising tick=13663 position=(4.011496, 54.50282, -117.5196) elapsed_ms=33980
SCRAPERX_UITEST_POSE upper_lift_seated tick=13935 position=(4.011483, 55.86002, -117.5196) elapsed_ms=34661
SCRAPERX_UITEST_POSE deck_55m tick=14295 position=(4.06061, 55.89998, -125.4258) elapsed_ms=35631
SCRAPERX_UITEST_POSE upper_duct_hang tick=14925 position=(1.445157, 59.15417, -122.5498) elapsed_ms=37140
SCRAPERX_UITEST_POSE upper_vent_climb tick=15168 position=(5.351088, 61.77796, -123.0046) elapsed_ms=37761
SCRAPERX_UITEST_POSE upper_arrival tick=15841 position=(5.424267, 66.9, -126.005) elapsed_ms=39356
SCRAPERX_UITEST_POSE teeter_entry tick=16527 position=(25.18834, 66.9, -138.9921) elapsed_ms=41117
SCRAPERX_UITEST_POSE teeter_ballast_near tick=16636 position=(27.77726, 66.76798, -139.4369) elapsed_ms=41397
SCRAPERX_UITEST_POSE teeter_ballast_far tick=16848 position=(31.91655, 66.98936, -139.45) elapsed_ms=41941
SCRAPERX_UITEST_POSE teeter_loaded tick=17254 position=(32.81894, 64.7173, -138.4068) elapsed_ms=42969
SCRAPERX_UITEST_POSE teeter_shelf tick=17586 position=(35.38306, 64.45, -139.3595) elapsed_ms=43682
SCRAPERX_UITEST_POSE teeter_climb tick=18214 position=(34.83587, 68.26325, -139.4343) elapsed_ms=45111
SCRAPERX_UITEST_POSE teeter_arrival tick=19695 position=(25.14017, 77.9, -140.7994) elapsed_ms=48560
SCRAPERX_UITEST_POSE braced_bay_preview tick=19906 position=(25.10034, 77.9, -131.0852) elapsed_ms=49031
SCRAPERX_UITEST_POSE braced_bay_entry tick=20049 position=(27.97079, 77.9, -131.0008) elapsed_ms=49335
SCRAPERX_UITEST_POSE braced_bay_transfer tick=20742 position=(28.89319, 82.9, -144.0648) elapsed_ms=50905
SCRAPERX_UITEST_POSE braced_bay_low_member tick=21489 position=(33.99978, 84.88374, -138.711) elapsed_ms=52653
SCRAPERX_UITEST_POSE braced_bay_upper_junction tick=21961 position=(33.99997, 87.9, -131.3792) elapsed_ms=53760
SCRAPERX_UITEST_POSE braced_bay_arrival tick=22642 position=(24.91901, 88.9, -131.9996) elapsed_ms=55490
SCRAPERX_UITEST_POSE north_frame_entry tick=23700 position=(16.00072, 88.9, -179.49) elapsed_ms=58161
SCRAPERX_UITEST_POSE north_frame_first_rest tick=24337 position=(16.00072, 94.9, -180.4725) elapsed_ms=59635
SCRAPERX_UITEST_POSE north_frame_99m tick=25168 position=(10.00001, 99.9, -174.5984) elapsed_ms=61446
SCRAPERX_UITEST_POSE north_frame_upper_rest tick=25908 position=(15.99993, 104.4, -180.4725) elapsed_ms=63199
SCRAPERX_UITEST_POSE north_frame_hang tick=26070 position=(14.38004, 105.4052, -180.5833) elapsed_ms=63573
SCRAPERX_UITEST_POSE north_frame_shimmy tick=26263 position=(14.44009, 104.8658, -181.8531) elapsed_ms=63995
SCRAPERX_UITEST_POSE north_frame_106m tick=26337 position=(13.56, 106.9, -181.8702) elapsed_ms=64154
SCRAPERX_UITEST_POSE north_frame_upper_exit tick=26817 position=(15.49895, 109.3998, -177.6222) elapsed_ms=65259
SCRAPERX_UITEST_POSE north_frame_110m tick=27079 position=(15.49997, 110.9, -174.5532) elapsed_ms=65847
SCRAPERX_CAMPAIGN north_frame_exit at=(15.49997, 110.9, -174.5532) support=11
SCRAPERX_UITEST_POSE swing_approach tick=27367 position=(10.00034, 110.9, -179.5715) elapsed_ms=66550
SCRAPERX_UITEST_POSE swing_launch_view tick=27822 position=(9.160801, 114.8992, -180.1104) elapsed_ms=67577
SCRAPERX_SWING_CATCH tick=27850 player=(9.160801, 114.8992, -180.1104) player_velocity=(0.0, 0.0, 0.0) grounded=true crouched=false traversal=0 view_yaw_rad=-0.000000 grip=false grip_point=(0.0, 0.0, 0.0) angle_z=-0.000698 origin=(6.000004, 124.0, -181.2) body_velocity=(-0.0, 0.0, 0.0) observed_rung_midpoint_velocity=(0.0, 0.0, 0.0) observed_angular_z=0.000000 nearest_rung=(6.844046, 115.4594, -181.2) hand_distance=2.419724 faced_depth=1.089600
SCRAPERX_SWING_CATCH tick=27852 player=(9.154041, 115.0187, -180.1128) player_velocity=(-0.377543, 5.282001, -0.13214) grounded=false crouched=false traversal=0 view_yaw_rad=-0.000000 grip=false grip_point=(0.0, 0.0, 0.0) angle_z=-0.000698 origin=(6.000004, 124.0, -181.2) body_velocity=(-0.0, 0.0, 0.0) observed_rung_midpoint_velocity=(0.0, 0.0, 0.0) observed_angular_z=0.000000 nearest_rung=(6.844046, 115.4594, -181.2) hand_distance=2.410071 faced_depth=1.087219
SCRAPERX_SWING_CATCH tick=27853 player=(9.148216, 115.0766, -180.1148) player_velocity=(-0.524366, 5.173002, -0.183528) grounded=false crouched=false traversal=0 view_yaw_rad=-0.000000 grip=false grip_point=(0.0, 0.0, 0.0) angle_z=-0.000698 origin=(6.000004, 124.0, -181.2) body_velocity=(-0.0, 0.0, 0.0) observed_rung_midpoint_velocity=(0.0, 0.0, 0.0) observed_angular_z=0.000000 nearest_rung=(6.844046, 115.4594, -181.2) hand_distance=2.404834 faced_depth=1.085205
SCRAPERX_SWING_CATCH tick=27855 player=(9.131668, 115.1889, -180.1206) player_velocity=(-0.818011, 4.955004, -0.286304) grounded=false crouched=false traversal=0 view_yaw_rad=-0.000000 grip=false grip_point=(0.0, 0.0, 0.0) angle_z=-0.000698 origin=(6.000004, 124.0, -181.2) body_velocity=(-0.0, 0.0, 0.0) observed_rung_midpoint_velocity=(0.0, 0.0, 0.0) observed_angular_z=0.000000 nearest_rung=(6.844297, 115.8194, -181.2) hand_distance=2.392963 faced_depth=1.079407
SCRAPERX_SWING_CATCH tick=27856 player=(9.120949, 115.2431, -180.1243) player_velocity=(-0.964833, 4.846004, -0.337692) grounded=false crouched=false traversal=0 view_yaw_rad=-0.000000 grip=false grip_point=(0.0, 0.0, 0.0) angle_z=-0.000698 origin=(6.000004, 124.0, -181.2) body_velocity=(-0.0, 0.0, 0.0) observed_rung_midpoint_velocity=(0.0, 0.0, 0.0) observed_angular_z=0.000000 nearest_rung=(6.844297, 115.8194, -181.2) hand_distance=2.378160 faced_depth=1.075684
SCRAPERX_SWING_CATCH tick=27858 player=(9.094612, 115.3481, -180.1335) player_velocity=(-1.258478, 4.628006, -0.440467) grounded=false crouched=false traversal=0 view_yaw_rad=-0.000000 grip=false grip_point=(0.0, 0.0, 0.0) angle_z=-0.000698 origin=(6.000004, 124.0, -181.2) body_velocity=(-0.0, 0.0, 0.0) observed_rung_midpoint_velocity=(0.0, 0.0, 0.0) observed_angular_z=0.000000 nearest_rung=(6.844297, 115.8194, -181.2) hand_distance=2.347032 faced_depth=1.066467
SCRAPERX_SWING_CATCH tick=27859 player=(9.078999, 115.3988, -180.139) player_velocity=(-1.4053, 4.519007, -0.491855) grounded=false crouched=false traversal=0 view_yaw_rad=-0.000000 grip=false grip_point=(0.0, 0.0, 0.0) angle_z=-0.000698 origin=(6.000004, 124.0, -181.2) body_velocity=(-0.0, 0.0, 0.0) observed_rung_midpoint_velocity=(0.0, 0.0, 0.0) observed_angular_z=0.000000 nearest_rung=(6.844297, 115.8194, -181.2) hand_distance=2.330589 faced_depth=1.060974
SCRAPERX_SWING_CATCH tick=27861 player=(9.042873, 115.4965, -180.1517) player_velocity=(-1.698945, 4.301008, -0.594631) grounded=false crouched=false traversal=0 view_yaw_rad=-0.000000 grip=false grip_point=(0.0, 0.0, 0.0) angle_z=-0.000698 origin=(6.000004, 124.0, -181.2) body_velocity=(-0.0, 0.0, 0.0) observed_rung_midpoint_velocity=(0.0, 0.0, 0.0) observed_angular_z=0.000000 nearest_rung=(6.844297, 115.8194, -181.2) hand_distance=2.295698 faced_depth=1.048340
SCRAPERX_SWING_CATCH tick=27862 player=(9.022366, 115.5435, -180.1589) player_velocity=(-1.845768, 4.192009, -0.646019) grounded=false crouched=false traversal=0 view_yaw_rad=-0.000000 grip=false grip_point=(0.0, 0.0, 0.0) angle_z=-0.000698 origin=(6.000004, 124.0, -181.2) body_velocity=(-0.0, 0.0, 0.0) observed_rung_midpoint_velocity=(0.0, 0.0, 0.0) observed_angular_z=0.000000 nearest_rung=(6.844297, 115.8194, -181.2) hand_distance=2.277137 faced_depth=1.041138
SCRAPERX_SWING_CATCH tick=27864 player=(8.976456, 115.6339, -180.1749) player_velocity=(-2.139412, 3.97401, -0.748794) grounded=false crouched=false traversal=0 view_yaw_rad=-0.000000 grip=false grip_point=(0.0, 0.0, 0.0) angle_z=-0.000698 origin=(6.000004, 124.0, -181.2) body_velocity=(-0.0, 0.0, 0.0) observed_rung_midpoint_velocity=(0.0, 0.0, 0.0) observed_angular_z=0.000000 nearest_rung=(6.844548, 116.1794, -181.2) hand_distance=2.223710 faced_depth=1.025085
SCRAPERX_SWING_CATCH tick=27865 player=(8.951054, 115.6773, -180.1838) player_velocity=(-2.286235, 3.86501, -0.800182) grounded=false crouched=false traversal=0 view_yaw_rad=-0.000000 grip=false grip_point=(0.0, 0.0, 0.0) angle_z=-0.000698 origin=(6.000004, 124.0, -181.2) body_velocity=(-0.0, 0.0, 0.0) observed_rung_midpoint_velocity=(0.0, 0.0, 0.0) observed_angular_z=0.000000 nearest_rung=(6.844548, 116.1794, -181.2) hand_distance=2.195395 faced_depth=1.016174
SCRAPERX_SWING_CATCH tick=27867 player=(8.895355, 115.7605, -180.2033) player_velocity=(-2.57988, 3.64701, -0.902958) grounded=false crouched=false traversal=0 view_yaw_rad=-0.000000 grip=false grip_point=(0.0, 0.0, 0.0) angle_z=-0.000698 origin=(6.000004, 124.0, -181.2) body_velocity=(-0.0, 0.0, 0.0) observed_rung_midpoint_velocity=(0.0, 0.0, 0.0) observed_angular_z=0.000000 nearest_rung=(6.844548, 116.1794, -181.2) hand_distance=2.136080 faced_depth=0.996704
SCRAPERX_SWING_CATCH tick=27868 player=(8.865059, 115.8003, -180.2139) player_velocity=(-2.726702, 3.538009, -0.954346) grounded=false crouched=false traversal=0 view_yaw_rad=-0.000000 grip=false grip_point=(0.0, 0.0, 0.0) angle_z=-0.000698 origin=(6.000004, 124.0, -181.2) body_velocity=(-0.0, 0.0, 0.0) observed_rung_midpoint_velocity=(0.0, 0.0, 0.0) observed_angular_z=0.000000 nearest_rung=(6.844548, 116.1794, -181.2) hand_distance=2.104990 faced_depth=0.986084
SCRAPERX_SWING_CATCH tick=27870 player=(8.799572, 115.8762, -180.2368) player_velocity=(-3.020347, 3.320009, -1.057122) grounded=false crouched=false traversal=0 view_yaw_rad=-0.000000 grip=false grip_point=(0.0, 0.0, 0.0) angle_z=-0.000698 origin=(6.000004, 124.0, -181.2) body_velocity=(-0.0, 0.0, 0.0) observed_rung_midpoint_velocity=(0.0, 0.0, 0.0) observed_angular_z=0.000000 nearest_rung=(6.844548, 116.1794, -181.2) hand_distance=2.039815 faced_depth=0.963196
SCRAPERX_SWING_CATCH tick=27871 player=(8.764381, 115.9123, -180.2491) player_velocity=(-3.16717, 3.211009, -1.108509) grounded=false crouched=false traversal=0 view_yaw_rad=-0.000000 grip=false grip_point=(0.0, 0.0, 0.0) angle_z=-0.000698 origin=(6.000004, 124.0, -181.2) body_velocity=(-0.0, 0.0, 0.0) observed_rung_midpoint_velocity=(0.0, 0.0, 0.0) observed_angular_z=0.000000 nearest_rung=(6.8448, 116.5394, -181.2) hand_distance=2.004902 faced_depth=0.950867
SCRAPERX_SWING_CATCH tick=27873 player=(8.689106, 115.9809, -180.2755) player_velocity=(-3.460814, 2.993008, -1.211285) grounded=false crouched=false traversal=0 view_yaw_rad=-0.000000 grip=false grip_point=(0.0, 0.0, 0.0) angle_z=-0.000698 origin=(6.000004, 124.0, -181.2) body_velocity=(-0.0, 0.0, 0.0) observed_rung_midpoint_velocity=(0.0, 0.0, 0.0) observed_angular_z=0.000000 nearest_rung=(6.8448, 116.5394, -181.2) hand_distance=1.920507 faced_depth=0.924500
SCRAPERX_SWING_CATCH tick=27874 player=(8.649021, 116.0134, -180.2895) player_velocity=(-3.607637, 2.884008, -1.262673) grounded=false crouched=false traversal=0 view_yaw_rad=-0.000000 grip=false grip_point=(0.0, 0.0, 0.0) angle_z=-0.000698 origin=(6.000004, 124.0, -181.2) body_velocity=(-0.0, 0.0, 0.0) observed_rung_midpoint_velocity=(0.0, 0.0, 0.0) observed_angular_z=0.000000 nearest_rung=(6.8448, 116.5394, -181.2) hand_distance=1.876585 faced_depth=0.910461
SCRAPERX_SWING_CATCH tick=27876 player=(8.563957, 116.0748, -180.3193) player_velocity=(-3.901282, 2.666008, -1.365449) grounded=false crouched=false traversal=0 view_yaw_rad=-0.000000 grip=false grip_point=(0.0, 0.0, 0.0) angle_z=-0.000698 origin=(6.000004, 124.0, -181.2) body_velocity=(-0.0, 0.0, 0.0) observed_rung_midpoint_velocity=(0.0, 0.0, 0.0) observed_angular_z=0.000000 nearest_rung=(6.8448, 116.5394, -181.2) hand_distance=1.785154 faced_depth=0.880676
SCRAPERX_SWING_CATCH tick=27877 player=(8.518978, 116.1037, -180.3351) player_velocity=(-4.048104, 2.557008, -1.416837) grounded=false crouched=false traversal=0 view_yaw_rad=-0.000000 grip=false grip_point=(0.0, 0.0, 0.0) angle_z=-0.000698 origin=(6.000004, 124.0, -181.2) body_velocity=(-0.0, 0.0, 0.0) observed_rung_midpoint_velocity=(0.0, 0.0, 0.0) observed_angular_z=0.000000 nearest_rung=(6.8448, 116.5394, -181.2) hand_distance=1.737596 faced_depth=0.864929
SCRAPERX_SWING_CATCH tick=27879 player=(8.424126, 116.1578, -180.3683) player_velocity=(-4.341749, 2.339007, -1.519613) grounded=false crouched=false traversal=0 view_yaw_rad=-0.000000 grip=false grip_point=(0.0, 0.0, 0.0) angle_z=-0.000698 origin=(6.000004, 124.0, -181.2) body_velocity=(-0.0, 0.0, 0.0) observed_rung_midpoint_velocity=(0.0, 0.0, 0.0) observed_angular_z=0.000000 nearest_rung=(6.8448, 116.5394, -181.2) hand_distance=1.638698 faced_depth=0.831726
SCRAPERX_SWING_CATCH tick=27880 player=(8.374252, 116.183, -180.3857) player_velocity=(-4.488572, 2.230007, -1.571) grounded=false crouched=false traversal=0 view_yaw_rad=-0.000000 grip=false grip_point=(0.0, 0.0, 0.0) angle_z=-0.000698 origin=(6.000004, 124.0, -181.2) body_velocity=(-0.0, 0.0, 0.0) observed_rung_midpoint_velocity=(0.0, 0.0, 0.0) observed_angular_z=0.000000 nearest_rung=(6.8448, 116.5394, -181.2) hand_distance=1.587326 faced_depth=0.814270
SCRAPERX_SWING_CATCH tick=27882 player=(8.269611, 116.2298, -180.4223) player_velocity=(-4.782217, 2.012007, -1.673776) grounded=false crouched=false traversal=0 view_yaw_rad=-0.000000 grip=false grip_point=(0.0, 0.0, 0.0) angle_z=-0.000698 origin=(6.000004, 124.0, -181.2) body_velocity=(-0.0, 0.0, 0.0) observed_rung_midpoint_velocity=(0.0, 0.0, 0.0) observed_angular_z=0.000000 nearest_rung=(6.8448, 116.5394, -181.2) hand_distance=1.480682 faced_depth=0.777649
SCRAPERX_SWING_CATCH tick=27883 player=(8.214844, 116.2514, -180.4415) player_velocity=(-4.929039, 1.903006, -1.725164) grounded=false crouched=false traversal=0 view_yaw_rad=-0.000000 grip=false grip_point=(0.0, 0.0, 0.0) angle_z=-0.000698 origin=(6.000004, 124.0, -181.2) body_velocity=(-0.0, 0.0, 0.0) observed_rung_midpoint_velocity=(0.0, 0.0, 0.0) observed_angular_z=0.000000 nearest_rung=(6.8448, 116.5394, -181.2) hand_distance=1.425404 faced_depth=0.758484
SCRAPERX_SWING_CATCH tick=27885 player=(8.100761, 116.291, -180.4814) player_velocity=(-5.191221, 1.685006, -1.816928) grounded=false crouched=false traversal=0 view_yaw_rad=-0.000000 grip=false grip_point=(0.0, 0.0, 0.0) angle_z=-0.000698 origin=(6.000004, 124.0, -181.2) body_velocity=(-0.0, 0.0, 0.0) observed_rung_midpoint_velocity=(0.0, 0.0, 0.0) observed_angular_z=0.000000 nearest_rung=(6.845051, 116.8994, -181.2) hand_distance=1.305147 faced_depth=0.718567
SCRAPERX_SWING_CATCH tick=27886 player=(8.043079, 116.3089, -180.5016) player_velocity=(-5.191221, 1.576006, -1.816928) grounded=false crouched=false traversal=0 view_yaw_rad=-0.000000 grip=false grip_point=(0.0, 0.0, 0.0) angle_z=-0.000698 origin=(6.000004, 124.0, -181.2) body_velocity=(-0.0, 0.0, 0.0) observed_rung_midpoint_velocity=(0.0, 0.0, 0.0) observed_angular_z=0.000000 nearest_rung=(6.845051, 116.8994, -181.2) hand_distance=1.242592 faced_depth=0.698364
SCRAPERX_SWING_CATCH tick=27888 player=(7.927718, 116.3412, -180.542) player_velocity=(-5.191221, 1.358005, -1.816928) grounded=false crouched=false traversal=0 view_yaw_rad=-0.000000 grip=false grip_point=(0.0, 0.0, 0.0) angle_z=-0.000698 origin=(6.000004, 124.0, -181.2) body_velocity=(-0.0, 0.0, 0.0) observed_rung_midpoint_velocity=(0.0, 0.0, 0.0) observed_angular_z=0.000000 nearest_rung=(6.845051, 116.8994, -181.2) hand_distance=1.118223 faced_depth=0.657959
SCRAPERX_SWING_CATCH tick=27889 player=(7.870038, 116.3556, -180.5622) player_velocity=(-5.191221, 1.249005, -1.816928) grounded=false crouched=false traversal=0 view_yaw_rad=-0.000000 grip=false grip_point=(0.0, 0.0, 0.0) angle_z=-0.000698 origin=(6.000004, 124.0, -181.2) body_velocity=(-0.0, 0.0, 0.0) observed_rung_midpoint_velocity=(0.0, 0.0, 0.0) observed_angular_z=0.000000 nearest_rung=(6.845051, 116.8994, -181.2) hand_distance=1.056380 faced_depth=0.637756
SCRAPERX_SWING_CATCH tick=27891 player=(7.754678, 116.3806, -180.6026) player_velocity=(-5.191221, 1.031005, -1.816928) grounded=false crouched=false traversal=0 view_yaw_rad=-0.000000 grip=false grip_point=(0.0, 0.0, 0.0) angle_z=-0.000698 origin=(6.000004, 124.0, -181.2) body_velocity=(-0.0, 0.0, 0.0) observed_rung_midpoint_velocity=(0.0, 0.0, 0.0) observed_angular_z=0.000000 nearest_rung=(6.845051, 116.8994, -181.2) hand_distance=0.933332 faced_depth=0.597351
SCRAPERX_SWING_CATCH tick=27892 player=(7.696998, 116.3913, -180.6228) player_velocity=(-5.191221, 0.922005, -1.816928) grounded=false crouched=false traversal=0 view_yaw_rad=-0.000000 grip=false grip_point=(0.0, 0.0, 0.0) angle_z=-0.000698 origin=(6.000004, 124.0, -181.2) body_velocity=(-0.0, 0.0, 0.0) observed_rung_midpoint_velocity=(0.0, 0.0, 0.0) observed_angular_z=0.000000 nearest_rung=(6.845051, 116.8994, -181.2) hand_distance=0.872110 faced_depth=0.577148
SCRAPERX_SWING_CATCH tick=27894 player=(7.581637, 116.4091, -180.6633) player_velocity=(-5.191221, 0.704005, -1.816928) grounded=false crouched=false traversal=0 view_yaw_rad=-0.000000 grip=false grip_point=(0.0, 0.0, 0.0) angle_z=-0.000698 origin=(6.000004, 124.0, -181.2) body_velocity=(-0.0, 0.0, 0.0) observed_rung_midpoint_velocity=(0.0, 0.0, 0.0) observed_angular_z=0.000000 nearest_rung=(6.845051, 116.8994, -181.2) hand_distance=0.750260 faced_depth=0.536743
SCRAPERX_SWING_CATCH tick=27895 player=(7.523957, 116.4161, -180.6835) player_velocity=(-5.191221, 0.595005, -1.816928) grounded=false crouched=false traversal=0 view_yaw_rad=-0.000000 grip=false grip_point=(0.0, 0.0, 0.0) angle_z=-0.000698 origin=(6.000004, 124.0, -181.2) body_velocity=(-0.0, 0.0, 0.0) observed_rung_midpoint_velocity=(0.0, 0.0, 0.0) observed_angular_z=0.000000 nearest_rung=(6.845051, 116.8994, -181.2) hand_distance=0.689642 faced_depth=0.516541
SCRAPERX_SWING_CATCH tick=27897 player=(7.408597, 116.4266, -180.7239) player_velocity=(-5.191221, 0.377005, -1.816928) grounded=false crouched=false traversal=0 view_yaw_rad=-0.000000 grip=false grip_point=(0.0, 0.0, 0.0) angle_z=-0.000698 origin=(6.000004, 124.0, -181.2) body_velocity=(-0.0, 0.0, 0.0) observed_rung_midpoint_velocity=(0.0, 0.0, 0.0) observed_angular_z=0.000000 nearest_rung=(6.845051, 116.8994, -181.2) hand_distance=0.569124 faced_depth=0.476135
SCRAPERX_SWING_CATCH tick=27898 player=(7.350917, 116.4301, -180.7441) player_velocity=(-5.191221, 0.268005, -1.816928) grounded=false crouched=false traversal=0 view_yaw_rad=-0.000000 grip=false grip_point=(0.0, 0.0, 0.0) angle_z=-0.000698 origin=(6.000004, 124.0, -181.2) body_velocity=(-0.0, 0.0, 0.0) observed_rung_midpoint_velocity=(0.0, 0.0, 0.0) observed_angular_z=0.000000 nearest_rung=(6.845051, 116.8994, -181.2) hand_distance=0.509318 faced_depth=0.455933
SCRAPERX_SWING_CATCH tick=27900 player=(7.235557, 116.4333, -180.7845) player_velocity=(-5.191221, 0.050005, -1.816928) grounded=false crouched=false traversal=0 view_yaw_rad=-0.000000 grip=false grip_point=(0.0, 0.0, 0.0) angle_z=-0.000698 origin=(6.000004, 124.0, -181.2) body_velocity=(-0.0, 0.0, 0.0) observed_rung_midpoint_velocity=(0.0, 0.0, 0.0) observed_angular_z=0.000000 nearest_rung=(6.845051, 116.8994, -181.2) hand_distance=0.391148 faced_depth=0.415527
SCRAPERX_SWING_CATCH tick=27901 player=(7.177876, 116.4331, -180.8047) player_velocity=(-5.191221, -0.058995, -1.816928) grounded=false crouched=false traversal=0 view_yaw_rad=-0.000000 grip=false grip_point=(0.0, 0.0, 0.0) angle_z=-0.000698 origin=(6.000004, 124.0, -181.2) body_velocity=(-0.0, 0.0, 0.0) observed_rung_midpoint_velocity=(0.0, 0.0, 0.0) observed_angular_z=0.000000 nearest_rung=(6.845051, 116.8994, -181.2) hand_distance=0.333260 faced_depth=0.395325
SCRAPERX_SWING_CATCH tick=27903 player=(7.092893, 116.4291, -180.7941) player_velocity=(-3.332539, -0.269139, 1.11943) grounded=false crouched=false traversal=4 view_yaw_rad=-0.000000 grip=false grip_point=(0.0, 0.0, 0.0) angle_z=-0.002003 origin=(6.0, 124.0, -181.2) body_velocity=(-0.374312, 0.000666, 0.0) observed_rung_midpoint_velocity=(-0.459623, 0.000343, 0.0) observed_angular_z=-0.058746 nearest_rung=(6.835776, 116.8983, -181.2) hand_distance=0.257905 faced_depth=0.405930
SCRAPERX_UITEST_POSE swing_caught tick=27949 position=(6.530326, 116.312, -180.8175) elapsed_ms=67852
SCRAPERX_SWING_RELEASE_START player=(6.481906, 119.8107, -180.77) normal=(0.0, 0.0, -1.0) loaded_span=0.151717
SCRAPERX_SWING_RELEASE_PHASE tick=28471 player=(6.481906, 119.8107, -180.77) velocity=(0.328803, -0.03131, 0.0) angle=-0.094740 normal=(0.0, 0.0, -1.0) support=2960
SCRAPERX_UITEST_POSE swing_release_height tick=28471 position=(6.481906, 119.8107, -180.77) elapsed_ms=69091
SCRAPERX_UITEST_POSE swing_landing tick=28641 position=(10.31293, 119.9, -178.6885) elapsed_ms=69479
SCRAPERX_UITEST_POSE swing_tower_exit tick=28909 position=(9.002252, 121.9, -174.5659) elapsed_ms=70106
SCRAPERX_UITEST PASS touch_campaign_to_121 staging=ordinary_grade_spawn cargo_net=1 upper_route=1 loaded_swing=1 supported_height_m=121 support=11 deaths=0 slingshot_work_j=0 world=slingshot
