Godot Engine v4.7.stable.official.5b4e0cb0f - https://godotengine.org

SCRAPERX_EXTENSION_LOADED api=4.7 authority=scraperx_sim scene=pipe_bridge_fixture
SCRAPERX_VIEWPORT size=2160x2160 aspect=1.000 fov=82.0 far=2000
NEUTRAL_SETUP connected_pads=[] active_pad=-1 axes=[0.0, 0.0, 0.0, 0.0, 0.0, 0.0] ci_mode=false
NEUTRAL_COMMAND phase=baseline_neutral tick=4 touch=(0.0, 0.0) router_move=(0.0, 0.0) native_x=0.00000000000000000 native_z=-0.00000000000000000 exact_zero=true active_pad=-1 axes=[0.0, 0.0, 0.0, 0.0, 0.0, 0.0] stick_index=-1
NEUTRAL_COMMAND phase=baseline_neutral tick=6 touch=(0.0, 0.0) router_move=(0.0, 0.0) native_x=0.00000000000000000 native_z=-0.00000000000000000 exact_zero=true active_pad=-1 axes=[0.0, 0.0, 0.0, 0.0, 0.0, 0.0] stick_index=-1
SCRAPERX_AUDIO_BANK clips=28 msec=481 driver=Dummy
NEUTRAL_COMMAND phase=baseline_neutral tick=7 touch=(0.0, 0.0) router_move=(0.0, 0.0) native_x=0.00000000000000000 native_z=-0.00000000000000000 exact_zero=true active_pad=-1 axes=[0.0, 0.0, 0.0, 0.0, 0.0, 0.0] stick_index=-1
NEUTRAL_COMMAND phase=baseline_neutral tick=9 touch=(0.0, 0.0) router_move=(0.0, 0.0) native_x=0.00000000000000000 native_z=-0.00000000000000000 exact_zero=true active_pad=-1 axes=[0.0, 0.0, 0.0, 0.0, 0.0, 0.0] stick_index=-1
NEUTRAL_COMMAND phase=baseline_neutral tick=10 touch=(0.0, 0.0) router_move=(0.0, 0.0) native_x=0.00000000000000000 native_z=-0.00000000000000000 exact_zero=true active_pad=-1 axes=[0.0, 0.0, 0.0, 0.0, 0.0, 0.0] stick_index=-1
NEUTRAL_COMMAND phase=release_move tick=12 touch=(0.555555, 0.0) router_move=(0.555555, 0.0) native_x=0.55555546283721924 native_z=-0.00000000000000000 exact_zero=false active_pad=-1 axes=[0.0, 0.0, 0.0, 0.0, 0.0, 0.0] stick_index=0
NEUTRAL_COMMAND phase=release_move tick=13 touch=(0.555555, 0.0) router_move=(0.555555, 0.0) native_x=0.55555546283721924 native_z=-0.00000000000000000 exact_zero=false active_pad=-1 axes=[0.0, 0.0, 0.0, 0.0, 0.0, 0.0] stick_index=0
NEUTRAL_COMMAND phase=release_move tick=15 touch=(0.555555, 0.0) router_move=(0.555555, 0.0) native_x=0.55555546283721924 native_z=-0.00000000000000000 exact_zero=false active_pad=-1 axes=[0.0, 0.0, 0.0, 0.0, 0.0, 0.0] stick_index=0
NEUTRAL_COMMAND phase=release_move tick=16 touch=(0.555555, 0.0) router_move=(0.555555, 0.0) native_x=0.55555546283721924 native_z=-0.00000000000000000 exact_zero=false active_pad=-1 axes=[0.0, 0.0, 0.0, 0.0, 0.0, 0.0] stick_index=0
NEUTRAL_COMMAND phase=release_move tick=18 touch=(0.555555, 0.0) router_move=(0.555555, 0.0) native_x=0.55555546283721924 native_z=-0.00000000000000000 exact_zero=false active_pad=-1 axes=[0.0, 0.0, 0.0, 0.0, 0.0, 0.0] stick_index=0
NEUTRAL_COMMAND phase=release_move tick=19 touch=(0.555555, 0.0) router_move=(0.555555, 0.0) native_x=0.55555546283721924 native_z=-0.00000000000000000 exact_zero=false active_pad=-1 axes=[0.0, 0.0, 0.0, 0.0, 0.0, 0.0] stick_index=0
NEUTRAL_COMMAND phase=release_move tick=21 touch=(0.555555, 0.0) router_move=(0.555555, 0.0) native_x=0.55555546283721924 native_z=-0.00000000000000000 exact_zero=false active_pad=-1 axes=[0.0, 0.0, 0.0, 0.0, 0.0, 0.0] stick_index=0
NEUTRAL_COMMAND phase=release_move tick=22 touch=(0.555555, 0.0) router_move=(0.555555, 0.0) native_x=0.55555546283721924 native_z=-0.00000000000000000 exact_zero=false active_pad=-1 axes=[0.0, 0.0, 0.0, 0.0, 0.0, 0.0] stick_index=0
NEUTRAL_COMMAND phase=release_move tick=24 touch=(0.555555, 0.0) router_move=(0.555555, 0.0) native_x=0.55555546283721924 native_z=-0.00000000000000000 exact_zero=false active_pad=-1 axes=[0.0, 0.0, 0.0, 0.0, 0.0, 0.0] stick_index=0
NEUTRAL_COMMAND phase=release_move tick=25 touch=(0.555555, 0.0) router_move=(0.555555, 0.0) native_x=0.55555546283721924 native_z=-0.00000000000000000 exact_zero=false active_pad=-1 axes=[0.0, 0.0, 0.0, 0.0, 0.0, 0.0] stick_index=0
NEUTRAL_COMMAND phase=release_move tick=27 touch=(0.555555, 0.0) router_move=(0.555555, 0.0) native_x=0.55555546283721924 native_z=-0.00000000000000000 exact_zero=false active_pad=-1 axes=[0.0, 0.0, 0.0, 0.0, 0.0, 0.0] stick_index=0
NEUTRAL_COMMAND phase=release_move tick=28 touch=(0.555555, 0.0) router_move=(0.555555, 0.0) native_x=0.55555546283721924 native_z=-0.00000000000000000 exact_zero=false active_pad=-1 axes=[0.0, 0.0, 0.0, 0.0, 0.0, 0.0] stick_index=0
NEUTRAL_RELEASE kind=release pressed=false canceled=false immediate_touch=(0.0, 0.0) stick_index=-1
NEUTRAL_COMMAND phase=release_neutral tick=30 touch=(0.0, 0.0) router_move=(0.0, 0.0) native_x=0.00000000000000000 native_z=-0.00000000000000000 exact_zero=true active_pad=-1 axes=[0.0, 0.0, 0.0, 0.0, 0.0, 0.0] stick_index=-1
NEUTRAL_COMMAND phase=release_neutral tick=31 touch=(0.0, 0.0) router_move=(0.0, 0.0) native_x=0.00000000000000000 native_z=-0.00000000000000000 exact_zero=true active_pad=-1 axes=[0.0, 0.0, 0.0, 0.0, 0.0, 0.0] stick_index=-1
NEUTRAL_COMMAND phase=release_neutral tick=33 touch=(0.0, 0.0) router_move=(0.0, 0.0) native_x=0.00000000000000000 native_z=-0.00000000000000000 exact_zero=true active_pad=-1 axes=[0.0, 0.0, 0.0, 0.0, 0.0, 0.0] stick_index=-1
NEUTRAL_COMMAND phase=release_neutral tick=34 touch=(0.0, 0.0) router_move=(0.0, 0.0) native_x=0.00000000000000000 native_z=-0.00000000000000000 exact_zero=true active_pad=-1 axes=[0.0, 0.0, 0.0, 0.0, 0.0, 0.0] stick_index=-1
NEUTRAL_COMMAND phase=release_neutral tick=36 touch=(0.0, 0.0) router_move=(0.0, 0.0) native_x=0.00000000000000000 native_z=-0.00000000000000000 exact_zero=true active_pad=-1 axes=[0.0, 0.0, 0.0, 0.0, 0.0, 0.0] stick_index=-1
NEUTRAL_COMMAND phase=release_neutral tick=37 touch=(0.0, 0.0) router_move=(0.0, 0.0) native_x=0.00000000000000000 native_z=-0.00000000000000000 exact_zero=true active_pad=-1 axes=[0.0, 0.0, 0.0, 0.0, 0.0, 0.0] stick_index=-1
NEUTRAL_COMMAND phase=release_neutral tick=39 touch=(0.0, 0.0) router_move=(0.0, 0.0) native_x=0.00000000000000000 native_z=-0.00000000000000000 exact_zero=true active_pad=-1 axes=[0.0, 0.0, 0.0, 0.0, 0.0, 0.0] stick_index=-1
NEUTRAL_COMMAND phase=release_neutral tick=40 touch=(0.0, 0.0) router_move=(0.0, 0.0) native_x=0.00000000000000000 native_z=-0.00000000000000000 exact_zero=true active_pad=-1 axes=[0.0, 0.0, 0.0, 0.0, 0.0, 0.0] stick_index=-1
NEUTRAL_COMMAND phase=release_neutral tick=42 touch=(0.0, 0.0) router_move=(0.0, 0.0) native_x=0.00000000000000000 native_z=-0.00000000000000000 exact_zero=true active_pad=-1 axes=[0.0, 0.0, 0.0, 0.0, 0.0, 0.0] stick_index=-1
NEUTRAL_COMMAND phase=release_neutral tick=43 touch=(0.0, 0.0) router_move=(0.0, 0.0) native_x=0.00000000000000000 native_z=-0.00000000000000000 exact_zero=true active_pad=-1 axes=[0.0, 0.0, 0.0, 0.0, 0.0, 0.0] stick_index=-1
NEUTRAL_COMMAND phase=release_neutral tick=45 touch=(0.0, 0.0) router_move=(0.0, 0.0) native_x=0.00000000000000000 native_z=-0.00000000000000000 exact_zero=true active_pad=-1 axes=[0.0, 0.0, 0.0, 0.0, 0.0, 0.0] stick_index=-1
NEUTRAL_COMMAND phase=release_neutral tick=46 touch=(0.0, 0.0) router_move=(0.0, 0.0) native_x=0.00000000000000000 native_z=-0.00000000000000000 exact_zero=true active_pad=-1 axes=[0.0, 0.0, 0.0, 0.0, 0.0, 0.0] stick_index=-1
NEUTRAL_COMMAND phase=release_neutral tick=48 touch=(0.0, 0.0) router_move=(0.0, 0.0) native_x=0.00000000000000000 native_z=-0.00000000000000000 exact_zero=true active_pad=-1 axes=[0.0, 0.0, 0.0, 0.0, 0.0, 0.0] stick_index=-1
NEUTRAL_COMMAND phase=release_neutral tick=49 touch=(0.0, 0.0) router_move=(0.0, 0.0) native_x=0.00000000000000000 native_z=-0.00000000000000000 exact_zero=true active_pad=-1 axes=[0.0, 0.0, 0.0, 0.0, 0.0, 0.0] stick_index=-1
NEUTRAL_COMMAND phase=release_neutral tick=51 touch=(0.0, 0.0) router_move=(0.0, 0.0) native_x=0.00000000000000000 native_z=-0.00000000000000000 exact_zero=true active_pad=-1 axes=[0.0, 0.0, 0.0, 0.0, 0.0, 0.0] stick_index=-1
NEUTRAL_COMMAND phase=release_neutral tick=52 touch=(0.0, 0.0) router_move=(0.0, 0.0) native_x=0.00000000000000000 native_z=-0.00000000000000000 exact_zero=true active_pad=-1 axes=[0.0, 0.0, 0.0, 0.0, 0.0, 0.0] stick_index=-1
NEUTRAL_COMMAND phase=release_neutral tick=54 touch=(0.0, 0.0) router_move=(0.0, 0.0) native_x=0.00000000000000000 native_z=-0.00000000000000000 exact_zero=true active_pad=-1 axes=[0.0, 0.0, 0.0, 0.0, 0.0, 0.0] stick_index=-1
NEUTRAL_COMMAND phase=release_neutral tick=55 touch=(0.0, 0.0) router_move=(0.0, 0.0) native_x=0.00000000000000000 native_z=-0.00000000000000000 exact_zero=true active_pad=-1 axes=[0.0, 0.0, 0.0, 0.0, 0.0, 0.0] stick_index=-1
NEUTRAL_COMMAND phase=release_neutral tick=57 touch=(0.0, 0.0) router_move=(0.0, 0.0) native_x=0.00000000000000000 native_z=-0.00000000000000000 exact_zero=true active_pad=-1 axes=[0.0, 0.0, 0.0, 0.0, 0.0, 0.0] stick_index=-1
NEUTRAL_COMMAND phase=release_neutral tick=58 touch=(0.0, 0.0) router_move=(0.0, 0.0) native_x=0.00000000000000000 native_z=-0.00000000000000000 exact_zero=true active_pad=-1 axes=[0.0, 0.0, 0.0, 0.0, 0.0, 0.0] stick_index=-1
NEUTRAL_COMMAND phase=release_neutral tick=60 touch=(0.0, 0.0) router_move=(0.0, 0.0) native_x=0.00000000000000000 native_z=-0.00000000000000000 exact_zero=true active_pad=-1 axes=[0.0, 0.0, 0.0, 0.0, 0.0, 0.0] stick_index=-1
NEUTRAL_COMMAND phase=release_neutral tick=61 touch=(0.0, 0.0) router_move=(0.0, 0.0) native_x=0.00000000000000000 native_z=-0.00000000000000000 exact_zero=true active_pad=-1 axes=[0.0, 0.0, 0.0, 0.0, 0.0, 0.0] stick_index=-1
NEUTRAL_COMMAND phase=release_neutral tick=63 touch=(0.0, 0.0) router_move=(0.0, 0.0) native_x=0.00000000000000000 native_z=-0.00000000000000000 exact_zero=true active_pad=-1 axes=[0.0, 0.0, 0.0, 0.0, 0.0, 0.0] stick_index=-1
NEUTRAL_COMMAND phase=release_neutral tick=64 touch=(0.0, 0.0) router_move=(0.0, 0.0) native_x=0.00000000000000000 native_z=-0.00000000000000000 exact_zero=true active_pad=-1 axes=[0.0, 0.0, 0.0, 0.0, 0.0, 0.0] stick_index=-1
NEUTRAL_COMMAND phase=release_neutral tick=66 touch=(0.0, 0.0) router_move=(0.0, 0.0) native_x=0.00000000000000000 native_z=-0.00000000000000000 exact_zero=true active_pad=-1 axes=[0.0, 0.0, 0.0, 0.0, 0.0, 0.0] stick_index=-1
NEUTRAL_COMMAND phase=release_neutral tick=67 touch=(0.0, 0.0) router_move=(0.0, 0.0) native_x=0.00000000000000000 native_z=-0.00000000000000000 exact_zero=true active_pad=-1 axes=[0.0, 0.0, 0.0, 0.0, 0.0, 0.0] stick_index=-1
NEUTRAL_COMMAND phase=release_neutral tick=69 touch=(0.0, 0.0) router_move=(0.0, 0.0) native_x=0.00000000000000000 native_z=-0.00000000000000000 exact_zero=true active_pad=-1 axes=[0.0, 0.0, 0.0, 0.0, 0.0, 0.0] stick_index=-1
NEUTRAL_COMMAND phase=release_neutral tick=70 touch=(0.0, 0.0) router_move=(0.0, 0.0) native_x=0.00000000000000000 native_z=-0.00000000000000000 exact_zero=true active_pad=-1 axes=[0.0, 0.0, 0.0, 0.0, 0.0, 0.0] stick_index=-1
NEUTRAL_COMMAND phase=release_neutral tick=72 touch=(0.0, 0.0) router_move=(0.0, 0.0) native_x=0.00000000000000000 native_z=-0.00000000000000000 exact_zero=true active_pad=-1 axes=[0.0, 0.0, 0.0, 0.0, 0.0, 0.0] stick_index=-1
NEUTRAL_COMMAND phase=release_neutral tick=73 touch=(0.0, 0.0) router_move=(0.0, 0.0) native_x=0.00000000000000000 native_z=-0.00000000000000000 exact_zero=true active_pad=-1 axes=[0.0, 0.0, 0.0, 0.0, 0.0, 0.0] stick_index=-1
NEUTRAL_COMMAND phase=release_neutral tick=75 touch=(0.0, 0.0) router_move=(0.0, 0.0) native_x=0.00000000000000000 native_z=-0.00000000000000000 exact_zero=true active_pad=-1 axes=[0.0, 0.0, 0.0, 0.0, 0.0, 0.0] stick_index=-1
NEUTRAL_COMMAND phase=release_neutral tick=76 touch=(0.0, 0.0) router_move=(0.0, 0.0) native_x=0.00000000000000000 native_z=-0.00000000000000000 exact_zero=true active_pad=-1 axes=[0.0, 0.0, 0.0, 0.0, 0.0, 0.0] stick_index=-1
NEUTRAL_COMMAND phase=release_neutral tick=78 touch=(0.0, 0.0) router_move=(0.0, 0.0) native_x=0.00000000000000000 native_z=-0.00000000000000000 exact_zero=true active_pad=-1 axes=[0.0, 0.0, 0.0, 0.0, 0.0, 0.0] stick_index=-1
NEUTRAL_COMMAND phase=release_neutral tick=79 touch=(0.0, 0.0) router_move=(0.0, 0.0) native_x=0.00000000000000000 native_z=-0.00000000000000000 exact_zero=true active_pad=-1 axes=[0.0, 0.0, 0.0, 0.0, 0.0, 0.0] stick_index=-1
NEUTRAL_COMMAND phase=release_neutral tick=81 touch=(0.0, 0.0) router_move=(0.0, 0.0) native_x=0.00000000000000000 native_z=-0.00000000000000000 exact_zero=true active_pad=-1 axes=[0.0, 0.0, 0.0, 0.0, 0.0, 0.0] stick_index=-1
NEUTRAL_COMMAND phase=release_neutral tick=82 touch=(0.0, 0.0) router_move=(0.0, 0.0) native_x=0.00000000000000000 native_z=-0.00000000000000000 exact_zero=true active_pad=-1 axes=[0.0, 0.0, 0.0, 0.0, 0.0, 0.0] stick_index=-1
NEUTRAL_COMMAND phase=release_neutral tick=84 touch=(0.0, 0.0) router_move=(0.0, 0.0) native_x=0.00000000000000000 native_z=-0.00000000000000000 exact_zero=true active_pad=-1 axes=[0.0, 0.0, 0.0, 0.0, 0.0, 0.0] stick_index=-1
NEUTRAL_COMMAND phase=release_neutral tick=85 touch=(0.0, 0.0) router_move=(0.0, 0.0) native_x=0.00000000000000000 native_z=-0.00000000000000000 exact_zero=true active_pad=-1 axes=[0.0, 0.0, 0.0, 0.0, 0.0, 0.0] stick_index=-1
NEUTRAL_COMMAND phase=release_neutral tick=87 touch=(0.0, 0.0) router_move=(0.0, 0.0) native_x=0.00000000000000000 native_z=-0.00000000000000000 exact_zero=true active_pad=-1 axes=[0.0, 0.0, 0.0, 0.0, 0.0, 0.0] stick_index=-1
NEUTRAL_COMMAND phase=release_neutral tick=88 touch=(0.0, 0.0) router_move=(0.0, 0.0) native_x=0.00000000000000000 native_z=-0.00000000000000000 exact_zero=true active_pad=-1 axes=[0.0, 0.0, 0.0, 0.0, 0.0, 0.0] stick_index=-1
NEUTRAL_COMMAND phase=release_neutral tick=90 touch=(0.0, 0.0) router_move=(0.0, 0.0) native_x=0.00000000000000000 native_z=-0.00000000000000000 exact_zero=true active_pad=-1 axes=[0.0, 0.0, 0.0, 0.0, 0.0, 0.0] stick_index=-1
NEUTRAL_COMMAND phase=release_neutral tick=91 touch=(0.0, 0.0) router_move=(0.0, 0.0) native_x=0.00000000000000000 native_z=-0.00000000000000000 exact_zero=true active_pad=-1 axes=[0.0, 0.0, 0.0, 0.0, 0.0, 0.0] stick_index=-1
NEUTRAL_COMMAND phase=release_neutral tick=93 touch=(0.0, 0.0) router_move=(0.0, 0.0) native_x=0.00000000000000000 native_z=-0.00000000000000000 exact_zero=true active_pad=-1 axes=[0.0, 0.0, 0.0, 0.0, 0.0, 0.0] stick_index=-1
NEUTRAL_COMMAND phase=release_neutral tick=94 touch=(0.0, 0.0) router_move=(0.0, 0.0) native_x=0.00000000000000000 native_z=-0.00000000000000000 exact_zero=true active_pad=-1 axes=[0.0, 0.0, 0.0, 0.0, 0.0, 0.0] stick_index=-1
NEUTRAL_COMMAND phase=release_neutral tick=96 touch=(0.0, 0.0) router_move=(0.0, 0.0) native_x=0.00000000000000000 native_z=-0.00000000000000000 exact_zero=true active_pad=-1 axes=[0.0, 0.0, 0.0, 0.0, 0.0, 0.0] stick_index=-1
NEUTRAL_COMMAND phase=release_neutral tick=97 touch=(0.0, 0.0) router_move=(0.0, 0.0) native_x=0.00000000000000000 native_z=-0.00000000000000000 exact_zero=true active_pad=-1 axes=[0.0, 0.0, 0.0, 0.0, 0.0, 0.0] stick_index=-1
NEUTRAL_COMMAND phase=release_neutral tick=99 touch=(0.0, 0.0) router_move=(0.0, 0.0) native_x=0.00000000000000000 native_z=-0.00000000000000000 exact_zero=true active_pad=-1 axes=[0.0, 0.0, 0.0, 0.0, 0.0, 0.0] stick_index=-1
NEUTRAL_COMMAND phase=release_neutral tick=100 touch=(0.0, 0.0) router_move=(0.0, 0.0) native_x=0.00000000000000000 native_z=-0.00000000000000000 exact_zero=true active_pad=-1 axes=[0.0, 0.0, 0.0, 0.0, 0.0, 0.0] stick_index=-1
NEUTRAL_COMMAND phase=release_neutral tick=102 touch=(0.0, 0.0) router_move=(0.0, 0.0) native_x=0.00000000000000000 native_z=-0.00000000000000000 exact_zero=true active_pad=-1 axes=[0.0, 0.0, 0.0, 0.0, 0.0, 0.0] stick_index=-1
NEUTRAL_COMMAND phase=release_neutral tick=103 touch=(0.0, 0.0) router_move=(0.0, 0.0) native_x=0.00000000000000000 native_z=-0.00000000000000000 exact_zero=true active_pad=-1 axes=[0.0, 0.0, 0.0, 0.0, 0.0, 0.0] stick_index=-1
NEUTRAL_COMMAND phase=release_neutral tick=105 touch=(0.0, 0.0) router_move=(0.0, 0.0) native_x=0.00000000000000000 native_z=-0.00000000000000000 exact_zero=true active_pad=-1 axes=[0.0, 0.0, 0.0, 0.0, 0.0, 0.0] stick_index=-1
NEUTRAL_COMMAND phase=release_neutral tick=106 touch=(0.0, 0.0) router_move=(0.0, 0.0) native_x=0.00000000000000000 native_z=-0.00000000000000000 exact_zero=true active_pad=-1 axes=[0.0, 0.0, 0.0, 0.0, 0.0, 0.0] stick_index=-1
NEUTRAL_COMMAND phase=release_neutral tick=108 touch=(0.0, 0.0) router_move=(0.0, 0.0) native_x=0.00000000000000000 native_z=-0.00000000000000000 exact_zero=true active_pad=-1 axes=[0.0, 0.0, 0.0, 0.0, 0.0, 0.0] stick_index=-1
NEUTRAL_COMMAND phase=release_neutral tick=109 touch=(0.0, 0.0) router_move=(0.0, 0.0) native_x=0.00000000000000000 native_z=-0.00000000000000000 exact_zero=true active_pad=-1 axes=[0.0, 0.0, 0.0, 0.0, 0.0, 0.0] stick_index=-1
NEUTRAL_COMMAND phase=release_neutral tick=111 touch=(0.0, 0.0) router_move=(0.0, 0.0) native_x=0.00000000000000000 native_z=-0.00000000000000000 exact_zero=true active_pad=-1 axes=[0.0, 0.0, 0.0, 0.0, 0.0, 0.0] stick_index=-1
NEUTRAL_COMMAND phase=release_neutral tick=112 touch=(0.0, 0.0) router_move=(0.0, 0.0) native_x=0.00000000000000000 native_z=-0.00000000000000000 exact_zero=true active_pad=-1 axes=[0.0, 0.0, 0.0, 0.0, 0.0, 0.0] stick_index=-1
NEUTRAL_COMMAND phase=release_neutral tick=114 touch=(0.0, 0.0) router_move=(0.0, 0.0) native_x=0.00000000000000000 native_z=-0.00000000000000000 exact_zero=true active_pad=-1 axes=[0.0, 0.0, 0.0, 0.0, 0.0, 0.0] stick_index=-1
NEUTRAL_COMMAND phase=release_neutral tick=115 touch=(0.0, 0.0) router_move=(0.0, 0.0) native_x=0.00000000000000000 native_z=-0.00000000000000000 exact_zero=true active_pad=-1 axes=[0.0, 0.0, 0.0, 0.0, 0.0, 0.0] stick_index=-1
NEUTRAL_COMMAND phase=release_neutral tick=117 touch=(0.0, 0.0) router_move=(0.0, 0.0) native_x=0.00000000000000000 native_z=-0.00000000000000000 exact_zero=true active_pad=-1 axes=[0.0, 0.0, 0.0, 0.0, 0.0, 0.0] stick_index=-1
NEUTRAL_COMMAND phase=release_neutral tick=118 touch=(0.0, 0.0) router_move=(0.0, 0.0) native_x=0.00000000000000000 native_z=-0.00000000000000000 exact_zero=true active_pad=-1 axes=[0.0, 0.0, 0.0, 0.0, 0.0, 0.0] stick_index=-1
NEUTRAL_COMMAND phase=release_neutral tick=120 touch=(0.0, 0.0) router_move=(0.0, 0.0) native_x=0.00000000000000000 native_z=-0.00000000000000000 exact_zero=true active_pad=-1 axes=[0.0, 0.0, 0.0, 0.0, 0.0, 0.0] stick_index=-1
NEUTRAL_COMMAND phase=release_neutral tick=121 touch=(0.0, 0.0) router_move=(0.0, 0.0) native_x=0.00000000000000000 native_z=-0.00000000000000000 exact_zero=true active_pad=-1 axes=[0.0, 0.0, 0.0, 0.0, 0.0, 0.0] stick_index=-1
NEUTRAL_COMMAND phase=release_neutral tick=123 touch=(0.0, 0.0) router_move=(0.0, 0.0) native_x=0.00000000000000000 native_z=-0.00000000000000000 exact_zero=true active_pad=-1 axes=[0.0, 0.0, 0.0, 0.0, 0.0, 0.0] stick_index=-1
NEUTRAL_COMMAND phase=release_neutral tick=124 touch=(0.0, 0.0) router_move=(0.0, 0.0) native_x=0.00000000000000000 native_z=-0.00000000000000000 exact_zero=true active_pad=-1 axes=[0.0, 0.0, 0.0, 0.0, 0.0, 0.0] stick_index=-1
NEUTRAL_COMMAND phase=release_neutral tick=126 touch=(0.0, 0.0) router_move=(0.0, 0.0) native_x=0.00000000000000000 native_z=-0.00000000000000000 exact_zero=true active_pad=-1 axes=[0.0, 0.0, 0.0, 0.0, 0.0, 0.0] stick_index=-1
NEUTRAL_COMMAND phase=release_neutral tick=127 touch=(0.0, 0.0) router_move=(0.0, 0.0) native_x=0.00000000000000000 native_z=-0.00000000000000000 exact_zero=true active_pad=-1 axes=[0.0, 0.0, 0.0, 0.0, 0.0, 0.0] stick_index=-1
NEUTRAL_COMMAND phase=release_neutral tick=129 touch=(0.0, 0.0) router_move=(0.0, 0.0) native_x=0.00000000000000000 native_z=-0.00000000000000000 exact_zero=true active_pad=-1 axes=[0.0, 0.0, 0.0, 0.0, 0.0, 0.0] stick_index=-1
NEUTRAL_COMMAND phase=release_neutral tick=130 touch=(0.0, 0.0) router_move=(0.0, 0.0) native_x=0.00000000000000000 native_z=-0.00000000000000000 exact_zero=true active_pad=-1 axes=[0.0, 0.0, 0.0, 0.0, 0.0, 0.0] stick_index=-1
NEUTRAL_COMMAND phase=release_neutral tick=132 touch=(0.0, 0.0) router_move=(0.0, 0.0) native_x=0.00000000000000000 native_z=-0.00000000000000000 exact_zero=true active_pad=-1 axes=[0.0, 0.0, 0.0, 0.0, 0.0, 0.0] stick_index=-1
NEUTRAL_COMMAND phase=release_neutral tick=133 touch=(0.0, 0.0) router_move=(0.0, 0.0) native_x=0.00000000000000000 native_z=-0.00000000000000000 exact_zero=true active_pad=-1 axes=[0.0, 0.0, 0.0, 0.0, 0.0, 0.0] stick_index=-1
NEUTRAL_COMMAND phase=release_neutral tick=135 touch=(0.0, 0.0) router_move=(0.0, 0.0) native_x=0.00000000000000000 native_z=-0.00000000000000000 exact_zero=true active_pad=-1 axes=[0.0, 0.0, 0.0, 0.0, 0.0, 0.0] stick_index=-1
NEUTRAL_COMMAND phase=release_neutral tick=136 touch=(0.0, 0.0) router_move=(0.0, 0.0) native_x=0.00000000000000000 native_z=-0.00000000000000000 exact_zero=true active_pad=-1 axes=[0.0, 0.0, 0.0, 0.0, 0.0, 0.0] stick_index=-1
NEUTRAL_COMMAND phase=release_neutral tick=138 touch=(0.0, 0.0) router_move=(0.0, 0.0) native_x=0.00000000000000000 native_z=-0.00000000000000000 exact_zero=true active_pad=-1 axes=[0.0, 0.0, 0.0, 0.0, 0.0, 0.0] stick_index=-1
NEUTRAL_COMMAND phase=release_neutral tick=139 touch=(0.0, 0.0) router_move=(0.0, 0.0) native_x=0.00000000000000000 native_z=-0.00000000000000000 exact_zero=true active_pad=-1 axes=[0.0, 0.0, 0.0, 0.0, 0.0, 0.0] stick_index=-1
NEUTRAL_COMMAND phase=release_neutral tick=141 touch=(0.0, 0.0) router_move=(0.0, 0.0) native_x=0.00000000000000000 native_z=-0.00000000000000000 exact_zero=true active_pad=-1 axes=[0.0, 0.0, 0.0, 0.0, 0.0, 0.0] stick_index=-1
NEUTRAL_COMMAND phase=release_neutral tick=142 touch=(0.0, 0.0) router_move=(0.0, 0.0) native_x=0.00000000000000000 native_z=-0.00000000000000000 exact_zero=true active_pad=-1 axes=[0.0, 0.0, 0.0, 0.0, 0.0, 0.0] stick_index=-1
NEUTRAL_COMMAND phase=release_neutral tick=144 touch=(0.0, 0.0) router_move=(0.0, 0.0) native_x=0.00000000000000000 native_z=-0.00000000000000000 exact_zero=true active_pad=-1 axes=[0.0, 0.0, 0.0, 0.0, 0.0, 0.0] stick_index=-1
NEUTRAL_COMMAND phase=release_neutral tick=145 touch=(0.0, 0.0) router_move=(0.0, 0.0) native_x=0.00000000000000000 native_z=-0.00000000000000000 exact_zero=true active_pad=-1 axes=[0.0, 0.0, 0.0, 0.0, 0.0, 0.0] stick_index=-1
NEUTRAL_COMMAND phase=release_neutral tick=147 touch=(0.0, 0.0) router_move=(0.0, 0.0) native_x=0.00000000000000000 native_z=-0.00000000000000000 exact_zero=true active_pad=-1 axes=[0.0, 0.0, 0.0, 0.0, 0.0, 0.0] stick_index=-1
NEUTRAL_COMMAND phase=release_neutral tick=148 touch=(0.0, 0.0) router_move=(0.0, 0.0) native_x=0.00000000000000000 native_z=-0.00000000000000000 exact_zero=true active_pad=-1 axes=[0.0, 0.0, 0.0, 0.0, 0.0, 0.0] stick_index=-1
NEUTRAL_COMMAND phase=cancel_released_move tick=150 touch=(0.555555, 0.0) router_move=(0.555555, 0.0) native_x=0.55555546283721924 native_z=-0.00000000000000000 exact_zero=false active_pad=-1 axes=[0.0, 0.0, 0.0, 0.0, 0.0, 0.0] stick_index=0
NEUTRAL_COMMAND phase=cancel_released_move tick=151 touch=(0.555555, 0.0) router_move=(0.555555, 0.0) native_x=0.55555546283721924 native_z=-0.00000000000000000 exact_zero=false active_pad=-1 axes=[0.0, 0.0, 0.0, 0.0, 0.0, 0.0] stick_index=0
NEUTRAL_COMMAND phase=cancel_released_move tick=153 touch=(0.555555, 0.0) router_move=(0.555555, 0.0) native_x=0.55555546283721924 native_z=-0.00000000000000000 exact_zero=false active_pad=-1 axes=[0.0, 0.0, 0.0, 0.0, 0.0, 0.0] stick_index=0
NEUTRAL_COMMAND phase=cancel_released_move tick=154 touch=(0.555555, 0.0) router_move=(0.555555, 0.0) native_x=0.55555546283721924 native_z=-0.00000000000000000 exact_zero=false active_pad=-1 axes=[0.0, 0.0, 0.0, 0.0, 0.0, 0.0] stick_index=0
NEUTRAL_COMMAND phase=cancel_released_move tick=156 touch=(0.555555, 0.0) router_move=(0.555555, 0.0) native_x=0.55555546283721924 native_z=-0.00000000000000000 exact_zero=false active_pad=-1 axes=[0.0, 0.0, 0.0, 0.0, 0.0, 0.0] stick_index=0
NEUTRAL_COMMAND phase=cancel_released_move tick=157 touch=(0.555555, 0.0) router_move=(0.555555, 0.0) native_x=0.55555546283721924 native_z=-0.00000000000000000 exact_zero=false active_pad=-1 axes=[0.0, 0.0, 0.0, 0.0, 0.0, 0.0] stick_index=0
NEUTRAL_COMMAND phase=cancel_released_move tick=159 touch=(0.555555, 0.0) router_move=(0.555555, 0.0) native_x=0.55555546283721924 native_z=-0.00000000000000000 exact_zero=false active_pad=-1 axes=[0.0, 0.0, 0.0, 0.0, 0.0, 0.0] stick_index=0
NEUTRAL_COMMAND phase=cancel_released_move tick=160 touch=(0.555555, 0.0) router_move=(0.555555, 0.0) native_x=0.55555546283721924 native_z=-0.00000000000000000 exact_zero=false active_pad=-1 axes=[0.0, 0.0, 0.0, 0.0, 0.0, 0.0] stick_index=0
NEUTRAL_COMMAND phase=cancel_released_move tick=162 touch=(0.555555, 0.0) router_move=(0.555555, 0.0) native_x=0.55555546283721924 native_z=-0.00000000000000000 exact_zero=false active_pad=-1 axes=[0.0, 0.0, 0.0, 0.0, 0.0, 0.0] stick_index=0
NEUTRAL_COMMAND phase=cancel_released_move tick=163 touch=(0.555555, 0.0) router_move=(0.555555, 0.0) native_x=0.55555546283721924 native_z=-0.00000000000000000 exact_zero=false active_pad=-1 axes=[0.0, 0.0, 0.0, 0.0, 0.0, 0.0] stick_index=0
NEUTRAL_COMMAND phase=cancel_released_move tick=165 touch=(0.555555, 0.0) router_move=(0.555555, 0.0) native_x=0.55555546283721924 native_z=-0.00000000000000000 exact_zero=false active_pad=-1 axes=[0.0, 0.0, 0.0, 0.0, 0.0, 0.0] stick_index=0
NEUTRAL_COMMAND phase=cancel_released_move tick=166 touch=(0.555555, 0.0) router_move=(0.555555, 0.0) native_x=0.55555546283721924 native_z=-0.00000000000000000 exact_zero=false active_pad=-1 axes=[0.0, 0.0, 0.0, 0.0, 0.0, 0.0] stick_index=0
NEUTRAL_RELEASE kind=cancel_released pressed=false canceled=true immediate_touch=(0.0, 0.0) stick_index=-1
NEUTRAL_COMMAND phase=cancel_released_neutral tick=168 touch=(0.0, 0.0) router_move=(0.0, 0.0) native_x=0.00000000000000000 native_z=-0.00000000000000000 exact_zero=true active_pad=-1 axes=[0.0, 0.0, 0.0, 0.0, 0.0, 0.0] stick_index=-1
NEUTRAL_COMMAND phase=cancel_released_neutral tick=169 touch=(0.0, 0.0) router_move=(0.0, 0.0) native_x=0.00000000000000000 native_z=-0.00000000000000000 exact_zero=true active_pad=-1 axes=[0.0, 0.0, 0.0, 0.0, 0.0, 0.0] stick_index=-1
NEUTRAL_COMMAND phase=cancel_released_neutral tick=171 touch=(0.0, 0.0) router_move=(0.0, 0.0) native_x=0.00000000000000000 native_z=-0.00000000000000000 exact_zero=true active_pad=-1 axes=[0.0, 0.0, 0.0, 0.0, 0.0, 0.0] stick_index=-1
NEUTRAL_COMMAND phase=cancel_released_neutral tick=172 touch=(0.0, 0.0) router_move=(0.0, 0.0) native_x=0.00000000000000000 native_z=-0.00000000000000000 exact_zero=true active_pad=-1 axes=[0.0, 0.0, 0.0, 0.0, 0.0, 0.0] stick_index=-1
NEUTRAL_COMMAND phase=cancel_released_neutral tick=174 touch=(0.0, 0.0) router_move=(0.0, 0.0) native_x=0.00000000000000000 native_z=-0.00000000000000000 exact_zero=true active_pad=-1 axes=[0.0, 0.0, 0.0, 0.0, 0.0, 0.0] stick_index=-1
NEUTRAL_COMMAND phase=cancel_released_neutral tick=175 touch=(0.0, 0.0) router_move=(0.0, 0.0) native_x=0.00000000000000000 native_z=-0.00000000000000000 exact_zero=true active_pad=-1 axes=[0.0, 0.0, 0.0, 0.0, 0.0, 0.0] stick_index=-1
NEUTRAL_COMMAND phase=cancel_released_neutral tick=177 touch=(0.0, 0.0) router_move=(0.0, 0.0) native_x=0.00000000000000000 native_z=-0.00000000000000000 exact_zero=true active_pad=-1 axes=[0.0, 0.0, 0.0, 0.0, 0.0, 0.0] stick_index=-1
NEUTRAL_COMMAND phase=cancel_released_neutral tick=178 touch=(0.0, 0.0) router_move=(0.0, 0.0) native_x=0.00000000000000000 native_z=-0.00000000000000000 exact_zero=true active_pad=-1 axes=[0.0, 0.0, 0.0, 0.0, 0.0, 0.0] stick_index=-1
NEUTRAL_COMMAND phase=cancel_released_neutral tick=180 touch=(0.0, 0.0) router_move=(0.0, 0.0) native_x=0.00000000000000000 native_z=-0.00000000000000000 exact_zero=true active_pad=-1 axes=[0.0, 0.0, 0.0, 0.0, 0.0, 0.0] stick_index=-1
NEUTRAL_COMMAND phase=cancel_released_neutral tick=181 touch=(0.0, 0.0) router_move=(0.0, 0.0) native_x=0.00000000000000000 native_z=-0.00000000000000000 exact_zero=true active_pad=-1 axes=[0.0, 0.0, 0.0, 0.0, 0.0, 0.0] stick_index=-1
NEUTRAL_COMMAND phase=cancel_released_neutral tick=183 touch=(0.0, 0.0) router_move=(0.0, 0.0) native_x=0.00000000000000000 native_z=-0.00000000000000000 exact_zero=true active_pad=-1 axes=[0.0, 0.0, 0.0, 0.0, 0.0, 0.0] stick_index=-1
NEUTRAL_COMMAND phase=cancel_released_neutral tick=184 touch=(0.0, 0.0) router_move=(0.0, 0.0) native_x=0.00000000000000000 native_z=-0.00000000000000000 exact_zero=true active_pad=-1 axes=[0.0, 0.0, 0.0, 0.0, 0.0, 0.0] stick_index=-1
NEUTRAL_COMMAND phase=cancel_released_neutral tick=186 touch=(0.0, 0.0) router_move=(0.0, 0.0) native_x=0.00000000000000000 native_z=-0.00000000000000000 exact_zero=true active_pad=-1 axes=[0.0, 0.0, 0.0, 0.0, 0.0, 0.0] stick_index=-1
NEUTRAL_COMMAND phase=cancel_released_neutral tick=187 touch=(0.0, 0.0) router_move=(0.0, 0.0) native_x=0.00000000000000000 native_z=-0.00000000000000000 exact_zero=true active_pad=-1 axes=[0.0, 0.0, 0.0, 0.0, 0.0, 0.0] stick_index=-1
NEUTRAL_COMMAND phase=cancel_released_neutral tick=189 touch=(0.0, 0.0) router_move=(0.0, 0.0) native_x=0.00000000000000000 native_z=-0.00000000000000000 exact_zero=true active_pad=-1 axes=[0.0, 0.0, 0.0, 0.0, 0.0, 0.0] stick_index=-1
NEUTRAL_COMMAND phase=cancel_released_neutral tick=190 touch=(0.0, 0.0) router_move=(0.0, 0.0) native_x=0.00000000000000000 native_z=-0.00000000000000000 exact_zero=true active_pad=-1 axes=[0.0, 0.0, 0.0, 0.0, 0.0, 0.0] stick_index=-1
NEUTRAL_COMMAND phase=cancel_released_neutral tick=192 touch=(0.0, 0.0) router_move=(0.0, 0.0) native_x=0.00000000000000000 native_z=-0.00000000000000000 exact_zero=true active_pad=-1 axes=[0.0, 0.0, 0.0, 0.0, 0.0, 0.0] stick_index=-1
NEUTRAL_COMMAND phase=cancel_released_neutral tick=193 touch=(0.0, 0.0) router_move=(0.0, 0.0) native_x=0.00000000000000000 native_z=-0.00000000000000000 exact_zero=true active_pad=-1 axes=[0.0, 0.0, 0.0, 0.0, 0.0, 0.0] stick_index=-1
NEUTRAL_COMMAND phase=cancel_released_neutral tick=195 touch=(0.0, 0.0) router_move=(0.0, 0.0) native_x=0.00000000000000000 native_z=-0.00000000000000000 exact_zero=true active_pad=-1 axes=[0.0, 0.0, 0.0, 0.0, 0.0, 0.0] stick_index=-1
NEUTRAL_COMMAND phase=cancel_released_neutral tick=196 touch=(0.0, 0.0) router_move=(0.0, 0.0) native_x=0.00000000000000000 native_z=-0.00000000000000000 exact_zero=true active_pad=-1 axes=[0.0, 0.0, 0.0, 0.0, 0.0, 0.0] stick_index=-1
NEUTRAL_COMMAND phase=cancel_released_neutral tick=198 touch=(0.0, 0.0) router_move=(0.0, 0.0) native_x=0.00000000000000000 native_z=-0.00000000000000000 exact_zero=true active_pad=-1 axes=[0.0, 0.0, 0.0, 0.0, 0.0, 0.0] stick_index=-1
NEUTRAL_COMMAND phase=cancel_released_neutral tick=199 touch=(0.0, 0.0) router_move=(0.0, 0.0) native_x=0.00000000000000000 native_z=-0.00000000000000000 exact_zero=true active_pad=-1 axes=[0.0, 0.0, 0.0, 0.0, 0.0, 0.0] stick_index=-1
NEUTRAL_COMMAND phase=cancel_released_neutral tick=201 touch=(0.0, 0.0) router_move=(0.0, 0.0) native_x=0.00000000000000000 native_z=-0.00000000000000000 exact_zero=true active_pad=-1 axes=[0.0, 0.0, 0.0, 0.0, 0.0, 0.0] stick_index=-1
NEUTRAL_COMMAND phase=cancel_released_neutral tick=202 touch=(0.0, 0.0) router_move=(0.0, 0.0) native_x=0.00000000000000000 native_z=-0.00000000000000000 exact_zero=true active_pad=-1 axes=[0.0, 0.0, 0.0, 0.0, 0.0, 0.0] stick_index=-1
NEUTRAL_COMMAND phase=cancel_released_neutral tick=204 touch=(0.0, 0.0) router_move=(0.0, 0.0) native_x=0.00000000000000000 native_z=-0.00000000000000000 exact_zero=true active_pad=-1 axes=[0.0, 0.0, 0.0, 0.0, 0.0, 0.0] stick_index=-1
NEUTRAL_COMMAND phase=cancel_released_neutral tick=205 touch=(0.0, 0.0) router_move=(0.0, 0.0) native_x=0.00000000000000000 native_z=-0.00000000000000000 exact_zero=true active_pad=-1 axes=[0.0, 0.0, 0.0, 0.0, 0.0, 0.0] stick_index=-1
NEUTRAL_COMMAND phase=cancel_released_neutral tick=207 touch=(0.0, 0.0) router_move=(0.0, 0.0) native_x=0.00000000000000000 native_z=-0.00000000000000000 exact_zero=true active_pad=-1 axes=[0.0, 0.0, 0.0, 0.0, 0.0, 0.0] stick_index=-1
NEUTRAL_COMMAND phase=cancel_released_neutral tick=208 touch=(0.0, 0.0) router_move=(0.0, 0.0) native_x=0.00000000000000000 native_z=-0.00000000000000000 exact_zero=true active_pad=-1 axes=[0.0, 0.0, 0.0, 0.0, 0.0, 0.0] stick_index=-1
NEUTRAL_COMMAND phase=cancel_released_neutral tick=210 touch=(0.0, 0.0) router_move=(0.0, 0.0) native_x=0.00000000000000000 native_z=-0.00000000000000000 exact_zero=true active_pad=-1 axes=[0.0, 0.0, 0.0, 0.0, 0.0, 0.0] stick_index=-1
NEUTRAL_COMMAND phase=cancel_released_neutral tick=211 touch=(0.0, 0.0) router_move=(0.0, 0.0) native_x=0.00000000000000000 native_z=-0.00000000000000000 exact_zero=true active_pad=-1 axes=[0.0, 0.0, 0.0, 0.0, 0.0, 0.0] stick_index=-1
NEUTRAL_COMMAND phase=cancel_released_neutral tick=213 touch=(0.0, 0.0) router_move=(0.0, 0.0) native_x=0.00000000000000000 native_z=-0.00000000000000000 exact_zero=true active_pad=-1 axes=[0.0, 0.0, 0.0, 0.0, 0.0, 0.0] stick_index=-1
NEUTRAL_COMMAND phase=cancel_released_neutral tick=214 touch=(0.0, 0.0) router_move=(0.0, 0.0) native_x=0.00000000000000000 native_z=-0.00000000000000000 exact_zero=true active_pad=-1 axes=[0.0, 0.0, 0.0, 0.0, 0.0, 0.0] stick_index=-1
NEUTRAL_COMMAND phase=cancel_released_neutral tick=216 touch=(0.0, 0.0) router_move=(0.0, 0.0) native_x=0.00000000000000000 native_z=-0.00000000000000000 exact_zero=true active_pad=-1 axes=[0.0, 0.0, 0.0, 0.0, 0.0, 0.0] stick_index=-1
NEUTRAL_COMMAND phase=cancel_released_neutral tick=217 touch=(0.0, 0.0) router_move=(0.0, 0.0) native_x=0.00000000000000000 native_z=-0.00000000000000000 exact_zero=true active_pad=-1 axes=[0.0, 0.0, 0.0, 0.0, 0.0, 0.0] stick_index=-1
NEUTRAL_COMMAND phase=cancel_released_neutral tick=219 touch=(0.0, 0.0) router_move=(0.0, 0.0) native_x=0.00000000000000000 native_z=-0.00000000000000000 exact_zero=true active_pad=-1 axes=[0.0, 0.0, 0.0, 0.0, 0.0, 0.0] stick_index=-1
NEUTRAL_COMMAND phase=cancel_released_neutral tick=220 touch=(0.0, 0.0) router_move=(0.0, 0.0) native_x=0.00000000000000000 native_z=-0.00000000000000000 exact_zero=true active_pad=-1 axes=[0.0, 0.0, 0.0, 0.0, 0.0, 0.0] stick_index=-1
NEUTRAL_COMMAND phase=cancel_released_neutral tick=222 touch=(0.0, 0.0) router_move=(0.0, 0.0) native_x=0.00000000000000000 native_z=-0.00000000000000000 exact_zero=true active_pad=-1 axes=[0.0, 0.0, 0.0, 0.0, 0.0, 0.0] stick_index=-1
NEUTRAL_COMMAND phase=cancel_released_neutral tick=223 touch=(0.0, 0.0) router_move=(0.0, 0.0) native_x=0.00000000000000000 native_z=-0.00000000000000000 exact_zero=true active_pad=-1 axes=[0.0, 0.0, 0.0, 0.0, 0.0, 0.0] stick_index=-1
NEUTRAL_COMMAND phase=cancel_released_neutral tick=225 touch=(0.0, 0.0) router_move=(0.0, 0.0) native_x=0.00000000000000000 native_z=-0.00000000000000000 exact_zero=true active_pad=-1 axes=[0.0, 0.0, 0.0, 0.0, 0.0, 0.0] stick_index=-1
NEUTRAL_COMMAND phase=cancel_released_neutral tick=226 touch=(0.0, 0.0) router_move=(0.0, 0.0) native_x=0.00000000000000000 native_z=-0.00000000000000000 exact_zero=true active_pad=-1 axes=[0.0, 0.0, 0.0, 0.0, 0.0, 0.0] stick_index=-1
NEUTRAL_COMMAND phase=cancel_released_neutral tick=228 touch=(0.0, 0.0) router_move=(0.0, 0.0) native_x=0.00000000000000000 native_z=-0.00000000000000000 exact_zero=true active_pad=-1 axes=[0.0, 0.0, 0.0, 0.0, 0.0, 0.0] stick_index=-1
NEUTRAL_COMMAND phase=cancel_released_neutral tick=229 touch=(0.0, 0.0) router_move=(0.0, 0.0) native_x=0.00000000000000000 native_z=-0.00000000000000000 exact_zero=true active_pad=-1 axes=[0.0, 0.0, 0.0, 0.0, 0.0, 0.0] stick_index=-1
NEUTRAL_COMMAND phase=cancel_released_neutral tick=231 touch=(0.0, 0.0) router_move=(0.0, 0.0) native_x=0.00000000000000000 native_z=-0.00000000000000000 exact_zero=true active_pad=-1 axes=[0.0, 0.0, 0.0, 0.0, 0.0, 0.0] stick_index=-1
NEUTRAL_COMMAND phase=cancel_released_neutral tick=232 touch=(0.0, 0.0) router_move=(0.0, 0.0) native_x=0.00000000000000000 native_z=-0.00000000000000000 exact_zero=true active_pad=-1 axes=[0.0, 0.0, 0.0, 0.0, 0.0, 0.0] stick_index=-1
NEUTRAL_COMMAND phase=cancel_released_neutral tick=234 touch=(0.0, 0.0) router_move=(0.0, 0.0) native_x=0.00000000000000000 native_z=-0.00000000000000000 exact_zero=true active_pad=-1 axes=[0.0, 0.0, 0.0, 0.0, 0.0, 0.0] stick_index=-1
NEUTRAL_COMMAND phase=cancel_released_neutral tick=235 touch=(0.0, 0.0) router_move=(0.0, 0.0) native_x=0.00000000000000000 native_z=-0.00000000000000000 exact_zero=true active_pad=-1 axes=[0.0, 0.0, 0.0, 0.0, 0.0, 0.0] stick_index=-1
NEUTRAL_COMMAND phase=cancel_released_neutral tick=237 touch=(0.0, 0.0) router_move=(0.0, 0.0) native_x=0.00000000000000000 native_z=-0.00000000000000000 exact_zero=true active_pad=-1 axes=[0.0, 0.0, 0.0, 0.0, 0.0, 0.0] stick_index=-1
NEUTRAL_COMMAND phase=cancel_released_neutral tick=238 touch=(0.0, 0.0) router_move=(0.0, 0.0) native_x=0.00000000000000000 native_z=-0.00000000000000000 exact_zero=true active_pad=-1 axes=[0.0, 0.0, 0.0, 0.0, 0.0, 0.0] stick_index=-1
NEUTRAL_COMMAND phase=cancel_released_neutral tick=240 touch=(0.0, 0.0) router_move=(0.0, 0.0) native_x=0.00000000000000000 native_z=-0.00000000000000000 exact_zero=true active_pad=-1 axes=[0.0, 0.0, 0.0, 0.0, 0.0, 0.0] stick_index=-1
NEUTRAL_COMMAND phase=cancel_released_neutral tick=241 touch=(0.0, 0.0) router_move=(0.0, 0.0) native_x=0.00000000000000000 native_z=-0.00000000000000000 exact_zero=true active_pad=-1 axes=[0.0, 0.0, 0.0, 0.0, 0.0, 0.0] stick_index=-1
NEUTRAL_COMMAND phase=cancel_released_neutral tick=243 touch=(0.0, 0.0) router_move=(0.0, 0.0) native_x=0.00000000000000000 native_z=-0.00000000000000000 exact_zero=true active_pad=-1 axes=[0.0, 0.0, 0.0, 0.0, 0.0, 0.0] stick_index=-1
NEUTRAL_COMMAND phase=cancel_released_neutral tick=244 touch=(0.0, 0.0) router_move=(0.0, 0.0) native_x=0.00000000000000000 native_z=-0.00000000000000000 exact_zero=true active_pad=-1 axes=[0.0, 0.0, 0.0, 0.0, 0.0, 0.0] stick_index=-1
NEUTRAL_COMMAND phase=cancel_released_neutral tick=246 touch=(0.0, 0.0) router_move=(0.0, 0.0) native_x=0.00000000000000000 native_z=-0.00000000000000000 exact_zero=true active_pad=-1 axes=[0.0, 0.0, 0.0, 0.0, 0.0, 0.0] stick_index=-1
NEUTRAL_COMMAND phase=cancel_released_neutral tick=247 touch=(0.0, 0.0) router_move=(0.0, 0.0) native_x=0.00000000000000000 native_z=-0.00000000000000000 exact_zero=true active_pad=-1 axes=[0.0, 0.0, 0.0, 0.0, 0.0, 0.0] stick_index=-1
NEUTRAL_COMMAND phase=cancel_released_neutral tick=249 touch=(0.0, 0.0) router_move=(0.0, 0.0) native_x=0.00000000000000000 native_z=-0.00000000000000000 exact_zero=true active_pad=-1 axes=[0.0, 0.0, 0.0, 0.0, 0.0, 0.0] stick_index=-1
NEUTRAL_COMMAND phase=cancel_released_neutral tick=250 touch=(0.0, 0.0) router_move=(0.0, 0.0) native_x=0.00000000000000000 native_z=-0.00000000000000000 exact_zero=true active_pad=-1 axes=[0.0, 0.0, 0.0, 0.0, 0.0, 0.0] stick_index=-1
NEUTRAL_COMMAND phase=cancel_released_neutral tick=252 touch=(0.0, 0.0) router_move=(0.0, 0.0) native_x=0.00000000000000000 native_z=-0.00000000000000000 exact_zero=true active_pad=-1 axes=[0.0, 0.0, 0.0, 0.0, 0.0, 0.0] stick_index=-1
NEUTRAL_COMMAND phase=cancel_released_neutral tick=253 touch=(0.0, 0.0) router_move=(0.0, 0.0) native_x=0.00000000000000000 native_z=-0.00000000000000000 exact_zero=true active_pad=-1 axes=[0.0, 0.0, 0.0, 0.0, 0.0, 0.0] stick_index=-1
NEUTRAL_COMMAND phase=cancel_released_neutral tick=255 touch=(0.0, 0.0) router_move=(0.0, 0.0) native_x=0.00000000000000000 native_z=-0.00000000000000000 exact_zero=true active_pad=-1 axes=[0.0, 0.0, 0.0, 0.0, 0.0, 0.0] stick_index=-1
NEUTRAL_COMMAND phase=cancel_released_neutral tick=256 touch=(0.0, 0.0) router_move=(0.0, 0.0) native_x=0.00000000000000000 native_z=-0.00000000000000000 exact_zero=true active_pad=-1 axes=[0.0, 0.0, 0.0, 0.0, 0.0, 0.0] stick_index=-1
NEUTRAL_COMMAND phase=cancel_released_neutral tick=258 touch=(0.0, 0.0) router_move=(0.0, 0.0) native_x=0.00000000000000000 native_z=-0.00000000000000000 exact_zero=true active_pad=-1 axes=[0.0, 0.0, 0.0, 0.0, 0.0, 0.0] stick_index=-1
NEUTRAL_COMMAND phase=cancel_released_neutral tick=259 touch=(0.0, 0.0) router_move=(0.0, 0.0) native_x=0.00000000000000000 native_z=-0.00000000000000000 exact_zero=true active_pad=-1 axes=[0.0, 0.0, 0.0, 0.0, 0.0, 0.0] stick_index=-1
NEUTRAL_COMMAND phase=cancel_released_neutral tick=261 touch=(0.0, 0.0) router_move=(0.0, 0.0) native_x=0.00000000000000000 native_z=-0.00000000000000000 exact_zero=true active_pad=-1 axes=[0.0, 0.0, 0.0, 0.0, 0.0, 0.0] stick_index=-1
NEUTRAL_COMMAND phase=cancel_released_neutral tick=262 touch=(0.0, 0.0) router_move=(0.0, 0.0) native_x=0.00000000000000000 native_z=-0.00000000000000000 exact_zero=true active_pad=-1 axes=[0.0, 0.0, 0.0, 0.0, 0.0, 0.0] stick_index=-1
NEUTRAL_COMMAND phase=cancel_released_neutral tick=264 touch=(0.0, 0.0) router_move=(0.0, 0.0) native_x=0.00000000000000000 native_z=-0.00000000000000000 exact_zero=true active_pad=-1 axes=[0.0, 0.0, 0.0, 0.0, 0.0, 0.0] stick_index=-1
NEUTRAL_COMMAND phase=cancel_released_neutral tick=265 touch=(0.0, 0.0) router_move=(0.0, 0.0) native_x=0.00000000000000000 native_z=-0.00000000000000000 exact_zero=true active_pad=-1 axes=[0.0, 0.0, 0.0, 0.0, 0.0, 0.0] stick_index=-1
NEUTRAL_COMMAND phase=cancel_released_neutral tick=267 touch=(0.0, 0.0) router_move=(0.0, 0.0) native_x=0.00000000000000000 native_z=-0.00000000000000000 exact_zero=true active_pad=-1 axes=[0.0, 0.0, 0.0, 0.0, 0.0, 0.0] stick_index=-1
NEUTRAL_COMMAND phase=cancel_released_neutral tick=268 touch=(0.0, 0.0) router_move=(0.0, 0.0) native_x=0.00000000000000000 native_z=-0.00000000000000000 exact_zero=true active_pad=-1 axes=[0.0, 0.0, 0.0, 0.0, 0.0, 0.0] stick_index=-1
NEUTRAL_COMMAND phase=cancel_released_neutral tick=270 touch=(0.0, 0.0) router_move=(0.0, 0.0) native_x=0.00000000000000000 native_z=-0.00000000000000000 exact_zero=true active_pad=-1 axes=[0.0, 0.0, 0.0, 0.0, 0.0, 0.0] stick_index=-1
NEUTRAL_COMMAND phase=cancel_released_neutral tick=271 touch=(0.0, 0.0) router_move=(0.0, 0.0) native_x=0.00000000000000000 native_z=-0.00000000000000000 exact_zero=true active_pad=-1 axes=[0.0, 0.0, 0.0, 0.0, 0.0, 0.0] stick_index=-1
NEUTRAL_COMMAND phase=cancel_released_neutral tick=273 touch=(0.0, 0.0) router_move=(0.0, 0.0) native_x=0.00000000000000000 native_z=-0.00000000000000000 exact_zero=true active_pad=-1 axes=[0.0, 0.0, 0.0, 0.0, 0.0, 0.0] stick_index=-1
NEUTRAL_COMMAND phase=cancel_released_neutral tick=274 touch=(0.0, 0.0) router_move=(0.0, 0.0) native_x=0.00000000000000000 native_z=-0.00000000000000000 exact_zero=true active_pad=-1 axes=[0.0, 0.0, 0.0, 0.0, 0.0, 0.0] stick_index=-1
NEUTRAL_COMMAND phase=cancel_released_neutral tick=276 touch=(0.0, 0.0) router_move=(0.0, 0.0) native_x=0.00000000000000000 native_z=-0.00000000000000000 exact_zero=true active_pad=-1 axes=[0.0, 0.0, 0.0, 0.0, 0.0, 0.0] stick_index=-1
NEUTRAL_COMMAND phase=cancel_released_neutral tick=277 touch=(0.0, 0.0) router_move=(0.0, 0.0) native_x=0.00000000000000000 native_z=-0.00000000000000000 exact_zero=true active_pad=-1 axes=[0.0, 0.0, 0.0, 0.0, 0.0, 0.0] stick_index=-1
NEUTRAL_COMMAND phase=cancel_released_neutral tick=279 touch=(0.0, 0.0) router_move=(0.0, 0.0) native_x=0.00000000000000000 native_z=-0.00000000000000000 exact_zero=true active_pad=-1 axes=[0.0, 0.0, 0.0, 0.0, 0.0, 0.0] stick_index=-1
NEUTRAL_COMMAND phase=cancel_released_neutral tick=280 touch=(0.0, 0.0) router_move=(0.0, 0.0) native_x=0.00000000000000000 native_z=-0.00000000000000000 exact_zero=true active_pad=-1 axes=[0.0, 0.0, 0.0, 0.0, 0.0, 0.0] stick_index=-1
NEUTRAL_COMMAND phase=cancel_released_neutral tick=282 touch=(0.0, 0.0) router_move=(0.0, 0.0) native_x=0.00000000000000000 native_z=-0.00000000000000000 exact_zero=true active_pad=-1 axes=[0.0, 0.0, 0.0, 0.0, 0.0, 0.0] stick_index=-1
NEUTRAL_COMMAND phase=cancel_released_neutral tick=283 touch=(0.0, 0.0) router_move=(0.0, 0.0) native_x=0.00000000000000000 native_z=-0.00000000000000000 exact_zero=true active_pad=-1 axes=[0.0, 0.0, 0.0, 0.0, 0.0, 0.0] stick_index=-1
NEUTRAL_COMMAND phase=cancel_released_neutral tick=285 touch=(0.0, 0.0) router_move=(0.0, 0.0) native_x=0.00000000000000000 native_z=-0.00000000000000000 exact_zero=true active_pad=-1 axes=[0.0, 0.0, 0.0, 0.0, 0.0, 0.0] stick_index=-1
NEUTRAL_COMMAND phase=cancel_released_neutral tick=286 touch=(0.0, 0.0) router_move=(0.0, 0.0) native_x=0.00000000000000000 native_z=-0.00000000000000000 exact_zero=true active_pad=-1 axes=[0.0, 0.0, 0.0, 0.0, 0.0, 0.0] stick_index=-1
NEUTRAL_COMMAND phase=cancel_pressed_move tick=288 touch=(0.555555, 0.0) router_move=(0.555555, 0.0) native_x=0.55555546283721924 native_z=-0.00000000000000000 exact_zero=false active_pad=-1 axes=[0.0, 0.0, 0.0, 0.0, 0.0, 0.0] stick_index=0
NEUTRAL_COMMAND phase=cancel_pressed_move tick=289 touch=(0.555555, 0.0) router_move=(0.555555, 0.0) native_x=0.55555546283721924 native_z=-0.00000000000000000 exact_zero=false active_pad=-1 axes=[0.0, 0.0, 0.0, 0.0, 0.0, 0.0] stick_index=0
NEUTRAL_COMMAND phase=cancel_pressed_move tick=291 touch=(0.555555, 0.0) router_move=(0.555555, 0.0) native_x=0.55555546283721924 native_z=-0.00000000000000000 exact_zero=false active_pad=-1 axes=[0.0, 0.0, 0.0, 0.0, 0.0, 0.0] stick_index=0
NEUTRAL_COMMAND phase=cancel_pressed_move tick=292 touch=(0.555555, 0.0) router_move=(0.555555, 0.0) native_x=0.55555546283721924 native_z=-0.00000000000000000 exact_zero=false active_pad=-1 axes=[0.0, 0.0, 0.0, 0.0, 0.0, 0.0] stick_index=0
NEUTRAL_COMMAND phase=cancel_pressed_move tick=294 touch=(0.555555, 0.0) router_move=(0.555555, 0.0) native_x=0.55555546283721924 native_z=-0.00000000000000000 exact_zero=false active_pad=-1 axes=[0.0, 0.0, 0.0, 0.0, 0.0, 0.0] stick_index=0
NEUTRAL_COMMAND phase=cancel_pressed_move tick=295 touch=(0.555555, 0.0) router_move=(0.555555, 0.0) native_x=0.55555546283721924 native_z=-0.00000000000000000 exact_zero=false active_pad=-1 axes=[0.0, 0.0, 0.0, 0.0, 0.0, 0.0] stick_index=0
NEUTRAL_COMMAND phase=cancel_pressed_move tick=297 touch=(0.555555, 0.0) router_move=(0.555555, 0.0) native_x=0.55555546283721924 native_z=-0.00000000000000000 exact_zero=false active_pad=-1 axes=[0.0, 0.0, 0.0, 0.0, 0.0, 0.0] stick_index=0
NEUTRAL_COMMAND phase=cancel_pressed_move tick=298 touch=(0.555555, 0.0) router_move=(0.555555, 0.0) native_x=0.55555546283721924 native_z=-0.00000000000000000 exact_zero=false active_pad=-1 axes=[0.0, 0.0, 0.0, 0.0, 0.0, 0.0] stick_index=0
NEUTRAL_COMMAND phase=cancel_pressed_move tick=300 touch=(0.555555, 0.0) router_move=(0.555555, 0.0) native_x=0.55555546283721924 native_z=-0.00000000000000000 exact_zero=false active_pad=-1 axes=[0.0, 0.0, 0.0, 0.0, 0.0, 0.0] stick_index=0
NEUTRAL_COMMAND phase=cancel_pressed_move tick=301 touch=(0.555555, 0.0) router_move=(0.555555, 0.0) native_x=0.55555546283721924 native_z=-0.00000000000000000 exact_zero=false active_pad=-1 axes=[0.0, 0.0, 0.0, 0.0, 0.0, 0.0] stick_index=0
NEUTRAL_COMMAND phase=cancel_pressed_move tick=303 touch=(0.555555, 0.0) router_move=(0.555555, 0.0) native_x=0.55555546283721924 native_z=-0.00000000000000000 exact_zero=false active_pad=-1 axes=[0.0, 0.0, 0.0, 0.0, 0.0, 0.0] stick_index=0
NEUTRAL_COMMAND phase=cancel_pressed_move tick=304 touch=(0.555555, 0.0) router_move=(0.555555, 0.0) native_x=0.55555546283721924 native_z=-0.00000000000000000 exact_zero=false active_pad=-1 axes=[0.0, 0.0, 0.0, 0.0, 0.0, 0.0] stick_index=0
NEUTRAL_RELEASE kind=cancel_pressed pressed=false canceled=true immediate_touch=(0.0, 0.0) stick_index=-1
NEUTRAL_COMMAND phase=cancel_pressed_neutral tick=306 touch=(0.0, 0.0) router_move=(0.0, 0.0) native_x=0.00000000000000000 native_z=-0.00000000000000000 exact_zero=true active_pad=-1 axes=[0.0, 0.0, 0.0, 0.0, 0.0, 0.0] stick_index=-1
NEUTRAL_COMMAND phase=cancel_pressed_neutral tick=307 touch=(0.0, 0.0) router_move=(0.0, 0.0) native_x=0.00000000000000000 native_z=-0.00000000000000000 exact_zero=true active_pad=-1 axes=[0.0, 0.0, 0.0, 0.0, 0.0, 0.0] stick_index=-1
NEUTRAL_COMMAND phase=cancel_pressed_neutral tick=309 touch=(0.0, 0.0) router_move=(0.0, 0.0) native_x=0.00000000000000000 native_z=-0.00000000000000000 exact_zero=true active_pad=-1 axes=[0.0, 0.0, 0.0, 0.0, 0.0, 0.0] stick_index=-1
NEUTRAL_COMMAND phase=cancel_pressed_neutral tick=310 touch=(0.0, 0.0) router_move=(0.0, 0.0) native_x=0.00000000000000000 native_z=-0.00000000000000000 exact_zero=true active_pad=-1 axes=[0.0, 0.0, 0.0, 0.0, 0.0, 0.0] stick_index=-1
NEUTRAL_COMMAND phase=cancel_pressed_neutral tick=312 touch=(0.0, 0.0) router_move=(0.0, 0.0) native_x=0.00000000000000000 native_z=-0.00000000000000000 exact_zero=true active_pad=-1 axes=[0.0, 0.0, 0.0, 0.0, 0.0, 0.0] stick_index=-1
NEUTRAL_COMMAND phase=cancel_pressed_neutral tick=313 touch=(0.0, 0.0) router_move=(0.0, 0.0) native_x=0.00000000000000000 native_z=-0.00000000000000000 exact_zero=true active_pad=-1 axes=[0.0, 0.0, 0.0, 0.0, 0.0, 0.0] stick_index=-1
NEUTRAL_COMMAND phase=cancel_pressed_neutral tick=315 touch=(0.0, 0.0) router_move=(0.0, 0.0) native_x=0.00000000000000000 native_z=-0.00000000000000000 exact_zero=true active_pad=-1 axes=[0.0, 0.0, 0.0, 0.0, 0.0, 0.0] stick_index=-1
NEUTRAL_COMMAND phase=cancel_pressed_neutral tick=316 touch=(0.0, 0.0) router_move=(0.0, 0.0) native_x=0.00000000000000000 native_z=-0.00000000000000000 exact_zero=true active_pad=-1 axes=[0.0, 0.0, 0.0, 0.0, 0.0, 0.0] stick_index=-1
NEUTRAL_COMMAND phase=cancel_pressed_neutral tick=318 touch=(0.0, 0.0) router_move=(0.0, 0.0) native_x=0.00000000000000000 native_z=-0.00000000000000000 exact_zero=true active_pad=-1 axes=[0.0, 0.0, 0.0, 0.0, 0.0, 0.0] stick_index=-1
NEUTRAL_COMMAND phase=cancel_pressed_neutral tick=319 touch=(0.0, 0.0) router_move=(0.0, 0.0) native_x=0.00000000000000000 native_z=-0.00000000000000000 exact_zero=true active_pad=-1 axes=[0.0, 0.0, 0.0, 0.0, 0.0, 0.0] stick_index=-1
NEUTRAL_COMMAND phase=cancel_pressed_neutral tick=321 touch=(0.0, 0.0) router_move=(0.0, 0.0) native_x=0.00000000000000000 native_z=-0.00000000000000000 exact_zero=true active_pad=-1 axes=[0.0, 0.0, 0.0, 0.0, 0.0, 0.0] stick_index=-1
NEUTRAL_COMMAND phase=cancel_pressed_neutral tick=322 touch=(0.0, 0.0) router_move=(0.0, 0.0) native_x=0.00000000000000000 native_z=-0.00000000000000000 exact_zero=true active_pad=-1 axes=[0.0, 0.0, 0.0, 0.0, 0.0, 0.0] stick_index=-1
NEUTRAL_COMMAND phase=cancel_pressed_neutral tick=324 touch=(0.0, 0.0) router_move=(0.0, 0.0) native_x=0.00000000000000000 native_z=-0.00000000000000000 exact_zero=true active_pad=-1 axes=[0.0, 0.0, 0.0, 0.0, 0.0, 0.0] stick_index=-1
NEUTRAL_COMMAND phase=cancel_pressed_neutral tick=325 touch=(0.0, 0.0) router_move=(0.0, 0.0) native_x=0.00000000000000000 native_z=-0.00000000000000000 exact_zero=true active_pad=-1 axes=[0.0, 0.0, 0.0, 0.0, 0.0, 0.0] stick_index=-1
NEUTRAL_COMMAND phase=cancel_pressed_neutral tick=327 touch=(0.0, 0.0) router_move=(0.0, 0.0) native_x=0.00000000000000000 native_z=-0.00000000000000000 exact_zero=true active_pad=-1 axes=[0.0, 0.0, 0.0, 0.0, 0.0, 0.0] stick_index=-1
NEUTRAL_COMMAND phase=cancel_pressed_neutral tick=328 touch=(0.0, 0.0) router_move=(0.0, 0.0) native_x=0.00000000000000000 native_z=-0.00000000000000000 exact_zero=true active_pad=-1 axes=[0.0, 0.0, 0.0, 0.0, 0.0, 0.0] stick_index=-1
NEUTRAL_COMMAND phase=cancel_pressed_neutral tick=330 touch=(0.0, 0.0) router_move=(0.0, 0.0) native_x=0.00000000000000000 native_z=-0.00000000000000000 exact_zero=true active_pad=-1 axes=[0.0, 0.0, 0.0, 0.0, 0.0, 0.0] stick_index=-1
NEUTRAL_COMMAND phase=cancel_pressed_neutral tick=331 touch=(0.0, 0.0) router_move=(0.0, 0.0) native_x=0.00000000000000000 native_z=-0.00000000000000000 exact_zero=true active_pad=-1 axes=[0.0, 0.0, 0.0, 0.0, 0.0, 0.0] stick_index=-1
NEUTRAL_COMMAND phase=cancel_pressed_neutral tick=333 touch=(0.0, 0.0) router_move=(0.0, 0.0) native_x=0.00000000000000000 native_z=-0.00000000000000000 exact_zero=true active_pad=-1 axes=[0.0, 0.0, 0.0, 0.0, 0.0, 0.0] stick_index=-1
NEUTRAL_COMMAND phase=cancel_pressed_neutral tick=334 touch=(0.0, 0.0) router_move=(0.0, 0.0) native_x=0.00000000000000000 native_z=-0.00000000000000000 exact_zero=true active_pad=-1 axes=[0.0, 0.0, 0.0, 0.0, 0.0, 0.0] stick_index=-1
NEUTRAL_COMMAND phase=cancel_pressed_neutral tick=336 touch=(0.0, 0.0) router_move=(0.0, 0.0) native_x=0.00000000000000000 native_z=-0.00000000000000000 exact_zero=true active_pad=-1 axes=[0.0, 0.0, 0.0, 0.0, 0.0, 0.0] stick_index=-1
NEUTRAL_COMMAND phase=cancel_pressed_neutral tick=337 touch=(0.0, 0.0) router_move=(0.0, 0.0) native_x=0.00000000000000000 native_z=-0.00000000000000000 exact_zero=true active_pad=-1 axes=[0.0, 0.0, 0.0, 0.0, 0.0, 0.0] stick_index=-1
NEUTRAL_COMMAND phase=cancel_pressed_neutral tick=339 touch=(0.0, 0.0) router_move=(0.0, 0.0) native_x=0.00000000000000000 native_z=-0.00000000000000000 exact_zero=true active_pad=-1 axes=[0.0, 0.0, 0.0, 0.0, 0.0, 0.0] stick_index=-1
NEUTRAL_COMMAND phase=cancel_pressed_neutral tick=340 touch=(0.0, 0.0) router_move=(0.0, 0.0) native_x=0.00000000000000000 native_z=-0.00000000000000000 exact_zero=true active_pad=-1 axes=[0.0, 0.0, 0.0, 0.0, 0.0, 0.0] stick_index=-1
NEUTRAL_COMMAND phase=cancel_pressed_neutral tick=342 touch=(0.0, 0.0) router_move=(0.0, 0.0) native_x=0.00000000000000000 native_z=-0.00000000000000000 exact_zero=true active_pad=-1 axes=[0.0, 0.0, 0.0, 0.0, 0.0, 0.0] stick_index=-1
NEUTRAL_COMMAND phase=cancel_pressed_neutral tick=343 touch=(0.0, 0.0) router_move=(0.0, 0.0) native_x=0.00000000000000000 native_z=-0.00000000000000000 exact_zero=true active_pad=-1 axes=[0.0, 0.0, 0.0, 0.0, 0.0, 0.0] stick_index=-1
NEUTRAL_COMMAND phase=cancel_pressed_neutral tick=345 touch=(0.0, 0.0) router_move=(0.0, 0.0) native_x=0.00000000000000000 native_z=-0.00000000000000000 exact_zero=true active_pad=-1 axes=[0.0, 0.0, 0.0, 0.0, 0.0, 0.0] stick_index=-1
NEUTRAL_COMMAND phase=cancel_pressed_neutral tick=346 touch=(0.0, 0.0) router_move=(0.0, 0.0) native_x=0.00000000000000000 native_z=-0.00000000000000000 exact_zero=true active_pad=-1 axes=[0.0, 0.0, 0.0, 0.0, 0.0, 0.0] stick_index=-1
NEUTRAL_COMMAND phase=cancel_pressed_neutral tick=348 touch=(0.0, 0.0) router_move=(0.0, 0.0) native_x=0.00000000000000000 native_z=-0.00000000000000000 exact_zero=true active_pad=-1 axes=[0.0, 0.0, 0.0, 0.0, 0.0, 0.0] stick_index=-1
NEUTRAL_COMMAND phase=cancel_pressed_neutral tick=349 touch=(0.0, 0.0) router_move=(0.0, 0.0) native_x=0.00000000000000000 native_z=-0.00000000000000000 exact_zero=true active_pad=-1 axes=[0.0, 0.0, 0.0, 0.0, 0.0, 0.0] stick_index=-1
NEUTRAL_COMMAND phase=cancel_pressed_neutral tick=351 touch=(0.0, 0.0) router_move=(0.0, 0.0) native_x=0.00000000000000000 native_z=-0.00000000000000000 exact_zero=true active_pad=-1 axes=[0.0, 0.0, 0.0, 0.0, 0.0, 0.0] stick_index=-1
NEUTRAL_COMMAND phase=cancel_pressed_neutral tick=352 touch=(0.0, 0.0) router_move=(0.0, 0.0) native_x=0.00000000000000000 native_z=-0.00000000000000000 exact_zero=true active_pad=-1 axes=[0.0, 0.0, 0.0, 0.0, 0.0, 0.0] stick_index=-1
NEUTRAL_COMMAND phase=cancel_pressed_neutral tick=354 touch=(0.0, 0.0) router_move=(0.0, 0.0) native_x=0.00000000000000000 native_z=-0.00000000000000000 exact_zero=true active_pad=-1 axes=[0.0, 0.0, 0.0, 0.0, 0.0, 0.0] stick_index=-1
NEUTRAL_COMMAND phase=cancel_pressed_neutral tick=355 touch=(0.0, 0.0) router_move=(0.0, 0.0) native_x=0.00000000000000000 native_z=-0.00000000000000000 exact_zero=true active_pad=-1 axes=[0.0, 0.0, 0.0, 0.0, 0.0, 0.0] stick_index=-1
NEUTRAL_COMMAND phase=cancel_pressed_neutral tick=357 touch=(0.0, 0.0) router_move=(0.0, 0.0) native_x=0.00000000000000000 native_z=-0.00000000000000000 exact_zero=true active_pad=-1 axes=[0.0, 0.0, 0.0, 0.0, 0.0, 0.0] stick_index=-1
NEUTRAL_COMMAND phase=cancel_pressed_neutral tick=358 touch=(0.0, 0.0) router_move=(0.0, 0.0) native_x=0.00000000000000000 native_z=-0.00000000000000000 exact_zero=true active_pad=-1 axes=[0.0, 0.0, 0.0, 0.0, 0.0, 0.0] stick_index=-1
NEUTRAL_COMMAND phase=cancel_pressed_neutral tick=360 touch=(0.0, 0.0) router_move=(0.0, 0.0) native_x=0.00000000000000000 native_z=-0.00000000000000000 exact_zero=true active_pad=-1 axes=[0.0, 0.0, 0.0, 0.0, 0.0, 0.0] stick_index=-1
NEUTRAL_COMMAND phase=cancel_pressed_neutral tick=361 touch=(0.0, 0.0) router_move=(0.0, 0.0) native_x=0.00000000000000000 native_z=-0.00000000000000000 exact_zero=true active_pad=-1 axes=[0.0, 0.0, 0.0, 0.0, 0.0, 0.0] stick_index=-1
NEUTRAL_COMMAND phase=cancel_pressed_neutral tick=363 touch=(0.0, 0.0) router_move=(0.0, 0.0) native_x=0.00000000000000000 native_z=-0.00000000000000000 exact_zero=true active_pad=-1 axes=[0.0, 0.0, 0.0, 0.0, 0.0, 0.0] stick_index=-1
NEUTRAL_COMMAND phase=cancel_pressed_neutral tick=364 touch=(0.0, 0.0) router_move=(0.0, 0.0) native_x=0.00000000000000000 native_z=-0.00000000000000000 exact_zero=true active_pad=-1 axes=[0.0, 0.0, 0.0, 0.0, 0.0, 0.0] stick_index=-1
NEUTRAL_COMMAND phase=cancel_pressed_neutral tick=366 touch=(0.0, 0.0) router_move=(0.0, 0.0) native_x=0.00000000000000000 native_z=-0.00000000000000000 exact_zero=true active_pad=-1 axes=[0.0, 0.0, 0.0, 0.0, 0.0, 0.0] stick_index=-1
NEUTRAL_COMMAND phase=cancel_pressed_neutral tick=367 touch=(0.0, 0.0) router_move=(0.0, 0.0) native_x=0.00000000000000000 native_z=-0.00000000000000000 exact_zero=true active_pad=-1 axes=[0.0, 0.0, 0.0, 0.0, 0.0, 0.0] stick_index=-1
NEUTRAL_COMMAND phase=cancel_pressed_neutral tick=369 touch=(0.0, 0.0) router_move=(0.0, 0.0) native_x=0.00000000000000000 native_z=-0.00000000000000000 exact_zero=true active_pad=-1 axes=[0.0, 0.0, 0.0, 0.0, 0.0, 0.0] stick_index=-1
NEUTRAL_COMMAND phase=cancel_pressed_neutral tick=370 touch=(0.0, 0.0) router_move=(0.0, 0.0) native_x=0.00000000000000000 native_z=-0.00000000000000000 exact_zero=true active_pad=-1 axes=[0.0, 0.0, 0.0, 0.0, 0.0, 0.0] stick_index=-1
NEUTRAL_COMMAND phase=cancel_pressed_neutral tick=372 touch=(0.0, 0.0) router_move=(0.0, 0.0) native_x=0.00000000000000000 native_z=-0.00000000000000000 exact_zero=true active_pad=-1 axes=[0.0, 0.0, 0.0, 0.0, 0.0, 0.0] stick_index=-1
NEUTRAL_COMMAND phase=cancel_pressed_neutral tick=373 touch=(0.0, 0.0) router_move=(0.0, 0.0) native_x=0.00000000000000000 native_z=-0.00000000000000000 exact_zero=true active_pad=-1 axes=[0.0, 0.0, 0.0, 0.0, 0.0, 0.0] stick_index=-1
NEUTRAL_COMMAND phase=cancel_pressed_neutral tick=375 touch=(0.0, 0.0) router_move=(0.0, 0.0) native_x=0.00000000000000000 native_z=-0.00000000000000000 exact_zero=true active_pad=-1 axes=[0.0, 0.0, 0.0, 0.0, 0.0, 0.0] stick_index=-1
NEUTRAL_COMMAND phase=cancel_pressed_neutral tick=376 touch=(0.0, 0.0) router_move=(0.0, 0.0) native_x=0.00000000000000000 native_z=-0.00000000000000000 exact_zero=true active_pad=-1 axes=[0.0, 0.0, 0.0, 0.0, 0.0, 0.0] stick_index=-1
NEUTRAL_COMMAND phase=cancel_pressed_neutral tick=378 touch=(0.0, 0.0) router_move=(0.0, 0.0) native_x=0.00000000000000000 native_z=-0.00000000000000000 exact_zero=true active_pad=-1 axes=[0.0, 0.0, 0.0, 0.0, 0.0, 0.0] stick_index=-1
NEUTRAL_COMMAND phase=cancel_pressed_neutral tick=379 touch=(0.0, 0.0) router_move=(0.0, 0.0) native_x=0.00000000000000000 native_z=-0.00000000000000000 exact_zero=true active_pad=-1 axes=[0.0, 0.0, 0.0, 0.0, 0.0, 0.0] stick_index=-1
NEUTRAL_COMMAND phase=cancel_pressed_neutral tick=381 touch=(0.0, 0.0) router_move=(0.0, 0.0) native_x=0.00000000000000000 native_z=-0.00000000000000000 exact_zero=true active_pad=-1 axes=[0.0, 0.0, 0.0, 0.0, 0.0, 0.0] stick_index=-1
NEUTRAL_COMMAND phase=cancel_pressed_neutral tick=382 touch=(0.0, 0.0) router_move=(0.0, 0.0) native_x=0.00000000000000000 native_z=-0.00000000000000000 exact_zero=true active_pad=-1 axes=[0.0, 0.0, 0.0, 0.0, 0.0, 0.0] stick_index=-1
NEUTRAL_COMMAND phase=cancel_pressed_neutral tick=384 touch=(0.0, 0.0) router_move=(0.0, 0.0) native_x=0.00000000000000000 native_z=-0.00000000000000000 exact_zero=true active_pad=-1 axes=[0.0, 0.0, 0.0, 0.0, 0.0, 0.0] stick_index=-1
NEUTRAL_COMMAND phase=cancel_pressed_neutral tick=385 touch=(0.0, 0.0) router_move=(0.0, 0.0) native_x=0.00000000000000000 native_z=-0.00000000000000000 exact_zero=true active_pad=-1 axes=[0.0, 0.0, 0.0, 0.0, 0.0, 0.0] stick_index=-1
NEUTRAL_COMMAND phase=cancel_pressed_neutral tick=387 touch=(0.0, 0.0) router_move=(0.0, 0.0) native_x=0.00000000000000000 native_z=-0.00000000000000000 exact_zero=true active_pad=-1 axes=[0.0, 0.0, 0.0, 0.0, 0.0, 0.0] stick_index=-1
NEUTRAL_COMMAND phase=cancel_pressed_neutral tick=388 touch=(0.0, 0.0) router_move=(0.0, 0.0) native_x=0.00000000000000000 native_z=-0.00000000000000000 exact_zero=true active_pad=-1 axes=[0.0, 0.0, 0.0, 0.0, 0.0, 0.0] stick_index=-1
NEUTRAL_COMMAND phase=cancel_pressed_neutral tick=390 touch=(0.0, 0.0) router_move=(0.0, 0.0) native_x=0.00000000000000000 native_z=-0.00000000000000000 exact_zero=true active_pad=-1 axes=[0.0, 0.0, 0.0, 0.0, 0.0, 0.0] stick_index=-1
NEUTRAL_COMMAND phase=cancel_pressed_neutral tick=391 touch=(0.0, 0.0) router_move=(0.0, 0.0) native_x=0.00000000000000000 native_z=-0.00000000000000000 exact_zero=true active_pad=-1 axes=[0.0, 0.0, 0.0, 0.0, 0.0, 0.0] stick_index=-1
NEUTRAL_COMMAND phase=cancel_pressed_neutral tick=393 touch=(0.0, 0.0) router_move=(0.0, 0.0) native_x=0.00000000000000000 native_z=-0.00000000000000000 exact_zero=true active_pad=-1 axes=[0.0, 0.0, 0.0, 0.0, 0.0, 0.0] stick_index=-1
NEUTRAL_COMMAND phase=cancel_pressed_neutral tick=394 touch=(0.0, 0.0) router_move=(0.0, 0.0) native_x=0.00000000000000000 native_z=-0.00000000000000000 exact_zero=true active_pad=-1 axes=[0.0, 0.0, 0.0, 0.0, 0.0, 0.0] stick_index=-1
NEUTRAL_COMMAND phase=cancel_pressed_neutral tick=396 touch=(0.0, 0.0) router_move=(0.0, 0.0) native_x=0.00000000000000000 native_z=-0.00000000000000000 exact_zero=true active_pad=-1 axes=[0.0, 0.0, 0.0, 0.0, 0.0, 0.0] stick_index=-1
NEUTRAL_COMMAND phase=cancel_pressed_neutral tick=397 touch=(0.0, 0.0) router_move=(0.0, 0.0) native_x=0.00000000000000000 native_z=-0.00000000000000000 exact_zero=true active_pad=-1 axes=[0.0, 0.0, 0.0, 0.0, 0.0, 0.0] stick_index=-1
NEUTRAL_COMMAND phase=cancel_pressed_neutral tick=399 touch=(0.0, 0.0) router_move=(0.0, 0.0) native_x=0.00000000000000000 native_z=-0.00000000000000000 exact_zero=true active_pad=-1 axes=[0.0, 0.0, 0.0, 0.0, 0.0, 0.0] stick_index=-1
NEUTRAL_COMMAND phase=cancel_pressed_neutral tick=400 touch=(0.0, 0.0) router_move=(0.0, 0.0) native_x=0.00000000000000000 native_z=-0.00000000000000000 exact_zero=true active_pad=-1 axes=[0.0, 0.0, 0.0, 0.0, 0.0, 0.0] stick_index=-1
NEUTRAL_COMMAND phase=cancel_pressed_neutral tick=402 touch=(0.0, 0.0) router_move=(0.0, 0.0) native_x=0.00000000000000000 native_z=-0.00000000000000000 exact_zero=true active_pad=-1 axes=[0.0, 0.0, 0.0, 0.0, 0.0, 0.0] stick_index=-1
NEUTRAL_COMMAND phase=cancel_pressed_neutral tick=403 touch=(0.0, 0.0) router_move=(0.0, 0.0) native_x=0.00000000000000000 native_z=-0.00000000000000000 exact_zero=true active_pad=-1 axes=[0.0, 0.0, 0.0, 0.0, 0.0, 0.0] stick_index=-1
NEUTRAL_COMMAND phase=cancel_pressed_neutral tick=405 touch=(0.0, 0.0) router_move=(0.0, 0.0) native_x=0.00000000000000000 native_z=-0.00000000000000000 exact_zero=true active_pad=-1 axes=[0.0, 0.0, 0.0, 0.0, 0.0, 0.0] stick_index=-1
NEUTRAL_COMMAND phase=cancel_pressed_neutral tick=406 touch=(0.0, 0.0) router_move=(0.0, 0.0) native_x=0.00000000000000000 native_z=-0.00000000000000000 exact_zero=true active_pad=-1 axes=[0.0, 0.0, 0.0, 0.0, 0.0, 0.0] stick_index=-1
NEUTRAL_COMMAND phase=cancel_pressed_neutral tick=408 touch=(0.0, 0.0) router_move=(0.0, 0.0) native_x=0.00000000000000000 native_z=-0.00000000000000000 exact_zero=true active_pad=-1 axes=[0.0, 0.0, 0.0, 0.0, 0.0, 0.0] stick_index=-1
NEUTRAL_COMMAND phase=cancel_pressed_neutral tick=409 touch=(0.0, 0.0) router_move=(0.0, 0.0) native_x=0.00000000000000000 native_z=-0.00000000000000000 exact_zero=true active_pad=-1 axes=[0.0, 0.0, 0.0, 0.0, 0.0, 0.0] stick_index=-1
NEUTRAL_COMMAND phase=cancel_pressed_neutral tick=411 touch=(0.0, 0.0) router_move=(0.0, 0.0) native_x=0.00000000000000000 native_z=-0.00000000000000000 exact_zero=true active_pad=-1 axes=[0.0, 0.0, 0.0, 0.0, 0.0, 0.0] stick_index=-1
NEUTRAL_COMMAND phase=cancel_pressed_neutral tick=412 touch=(0.0, 0.0) router_move=(0.0, 0.0) native_x=0.00000000000000000 native_z=-0.00000000000000000 exact_zero=true active_pad=-1 axes=[0.0, 0.0, 0.0, 0.0, 0.0, 0.0] stick_index=-1
NEUTRAL_COMMAND phase=cancel_pressed_neutral tick=414 touch=(0.0, 0.0) router_move=(0.0, 0.0) native_x=0.00000000000000000 native_z=-0.00000000000000000 exact_zero=true active_pad=-1 axes=[0.0, 0.0, 0.0, 0.0, 0.0, 0.0] stick_index=-1
NEUTRAL_COMMAND phase=cancel_pressed_neutral tick=415 touch=(0.0, 0.0) router_move=(0.0, 0.0) native_x=0.00000000000000000 native_z=-0.00000000000000000 exact_zero=true active_pad=-1 axes=[0.0, 0.0, 0.0, 0.0, 0.0, 0.0] stick_index=-1
NEUTRAL_COMMAND phase=cancel_pressed_neutral tick=417 touch=(0.0, 0.0) router_move=(0.0, 0.0) native_x=0.00000000000000000 native_z=-0.00000000000000000 exact_zero=true active_pad=-1 axes=[0.0, 0.0, 0.0, 0.0, 0.0, 0.0] stick_index=-1
NEUTRAL_COMMAND phase=cancel_pressed_neutral tick=418 touch=(0.0, 0.0) router_move=(0.0, 0.0) native_x=0.00000000000000000 native_z=-0.00000000000000000 exact_zero=true active_pad=-1 axes=[0.0, 0.0, 0.0, 0.0, 0.0, 0.0] stick_index=-1
NEUTRAL_COMMAND phase=cancel_pressed_neutral tick=420 touch=(0.0, 0.0) router_move=(0.0, 0.0) native_x=0.00000000000000000 native_z=-0.00000000000000000 exact_zero=true active_pad=-1 axes=[0.0, 0.0, 0.0, 0.0, 0.0, 0.0] stick_index=-1
NEUTRAL_COMMAND phase=cancel_pressed_neutral tick=421 touch=(0.0, 0.0) router_move=(0.0, 0.0) native_x=0.00000000000000000 native_z=-0.00000000000000000 exact_zero=true active_pad=-1 axes=[0.0, 0.0, 0.0, 0.0, 0.0, 0.0] stick_index=-1
NEUTRAL_COMMAND phase=cancel_pressed_neutral tick=423 touch=(0.0, 0.0) router_move=(0.0, 0.0) native_x=0.00000000000000000 native_z=-0.00000000000000000 exact_zero=true active_pad=-1 axes=[0.0, 0.0, 0.0, 0.0, 0.0, 0.0] stick_index=-1
NEUTRAL_COMMAND phase=cancel_pressed_neutral tick=424 touch=(0.0, 0.0) router_move=(0.0, 0.0) native_x=0.00000000000000000 native_z=-0.00000000000000000 exact_zero=true active_pad=-1 axes=[0.0, 0.0, 0.0, 0.0, 0.0, 0.0] stick_index=-1
SCRAPERX_UITEST PASS touch_upper private_viewport_touch_release_cancel=1 native_command_trace=1 no_extra_staging=1
