PASS scraperx_sim ground foundation: retired_bodies=0 moving_bodies=177 kit_bodies=233 locomotion=1 crouch=1 jump=1
PASS scraperx_sim rejected fallback absent: tower_bodies=385 former_flight_y=0.9 jump_requests=0
PASS scraperx_sim default checkpoint: death_restore=1 retired_respawn=0
PASS scraperx_sim oblique close pull-up: ledge=6 mantle=1
PASS scraperx_sim moving-support truth: translating_support=3 translating_vx=1.08993 jump_vx=1.07124 rotating_support=4 rotating_point_v=(-0.509095,-1.09394) omega_y=0.800001 hz=90
PASS scraperx_sim athletic traversal: vault_x=6.08 double_tap_vault_x=6.20222 vault_speed=5.5 mantle_support=6 mantle_rise_setback=0.53 mantle_y=2.46879 hang_support=7 moving_hang_support=8 moving_hang_vz=0.638632 moving_ledge_vz=0.865345 release_vz=1.05492 rejected=1 accepted=1
PASS scraperx_sim player is the plant's missing component: rest_valve=0 held_treadle=0.0849507 held_valve=0.40308 held_lift=7.7m idle_lift=1.2m store_spent_MJ=3.08184
PASS scraperx_sim first full causal chain: gate_closed_at_rest=1 lift_at_gate=7.41205m rise=1.13796m reached_catwalk=1 commits=1548
PASS scraperx_sim coupled machine: valve=0.726924 piston=14691N lift=8.80227m second_lift=8.81645m starved_energy=678952J player_valve=0 tower_m=1600
PASS scraperx_sim fall/parachute/checkpoint: lethal_impact=34.6619 chuted_impact=8.8914 late_chute_deaths=1 grounded_deploy_blocked=1 commits=91 machine_restored=1 deaths=1
PASS scraperx_sim first freight: station=1 raised_y=4.76118 braked_delta=-0.0491042 slewed_rad=2.00013 crate_carried=1 rides_crate=1 capacity_held=1
PASS scraperx_sim first structural coupling: crossable_unseated=0 seated=1 support_over_gap=1 reached_far_pier=1 unseat_removed_support=1
PASS scraperx_sim first process coupling: gated_off_station=1 wet_crossable=0 drained_safe=1 support_on_grate=1 reached_far_deck=1 dump_unsafe_again=1
PASS scraperx_sim B00 intake rise: pinned_impassable=1 pinned_deepest_z=-110.508 forced_impassable=1 overweight_y=0.899998 lifted_y=4.54681 dog_rad=1.20318 handoff_y=25.0872 skin_mantles=15 skin_freight_untouched=1
INFO AS-002 deployed hold: least_travel=0.907572 pack_drift=0.000419725
INFO AS-002 walkway lane: lowest_y=33.085
PASS scraperx_sim AS-002 Legal Forty: unrouted_deepest_y=25.0872 flag_hinge=-0 cradle_drop=1.49766 deployed_travel=0.862406 mid_landing_y=33.0872 forty_y=41.0649 checkpoint_commits=21742 checkpoint_y=41.0768 retracted_travel=0.197692 skin_forty_mantles=20 skin_forty_y=41.0649 jib_capped_hook_y=11.2409
PASS scraperx_sim world solids: bodies=1780 mirrors=29 rejected=0 buttress_foot_closest=3.3484 tower_bodies=169 former_flight_y=0.9 rim_reach=888.21
PASS scraperx_sim crouch: standing_deepest_z=-12.387 crouch_drop=0.3 crouched_top_speed=2.475 under_z=-12.9515 stood_y=0.9
PASS scraperx_sim AS-003 apron: grade_peak_y=2.41139 pack_peak_y=3.89544 pack_closest=0.296829
INFO AS-003 carry walk: loaded_v_at_0.25s=1.76684 free_v_at_0.25s=2.13095 loaded_top=5.43111 free_top=5.5
PASS scraperx_sim AS-003 cage: mashed_door=0.0352769 travelled_door=1.20234 carry_worst_gap=0.839998 repicked_y=0.983657 skin_mantles=15
PASS scraperx_sim AS-003 Hook5 Rack: ride_s=10.4889 roof_y=5.36879 hatch_impact=9.24292 forty_y=41.0709 restored_y=41.068 restored_carry=56
PASS scraperx_sim ground water screw: tank_m3=2 basin_m3=0.4 peak_rpm=22 peak_torque_nm=1500 peak_flow_m3_s=0.0220068 shaft_work_J=200869 leakage_m3=0.19069 conserved_err=3.61933e-13 full_stop=1 reverse_return=1
INFO ground water lift fill: expected_m3=0.4 valve=1 tank_m3=0.398889 bucket_m3=0.00111111 bucket_travel=0 caught=1 station=1 deaths=0
INFO ground water lift fill: expected_m3=2 valve=1 tank_m3=1.99889 bucket_m3=0.00111111 bucket_travel=0 caught=1 station=1 deaths=0
INFO ground water lift fill: expected_m3=2 valve=1 tank_m3=1.99889 bucket_m3=0.00111111 bucket_travel=0 caught=1 station=1 deaths=0
INFO ground water lift fill: expected_m3=2 valve=1 tank_m3=1.99889 bucket_m3=0.00111111 bucket_travel=0 caught=1 station=1 deaths=0
INFO ground water lift fill: expected_m3=2 valve=1 tank_m3=1.99889 bucket_m3=0.00111111 bucket_travel=0 caught=1 station=1 deaths=0
PASS scraperx_sim ground water lift: cage_travel=8.00027 peak_speed=2.20044 rope_N=42827.5 bucket_kg=2198.89 dock_y=9.15 conserved_err=5.01821e-14 dry_fail=1 partial_fail=1 rope_fail=1 overload_fail=1 moving_support=1 reset=1 dock_to_stair12=1
INFO ground water lift fill: expected_m3=2 valve=1 tank_m3=1.99889 bucket_m3=0.00111111 bucket_travel=0 caught=1 station=1 deaths=0
PASS scraperx_sim continuous ground screw ascent: dock_y=9.15 cage_travel=8 conserved_err=8.52651e-14 moving_support=1 no_seed=1
PASS scraperx_sim AS-006 A no link: cage_worst=0 skip_drop=0.0324707 bollard_tension=62627.2 relatched=1 rerigged=1
PASS scraperx_sim AS-006 A ride: ride_s=9.65556 floor_y=176.25 peak_speed=2.50201 rode_on_cage=1 skip_released_J=172656 payload_gained_J=93881.9 energy_margin_J=3.9443 restored_y=177.199 restored_support=2005
PASS scraperx_sim AS-006 B no link: cage_worst=0 lattice_drop=0.0324707 bollard_tension=195710 relatched=1
INFO AS-006 B governor: ride_peak=3.00319 lifetime_peak=3.00319 ride_s=8.28889 floor_y=198.25
PASS scraperx_sim AS-006 B ride: ride_s=8.28889 floor_y=198.25 peak_speed=3.00319 lifetime_peak_speed=3.00319 rode_on_cage=1 energy_margin_J=134.983 lattice_top_y=198.25
