Godot Engine v4.7.stable.official.5b4e0cb0f - https://godotengine.org

SCRAPERX_EXTENSION_LOADED api=4.7 authority=scraperx_sim scene=pipe_bridge_fixture
SCRAPERX_VIEWPORT size=2160x2160 aspect=1.000 fov=82.0 far=2000
SCRAPERX_AUDIO_BANK clips=28 msec=506 driver=Dummy
SCRAPERX_UITEST_POSE rack_ready tick=1047 position=(12.53233, 0.893589, -79.93198) elapsed_ms=9067
SCRAPERX_UITEST_POSE loaded_pan tick=1518 position=(11.75766, 0.893647, -79.94602) elapsed_ms=11849
SCRAPERX_UITEST_POSE bridge_raised tick=3144 position=(-1.088029, 0.893689, -85.6004) elapsed_ms=21867
SCRAPERX_UITEST_POSE tower_arrival tick=4860 position=(9.059826, 11.9, -125.841) elapsed_ms=32843
SCRAPERX_UITEST_POSE facade_approach tick=5764 position=(19.94373, 11.87731, -121.3028) elapsed_ms=38241
SCRAPERX_UITEST_POSE duct_hang tick=6120 position=(19.99651, 15.16121, -122.4797) elapsed_ms=40442
SCRAPERX_UITEST_POSE vent_climb tick=6778 position=(24.03048, 17.97784, -122.9991) elapsed_ms=44497
SCRAPERX_UITEST_POSE ladder_leap tick=8038 position=(12.49995, 23.19677, -119.7038) elapsed_ms=52293
SCRAPERX_UITEST_POSE facade_arrival tick=9622 position=(11.26974, 33.9, -125.2853) elapsed_ms=62635
SCRAPERX_UITEST_POSE stair_handle_ready tick=10336 position=(-17.22518, 33.9, -121.0276) elapsed_ms=67149
SCRAPERX_UITEST_POSE stair_released tick=10462 position=(-17.22518, 33.9, -121.9154) elapsed_ms=67907
SCRAPERX_UITEST_POSE stair_climb tick=11457 position=(-10.07095, 38.59161, -122.1) elapsed_ms=74548
SCRAPERX_UITEST_POSE stair_exit_ready tick=12069 position=(-2.251053, 45.38143, -122.3786) elapsed_ms=77780
SCRAPERX_UITEST_POSE stair_arrival tick=12241 position=(-2.26355, 44.87999, -127.3831) elapsed_ms=79119
SCRAPERX_UITEST_POSE upper_handle_ready tick=12624 position=(3.929986, 44.9, -116.5034) elapsed_ms=81287
SCRAPERX_UITEST_POSE upper_lift_rising tick=13288 position=(3.929967, 54.50867, -117.7749) elapsed_ms=84884
SCRAPERX_UITEST_POSE upper_lift_seated tick=13560 position=(3.929962, 55.86002, -117.7749) elapsed_ms=89360
SCRAPERX_UITEST_POSE deck_55m tick=13978 position=(3.758655, 55.9, -125.8307) elapsed_ms=91414
SCRAPERX_UITEST_POSE upper_duct_hang tick=15630 position=(1.423687, 59.13149, -122.55) elapsed_ms=112498
SCRAPERX_UITEST_POSE upper_vent_ready tick=15934 position=(5.410997, 61.2, -122.999) elapsed_ms=116118
SCRAPERX_UITEST_POSE upper_vent_climb tick=16026 position=(5.410997, 61.76458, -122.999) elapsed_ms=116901
SCRAPERX_UITEST_POSE upper_arrival tick=16806 position=(5.399895, 66.9, -125.4122) elapsed_ms=127770
SCRAPERX_UITEST PASS touch_upper grade_to_66m=1 counterweight_lift=1 parkour=1 normal_touch=1 deaths=0 arrival_y=66.900
