Start testing: Oct 04 19:44 CDT
----------------------------------------------------------
1/33 Testing: scraperx_sim.physical_hand_climb
1/33 Test: scraperx_sim.physical_hand_climb
Command: "/data/data/com.termux/files/usr/tmp/scraperx-launch-repair-09h3foao/host-build/scraperx_physical_hand_climb_tests"
Directory: /data/data/com.termux/files/usr/tmp/scraperx-launch-repair-09h3foao/host-build
"scraperx_sim.physical_hand_climb" start time: Oct 04 19:44 CDT
Output:
----------------------------------------------------------
one-hand at4s sag=0.278939 reaction=866.025 vy=-0.0288089
static sag=0.0833883 reaction=833.846 one_sag=0.166768 peak_force=866.025
PASS static_load_and_release
command ascent=0.199789 cumulative_bound=666.667
PASS command_sign_and_budget
recoil player_vx=1.57428 support_vx=1.44746 peak_force=366.954
PASS dynamic_recoil
catch minimum_y=2.60494 peak_force=1500
PASS finite_landing_catch
kinematic regrip tracking_vx=0.600085
PASS kinematic_tracking_and_regrip
soft reciprocal impulse residual=2.98023e-06
PASS soft_material_reaction
net-frame mass=6562.78 anchor_dx=0.0614624 momentum_residual=0.00301868
PASS net_frame_reaction
PASS invalid_holds_and_cleanup
physical hand checks: 8/8
<end of output>
Test time =   0.57 sec
----------------------------------------------------------
Test Passed.
"scraperx_sim.physical_hand_climb" end time: Oct 04 19:44 CDT
"scraperx_sim.physical_hand_climb" time elapsed: 00:00:00
----------------------------------------------------------

2/33 Testing: scraperx_sim.physical_traversal
2/33 Test: scraperx_sim.physical_traversal
Command: "/data/data/com.termux/files/usr/tmp/scraperx-launch-repair-09h3foao/host-build/scraperx_physical_traversal_tests"
Directory: /data/data/com.termux/files/usr/tmp/scraperx-launch-repair-09h3foao/host-build
"scraperx_sim.physical_traversal" start time: Oct 04 19:44 CDT
Output:
----------------------------------------------------------
PASS passive_departure surface=rigid_shipping_vent before_vy=1.28765 after_vy=1.17865 expected_vy=1.17865 error=2.05994e-07 grounded=0
PASS passive_departure surface=deforming_cargo_net before_vy=0.303088 after_vy=0.194088 expected_vy=0.194088 error=1.22786e-08 grounded=0
PASS cargo_jump finite_stroke_debit=599.4 departure_vy=1.03586
PASS ordinary_tread_traction force_work_delta=0.403336 dvx=0.0872
PASS passive_departure surface=rotating_as026 before_vy=1.10197 after_vy=0.992968 expected_vy=0.992969 error=1.46389e-07 grounded=0
<end of output>
Test time =  21.48 sec
----------------------------------------------------------
Test Passed.
"scraperx_sim.physical_traversal" end time: Oct 04 19:44 CDT
"scraperx_sim.physical_traversal" time elapsed: 00:00:21
----------------------------------------------------------

4/33 Testing: scraperx_sim.cargo_net_ground_route
4/33 Test: scraperx_sim.cargo_net_ground_route
Command: "/data/data/com.termux/files/usr/tmp/scraperx-launch-repair-09h3foao/host-build/scraperx_cargo_net_tests"
Directory: /data/data/com.termux/files/usr/tmp/scraperx-launch-repair-09h3foao/host-build
"scraperx_sim.cargo_net_ground_route" start time: Oct 04 19:44 CDT
Output:
----------------------------------------------------------
CARGO_TOP lane=19 position=19.0244,11.8921,-118.462 grounded=1 climb_ticks=1507 deaths=0
PASS AS-024 grade_to_first_ring lane=19 supported_height_m=11 deaths=0
CARGO_TOP lane=20 position=20.0077,11.8924,-118.471 grounded=1 climb_ticks=1442 deaths=0
PASS AS-024 grade_to_first_ring lane=20 supported_height_m=11 deaths=0
CARGO_TOP lane=21 position=21.0262,11.8923,-118.475 grounded=1 climb_ticks=1429 deaths=0
PASS AS-024 grade_to_first_ring lane=21 supported_height_m=11 deaths=0
<end of output>
Test time =  51.26 sec
----------------------------------------------------------
Test Passed.
"scraperx_sim.cargo_net_ground_route" end time: Oct 04 19:45 CDT
"scraperx_sim.cargo_net_ground_route" time elapsed: 00:00:51
----------------------------------------------------------

End testing: Oct 04 19:45 CDT
