Test project /tmp/scraperx-build
      Start  4: scraperx_sim.cargo_net_ground_route
      Start 10: scraperx_sim.athletic_traversal
      Start  8: scraperx_sim.launcher_and_restart
 1/33 Test  #4: scraperx_sim.cargo_net_ground_route ......   Passed   39.91 sec
      Start  2: scraperx_sim.physical_traversal
 2/33 Test  #8: scraperx_sim.launcher_and_restart ........   Passed   41.10 sec
      Start  3: scraperx_sim.suspended_ladder_route
 3/33 Test  #3: scraperx_sim.suspended_ladder_route ......   Passed    9.68 sec
      Start 20: scraperx_sim.swing_stair_route_7
 4/33 Test #20: scraperx_sim.swing_stair_route_7 .........   Passed    5.18 sec
      Start 18: scraperx_sim.swing_stair_route_5
 5/33 Test #10: scraperx_sim.athletic_traversal ..........   Passed   57.39 sec
      Start 15: scraperx_sim.swing_stair_route_2
 6/33 Test #18: scraperx_sim.swing_stair_route_5 .........   Passed    5.04 sec
      Start 27: scraperx_sim.pipe_bridge_refinement
 7/33 Test #15: scraperx_sim.swing_stair_route_2 .........   Passed    4.35 sec
      Start 13: scraperx_sim.swing_stair_route_0
 8/33 Test  #2: scraperx_sim.physical_traversal ..........   Passed   22.97 sec
      Start 14: scraperx_sim.swing_stair_route_1
 9/33 Test #27: scraperx_sim.pipe_bridge_refinement ......   Passed    4.58 sec
      Start 17: scraperx_sim.swing_stair_route_4
10/33 Test #13: scraperx_sim.swing_stair_route_0 .........   Passed    4.04 sec
      Start 16: scraperx_sim.swing_stair_route_3
11/33 Test #14: scraperx_sim.swing_stair_route_1 .........   Passed    3.87 sec
      Start  9: scraperx_sim.landing_response
12/33 Test #17: scraperx_sim.swing_stair_route_4 .........   Passed    4.21 sec
      Start 12: scraperx_sim.ascent_route
13/33 Test #16: scraperx_sim.swing_stair_route_3 .........   Passed    4.02 sec
      Start 32: scraperx_sim.north_service_frame_60hz
14/33 Test #32: scraperx_sim.north_service_frame_60hz ....   Passed    2.65 sec
      Start 30: scraperx_sim.braced_bay
15/33 Test #12: scraperx_sim.ascent_route ................   Passed    3.87 sec
      Start 33: scraperx_sim.north_service_frame_360hz
16/33 Test  #9: scraperx_sim.landing_response ............   Passed    7.25 sec
      Start 31: scraperx_sim.north_service_frame
17/33 Test #30: scraperx_sim.braced_bay ..................   Passed    2.99 sec
      Start 28: scraperx_sim.teeter_route
18/33 Test #33: scraperx_sim.north_service_frame_360hz ...   Passed    3.09 sec
      Start 26: scraperx_sim.pipe_bridge_passenger
19/33 Test #31: scraperx_sim.north_service_frame .........   Passed    2.94 sec
      Start 25: scraperx_sim.pipe_bridge_regrab
20/33 Test #28: scraperx_sim.teeter_route ................   Passed    2.23 sec
      Start 21: scraperx_sim.pipe_bridge_route
21/33 Test #26: scraperx_sim.pipe_bridge_passenger .......   Passed    1.78 sec
      Start 23: scraperx_sim.pipe_bridge_rack_only
22/33 Test #25: scraperx_sim.pipe_bridge_regrab ..........   Passed    1.96 sec
      Start 22: scraperx_sim.pipe_bridge_no_input
23/33 Test #21: scraperx_sim.pipe_bridge_route ...........   Passed    1.85 sec
      Start 24: scraperx_sim.pipe_bridge_empty_release
24/33 Test #23: scraperx_sim.pipe_bridge_rack_only .......   Passed    1.35 sec
      Start  7: scraperx_sim.slingshot_machine
25/33 Test #22: scraperx_sim.pipe_bridge_no_input ........   Passed    1.03 sec
      Start 19: scraperx_sim.swing_stair_route_6
26/33 Test #24: scraperx_sim.pipe_bridge_empty_release ...   Passed    0.86 sec
      Start  5: scraperx_sim.leather_pouch
27/33 Test #19: scraperx_sim.swing_stair_route_6 .........   Passed    0.61 sec
      Start 29: scraperx_sim.teeter_physics
28/33 Test  #5: scraperx_sim.leather_pouch ...............   Passed    0.40 sec
      Start  1: scraperx_sim.physical_hand_climb
29/33 Test  #7: scraperx_sim.slingshot_machine ...........   Passed    0.90 sec
      Start 11: scraperx_sim.parkour_flow
30/33 Test #11: scraperx_sim.parkour_flow ................   Passed    0.15 sec
      Start  6: scraperx_sim.slingshot_model
31/33 Test  #1: scraperx_sim.physical_hand_climb .........   Passed    0.28 sec
32/33 Test  #6: scraperx_sim.slingshot_model .............   Passed    0.15 sec
33/33 Test #29: scraperx_sim.teeter_physics ..............   Passed    0.53 sec

100% tests passed out of 33

Total Test time (real) =  81.10 sec
