t=0.0 q=-0.00000 tip=0.600 pan=2.400 inside=0 crossed=0 gate=0.000 prop=0.0167 work=0.00/0.00
t=1.0 q=-0.00103 tip=0.579 pan=2.405 inside=0 crossed=0 gate=0.000 prop=0.0167 work=0.00/0.00
t=2.0 q=-0.00103 tip=0.579 pan=2.405 inside=0 crossed=0 gate=0.000 prop=0.0167 work=0.00/0.00
t=3.0 q=-0.00103 tip=0.579 pan=2.405 inside=0 crossed=0 gate=0.000 prop=0.0167 work=0.00/0.00
t=4.0 q=-0.00103 tip=0.579 pan=2.405 inside=0 crossed=0 gate=0.002 prop=0.0167 work=41.52/0.00
t=5.0 q=-0.00103 tip=0.579 pan=2.405 inside=0 crossed=0 gate=0.136 prop=0.0167 work=41.52/0.00
t=6.0 q=-0.00103 tip=0.579 pan=2.405 inside=0 crossed=0 gate=0.512 prop=0.0167 work=41.52/0.00
t=7.0 q=-0.00103 tip=0.579 pan=2.405 inside=8 crossed=8 gate=1.135 prop=0.0167 work=41.52/0.00
t=8.0 q=-0.00103 tip=0.579 pan=2.405 inside=12 crossed=12 gate=1.897 prop=0.0157 work=41.52/0.00
t=9.0 q=-0.00028 tip=0.594 pan=2.402 inside=20 crossed=20 gate=1.897 prop=0.0147 work=41.52/0.00
t=10.0 q=-0.00050 tip=0.590 pan=2.403 inside=20 crossed=20 gate=1.897 prop=0.0144 work=41.52/0.00
t=11.0 q=0.00001 tip=0.600 pan=2.400 inside=20 crossed=20 gate=1.897 prop=0.0144 work=41.52/0.00
t=12.0 q=-0.00001 tip=0.600 pan=2.400 inside=20 crossed=20 gate=1.897 prop=0.0144 work=41.52/0.00
t=13.0 q=-0.00001 tip=0.600 pan=2.400 inside=20 crossed=20 gate=1.897 prop=0.0144 work=41.52/0.00
t=14.0 q=-0.00001 tip=0.600 pan=2.400 inside=20 crossed=20 gate=1.897 prop=0.0144 work=41.52/0.06
t=15.0 q=0.00231 tip=0.646 pan=2.388 inside=20 crossed=20 gate=1.897 prop=-0.2083 work=41.52/42.00
t=16.0 q=0.01721 tip=0.944 pan=2.314 inside=20 crossed=20 gate=1.897 prop=-1.1513 work=41.52/42.00
t=17.0 q=0.04982 tip=1.596 pan=2.148 inside=20 crossed=20 gate=1.897 prop=-1.1513 work=41.52/42.00
t=18.0 q=0.10920 tip=2.780 pan=1.838 inside=20 crossed=20 gate=1.897 prop=-1.1513 work=41.52/42.00
t=19.0 q=0.21174 tip=4.803 pan=1.287 inside=20 crossed=20 gate=1.897 prop=-1.1513 work=41.52/42.00
t=20.0 q=0.35731 tip=7.595 pan=0.474 inside=20 crossed=20 gate=1.897 prop=-1.1513 work=41.52/42.00
t=21.0 q=0.37914 tip=8.002 pan=0.351 inside=20 crossed=20 gate=1.897 prop=-1.1513 work=41.52/42.00
t=22.0 q=0.37896 tip=7.999 pan=0.352 inside=20 crossed=20 gate=1.897 prop=-1.1513 work=41.52/42.00
t=23.0 q=0.37910 tip=8.002 pan=0.351 inside=20 crossed=20 gate=1.897 prop=-1.1513 work=41.52/42.00
t=24.0 q=0.37951 tip=8.009 pan=0.348 inside=20 crossed=20 gate=1.897 prop=-1.1513 work=41.52/42.00
t=25.0 q=0.37883 tip=7.997 pan=0.352 inside=20 crossed=20 gate=1.897 prop=-1.1513 work=41.52/42.00
t=26.0 q=0.37916 tip=8.003 pan=0.350 inside=20 crossed=20 gate=1.897 prop=-1.1513 work=41.52/42.00
t=27.0 q=0.37937 tip=8.007 pan=0.349 inside=20 crossed=20 gate=1.897 prop=-1.1513 work=41.52/42.00
t=28.0 q=0.37903 tip=8.000 pan=0.351 inside=20 crossed=20 gate=1.897 prop=-1.1513 work=41.52/42.00
t=29.0 q=0.37916 tip=8.003 pan=0.350 inside=20 crossed=20 gate=1.897 prop=-1.1513 work=41.52/42.00
t=30.0 q=0.37921 tip=8.004 pan=0.350 inside=20 crossed=20 gate=1.897 prop=-1.1513 work=41.52/42.00
t=31.0 q=0.37917 tip=8.003 pan=0.350 inside=20 crossed=20 gate=1.897 prop=-1.1513 work=41.52/42.00
t=32.0 q=0.37917 tip=8.003 pan=0.350 inside=20 crossed=20 gate=1.897 prop=-1.1513 work=41.52/42.00
t=33.0 q=0.37917 tip=8.003 pan=0.350 inside=20 crossed=20 gate=1.897 prop=-1.1513 work=41.52/42.00
t=34.0 q=0.37917 tip=8.003 pan=0.350 inside=20 crossed=20 gate=1.897 prop=-1.1513 work=41.52/42.00
t=35.0 q=0.37917 tip=8.003 pan=0.350 inside=20 crossed=20 gate=1.897 prop=-1.1513 work=41.52/42.00
t=36.0 q=0.37917 tip=8.003 pan=0.350 inside=20 crossed=20 gate=1.897 prop=-1.1513 work=41.52/42.00
t=37.0 q=0.37917 tip=8.003 pan=0.350 inside=20 crossed=20 gate=1.897 prop=-1.1513 work=41.52/42.00
t=38.0 q=0.37917 tip=8.003 pan=0.350 inside=20 crossed=20 gate=1.897 prop=-1.1513 work=41.52/42.00
t=39.0 q=0.37917 tip=8.003 pan=0.350 inside=20 crossed=20 gate=1.897 prop=-1.1513 work=41.52/42.00
t=40.0 q=0.37917 tip=8.003 pan=0.350 inside=20 crossed=20 gate=1.897 prop=-1.1513 work=41.52/42.00
t=41.0 q=0.37917 tip=8.003 pan=0.350 inside=20 crossed=20 gate=1.897 prop=-1.1513 work=41.52/42.00
t=42.0 q=0.37917 tip=8.003 pan=0.350 inside=20 crossed=20 gate=1.897 prop=-1.1513 work=41.52/42.00
t=43.0 q=0.37917 tip=8.003 pan=0.350 inside=20 crossed=20 gate=1.897 prop=-1.1513 work=41.52/42.00
t=44.0 q=0.37917 tip=8.003 pan=0.350 inside=20 crossed=20 gate=1.897 prop=-1.1513 work=41.52/42.00
RESULT {"hz":360,"mode":0,"all_loaded_s":8.488889,"bridge_deadcentre_s":14.363889,"pan_y_before_release":2.400057,"tip_end":8.003036,"tip_max":8.015010,"retained_min_after_release":20,"hinge_drift_max":0.000429618,"pan_pitch_max":0.001535525,"rack_work_J":41.520023,"bridge_work_J":42.000031,"rack_stroke_m":0.276800,"bridge_stroke_m":0.280175,"plastic_work_J":40743.030901,"hinge_friction_work_J":1391.914418,"max_penetration":0.458700,"mechanical_release_J":161060.525996,"kinetic_end_J":0.000000}
PIPE pipe_0 4.3496 0.6534 -86.1687 speed 0.000000
PIPE pipe_1 4.3433 0.6948 -85.3815 speed 0.000000
PIPE pipe_2 4.3438 0.7364 -84.5902 speed 0.000000
PIPE pipe_3 4.3460 0.7783 -83.7902 speed 0.000000
PIPE pipe_4 4.3443 0.8202 -82.9923 speed 0.000000
PIPE pipe_5 5.4540 0.6535 -86.1686 speed 0.000000
PIPE pipe_6 5.4710 0.6951 -85.3749 speed 0.000000
PIPE pipe_7 5.4481 0.7371 -84.5759 speed 0.000000
PIPE pipe_8 5.4581 0.7788 -83.7812 speed 0.000000
PIPE pipe_9 5.4535 0.8206 -82.9849 speed 0.000000
PIPE pipe_10 6.5524 0.6535 -86.1687 speed 0.000000
PIPE pipe_11 6.5362 0.6950 -85.3781 speed 0.000000
PIPE pipe_12 6.5448 0.7369 -84.5792 speed 0.000000
PIPE pipe_13 6.5238 0.7789 -83.7788 speed 0.000000
PIPE pipe_14 6.5340 0.8208 -82.9807 speed 0.000000
PIPE pipe_15 7.6545 0.6535 -86.1687 speed 0.000000
PIPE pipe_16 7.6442 0.6950 -85.3778 speed 0.000000
PIPE pipe_17 7.6345 0.7365 -84.5864 speed 0.000000
PIPE pipe_18 7.6647 0.7783 -83.7914 speed 0.000000
PIPE pipe_19 7.6341 0.8202 -82.9927 speed 0.000000
