SAMPLE 0.0111111111111 -0.362811569434 5.99924755096
SAMPLE 0.111111111111 -19.2155131113 5.97045278549
SAMPLE 0.211111111111 -14.2893712203 5.98167085648
SAMPLE 0.311111111111 -14.4870477735 5.98300123215
SAMPLE 0.411111111111 -13.6746946574 5.98449516296
SAMPLE 0.511111111111 -13.3583842258 5.98543214798
SAMPLE 0.611111111111 -13.3445232821 5.98588705063
SAMPLE 0.711111111111 -13.3349784951 5.98624134064
SAMPLE 0.811111111111 -13.1954564114 5.98664665222
SAMPLE 0.911111111111 -12.9983287596 5.98706626892
SAMPLE 1.01111111111 -12.8039765683 5.98742580414
SAMPLE 1.11111111111 -12.6177313485 5.98774623871
SAMPLE 1.21111111111 -12.4273461451 5.98804092407
SAMPLE 1.31111111111 -12.244131462 5.98831272125
SAMPLE 1.41111111111 -12.0498698918 5.98855876923
SAMPLE 1.51111111111 -11.8570503674 5.98880577087
SAMPLE 1.61111111111 -11.6721178029 5.98903512955
SAMPLE 1.71111111111 -11.4984661422 5.98924446106
SAMPLE 1.81111111111 -11.3199228836 5.98945093155
SAMPLE 1.91111111111 -11.1313765855 5.98965454102
SAMPLE 2.01111111111 -10.9527371429 5.98985528946
SAMPLE 2.11111111111 -10.7867389035 5.99004173279
SAMPLE 2.21111111111 -10.6201635651 5.99022340775
SAMPLE 2.31111111111 -10.448710372 5.99040222168
SAMPLE 2.41111111111 -10.2752373344 5.99058151245
SAMPLE 2.51111111111 -10.1045673463 5.99076032639
SAMPLE 2.61111111111 -9.93378743494 5.99093532562
SAMPLE 2.71111111111 -9.76138615019 5.9911031723
SAMPLE 2.81111111111 -9.58673143333 5.9912648201
SAMPLE 2.91111111111 -9.41596526271 5.99141836166
SAMPLE 3.01111111111 -9.25922807951 5.99156713486
SAMPLE 3.11111111111 -9.11121607566 5.99171161652
SAMPLE 3.21111111111 -8.96727123975 5.9918513298
SAMPLE 3.31111111111 -8.82320273705 5.99199008942
SAMPLE 3.41111111111 -8.6824731647 5.99212741852
SAMPLE 3.51111111111 -8.5453848093 5.99226474762
SAMPLE 3.61111111111 -8.41294019748 5.9923787117
SAMPLE 3.71111111111 -8.27911951999 5.99248981476
SAMPLE 3.81111111111 -8.14413391138 5.99260568619
SAMPLE 3.91111111111 -8.0094781149 5.99271726608
SAMPLE 4.01111111111 -7.88244710059 5.99283075333
SAMPLE 4.11111111111 -7.75378255968 5.99294424057
SAMPLE 4.21111111111 -7.62832015651 5.99305772781
SAMPLE 4.31111111111 -7.50553463304 5.99312639236
SAMPLE 4.41111111111 -7.38405359425 5.99326324463
SAMPLE 4.51111111111 -7.26665498501 5.99337339401
SAMPLE 4.61111111111 -7.15013648778 5.99347686768
SAMPLE 4.71111111111 -7.03379231631 5.99358034134
SAMPLE 4.81111111111 -6.91786998159 5.99369621277
SAMPLE 4.91111111111 -6.80902965633 5.99379682541
SAMPLE 5.01111111111 -6.70717400388 5.99390697479
SAMPLE 5.11111111111 -6.60872444432 5.99400949478
SAMPLE 5.21111111111 -6.50961405521 5.99409723282
SAMPLE 5.31111111111 -6.41109546765 5.99419927597
SAMPLE 5.41111111111 -6.31197054671 5.99427080154
SAMPLE 5.51111111111 -6.21532160369 5.99437761307
SAMPLE 5.61111111111 -6.11990705067 5.9944562912
SAMPLE 5.71111111111 -6.02531835083 5.9945435524
SAMPLE 5.81111111111 -5.92987740393 5.99462842941
SAMPLE 5.91111111111 -5.83236120635 5.99471950531
SAMPLE 6.01111111111 -5.73626010986 5.9947886467
SAMPLE 6.11111111111 -5.64030769899 5.99487161636
SAMPLE 6.21111111111 -5.54349653215 5.9949555397
SAMPLE 6.31111111111 -5.45184635597 5.99501562119
SAMPLE 6.41111111111 -5.3696660975 5.99512624741
SAMPLE 6.51111111111 -5.29306131231 5.99519205093
SAMPLE 6.61111111111 -5.21329897319 5.9952712059
SAMPLE 6.71111111111 -5.13386625062 5.99534511566
SAMPLE 6.81111111111 -5.04816544975 5.99539852142
SAMPLE 6.91111111111 -4.96384141959 5.99548625946
SAMPLE 7.01111111111 -4.88317190968 5.99555921555
SAMPLE 7.11111111111 -4.80414990716 5.99563217163
SAMPLE 7.21111111111 -4.72607762419 5.99569320679
SAMPLE 7.31111111111 -4.64996902108 5.99576568604
SAMPLE 7.41111111111 -4.5742718024 5.99582052231
SAMPLE 7.51111111111 -4.50256945217 5.99585485458
SAMPLE 7.61111111111 -4.43208584741 5.9959359169
SAMPLE 7.71111111111 -4.35990838701 5.99599552155
SAMPLE 7.81111111111 -4.28848508396 5.99604225159
SAMPLE 7.91111111111 -4.21953408089 5.99610090256
SAMPLE 8.01111111111 -4.15518872996 5.99615478516
SAMPLE 8.11111111111 -4.0973280695 5.99620962143
SAMPLE 8.21111111111 -4.04147602951 5.99622106552
SAMPLE 8.31111111111 -3.98868304868 5.99631786346
SAMPLE 8.41111111111 -3.93782994455 5.99636459351
SAMPLE 8.51111111111 -3.88816961085 5.99640226364
SAMPLE 8.61111111111 -3.83770259673 5.99644708633
SAMPLE 8.71111111111 -3.78712312347 5.99648475647
SAMPLE 8.81111111111 -3.73562321781 5.9965338707
SAMPLE 8.91111111111 -3.68294256293 5.99657487869
SAMPLE 9.01111111111 -3.62887575697 5.99661684036
SAMPLE 9.11111111111 -3.57156341022 5.99666547775
SAMPLE 9.21111111111 -3.51934854158 5.99668884277
SAMPLE 9.31111111111 -3.46691703245 5.99673938751
SAMPLE 9.41111111111 -3.41404403459 5.99678564072
SAMPLE 9.51111111111 -3.36186917731 5.9968214035
SAMPLE 9.61111111111 -3.30991878975 5.99688053131
SAMPLE 9.71111111111 -3.26214177799 5.99690341949
SAMPLE 9.81111111111 -3.21288477595 5.99691772461
SAMPLE 9.91111111111 -3.16962654757 5.99698114395
SAMPLE 10.0111111111 -3.12487657023 5.99703216553
SAMPLE 10.1111111111 -3.08250122882 5.99707746506
SAMPLE 10.2111111111 -3.04097695793 5.99711322784
SAMPLE 10.3111111111 -3.00042854526 5.99714708328
SAMPLE 10.4111111111 -2.95915302811 5.99719810486
SAMPLE 10.5111111111 -2.92052863539 5.99723386765
SAMPLE 10.6111111111 -2.88539331014 5.99726295471
SAMPLE 10.7111111111 -2.85172986159 5.99730205536
SAMPLE 10.8111111111 -2.82510082875 5.99732685089
SAMPLE 10.9111111111 -2.80308668867 5.99734687805
SAMPLE 11.0111111111 -2.77851745914 5.99737787247
SAMPLE 11.1111111111 -2.75789291452 5.99740695953
SAMPLE 11.2111111111 -2.73922199292 5.99744319916
SAMPLE 11.3111111111 -2.72469511448 5.9974732399
SAMPLE 11.4111111111 -2.71780163611 5.99748754501
SAMPLE 11.5111111111 -2.699170346 5.99753522873
SAMPLE 11.6111111111 -2.68834282069 5.99750804901
SAMPLE 11.7111111111 -2.68144501762 5.9975643158
SAMPLE 11.8111111111 -2.66314275304 5.99760770798
SAMPLE 11.9111111111 -2.64606199887 5.99763679504
SAMPLE 12.0111111111 -2.63310407624 5.99765729904
SAMPLE 12.1111111111 -2.62170124212 5.99766492844
SAMPLE 12.2111111111 -2.60841394152 5.99769687653
SAMPLE 12.3111111111 -2.58759726732 5.99768972397
SAMPLE 12.4111111111 -2.56936361591 5.99776411057
SAMPLE 12.5111111111 -2.54851953441 5.997797966
SAMPLE 12.6111111111 -2.5278110059 5.99782085419
SAMPLE 12.7111111111 -2.51034046656 5.99781036377
SAMPLE 12.8111111111 -2.49570130715 5.99784755707
SAMPLE 12.9111111111 -2.47741218404 5.9978723526
SAMPLE 13.0111111111 -2.44984970321 5.99791431427
SAMPLE 13.1111111111 -2.42529535468 5.99794530869
SAMPLE 13.2111111111 -2.39972503005 5.99796867371
SAMPLE 13.3111111111 -2.37406211843 5.9979763031
SAMPLE 13.4111111111 -2.35248459748 5.99800157547
SAMPLE 13.5111111111 -2.33139014543 5.99803161621
SAMPLE 13.6111111111 -2.30468102623 5.99806022644
SAMPLE 13.7111111111 -2.27839435159 5.99807405472
SAMPLE 13.8111111111 -2.25628149754 5.99810838699
SAMPLE 13.9111111111 -2.23313533756 5.99812841415
SAMPLE 14.0111111111 -2.20969307007 5.99810361862
SAMPLE 14.1111111111 -2.18549656999 5.99812507629
SAMPLE 14.2111111111 -2.16476084724 5.99817562103
SAMPLE 14.3111111111 -2.14530652129 5.99819946289
SAMPLE 14.4111111111 -2.11601194479 5.9982419014
SAMPLE 14.5111111111 -2.08524660813 5.99827241898
SAMPLE 14.6111111111 -2.06070640645 5.99828720093
SAMPLE 14.7111111111 -2.02904860977 5.99831962585
SAMPLE 14.8111111111 -2.00146946363 5.99832057953
SAMPLE 14.9111111111 -1.96764298198 5.99836826324
SAMPLE 15.0111111111 -1.93433577641 5.99839735031
SAMPLE 15.1111111111 -1.90368044623 5.99841070175
SAMPLE 15.2111111111 -1.86835919168 5.99839687347
SAMPLE 15.3111111111 -1.83633861258 5.99846124649
SAMPLE 15.4111111111 -1.80021550609 5.99849939346
SAMPLE 15.5111111111 -1.76420165016 5.99852466583
SAMPLE 15.6111111111 -1.72734986418 5.99855327606
SAMPLE 15.7111111111 -1.69001699336 5.99858045578
SAMPLE 15.8111111111 -1.65136512452 5.99860906601
SAMPLE 15.9111111111 -1.61297472397 5.99863672256
RESULT {"h":0.0111111111111,"call":"Update(float(h),4)","ticks":1440,"substep_callbacks":5760,"velocity_iterations":64,"position_iterations":8,"rung_mass":2.93738921285,"min_initial_span":0.39999961853,"max_initial_span":0.400001525879,"max_speed":0.580201506615,"max_stretch":0.00259494781494,"max_kinetic_j":8.60107445263,"initial_energy_j":30775.2617741,"final_energy_j":30773.6815054,"final_energy_delta_j":-1.58026877573,"max_abs_energy_delta_j":19.2155131113,"min_signed_energy_delta_j":-19.2155131113,"max_signed_energy_delta_j":0,"contacts_added":0,"contacts_persisted":0,"update_errors":0,"added_force_calls":0}
