SAMPLE 0.00277777777778 -0.0234344400997 5.99995279312
SAMPLE 0.102777777778 -0.671873661369 5.99929428101
SAMPLE 0.202777777778 -0.660708565501 5.99933433533
SAMPLE 0.302777777778 -0.671219728025 5.99932336807
SAMPLE 0.402777777778 -0.670863163057 5.99932336807
SAMPLE 0.502777777778 -0.670052470512 5.99932432175
SAMPLE 0.602777777778 -0.669571570186 5.99932670593
SAMPLE 0.702777777778 -0.669406685087 5.99932670593
SAMPLE 0.802777777778 -0.669433891235 5.99932479858
SAMPLE 0.902777777778 -0.669434165266 5.99932479858
SAMPLE 1.00277777778 -0.669434165964 5.99932479858
SAMPLE 1.10277777778 -0.669434165964 5.99932479858
SAMPLE 1.20277777778 -0.669434165968 5.99932479858
SAMPLE 1.30277777778 -0.669434165968 5.99932479858
SAMPLE 1.40277777778 -0.669434165968 5.99932479858
SAMPLE 1.50277777778 -0.66943416596 5.99932479858
SAMPLE 1.60277777778 -0.669434165957 5.99932479858
SAMPLE 1.70277777778 -0.66943416596 5.99932479858
SAMPLE 1.80277777778 -0.669434165953 5.99932479858
SAMPLE 1.90277777778 -0.669434165946 5.99932479858
SAMPLE 2.00277777778 -0.669434165939 5.99932479858
SAMPLE 2.10277777778 -0.669434165931 5.99932479858
SAMPLE 2.20277777778 -0.66943416592 5.99932479858
SAMPLE 2.30277777778 -0.669434165902 5.99932479858
SAMPLE 2.40277777778 -0.66943416588 5.99932479858
SAMPLE 2.50277777778 -0.669434165866 5.99932479858
SAMPLE 2.60277777778 -0.66943416584 5.99932479858
SAMPLE 2.70277777778 -0.669434165815 5.99932479858
SAMPLE 2.80277777778 -0.669434165789 5.99932479858
SAMPLE 2.90277777778 -0.669434165749 5.99932479858
SAMPLE 3.00277777778 -0.669434165713 5.99932479858
SAMPLE 3.10277777778 -0.669434165669 5.99932479858
SAMPLE 3.20277777778 -0.669434165615 5.99932479858
SAMPLE 3.30277777778 -0.669434165557 5.99932479858
SAMPLE 3.40277777778 -0.669434165495 5.99932479858
SAMPLE 3.50277777778 -0.669434165429 5.99932479858
SAMPLE 3.60277777778 -0.669434165349 5.99932479858
SAMPLE 3.70277777778 -0.669434165266 5.99932479858
SAMPLE 3.80277777778 -0.669434165175 5.99932479858
SAMPLE 3.90277777778 -0.669434165069 5.99932479858
SAMPLE 4.00277777778 -0.669434164956 5.99932479858
SAMPLE 4.10277777778 -0.669434164844 5.99932479858
SAMPLE 4.20277777778 -0.669434164716 5.99932479858
SAMPLE 4.30277777778 -0.669434164585 5.99932479858
SAMPLE 4.40277777778 -0.66943416444 5.99932479858
SAMPLE 4.50277777778 -0.669434164283 5.99932479858
SAMPLE 4.60277777778 -0.669434164131 5.99932479858
SAMPLE 4.70277777778 -0.669434163952 5.99932479858
SAMPLE 4.80277777778 -0.669434163763 5.99932479858
SAMPLE 4.90277777778 -0.66943416357 5.99932479858
SAMPLE 5.00277777778 -0.669434163377 5.99932479858
SAMPLE 5.10277777778 -0.669434163163 5.99932479858
SAMPLE 5.20277777778 -0.669434162941 5.99932479858
SAMPLE 5.30277777778 -0.669434162704 5.99932479858
SAMPLE 5.40277777778 -0.669434162457 5.99932479858
SAMPLE 5.50277777778 -0.669434162191 5.99932479858
SAMPLE 5.60277777778 -0.669434161933 5.99932479858
SAMPLE 5.70277777778 -0.669434161657 5.99932479858
SAMPLE 5.80277777778 -0.669434161369 5.99932479858
SAMPLE 5.90277777778 -0.669434161053 5.99932479858
SAMPLE 6.00277777778 -0.669434160736 5.99932479858
SAMPLE 6.10277777778 -0.669434160409 5.99932479858
SAMPLE 6.20277777778 -0.669434160071 5.99932479858
SAMPLE 6.30277777778 -0.669434159699 5.99932479858
SAMPLE 6.40277777778 -0.669434159328 5.99932479858
SAMPLE 6.50277777778 -0.66943415895 5.99932479858
SAMPLE 6.60277777778 -0.669434158553 5.99932479858
SAMPLE 6.70277777778 -0.669434158131 5.99932479858
SAMPLE 6.80277777778 -0.669434157699 5.99932479858
SAMPLE 6.90277777778 -0.669434157251 5.99932479858
SAMPLE 7.00277777778 -0.669434156796 5.99932479858
SAMPLE 7.10277777778 -0.669434156305 5.99932479858
SAMPLE 7.20277777778 -0.669434155818 5.99932479858
SAMPLE 7.30277777778 -0.669434155312 5.99932479858
SAMPLE 7.40277777778 -0.669434154777 5.99932479858
SAMPLE 7.50277777778 -0.669434154239 5.99932479858
SAMPLE 7.60277777778 -0.669434153671 5.99932479858
SAMPLE 7.70277777778 -0.6694341531 5.99932479858
SAMPLE 7.80277777778 -0.669434152514 5.99932479858
SAMPLE 7.90277777778 -0.669434151914 5.99932479858
SAMPLE 8.00277777778 -0.669434151288 5.99932479858
SAMPLE 8.10277777778 -0.669434150634 5.99932479858
SAMPLE 8.20277777778 -0.669434149979 5.99932479858
SAMPLE 8.30277777778 -0.669434149313 5.99932479858
SAMPLE 8.40277777778 -0.669434148615 5.99932479858
SAMPLE 8.50277777778 -0.669434147909 5.99932479858
SAMPLE 8.60277777778 -0.669434147181 5.99932479858
SAMPLE 8.70277777778 -0.669434146435 5.99932479858
SAMPLE 8.80277777778 -0.669434145671 5.99932479858
SAMPLE 8.90277777778 -0.669434144867 5.99932479858
SAMPLE 9.00277777778 -0.66943414406 5.99932479858
SAMPLE 9.10277777778 -0.669434143256 5.99932479858
SAMPLE 9.20277777778 -0.669434142401 5.99932479858
SAMPLE 9.30277777778 -0.669434141528 5.99932479858
SAMPLE 9.40277777778 -0.669434140629 5.99932479858
SAMPLE 9.50277777778 -0.669434139734 5.99932479858
SAMPLE 9.60277777778 -0.669434138814 5.99932479858
SAMPLE 9.70277777778 -0.66943413785 5.99932479858
SAMPLE 9.80277777778 -0.669434136871 5.99932479858
SAMPLE 9.90277777778 -0.669434135874 5.99932479858
SAMPLE 10.0027777778 -0.669434134856 5.99932479858
SAMPLE 10.1027777778 -0.669434133786 5.99932479858
SAMPLE 10.2027777778 -0.669434132717 5.99932479858
SAMPLE 10.3027777778 -0.669434131596 5.99932479858
SAMPLE 10.4027777778 -0.669434130479 5.99932479858
SAMPLE 10.5027777778 -0.669434129322 5.99932479858
SAMPLE 10.6027777778 -0.669434128162 5.99932479858
SAMPLE 10.7027777778 -0.66943412695 5.99932479858
SAMPLE 10.8027777778 -0.669434125706 5.99932479858
SAMPLE 10.9027777778 -0.669434124462 5.99932479858
SAMPLE 11.0027777778 -0.669434123174 5.99932479858
SAMPLE 11.1027777778 -0.669434121857 5.99932479858
SAMPLE 11.2027777778 -0.669434120518 5.99932479858
SAMPLE 11.3027777778 -0.669434119143 5.99932479858
SAMPLE 11.4027777778 -0.669434117761 5.99932479858
SAMPLE 11.5027777778 -0.669434116346 5.99932479858
SAMPLE 11.6027777778 -0.669434114912 5.99932479858
SAMPLE 11.7027777778 -0.669434113432 5.99932479858
SAMPLE 11.8027777778 -0.669434111918 5.99932479858
SAMPLE 11.9027777778 -0.669434110394 5.99932479858
SAMPLE 12.0027777778 -0.66943410883 5.99932479858
SAMPLE 12.1027777778 -0.669434107251 5.99932479858
SAMPLE 12.2027777778 -0.669434105639 5.99932479858
SAMPLE 12.3027777778 -0.669434104002 5.99932479858
SAMPLE 12.4027777778 -0.669434102332 5.99932479858
SAMPLE 12.5027777778 -0.669434100644 5.99932479858
SAMPLE 12.6027777778 -0.669434098909 5.99932479858
SAMPLE 12.7027777778 -0.669434097152 5.99932479858
SAMPLE 12.8027777778 -0.669434095347 5.99932479858
SAMPLE 12.9027777778 -0.669434093543 5.99932479858
SAMPLE 13.0027777778 -0.669434091691 5.99932479858
SAMPLE 13.1027777778 -0.669434089807 5.99932479858
SAMPLE 13.2027777778 -0.669434087897 5.99932479858
SAMPLE 13.3027777778 -0.669434085936 5.99932479858
SAMPLE 13.4027777778 -0.669434083968 5.99932479858
SAMPLE 13.5027777778 -0.669434081938 5.99932479858
SAMPLE 13.6027777778 -0.669434079882 5.99932479858
SAMPLE 13.7027777778 -0.66943407779 5.99932479858
SAMPLE 13.8027777778 -0.669434075651 5.99932479858
SAMPLE 13.9027777778 -0.669434073498 5.99932479858
SAMPLE 14.0027777778 -0.669434071304 5.99932479858
SAMPLE 14.1027777778 -0.669434069085 5.99932479858
SAMPLE 14.2027777778 -0.669434066815 5.99932479858
SAMPLE 14.3027777778 -0.66943406453 5.99932479858
SAMPLE 14.4027777778 -0.669434062198 5.99932479858
SAMPLE 14.5027777778 -0.669434059837 5.99932479858
SAMPLE 14.6027777778 -0.669434057443 5.99932479858
SAMPLE 14.7027777778 -0.669434055028 5.99932479858
SAMPLE 14.8027777778 -0.669434052561 5.99932479858
SAMPLE 14.9027777778 -0.669434050054 5.99932479858
SAMPLE 15.0027777778 -0.669434047541 5.99932479858
SAMPLE 15.1027777778 -0.669434044943 5.99932479858
SAMPLE 15.2027777778 -0.669434042335 5.99932479858
SAMPLE 15.3027777778 -0.669434039672 5.99932479858
SAMPLE 15.4027777778 -0.669434036972 5.99932479858
SAMPLE 15.5027777778 -0.669434034226 5.99932479858
SAMPLE 15.6027777778 -0.669434031453 5.99932479858
SAMPLE 15.7027777778 -0.669434028638 5.99932479858
SAMPLE 15.8027777778 -0.669434025749 5.99932479858
SAMPLE 15.9027777778 -0.669434022831 5.99932479858
RESULT {"h":0.00277777777778,"call":"Update(float(h),4)","ticks":5760,"substep_callbacks":23040,"velocity_iterations":64,"position_iterations":8,"rung_mass":2.93738921285,"min_initial_span":0.39999961853,"max_initial_span":0.400001525879,"max_speed":0.121916972101,"max_stretch":0.000157356262207,"max_kinetic_j":0.35260452808,"initial_energy_j":30775.2617741,"final_energy_j":30774.5923401,"final_energy_delta_j":-0.669434019936,"max_abs_energy_delta_j":1.0286666449,"min_signed_energy_delta_j":-1.0286666449,"max_signed_energy_delta_j":0,"contacts_added":0,"contacts_persisted":0,"update_errors":0,"added_force_calls":0}
