Godot Engine v4.7.stable.official.5b4e0cb0f - https://godotengine.org
WARNING: Started the engine as `root`/superuser. This is a security risk, and subsystems like audio may not work correctly.
Set the environment variable `GODOT_SILENCE_ROOT_WARNING` to 1 to silence this warning.
     at: setup2 (main/main.cpp:3577)

ERROR: RECORDED_FOOTSTEPS: step_concrete variant 0 is not 16-bit PCM
   at: push_error (core/variant/variant_utility.cpp:1023)
   GDScript backtrace (most recent call first):
       [0] _fail (res://tests/recorded_footsteps_test.gd:53)
       [1] _run (res://tests/recorded_footsteps_test.gd:33)
ERROR: RECORDED_FOOTSTEPS: step_concrete variant 1 is not 16-bit PCM
   at: push_error (core/variant/variant_utility.cpp:1023)
   GDScript backtrace (most recent call first):
       [0] _fail (res://tests/recorded_footsteps_test.gd:53)
       [1] _run (res://tests/recorded_footsteps_test.gd:33)
ERROR: RECORDED_FOOTSTEPS: step_concrete variant 2 is not 16-bit PCM
   at: push_error (core/variant/variant_utility.cpp:1023)
   GDScript backtrace (most recent call first):
       [0] _fail (res://tests/recorded_footsteps_test.gd:53)
       [1] _run (res://tests/recorded_footsteps_test.gd:33)
ERROR: RECORDED_FOOTSTEPS: step_concrete variant 3 is not 16-bit PCM
   at: push_error (core/variant/variant_utility.cpp:1023)
   GDScript backtrace (most recent call first):
       [0] _fail (res://tests/recorded_footsteps_test.gd:53)
       [1] _run (res://tests/recorded_footsteps_test.gd:33)
ERROR: RECORDED_FOOTSTEPS: step_metal variant 0 is not 16-bit PCM
   at: push_error (core/variant/variant_utility.cpp:1023)
   GDScript backtrace (most recent call first):
       [0] _fail (res://tests/recorded_footsteps_test.gd:53)
       [1] _run (res://tests/recorded_footsteps_test.gd:33)
ERROR: RECORDED_FOOTSTEPS: step_metal variant 1 is not 16-bit PCM
   at: push_error (core/variant/variant_utility.cpp:1023)
   GDScript backtrace (most recent call first):
       [0] _fail (res://tests/recorded_footsteps_test.gd:53)
       [1] _run (res://tests/recorded_footsteps_test.gd:33)
ERROR: RECORDED_FOOTSTEPS: step_metal variant 2 is not 16-bit PCM
   at: push_error (core/variant/variant_utility.cpp:1023)
   GDScript backtrace (most recent call first):
       [0] _fail (res://tests/recorded_footsteps_test.gd:53)
       [1] _run (res://tests/recorded_footsteps_test.gd:33)
ERROR: RECORDED_FOOTSTEPS: step_metal variant 3 is not 16-bit PCM
   at: push_error (core/variant/variant_utility.cpp:1023)
   GDScript backtrace (most recent call first):
       [0] _fail (res://tests/recorded_footsteps_test.gd:53)
       [1] _run (res://tests/recorded_footsteps_test.gd:33)
ERROR: RECORDED_FOOTSTEPS: step_earth variant 0 is not 16-bit PCM
   at: push_error (core/variant/variant_utility.cpp:1023)
   GDScript backtrace (most recent call first):
       [0] _fail (res://tests/recorded_footsteps_test.gd:53)
       [1] _run (res://tests/recorded_footsteps_test.gd:33)
ERROR: RECORDED_FOOTSTEPS: step_earth variant 1 is not 16-bit PCM
   at: push_error (core/variant/variant_utility.cpp:1023)
   GDScript backtrace (most recent call first):
       [0] _fail (res://tests/recorded_footsteps_test.gd:53)
       [1] _run (res://tests/recorded_footsteps_test.gd:33)
ERROR: RECORDED_FOOTSTEPS: step_earth variant 2 is not 16-bit PCM
   at: push_error (core/variant/variant_utility.cpp:1023)
   GDScript backtrace (most recent call first):
       [0] _fail (res://tests/recorded_footsteps_test.gd:53)
       [1] _run (res://tests/recorded_footsteps_test.gd:33)
ERROR: RECORDED_FOOTSTEPS: step_earth variant 3 is not 16-bit PCM
   at: push_error (core/variant/variant_utility.cpp:1023)
   GDScript backtrace (most recent call first):
       [0] _fail (res://tests/recorded_footsteps_test.gd:53)
       [1] _run (res://tests/recorded_footsteps_test.gd:33)
RECORDED_FOOTSTEPS FAIL failures=12
