PIPE_SERVICE_CSV_HEADER,phase,event,tick,x,y,z,vx,vy,vz,grounded,support,traversal,traversal_support,grip_available,grip_entity,swinging,hands,gravity,deaths,landings,impact_mps,jump_work_j,hand_positive_work_j,firm_footing,balance,crouch,left_hand_x,left_hand_y,left_hand_z,right_hand_x,right_hand_y,right_hand_z,left_generation,right_generation,foot_transfer_count,foot_transfer_support,foot_transfer_peak_n
PIPE_SERVICE_CSV,entry440,tick,90,-20.000000,441.149994,-142.000000,0.000000,0.000000,0.000000,1,51,0,0,0,0,0,0,1.000000,0,1,0.027250,0.000000,0.000000,1,0,0,0.000000,0.000000,0.000000,0.000000,0.000000,0.000000,0,0,0,0,0.000000
PIPE_SERVICE_CSV,entry440,stable,135,-20.000000,441.149994,-142.000000,0.000000,0.000000,0.000000,1,51,0,0,0,0,0,0,1.000000,0,1,0.027250,0.000000,0.000000,1,0,0,0.000000,0.000000,0.000000,0.000000,0.000000,0.000000,0,0,0,0,0.000000
PIPE_SERVICE_CSV,north440_band,begin,135,-20.000000,441.149994,-142.000000,0.000000,0.000000,0.000000,1,51,0,0,0,0,0,0,1.000000,0,1,0.027250,0.000000,0.000000,1,0,0,0.000000,0.000000,0.000000,0.000000,0.000000,0.000000,0,0,0,0,0.000000
PIPE_SERVICE_CSV,north440_band,tick,180,-20.000000,441.149994,-140.951904,0.000000,0.000000,4.169257,1,51,0,0,0,0,0,0,1.000000,0,1,0.027250,0.000000,0.000000,1,0,0,0.000000,0.000000,0.000000,0.000000,0.000000,0.000000,0,0,0,0,0.000000
PIPE_SERVICE_CSV,north440_band,tick,270,-20.000000,441.149994,-135.567032,0.000000,0.000000,5.500001,1,51,0,0,0,0,0,0,1.000000,0,1,0.027250,0.000000,0.000000,1,0,0,0.000000,0.000000,0.000000,0.000000,0.000000,0.000000,0,0,0,0,0.000000
PIPE_SERVICE_CSV,north440_band,tick,360,-20.000000,441.149994,-130.297440,0.000000,0.000000,3.554356,1,51,0,0,0,0,0,0,1.000000,0,1,0.027250,0.000000,0.000000,1,0,0,0.000000,0.000000,0.000000,0.000000,0.000000,0.000000,0,0,0,0,0.000000
PIPE_SERVICE_CSV,north440_band,tick,450,-20.000000,441.149994,-129.959259,0.000000,0.000000,-0.275542,1,51,0,0,0,0,0,0,1.000000,0,1,0.027250,0.000000,0.000000,1,0,0,0.000000,0.000000,0.000000,0.000000,0.000000,0.000000,0,0,0,0,0.000000
PIPE_SERVICE_CSV,north440_band,arrived,464,-20.000000,441.149994,-129.994949,0.000000,0.000000,-0.124905,1,51,0,0,0,0,0,0,1.000000,0,1,0.027250,0.000000,0.000000,1,0,0,0.000000,0.000000,0.000000,0.000000,0.000000,0.000000,0,0,0,0,0.000000
PIPE_SERVICE_CSV,north440_toe_approach,begin,464,-20.000000,441.149994,-129.994949,0.000000,0.000000,-0.124905,1,51,0,0,0,0,0,0,1.000000,0,1,0.027250,0.000000,0.000000,1,0,0,0.000000,0.000000,0.000000,0.000000,0.000000,0.000000,0,0,0,0,0.000000
PIPE_SERVICE_CSV,north440_toe_approach,tick,540,-17.172995,441.149994,-129.988846,5.499222,0.000000,0.092499,1,51,0,0,0,0,0,0,1.000000,0,1,0.027250,0.000000,0.000000,1,0,0,0.000000,0.000000,0.000000,0.000000,0.000000,0.000000,0,0,0,0,0.000000
PIPE_SERVICE_CSV,north440_toe_approach,tick,630,-11.673651,441.149994,-129.895462,5.499229,0.000000,0.092085,1,51,0,0,0,0,0,0,1.000000,0,1,0.027250,0.000000,0.000000,1,0,0,0.000000,0.000000,0.000000,0.000000,0.000000,0.000000,0,0,0,0,0.000000
PIPE_SERVICE_CSV,north440_toe_approach,tick,720,-6.174364,441.149994,-129.802078,5.499249,0.000000,0.090938,1,51,0,0,0,0,0,0,1.000000,0,1,0.027250,0.000000,0.000000,1,0,0,0.000000,0.000000,0.000000,0.000000,0.000000,0.000000,0,0,0,0,0.000000
PIPE_SERVICE_CSV,north440_toe_approach,tick,810,-0.742084,441.149994,-129.712173,4.455048,0.000000,0.073570,1,51,0,0,0,0,0,0,1.000000,0,1,0.027250,0.000000,0.000000,1,0,0,0.000000,0.000000,0.000000,0.000000,0.000000,0.000000,0,0,0,0,0.000000
PIPE_SERVICE_CSV,north440_toe_approach,tick,900,0.079293,441.149994,-129.698746,-0.415954,0.000000,-0.001072,1,51,0,0,0,0,0,0,1.000000,0,1,0.027250,0.000000,0.000000,1,0,0,0.000000,0.000000,0.000000,0.000000,0.000000,0.000000,0,0,0,0,0.000000
PIPE_SERVICE_CSV,north440_toe_approach,arrived,924,0.005004,441.149994,-129.700485,-0.133155,0.000000,0.023045,1,51,0,0,0,0,0,0,1.000000,0,1,0.027250,0.000000,0.000000,1,0,0,0.000000,0.000000,0.000000,0.000000,0.000000,0.000000,0,0,0,0,0.000000
PIPE_SERVICE_CSV,lower_brace_toe440,begin,924,0.005004,441.149994,-129.700485,-0.133155,0.000000,0.023045,1,51,0,0,0,0,0,0,1.000000,0,1,0.027250,0.000000,0.000000,1,0,0,0.000000,0.000000,0.000000,0.000000,0.000000,0.000000,0,0,0,0,0.000000
PIPE_SERVICE_CSV,lower_brace_toe440,tick,990,-0.005012,441.149994,-127.922363,0.008329,0.000000,2.149704,1,51,0,0,0,0,0,0,1.000000,0,1,0.027250,0.000000,0.000000,1,0,0,0.000000,0.000000,0.000000,0.000000,0.000000,0.000000,0,0,0,0,0.000000
PIPE_SERVICE_CSV,lower_brace_toe440,arrived,1013,-0.000024,441.163239,-127.653831,0.006870,-0.003379,0.108314,1,51,0,0,0,0,0,0,1.000000,0,1,0.027250,0.000000,0.000000,1,0,0,0.000000,0.000000,0.000000,0.000000,0.000000,0.000000,0,0,0,0,0.000000
PIPE_SERVICE_CSV,lower_brace_ascent451,begin,1013,-0.000024,441.163239,-127.653831,0.006870,-0.003379,0.108314,1,51,0,0,0,0,0,0,1.000000,0,1,0.027250,0.000000,0.000000,1,0,0,0.000000,0.000000,0.000000,0.000000,0.000000,0.000000,0,0,0,0,0.000000
PIPE_SERVICE_CSV,lower_brace_ascent451,tick,1080,-0.781336,441.547546,-127.605865,-2.098118,1.032113,0.028017,1,51,0,0,0,0,0,0,1.000000,0,1,0.027250,0.000000,0.000000,1,0,0,0.000000,0.000000,0.000000,0.000000,0.000000,0.000000,0,0,0,0,0.000000
PIPE_SERVICE_CSV,lower_brace_ascent451,tick,1170,-4.287005,443.272095,-127.603897,-4.810314,2.366306,-0.011438,1,51,0,0,0,0,0,0,1.000000,0,1,0.027250,0.000000,0.000000,1,0,0,0.000000,0.000000,0.000000,0.000000,0.000000,0.000000,0,0,0,0,0.000000
PIPE_SERVICE_CSV,lower_brace_ascent451,tick,1260,-9.649272,445.908264,-127.615158,-5.499987,2.705572,-0.012361,1,51,0,0,0,0,0,0,1.000000,0,1,0.027250,0.000000,0.000000,1,0,0,0.000000,0.000000,0.000000,0.000000,0.000000,0.000000,0,0,0,0,0.000000
PIPE_SERVICE_CSV,lower_brace_ascent451,tick,1350,-15.149302,448.610901,-127.627533,-5.499986,2.705572,-0.012359,1,51,0,0,0,0,0,0,1.000000,0,1,0.027250,0.000000,0.000000,1,0,0,0.000000,0.000000,0.000000,0.000000,0.000000,0.000000,0,0,0,0,0.000000
PIPE_SERVICE_CSV,lower_brace_ascent451,tick,1440,-20.329052,451.156677,-127.639175,-2.909039,1.431025,-0.006531,1,51,0,0,0,0,0,0,1.000000,0,1,0.027250,0.000000,0.000000,1,0,0,0.000000,0.000000,0.000000,0.000000,0.000000,0.000000,0,0,0,0,0.000000
PIPE_SERVICE_CSV,lower_brace_ascent451,arrived,1464,-20.724009,451.350983,-127.640038,-0.082557,0.040612,-0.000208,1,51,0,0,0,0,0,0,1.000000,0,1,0.027250,0.000000,0.000000,1,0,0,0.000000,0.000000,0.000000,0.000000,0.000000,0.000000,0,0,0,0,0.000000
PIPE_SERVICE_CSV,entry451_inward_jump,begin,1464,-20.724009,451.350983,-127.640038,-0.082557,0.040612,-0.000208,1,51,0,0,0,0,0,0,1.000000,0,1,0.027250,0.000000,0.000000,1,0,0,0.000000,0.000000,0.000000,0.000000,0.000000,0.000000,0,0,0,0,0.000000
PIPE_SERVICE_CSV,entry451_inward_jump,tick,1530,-20.704901,452.740875,-129.173004,0.019565,-1.688043,-0.825783,0,0,0,0,0,0,0,0,1.000000,0,1,0.027250,1285.554943,0.000000,0,0,0,0.000000,0.000000,0.000000,0.000000,0.000000,0.000000,0,0,0,0,0.000000
PIPE_SERVICE_CSV,inward_jump_braking,begin,1555,-20.701689,451.899963,-129.309464,0.009479,-0.725098,-0.217738,1,1939,0,0,0,0,0,0,1.000000,0,2,4.413045,1285.554943,0.000000,1,0,0,0.000000,0.000000,0.000000,0.000000,0.000000,0.000000,0,0,0,0,0.000000
PIPE_SERVICE_CSV,inward_jump_braking,arrived,1575,-20.700415,451.899963,-129.352646,0.003001,0.000000,-0.136658,1,1939,0,0,0,0,0,0,1.000000,0,2,4.413045,1285.554943,0.000000,1,1,0,0.000000,0.000000,0.000000,0.000000,0.000000,0.000000,0,0,0,0,0.000000
PIPE_SERVICE_CSV,inward_jump_braking,tick,1620,-20.699936,451.899963,-129.375000,0.000171,0.000000,-0.007770,1,1939,0,0,0,0,0,0,1.000000,0,2,4.413045,1285.554943,0.000000,1,1,0,0.000000,0.000000,0.000000,0.000000,0.000000,0.000000,0,0,0,0,0.000000
PIPE_SERVICE_CSV,inward_jump_braking,stable,1665,-20.699936,451.899963,-129.375992,0.000010,0.000000,-0.000442,1,1939,0,0,0,0,0,0,1.000000,0,2,4.413045,1285.554943,0.000000,1,1,0,0.000000,0.000000,0.000000,0.000000,0.000000,0.000000,0,0,0,0,0.000000
PIPE_SERVICE_CSV,quick_pipe_runup,begin,1665,-20.699936,451.899963,-129.375992,0.000010,0.000000,-0.000442,1,1939,0,0,0,0,0,0,1.000000,0,2,4.413045,1285.554943,0.000000,1,1,0,0.000000,0.000000,0.000000,0.000000,0.000000,0.000000,0,0,0,0,0.000000
PIPE_SERVICE_CSV,quick_pipe_runup,tick,1710,-19.713480,451.899963,-129.375992,3.924015,0.000000,0.002543,1,1939,0,0,0,0,0,0,1.000000,0,2,4.413045,1285.554943,0.000000,1,1,0,0.000000,0.000000,0.000000,0.000000,0.000000,0.000000,0,0,0,0,0.000000
PIPE_SERVICE_CSV,quick_pipe_runup,tick,1800,-18.467766,451.899963,-129.375488,-0.140316,0.000000,0.002249,1,1939,0,0,0,0,0,0,1.000000,0,2,4.413045,1285.554943,0.000000,1,1,0,0.000000,0.000000,0.000000,0.000000,0.000000,0.000000,0,0,0,0,0.000000
PIPE_SERVICE_CSV,quick_pipe_runup,arrived,1801,-18.469273,451.899963,-129.375488,-0.132593,0.000000,0.002254,1,1939,0,0,0,0,0,0,1.000000,0,2,4.413045,1285.554943,0.000000,1,1,0,0.000000,0.000000,0.000000,0.000000,0.000000,0.000000,0,0,0,0,0.000000
PIPE_SERVICE_CSV,ordinary_walk_pipe_collision_probe,begin,1801,-18.469273,451.899963,-129.375488,-0.132593,0.000000,0.002254,1,1939,0,0,0,0,0,0,1.000000,0,2,4.413045,1285.554943,0.000000,1,1,0,0.000000,0.000000,0.000000,0.000000,0.000000,0.000000,0,0,0,0,0.000000
PIPE_SERVICE_CSV,ordinary_walk_pipe_collision_probe,tick,1890,-15.850000,451.899994,-129.375488,0.000000,-0.000000,0.000072,1,1939,0,0,0,0,0,0,1.000000,0,2,4.413045,1285.554943,0.000000,1,1,0,0.000000,0.000000,0.000000,0.000000,0.000000,0.000000,0,0,0,0,0.000000
PIPE_SERVICE_CSV,ordinary_walk_pipe_collision_probe,tick,1980,-15.850000,451.899994,-129.375488,0.000000,-0.000000,0.000017,1,1939,0,0,0,0,0,0,1.000000,0,2,4.413045,1285.554943,0.000000,1,1,0,0.000000,0.000000,0.000000,0.000000,0.000000,0.000000,0,0,0,0,0.000000
PIPE_SERVICE_CSV,ordinary_walk_pipe_collision_probe,walk_only_contact_result,1981,-15.850000,451.899994,-129.375488,0.000000,-0.000000,0.000017,1,1939,0,0,0,0,0,0,1.000000,0,2,4.413045,1285.554943,0.000000,1,1,0,0.000000,0.000000,0.000000,0.000000,0.000000,0.000000,0,0,0,0,0.000000
PIPE_WALK_PROBE,furthest_x=-15.850000,grounded=1,support=1939,vaults=0
PIPE_SERVICE_CSV,ordinary_backtrack_to_quick_runup,begin,1981,-15.850000,451.899994,-129.375488,0.000000,-0.000000,0.000017,1,1939,0,0,0,0,0,0,1.000000,0,2,4.413045,1285.554943,0.000000,1,1,0,0.000000,0.000000,0.000000,0.000000,0.000000,0.000000,0,0,0,0,0.000000
PIPE_SERVICE_CSV,ordinary_backtrack_to_quick_runup,tick,2070,-18.562939,451.899384,-129.375488,-1.835853,0.000000,0.001926,1,1939,0,0,0,0,0,0,1.000000,0,2,4.413045,1285.554943,0.000000,1,1,0,0.000000,0.000000,0.000000,0.000000,0.000000,0.000000,0,0,0,0,0.000000
PIPE_SERVICE_CSV,ordinary_backtrack_to_quick_runup,arrived,2142,-18.513731,451.899384,-129.375488,0.139118,0.000000,0.002334,1,1939,0,0,0,0,0,0,1.000000,0,2,4.413045,1285.554943,0.000000,1,1,0,0.000000,0.000000,0.000000,0.000000,0.000000,0.000000,0,0,0,0,0.000000
PIPE_SERVICE_CSV,ordinary_backtrack_to_quick_runup,tick,2160,-18.497305,451.899384,-129.375488,0.044187,0.000000,0.000741,1,1939,0,0,0,0,0,0,1.000000,0,2,4.413045,1285.554943,0.000000,1,1,0,0.000000,0.000000,0.000000,0.000000,0.000000,0.000000,0,0,0,0,0.000000
PIPE_SERVICE_CSV,ordinary_backtrack_to_quick_runup,stable,2232,-18.489733,451.899384,-129.375488,0.000450,0.000000,0.000008,1,1939,0,0,0,0,0,0,1.000000,0,2,4.413045,1285.554943,0.000000,1,1,0,0.000000,0.000000,0.000000,0.000000,0.000000,0.000000,0,0,0,0,0.000000
PIPE_SERVICE_CSV,fresh_supported_pipe_jump,begin,2232,-18.489733,451.899384,-129.375488,0.000450,0.000000,0.000008,1,1939,0,0,0,0,0,0,1.000000,0,2,4.413045,1285.554943,0.000000,1,1,0,0.000000,0.000000,0.000000,0.000000,0.000000,0.000000,0,0,0,0,0.000000
PIPE_SERVICE_CSV,fresh_supported_pipe_jump,tick,2250,-18.330500,451.899384,-129.375488,1.570050,0.000000,0.000005,1,1939,0,0,0,0,0,0,1.000000,0,2,4.413045,1285.554943,0.000000,1,1,0,0.000000,0.000000,0.000000,0.000000,0.000000,0.000000,0,0,0,0,0.000000
PIPE_SERVICE_CSV,fresh_supported_pipe_jump,jump_requested,2293,-16.698895,451.899994,-129.375488,4.962498,0.000000,0.000001,1,1939,0,0,0,0,0,0,1.000000,0,2,4.413045,1285.554943,0.000000,1,1,0,0.000000,0.000000,0.000000,0.000000,0.000000,0.000000,0,0,0,0,0.000000
PIPE_SERVICE_CSV,pipe_ballistic_crossing,begin,2293,-16.698895,451.899994,-129.375488,4.962498,0.000000,0.000001,1,1939,0,0,0,0,0,0,1.000000,0,2,4.413045,1285.554943,0.000000,1,1,0,0.000000,0.000000,0.000000,0.000000,0.000000,0.000000,0,0,0,0,0.000000
PIPE_SERVICE_CSV,pipe_ballistic_crossing,actual_pipe_crest_clearance,2320,-15.075220,453.104462,-129.375488,5.500000,2.557002,0.001026,0,0,0,0,0,0,0,0,1.000000,0,2,4.413045,2571.177451,0.000000,0,0,0,0.000000,0.000000,0.000000,0.000000,0.000000,0.000000,0,0,0,0,0.000000
PIPE_SERVICE_CSV,pipe_ballistic_crossing,actual_pipe_crest_clearance,2321,-15.014109,453.132111,-129.375488,5.500000,2.448002,0.001051,0,0,0,0,0,0,0,0,1.000000,0,2,4.413045,2571.177451,0.000000,0,0,0,0.000000,0.000000,0.000000,0.000000,0.000000,0.000000,0,0,0,0,0.000000
PIPE_SERVICE_CSV,pipe_ballistic_crossing,actual_pipe_crest_clearance,2322,-14.952997,453.158539,-129.375488,5.500000,2.339002,0.001077,0,0,0,0,0,0,0,0,1.000000,0,2,4.413045,2571.177451,0.000000,0,0,0,0.000000,0.000000,0.000000,0.000000,0.000000,0.000000,0,0,0,0,0.000000
PIPE_SERVICE_CSV,pipe_ballistic_crossing,actual_pipe_crest_clearance,2323,-14.891886,453.183746,-129.375488,5.500000,2.230002,0.001104,0,0,0,0,0,0,0,0,1.000000,0,2,4.413045,2571.177451,0.000000,0,0,0,0.000000,0.000000,0.000000,0.000000,0.000000,0.000000,0,0,0,0,0.000000
PIPE_SERVICE_CSV,pipe_ballistic_crossing,tick,2340,-13.852991,453.427399,-129.375488,5.500000,0.377000,0.001951,0,0,0,0,0,0,0,0,1.000000,0,2,4.413045,2571.177451,0.000000,0,0,0,0.000000,0.000000,0.000000,0.000000,0.000000,0.000000,0,0,0,0,0.000000
PIPE_SERVICE_CSV,quick_receiving_braking,begin,2394,-12.601651,451.899994,-129.375488,0.456583,0.000000,0.001903,1,1939,0,0,0,0,0,0,1.000000,0,3,5.481746,2571.177451,0.000000,1,0,0,0.000000,0.000000,0.000000,0.000000,0.000000,0.000000,0,0,0,0,0.000000
PIPE_SERVICE_CSV,quick_receiving_braking,arrived,2420,-12.518965,451.899994,-129.375488,0.139023,0.000000,0.001972,1,1939,0,0,0,0,0,0,1.000000,0,3,5.481746,2571.177451,0.000000,1,1,0,0.000000,0.000000,0.000000,0.000000,0.000000,0.000000,0,0,0,0,0.000000
PIPE_SERVICE_CSV,quick_receiving_braking,tick,2430,-12.507633,451.899994,-129.375488,0.073515,0.000000,0.001043,1,1939,0,0,0,0,0,0,1.000000,0,3,5.481746,2571.177451,0.000000,1,1,0,0.000000,0.000000,0.000000,0.000000,0.000000,0.000000,0,0,0,0,0.000000
PIPE_SERVICE_CSV,quick_receiving_braking,stable,2510,-12.494983,451.899994,-129.375488,0.000449,0.000000,0.000006,1,1939,0,0,0,0,0,0,1.000000,0,3,5.481746,2571.177451,0.000000,1,1,0,0.000000,0.000000,0.000000,0.000000,0.000000,0.000000,0,0,0,0,0.000000
PIPE_SERVICE_CSV,miss_approach_past_shelter_end,begin,2510,-12.494983,451.899994,-129.375488,0.000449,0.000000,0.000006,1,1939,0,0,0,0,0,0,1.000000,0,3,5.481746,2571.177451,0.000000,1,1,0,0.000000,0.000000,0.000000,0.000000,0.000000,0.000000,0,0,0,0,0.000000
PIPE_SERVICE_CSV,miss_approach_past_shelter_end,tick,2520,-12.445277,451.899994,-129.375488,0.872449,0.000000,0.000076,1,1939,0,0,0,0,0,0,1.000000,0,3,5.481746,2571.177451,0.000000,1,1,0,0.000000,0.000000,0.000000,0.000000,0.000000,0.000000,0,0,0,0,0.000000
PIPE_SERVICE_CSV,miss_approach_past_shelter_end,tick,2610,-8.414223,451.899963,-129.375488,5.452149,0.000000,0.001099,1,1939,0,0,0,0,0,0,1.000000,0,3,5.481746,2571.177451,0.000000,1,1,0,0.000000,0.000000,0.000000,0.000000,0.000000,0.000000,0,0,0,0,0.000000
PIPE_SERVICE_CSV,miss_approach_past_shelter_end,tick,2700,-6.041429,451.899963,-129.375488,-1.490424,0.000000,0.002115,1,1939,0,0,0,0,0,0,1.000000,0,3,5.481746,2571.177451,0.000000,1,1,0,0.000000,0.000000,0.000000,0.000000,0.000000,0.000000,0,0,0,0,0.000000
PIPE_SERVICE_CSV,miss_approach_past_shelter_end,arrived,2753,-6.540321,451.899963,-129.375488,-0.130744,0.000000,0.002456,1,1939,0,0,0,0,0,0,1.000000,0,3,5.481746,2571.177451,0.000000,1,1,0,0.000000,0.000000,0.000000,0.000000,0.000000,0.000000,0,0,0,0,0.000000
PIPE_SERVICE_CSV,miss_toe_alignment,begin,2753,-6.540321,451.899963,-129.375488,-0.130744,0.000000,0.002456,1,1939,0,0,0,0,0,0,1.000000,0,3,5.481746,2571.177451,0.000000,1,1,0,0.000000,0.000000,0.000000,0.000000,0.000000,0.000000,0,0,0,0,0.000000
PIPE_SERVICE_CSV,miss_toe_alignment,tick,2790,-6.533590,451.899963,-130.008057,0.146292,0.000000,-2.388424,1,1939,0,0,0,0,0,0,1.000000,0,3,5.481746,2571.177451,0.000000,1,1,0,0.000000,0.000000,0.000000,0.000000,0.000000,0.000000,0,0,0,0,0.000000
PIPE_SERVICE_CSV,miss_toe_alignment,arrived,2839,-6.499286,451.899963,-130.512222,0.010252,0.000000,-0.137219,1,1939,0,0,0,0,0,0,1.000000,0,3,5.481746,2571.177451,0.000000,1,1,0,0.000000,0.000000,0.000000,0.000000,0.000000,0.000000,0,0,0,0,0.000000
PIPE_SERVICE_CSV,earned_toe_miss_start,begin,2839,-6.499286,451.899963,-130.512222,0.010252,0.000000,-0.137219,1,1939,0,0,0,0,0,0,1.000000,0,3,5.481746,2571.177451,0.000000,1,1,0,0.000000,0.000000,0.000000,0.000000,0.000000,0.000000,0,0,0,0,0.000000
PIPE_SERVICE_CSV,earned_toe_miss_start,tick,2880,-5.675726,451.899963,-130.548325,3.583456,0.000000,-0.017886,1,1939,0,0,0,0,0,0,1.000000,0,3,5.481746,2571.177451,0.000000,1,1,0,0.000000,0.000000,0.000000,0.000000,0.000000,0.000000,0,0,0,0,0.000000
PIPE_SERVICE_CSV,earned_toe_miss_start,tick,2970,-0.558635,451.899963,-130.507767,4.773172,0.000000,0.045517,1,1939,0,0,0,0,0,0,1.000000,0,3,5.481746,2571.177451,0.000000,1,1,0,0.000000,0.000000,0.000000,0.000000,0.000000,0.000000,0,0,0,0,0.000000
PIPE_SERVICE_CSV,earned_toe_miss_start,tick,3060,0.442411,451.899963,-130.498260,-1.354835,0.000000,-0.012412,1,1939,0,0,0,0,0,0,1.000000,0,3,5.481746,2571.177451,0.000000,1,1,0,0.000000,0.000000,0.000000,0.000000,0.000000,0.000000,0,0,0,0,0.000000
PIPE_SERVICE_CSV,earned_toe_miss_start,arrived,3098,0.199526,451.899963,-130.500336,-0.129687,0.000000,-0.001366,1,1939,0,0,0,0,0,0,1.000000,0,3,5.481746,2571.177451,0.000000,1,1,0,0.000000,0.000000,0.000000,0.000000,0.000000,0.000000,0,0,0,0,0.000000
PIPE_SERVICE_CSV,actual_toe_walkoff,begin,3098,0.199526,451.899963,-130.500336,-0.129687,0.000000,-0.001366,1,1939,0,0,0,0,0,0,1.000000,0,3,5.481746,2571.177451,0.000000,1,1,0,0.000000,0.000000,0.000000,0.000000,0.000000,0.000000,0,0,0,0,0.000000
PIPE_SERVICE_CSV,actual_toe_walkoff,actual_toe_support_loss,3142,1.078835,451.877869,-130.500336,3.661554,-0.691873,-0.000415,0,0,0,0,0,0,0,0,1.000000,0,3,5.481746,2571.177451,0.000000,0,1,0,0.000000,0.000000,0.000000,0.000000,0.000000,0.000000,0,0,0,0,0.000000
PIPE_SERVICE_CSV,actual_toe_walkoff,tick,3150,1.440900,451.776428,-130.500336,4.436381,-1.563874,-0.000240,0,0,0,0,0,0,0,0,1.000000,0,3,5.481746,2571.177451,0.000000,0,0,0,0.000000,0.000000,0.000000,0.000000,0.000000,0.000000,0,0,0,0,0.000000
PIPE_SERVICE_CSV,actual_toe_walkoff,delayed_ordinary_air_braking,3165,2.207522,451.377258,-130.500336,4.609784,-3.198877,-0.000201,0,0,0,0,0,0,0,0,1.000000,0,3,5.481746,2571.177451,0.000000,0,0,0,0.000000,0.000000,0.000000,0.000000,0.000000,0.000000,0,0,0,0,0.000000
PIPE_SERVICE_CSV,actual_toe_walkoff,tick,3240,1.936546,445.293915,-130.500336,-1.309757,-11.373887,0.001308,0,0,0,0,0,0,0,0,1.000000,0,3,5.481746,2571.177451,0.000000,0,0,0,0.000000,0.000000,0.000000,0.000000,0.000000,0.000000,0,0,0,0,0.000000
PIPE_SERVICE_CSV,actual_toe_walkoff,actual440_recovery_impact,3269,1.692135,441.149994,-130.500336,-0.470667,-2.032471,0.001354,1,51,0,0,0,0,0,0,1.000000,0,4,14.534921,2571.177451,0.000000,1,0,0,0.000000,0.000000,0.000000,0.000000,0.000000,0.000000,0,0,0,0,0.000000
PIPE_SERVICE_CSV,actual440_recovery_braking,begin,3269,1.692135,441.149994,-130.500336,-0.470667,-2.032471,0.001354,1,51,0,0,0,0,0,0,1.000000,0,4,14.534921,2571.177451,0.000000,1,0,0,0.000000,0.000000,0.000000,0.000000,0.000000,0.000000,0,0,0,0,0.000000
PIPE_SERVICE_CSV,actual440_recovery_braking,tick,3330,1.600387,440.850006,-130.090073,-0.020337,0.000000,0.468346,1,51,0,0,0,0,0,0,1.000000,0,4,14.534921,2571.177451,0.000000,1,1,1,0.000000,0.000000,0.000000,0.000000,0.000000,0.000000,0,0,0,0,0.000000
PIPE_SERVICE_CSV,actual440_recovery_braking,arrived,3357,1.597518,441.149994,-129.994263,-0.017297,0.000000,0.136363,1,51,0,0,0,0,0,0,1.000000,0,4,14.534921,2571.177451,0.000000,1,0,0,0.000000,0.000000,0.000000,0.000000,0.000000,0.000000,0,0,0,0,0.000000
PIPE_SERVICE_CSV,actual440_recovery_braking,tick,3420,1.597383,441.149994,-129.993210,0.000000,0.000000,0.000000,1,51,0,0,0,0,0,0,1.000000,0,4,14.534921,2571.177451,0.000000,1,0,0,0.000000,0.000000,0.000000,0.000000,0.000000,0.000000,0,0,0,0,0.000000
PIPE_SERVICE_CSV,actual440_recovery_braking,tick,3510,1.597383,441.149994,-129.993210,0.000000,0.000000,0.000000,1,51,0,0,0,0,0,0,1.000000,0,4,14.534921,2571.177451,0.000000,1,0,0,0.000000,0.000000,0.000000,0.000000,0.000000,0.000000,0,0,0,0,0.000000
PIPE_SERVICE_CSV,actual440_recovery_braking,tick,3600,1.597383,441.149994,-129.993210,0.000000,0.000000,0.000000,1,51,0,0,0,0,0,0,1.000000,0,4,14.534921,2571.177451,0.000000,1,0,0,0.000000,0.000000,0.000000,0.000000,0.000000,0.000000,0,0,0,0,0.000000
PIPE_SERVICE_CSV,actual440_recovery_braking,stable,3627,1.597383,441.149994,-129.993210,0.000000,0.000000,0.000000,1,51,0,0,0,0,0,0,1.000000,0,4,14.534921,2571.177451,0.000000,1,0,0,0.000000,0.000000,0.000000,0.000000,0.000000,0.000000,0,0,0,0,0.000000
PIPE_SERVICE_CSV,north440_band,begin,3627,1.597383,441.149994,-129.993210,0.000000,0.000000,0.000000,1,51,0,0,0,0,0,0,1.000000,0,4,14.534921,2571.177451,0.000000,1,0,0,0.000000,0.000000,0.000000,0.000000,0.000000,0.000000,0,0,0,0,0.000000
PIPE_SERVICE_CSV,north440_band,tick,3690,-0.436670,441.149994,-129.993210,-5.499999,0.000000,-0.001903,1,51,0,0,0,0,0,0,1.000000,0,4,14.534921,2571.177451,0.000000,1,0,0,0.000000,0.000000,0.000000,0.000000,0.000000,0.000000,0,0,0,0,0.000000
PIPE_SERVICE_CSV,north440_band,tick,3780,-5.936691,441.149994,-129.993210,-5.500000,0.000000,-0.002645,1,51,0,0,0,0,0,0,1.000000,0,4,14.534921,2571.177451,0.000000,1,0,0,0.000000,0.000000,0.000000,0.000000,0.000000,0.000000,0,0,0,0,0.000000
PIPE_SERVICE_CSV,north440_band,tick,3870,-11.436721,441.149994,-129.995728,-5.500000,0.000000,-0.002766,1,51,0,0,0,0,0,0,1.000000,0,4,14.534921,2571.177451,0.000000,1,0,0,0.000000,0.000000,0.000000,0.000000,0.000000,0.000000,0,0,0,0,0.000000
PIPE_SERVICE_CSV,north440_band,tick,3960,-16.936750,441.149994,-129.998474,-5.500000,0.000000,-0.002691,1,51,0,0,0,0,0,0,1.000000,0,4,14.534921,2571.177451,0.000000,1,0,0,0.000000,0.000000,0.000000,0.000000,0.000000,0.000000,0,0,0,0,0.000000
PIPE_SERVICE_CSV,north440_band,tick,4050,-20.450190,441.149994,-129.999451,0.244300,0.000000,-0.002629,1,51,0,0,0,0,0,0,1.000000,0,4,14.534921,2571.177451,0.000000,1,0,0,0.000000,0.000000,0.000000,0.000000,0.000000,0.000000,0,0,0,0,0.000000
PIPE_SERVICE_CSV,north440_band,arrived,4113,-20.005047,441.149994,-129.999664,0.129050,0.000000,-0.001110,1,51,0,0,0,0,0,0,1.000000,0,4,14.534921,2571.177451,0.000000,1,0,0,0.000000,0.000000,0.000000,0.000000,0.000000,0.000000,0,0,0,0,0.000000
PIPE_SERVICE_CSV,north440_toe_approach,begin,4113,-20.005047,441.149994,-129.999664,0.129050,0.000000,-0.001110,1,51,0,0,0,0,0,0,1.000000,0,4,14.534921,2571.177451,0.000000,1,0,0,0.000000,0.000000,0.000000,0.000000,0.000000,0.000000,0,0,0,0,0.000000
PIPE_SERVICE_CSV,north440_toe_approach,tick,4140,-19.587669,441.149994,-129.994080,2.630300,0.000000,0.037876,1,51,0,0,0,0,0,0,1.000000,0,4,14.534921,2571.177451,0.000000,1,0,0,0.000000,0.000000,0.000000,0.000000,0.000000,0.000000,0,0,0,0,0.000000
PIPE_SERVICE_CSV,north440_toe_approach,tick,4230,-14.587605,441.149994,-129.919373,5.499378,0.000000,0.082700,1,51,0,0,0,0,0,0,1.000000,0,4,14.534921,2571.177451,0.000000,1,0,0,0.000000,0.000000,0.000000,0.000000,0.000000,0.000000,0,0,0,0,0.000000
PIPE_SERVICE_CSV,north440_toe_approach,tick,4320,-9.088261,441.149994,-129.836975,5.499376,0.000000,0.082882,1,51,0,0,0,0,0,0,1.000000,0,4,14.534921,2571.177451,0.000000,1,0,0,0.000000,0.000000,0.000000,0.000000,0.000000,0.000000,0,0,0,0,0.000000
PIPE_SERVICE_CSV,north440_toe_approach,tick,4410,-3.588917,441.149994,-129.754578,5.499365,0.000000,0.083614,1,51,0,0,0,0,0,0,1.000000,0,4,14.534921,2571.177451,0.000000,1,0,0,0.000000,0.000000,0.000000,0.000000,0.000000,0.000000,0,0,0,0,0.000000
PIPE_SERVICE_CSV,north440_toe_approach,tick,4500,0.402731,441.149994,-129.693771,0.496847,0.000000,0.007739,1,51,0,0,0,0,0,0,1.000000,0,4,14.534921,2571.177451,0.000000,1,0,0,0.000000,0.000000,0.000000,0.000000,0.000000,0.000000,0,0,0,0,0.000000
PIPE_SERVICE_CSV,north440_toe_approach,arrived,4572,0.005347,441.149994,-129.699249,-0.131730,0.000000,0.042254,1,51,0,0,0,0,0,0,1.000000,0,4,14.534921,2571.177451,0.000000,1,0,0,0.000000,0.000000,0.000000,0.000000,0.000000,0.000000,0,0,0,0,0.000000
PIPE_SERVICE_CSV,lower_brace_toe440,begin,4572,0.005347,441.149994,-129.699249,-0.131730,0.000000,0.042254,1,51,0,0,0,0,0,0,1.000000,0,4,14.534921,2571.177451,0.000000,1,0,0,0.000000,0.000000,0.000000,0.000000,0.000000,0.000000,0,0,0,0,0.000000
PIPE_SERVICE_CSV,lower_brace_toe440,tick,4590,-0.015131,441.149994,-129.521820,-0.070982,0.000000,1.708840,1,51,0,0,0,0,0,0,1.000000,0,4,14.534921,2571.177451,0.000000,1,0,0,0.000000,0.000000,0.000000,0.000000,0.000000,0.000000,0,0,0,0,0.000000
PIPE_SERVICE_CSV,lower_brace_toe440,arrived,4667,0.000012,441.163208,-127.653183,0.000000,0.000000,0.123522,1,51,0,0,0,0,0,0,1.000000,0,4,14.534921,2571.177451,0.000000,1,0,0,0.000000,0.000000,0.000000,0.000000,0.000000,0.000000,0,0,0,0,0.000000
PIPE_SERVICE_CSV,lower_brace_ascent451,begin,4667,0.000012,441.163208,-127.653183,0.000000,0.000000,0.123522,1,51,0,0,0,0,0,0,1.000000,0,4,14.534921,2571.177451,0.000000,1,0,0,0.000000,0.000000,0.000000,0.000000,0.000000,0.000000,0,0,0,0,0.000000
PIPE_SERVICE_CSV,lower_brace_ascent451,tick,4680,-0.030046,441.177979,-127.636955,-0.408339,0.200872,0.101850,1,51,0,0,0,0,0,0,1.000000,0,4,14.534921,2571.177451,0.000000,0,0,0,0.000000,0.000000,0.000000,0.000000,0.000000,0.000000,0,0,0,0,0.000000
PIPE_SERVICE_CSV,lower_brace_ascent451,tick,4770,-1.856063,442.076263,-127.592377,-3.236017,1.591873,0.002905,1,51,0,0,0,0,0,0,1.000000,0,4,14.534921,2571.177451,0.000000,1,0,0,0.000000,0.000000,0.000000,0.000000,0.000000,0.000000,0,0,0,0,0.000000
PIPE_SERVICE_CSV,lower_brace_ascent451,tick,4860,-6.362938,444.293274,-127.602600,-5.457727,2.684784,-0.014334,1,51,0,0,0,0,0,0,1.000000,0,4,14.534921,2571.177451,0.000000,1,0,0,0.000000,0.000000,0.000000,0.000000,0.000000,0.000000,0,0,0,0,0.000000
PIPE_SERVICE_CSV,lower_brace_ascent451,tick,4950,-11.862289,446.995697,-127.616333,-5.499980,2.705569,-0.014723,1,51,0,0,0,0,0,0,1.000000,0,4,14.534921,2571.177451,0.000000,1,0,0,0.000000,0.000000,0.000000,0.000000,0.000000,0.000000,0,0,0,0,0.000000
PIPE_SERVICE_CSV,lower_brace_ascent451,tick,5040,-17.362320,449.698334,-127.630844,-5.499979,2.705569,-0.015109,1,51,0,0,0,0,0,0,1.000000,0,4,14.534921,2571.177451,0.000000,1,0,0,0.000000,0.000000,0.000000,0.000000,0.000000,0.000000,0,0,0,0,0.000000
PIPE_SERVICE_CSV,lower_brace_ascent451,arrived,5118,-20.737007,451.357361,-127.640083,-0.082554,0.040610,-0.000259,1,51,0,0,0,0,0,0,1.000000,0,4,14.534921,2571.177451,0.000000,1,0,0,0.000000,0.000000,0.000000,0.000000,0.000000,0.000000,0,0,0,0,0.000000
PIPE_SERVICE_CSV,entry451_inward_jump,begin,5118,-20.737007,451.357361,-127.640083,-0.082554,0.040610,-0.000259,1,51,0,0,0,0,0,0,1.000000,0,4,14.534921,2571.177451,0.000000,1,0,0,0.000000,0.000000,0.000000,0.000000,0.000000,0.000000,0,0,0,0,0.000000
PIPE_SERVICE_CSV,entry451_inward_jump,tick,5130,-20.744209,452.002380,-127.757553,-0.008141,4.197727,-1.791324,0,0,0,0,0,0,0,0,1.000000,0,4,14.534921,3856.732369,0.000000,0,0,0,0.000000,0.000000,0.000000,0.000000,0.000000,0.000000,0,0,0,0,0.000000
PIPE_SERVICE_CSV,inward_jump_braking,begin,5209,-20.702415,451.899963,-129.309235,0.028107,-2.933350,-0.200026,1,1939,0,0,0,0,0,0,1.000000,0,5,4.413280,3856.732369,0.000000,1,0,0,0.000000,0.000000,0.000000,0.000000,0.000000,0.000000,0,0,0,0,0.000000
PIPE_SERVICE_CSV,inward_jump_braking,tick,5220,-20.700457,451.899963,-129.335037,0.008020,0.000000,-0.196608,1,1939,0,0,0,0,0,0,1.000000,0,5,4.413280,3856.732369,0.000000,1,1,0,0.000000,0.000000,0.000000,0.000000,0.000000,0.000000,0,0,0,0,0.000000
PIPE_SERVICE_CSV,inward_jump_braking,arrived,5229,-20.699991,451.899963,-129.351822,0.002336,0.000000,-0.139541,1,1939,0,0,0,0,0,0,1.000000,0,5,4.413280,3856.732369,0.000000,1,1,0,0.000000,0.000000,0.000000,0.000000,0.000000,0.000000,0,0,0,0,0.000000
PIPE_SERVICE_CSV,inward_jump_braking,tick,5310,-20.699629,451.899963,-129.375626,0.000013,0.000000,-0.000800,1,1939,0,0,0,0,0,0,1.000000,0,5,4.413280,3856.732369,0.000000,1,1,0,0.000000,0.000000,0.000000,0.000000,0.000000,0.000000,0,0,0,0,0.000000
PIPE_SERVICE_CSV,inward_jump_braking,stable,5319,-20.699629,451.899963,-129.375626,0.000008,0.000000,-0.000451,1,1939,0,0,0,0,0,0,1.000000,0,5,4.413280,3856.732369,0.000000,1,1,0,0.000000,0.000000,0.000000,0.000000,0.000000,0.000000,0,0,0,0,0.000000
PIPE_SERVICE_CSV,shelter_choice_approach,begin,5319,-20.699629,451.899963,-129.375626,0.000008,0.000000,-0.000451,1,1939,0,0,0,0,0,0,1.000000,0,5,4.413280,3856.732369,0.000000,1,1,0,0.000000,0.000000,0.000000,0.000000,0.000000,0.000000,0,0,0,0,0.000000
PIPE_SERVICE_CSV,shelter_choice_approach,tick,5400,-18.132666,451.899963,-129.375626,2.691207,0.000000,0.002408,1,1939,0,0,0,0,0,0,1.000000,0,5,4.413280,3856.732369,0.000000,1,1,0,0.000000,0.000000,0.000000,0.000000,0.000000,0.000000,0,0,0,0,0.000000
PIPE_SERVICE_CSV,shelter_choice_approach,arrived,5486,-17.994942,451.899963,-129.375549,-0.134034,0.000000,0.002697,1,1939,0,0,0,0,0,0,1.000000,0,5,4.413280,3856.732369,0.000000,1,1,0,0.000000,0.000000,0.000000,0.000000,0.000000,0.000000,0,0,0,0,0.000000
PIPE_SERVICE_CSV,shelter_entry_alignment,begin,5486,-17.994942,451.899963,-129.375549,-0.134034,0.000000,0.002697,1,1939,0,0,0,0,0,0,1.000000,0,5,4.413280,3856.732369,0.000000,1,1,0,0.000000,0.000000,0.000000,0.000000,0.000000,0.000000,0,0,0,0,0.000000
PIPE_SERVICE_CSV,shelter_entry_alignment,tick,5490,-18.000591,451.899963,-129.383606,-0.120743,0.000000,-0.345850,1,1939,0,0,0,0,0,0,1.000000,0,5,4.413280,3856.732369,0.000000,1,1,0,0.000000,0.000000,0.000000,0.000000,0.000000,0.000000,0,0,0,0,0.000000
PIPE_SERVICE_CSV,shelter_entry_alignment,arrived,5576,-17.999783,451.899963,-130.661346,0.004572,0.000000,-0.135844,1,1939,0,0,0,0,0,0,1.000000,0,5,4.413280,3856.732369,0.000000,1,1,0,0.000000,0.000000,0.000000,0.000000,0.000000,0.000000,0,0,0,0,0.000000
PIPE_SERVICE_CSV,actual_crouched_shelter_entry,begin,5576,-17.999783,451.899963,-130.661346,0.004572,0.000000,-0.135844,1,1939,0,0,0,0,0,0,1.000000,0,5,4.413280,3856.732369,0.000000,1,1,0,0.000000,0.000000,0.000000,0.000000,0.000000,0.000000,0,0,0,0,0.000000
PIPE_SERVICE_CSV,actual_crouched_shelter_entry,tick,5580,-17.991365,451.599976,-130.666779,0.352428,0.000000,-0.110204,1,1939,0,0,0,0,0,0,1.000000,0,5,4.413280,3856.732369,0.000000,1,1,1,0.000000,0.000000,0.000000,0.000000,0.000000,0.000000,0,0,0,0,0.000000
PIPE_SERVICE_CSV,actual_crouched_shelter_entry,tick,5670,-16.335579,451.599976,-130.653061,0.722799,0.000000,0.015903,1,1939,0,0,0,0,0,0,1.000000,0,5,4.413280,3856.732369,0.000000,1,1,1,0.000000,0.000000,0.000000,0.000000,0.000000,0.000000,0,0,0,0,0.000000
PIPE_SERVICE_CSV,actual_crouched_shelter_entry,arrived,5707,-16.187838,451.599976,-130.649628,0.135221,0.000000,0.003019,1,1939,0,0,0,0,0,0,1.000000,0,5,4.413280,3856.732369,0.000000,1,1,1,0.000000,0.000000,0.000000,0.000000,0.000000,0.000000,0,0,0,0,0.000000
PIPE_SERVICE_CSV,actual_crouched_shelter_entry,real_shelter_blocked_stand,5737,-16.167889,451.599976,-130.649551,0.019994,0.000000,0.000446,1,1939,0,0,0,0,0,0,1.000000,0,5,4.413280,3856.732369,0.000000,1,1,1,0.000000,0.000000,0.000000,0.000000,0.000000,0.000000,0,0,0,0,0.000000
PIPE_SERVICE_CSV,long_crouched_clearance_passage,begin,5737,-16.167889,451.599976,-130.649551,0.019994,0.000000,0.000446,1,1939,0,0,0,0,0,0,1.000000,0,5,4.413280,3856.732369,0.000000,1,1,1,0.000000,0.000000,0.000000,0.000000,0.000000,0.000000,0,0,0,0,0.000000
PIPE_SERVICE_CSV,long_crouched_clearance_passage,tick,5760,-15.914329,451.599976,-130.649551,1.776118,0.000000,0.000021,1,1939,0,0,0,0,0,0,1.000000,0,5,4.413280,3856.732369,0.000000,1,1,1,0.000000,0.000000,0.000000,0.000000,0.000000,0.000000,0,0,0,0,0.000000
PIPE_SERVICE_CSV,long_crouched_clearance_passage,tick,5850,-13.559881,451.599976,-130.649551,2.472740,0.000000,-0.000186,1,1939,0,0,0,0,0,0,1.000000,0,5,4.413280,3856.732369,0.000000,1,1,1,0.000000,0.000000,0.000000,0.000000,0.000000,0.000000,0,0,0,0,0.000000
PIPE_SERVICE_CSV,long_crouched_clearance_passage,tick,5940,-11.085246,451.599976,-130.649551,2.474993,0.000000,-0.000322,1,1939,0,0,0,0,0,0,1.000000,0,5,4.413280,3856.732369,0.000000,1,1,1,0.000000,0.000000,0.000000,0.000000,0.000000,0.000000,0,0,0,0,0.000000
PIPE_SERVICE_CSV,long_crouched_clearance_passage,tick,6030,-8.627203,451.599976,-130.649551,2.128748,0.000000,-0.001118,1,1939,0,0,0,0,0,0,1.000000,0,5,4.413280,3856.732369,0.000000,1,1,1,0.000000,0.000000,0.000000,0.000000,0.000000,0.000000,0,0,0,0,0.000000
PIPE_SERVICE_CSV,long_crouched_clearance_passage,arrived,6099,-7.988962,451.599976,-130.649551,0.137724,0.000000,-0.001368,1,1939,0,0,0,0,0,0,1.000000,0,5,4.413280,3856.732369,0.000000,1,1,1,0.000000,0.000000,0.000000,0.000000,0.000000,0.000000,0,0,0,0,0.000000
PIPE_SERVICE_CSV,shelter_real_exit,begin,6099,-7.988962,451.599976,-130.649551,0.137724,0.000000,-0.001368,1,1939,0,0,0,0,0,0,1.000000,0,5,4.413280,3856.732369,0.000000,1,1,1,0.000000,0.000000,0.000000,0.000000,0.000000,0.000000,0,0,0,0,0.000000
PIPE_SERVICE_CSV,shelter_real_exit,tick,6120,-7.749557,451.599976,-130.649551,1.746283,0.000000,-0.000857,1,1939,0,0,0,0,0,0,1.000000,0,5,4.413280,3856.732369,0.000000,1,1,1,0.000000,0.000000,0.000000,0.000000,0.000000,0.000000,0,0,0,0,0.000000
PIPE_SERVICE_CSV,shelter_real_exit,tick,6210,-6.499291,451.599976,-130.649551,0.192787,0.000000,-0.001354,1,1939,0,0,0,0,0,0,1.000000,0,5,4.413280,3856.732369,0.000000,1,1,1,0.000000,0.000000,0.000000,0.000000,0.000000,0.000000,0,0,0,0,0.000000
PIPE_SERVICE_CSV,shelter_real_exit,arrived,6217,-6.486671,451.599976,-130.649551,0.136504,0.000000,-0.001374,1,1939,0,0,0,0,0,0,1.000000,0,5,4.413280,3856.732369,0.000000,1,1,1,0.000000,0.000000,0.000000,0.000000,0.000000,0.000000,0,0,0,0,0.000000
PIPE_SERVICE_CSV,shelter_real_exit,tick,6300,-6.463171,451.899963,-130.649551,0.000689,0.000000,-0.000007,1,1939,0,0,0,0,0,0,1.000000,0,5,4.413280,3856.732369,0.000000,1,1,0,0.000000,0.000000,0.000000,0.000000,0.000000,0.000000,0,0,0,0,0.000000
PIPE_SERVICE_CSV,shelter_real_exit,stable,6352,-6.463062,451.899963,-130.649551,0.000025,0.000000,-0.000000,1,1939,0,0,0,0,0,0,1.000000,0,5,4.413280,3856.732369,0.000000,1,1,0,0.000000,0.000000,0.000000,0.000000,0.000000,0.000000,0,0,0,0,0.000000
PIPE_SERVICE_CSV,451_onward_to_upper_toe,begin,6352,-6.463062,451.899963,-130.649551,0.000025,0.000000,-0.000000,1,1939,0,0,0,0,0,0,1.000000,0,5,4.413280,3856.732369,0.000000,1,1,0,0.000000,0.000000,0.000000,0.000000,0.000000,0.000000,0,0,0,0,0.000000
PIPE_SERVICE_CSV,451_onward_to_upper_toe,tick,6390,-5.772217,451.899963,-130.513321,3.251011,0.000000,0.641126,1,1939,0,0,0,0,0,0,1.000000,0,5,4.413280,3856.732369,0.000000,1,1,0,0.000000,0.000000,0.000000,0.000000,0.000000,0.000000,0,0,0,0,0.000000
PIPE_SERVICE_CSV,451_onward_to_upper_toe,tick,6480,-0.816907,451.901459,-129.536819,4.733587,-0.000611,0.921834,1,1939,0,0,0,0,0,0,1.000000,0,5,4.413280,3856.732369,0.000000,1,1,0,0.000000,0.000000,0.000000,0.000000,0.000000,0.000000,0,0,0,0,0.000000
PIPE_SERVICE_CSV,451_onward_to_upper_toe,tick,6570,0.178549,451.899963,-129.339844,-1.284747,0.000000,-0.251267,1,1939,0,0,0,0,0,0,1.000000,0,5,4.413280,3856.732369,0.000000,1,1,0,0.000000,0.000000,0.000000,0.000000,0.000000,0.000000,0,0,0,0,0.000000
PIPE_SERVICE_CSV,451_onward_to_upper_toe,arrived,6607,-0.047315,451.899963,-129.384048,-0.128926,0.000000,-0.025335,1,1939,0,0,0,0,0,0,1.000000,0,5,4.413280,3856.732369,0.000000,1,1,0,0.000000,0.000000,0.000000,0.000000,0.000000,0.000000,0,0,0,0,0.000000
PIPE_SERVICE_CSV,upper_brace_toe451,begin,6607,-0.047315,451.899963,-129.384048,-0.128926,0.000000,-0.025335,1,1939,0,0,0,0,0,0,1.000000,0,5,4.413280,3856.732369,0.000000,1,1,0,0.000000,0.000000,0.000000,0.000000,0.000000,0.000000,0,0,0,0,0.000000
PIPE_SERVICE_CSV,upper_brace_toe451,tick,6660,-0.008009,452.181519,-128.424820,-0.023703,1.481310,1.450865,0,0,0,0,0,0,0,0,1.000000,0,6,0.000000,4076.419228,0.000000,0,0,0,0.000000,0.000000,0.000000,0.000000,0.000000,0.000000,0,0,0,0,0.000000
PIPE_SERVICE_CSV,upper_brace_toe451,arrived,6707,0.000328,452.164886,-128.097382,-0.000067,-0.000034,0.132641,1,51,0,0,0,0,0,0,1.000000,0,7,1.353218,4076.419228,0.000000,0,0,0,0.000000,0.000000,0.000000,0.000000,0.000000,0.000000,0,0,0,0,0.000000
PIPE_SERVICE_CSV,upper_brace_ascent462,begin,6707,0.000328,452.164886,-128.097382,-0.000067,-0.000034,0.132641,1,51,0,0,0,0,0,0,1.000000,0,7,1.353218,4076.419228,0.000000,0,0,0,0.000000,0.000000,0.000000,0.000000,0.000000,0.000000,0,0,0,0,0.000000
PIPE_SERVICE_CSV,upper_brace_ascent462,tick,6750,-0.312340,452.321838,-128.051880,-1.301193,0.653467,0.061856,1,51,0,0,0,0,0,0,1.000000,0,7,1.353218,4076.419228,0.000000,1,0,0,0.000000,0.000000,0.000000,0.000000,0.000000,0.000000,0,0,0,0,0.000000
PIPE_SERVICE_CSV,upper_brace_ascent462,tick,6840,-2.979384,453.661285,-128.035660,-4.025471,2.021616,-0.012949,1,51,0,0,0,0,0,0,1.000000,0,7,1.353218,4076.419228,0.000000,1,0,0,0.000000,0.000000,0.000000,0.000000,0.000000,0.000000,0,0,0,0,0.000000
PIPE_SERVICE_CSV,upper_brace_ascent462,tick,6930,-7.983804,456.173615,-128.051987,-5.499967,2.762116,-0.019196,1,51,0,0,0,0,0,0,1.000000,0,7,1.353218,4076.419228,0.000000,1,0,0,0.000000,0.000000,0.000000,0.000000,0.000000,0.000000,0,0,0,0,0.000000
PIPE_SERVICE_CSV,upper_brace_ascent462,tick,7020,-13.483834,458.931183,-128.071167,-5.499966,2.762116,-0.019235,1,51,0,0,0,0,0,0,1.000000,0,7,1.353218,4076.419228,0.000000,1,0,0,0.000000,0.000000,0.000000,0.000000,0.000000,0.000000,0,0,0,0,0.000000
PIPE_SERVICE_CSV,upper_brace_ascent462,tick,7110,-18.983046,461.688385,-128.090408,-5.382271,2.703010,-0.018876,1,51,0,0,0,0,0,0,1.000000,0,7,1.353218,4076.419228,0.000000,1,0,0,0.000000,0.000000,0.000000,0.000000,0.000000,0.000000,0,0,0,0,0.000000
PIPE_SERVICE_CSV,upper_brace_ascent462,arrived,7155,-20.342667,462.371216,-128.095108,-0.085628,0.043003,-0.000351,1,51,0,0,0,0,0,0,1.000000,0,7,1.353218,4076.419228,0.000000,1,0,0,0.000000,0.000000,0.000000,0.000000,0.000000,0.000000,0,0,0,0,0.000000
PIPE_SERVICE_CSV,actual462_floor_jump,begin,7155,-20.342667,462.371216,-128.095108,-0.085628,0.043003,-0.000351,1,51,0,0,0,0,0,0,1.000000,0,7,1.353218,4076.419228,0.000000,1,0,0,0.000000,0.000000,0.000000,0.000000,0.000000,0.000000,0,0,0,0,0.000000
PIPE_SERVICE_CSV,actual462_floor_jump,tick,7200,-20.319809,463.891083,-129.392715,0.079356,0.600879,-2.431175,0,0,0,0,0,0,0,0,1.000000,0,7,1.353218,5361.965561,0.000000,0,0,0,0.000000,0.000000,0.000000,0.000000,0.000000,0.000000,0,0,0,0,0.000000
PIPE_SERVICE_CSV,inward_jump_braking,begin,7241,-20.302759,463.149994,-129.901184,-0.049191,-0.505371,-0.332147,1,51,0,0,0,0,0,0,1.000000,0,8,3.868126,5361.965561,0.000000,1,0,0,0.000000,0.000000,0.000000,0.000000,0.000000,0.000000,0,0,0,0,0.000000
PIPE_SERVICE_CSV,inward_jump_braking,arrived,7266,-20.302601,463.149994,-129.976074,0.010451,0.000000,-0.075060,1,51,0,0,0,0,0,0,1.000000,0,8,3.868126,5361.965561,0.000000,1,0,0,0.000000,0.000000,0.000000,0.000000,0.000000,0.000000,0,0,0,0,0.000000
PIPE_SERVICE_CSV,inward_jump_braking,tick,7290,-20.302557,463.149994,-129.976379,0.000000,0.000000,0.000000,1,51,0,0,0,0,0,0,1.000000,0,8,3.868126,5361.965561,0.000000,1,0,0,0.000000,0.000000,0.000000,0.000000,0.000000,0.000000,0,0,0,0,0.000000
PIPE_SERVICE_CSV,inward_jump_braking,stable,7356,-20.302557,463.149994,-129.976379,0.000000,0.000000,0.000000,1,51,0,0,0,0,0,0,1.000000,0,8,3.868126,5361.965561,0.000000,1,0,0,0.000000,0.000000,0.000000,0.000000,0.000000,0.000000,0,0,0,0,0.000000
PIPE_SERVICE_CSV,onward462_west_roof,begin,7356,-20.302557,463.149994,-129.976379,0.000000,0.000000,0.000000,1,51,0,0,0,0,0,0,1.000000,0,8,3.868126,5361.965561,0.000000,1,0,0,0.000000,0.000000,0.000000,0.000000,0.000000,0.000000,0,0,0,0,0.000000
PIPE_SERVICE_CSV,onward462_west_roof,tick,7380,-20.282610,463.149994,-130.275269,0.148092,0.000000,-2.218664,1,51,0,0,0,0,0,0,1.000000,0,8,3.868126,5361.965561,0.000000,1,0,0,0.000000,0.000000,0.000000,0.000000,0.000000,0.000000,0,0,0,0,0.000000
PIPE_SERVICE_CSV,onward462_west_roof,tick,7470,-19.959522,463.149994,-135.116074,0.366322,0.000000,-5.487787,1,51,0,0,0,0,0,0,1.000000,0,8,3.868126,5361.965561,0.000000,1,0,0,0.000000,0.000000,0.000000,0.000000,0.000000,0.000000,0,0,0,0,0.000000
PIPE_SERVICE_CSV,onward462_west_roof,tick,7560,-19.593204,463.149994,-140.603745,0.366200,0.000000,-5.487795,1,51,0,0,0,0,0,0,1.000000,0,8,3.868126,5361.965561,0.000000,1,0,0,0.000000,0.000000,0.000000,0.000000,0.000000,0.000000,0,0,0,0,0.000000
PIPE_SERVICE_CSV,onward462_west_roof,tick,7650,-19.490980,463.149994,-142.135162,-0.043173,0.000000,0.643873,1,51,0,0,0,0,0,0,1.000000,0,8,3.868126,5361.965561,0.000000,1,0,0,0.000000,0.000000,0.000000,0.000000,0.000000,0.000000,0,0,0,0,0.000000
PIPE_SERVICE_CSV,onward462_west_roof,arrived,7679,-19.498882,463.149994,-142.017563,-0.003468,0.000000,0.137923,1,51,0,0,0,0,0,0,1.000000,0,8,3.868126,5361.965561,0.000000,1,0,0,0.000000,0.000000,0.000000,0.000000,0.000000,0.000000,0,0,0,0,0.000000
PIPE_SERVICE_CSV,onward462_west_roof,tick,7740,-19.498909,463.149994,-142.016495,0.000000,0.000000,0.000000,1,51,0,0,0,0,0,0,1.000000,0,8,3.868126,5361.965561,0.000000,1,0,0,0.000000,0.000000,0.000000,0.000000,0.000000,0.000000,0,0,0,0,0.000000
PIPE_SERVICE_CSV,onward462_west_roof,stable,7769,-19.498909,463.149994,-142.016495,0.000000,0.000000,0.000000,1,51,0,0,0,0,0,0,1.000000,0,8,3.868126,5361.965561,0.000000,1,0,0,0.000000,0.000000,0.000000,0.000000,0.000000,0.000000,0,0,0,0,0.000000
PASS PIPE_SERVICE mode=miss-retry ordinary_inputs_only=1 initial_staging_only=1 full_route=1 gravity=1 deaths=0 vaults=0 actual462floor=1 stable_onward_contact=1 quick=1 sheltered=1 miss_retry=1
