PIPE_SERVICE_CSV_HEADER,phase,event,tick,x,y,z,vx,vy,vz,grounded,support,traversal,traversal_support,grip_available,grip_entity,swinging,hands,gravity,deaths,landings,impact_mps,jump_work_j,hand_positive_work_j,firm_footing,balance,crouch,left_hand_x,left_hand_y,left_hand_z,right_hand_x,right_hand_y,right_hand_z,left_generation,right_generation,foot_transfer_count,foot_transfer_support,foot_transfer_peak_n
PIPE_SERVICE_CSV,entry440,tick,90,-20.000000,441.149994,-142.000000,0.000000,0.000000,0.000000,1,51,0,0,0,0,0,0,1.000000,0,1,0.027250,0.000000,0.000000,1,0,0,0.000000,0.000000,0.000000,0.000000,0.000000,0.000000,0,0,0,0,0.000000
PIPE_SERVICE_CSV,entry440,stable,135,-20.000000,441.149994,-142.000000,0.000000,0.000000,0.000000,1,51,0,0,0,0,0,0,1.000000,0,1,0.027250,0.000000,0.000000,1,0,0,0.000000,0.000000,0.000000,0.000000,0.000000,0.000000,0,0,0,0,0.000000
PIPE_SERVICE_CSV,north440_band,begin,135,-20.000000,441.149994,-142.000000,0.000000,0.000000,0.000000,1,51,0,0,0,0,0,0,1.000000,0,1,0.027250,0.000000,0.000000,1,0,0,0.000000,0.000000,0.000000,0.000000,0.000000,0.000000,0,0,0,0,0.000000
PIPE_SERVICE_CSV,north440_band,tick,180,-20.000000,441.149994,-140.951904,0.000000,0.000000,4.169257,1,51,0,0,0,0,0,0,1.000000,0,1,0.027250,0.000000,0.000000,1,0,0,0.000000,0.000000,0.000000,0.000000,0.000000,0.000000,0,0,0,0,0.000000
PIPE_SERVICE_CSV,north440_band,tick,270,-20.000000,441.149994,-135.567032,0.000000,0.000000,5.500001,1,51,0,0,0,0,0,0,1.000000,0,1,0.027250,0.000000,0.000000,1,0,0,0.000000,0.000000,0.000000,0.000000,0.000000,0.000000,0,0,0,0,0.000000
PIPE_SERVICE_CSV,north440_band,tick,360,-20.000000,441.149994,-130.297440,0.000000,0.000000,3.554356,1,51,0,0,0,0,0,0,1.000000,0,1,0.027250,0.000000,0.000000,1,0,0,0.000000,0.000000,0.000000,0.000000,0.000000,0.000000,0,0,0,0,0.000000
PIPE_SERVICE_CSV,north440_band,tick,450,-20.000000,441.149994,-129.959259,0.000000,0.000000,-0.275542,1,51,0,0,0,0,0,0,1.000000,0,1,0.027250,0.000000,0.000000,1,0,0,0.000000,0.000000,0.000000,0.000000,0.000000,0.000000,0,0,0,0,0.000000
PIPE_SERVICE_CSV,north440_band,arrived,464,-20.000000,441.149994,-129.994949,0.000000,0.000000,-0.124905,1,51,0,0,0,0,0,0,1.000000,0,1,0.027250,0.000000,0.000000,1,0,0,0.000000,0.000000,0.000000,0.000000,0.000000,0.000000,0,0,0,0,0.000000
PIPE_SERVICE_CSV,north440_toe_approach,begin,464,-20.000000,441.149994,-129.994949,0.000000,0.000000,-0.124905,1,51,0,0,0,0,0,0,1.000000,0,1,0.027250,0.000000,0.000000,1,0,0,0.000000,0.000000,0.000000,0.000000,0.000000,0.000000,0,0,0,0,0.000000
PIPE_SERVICE_CSV,north440_toe_approach,tick,540,-17.172995,441.149994,-129.988846,5.499222,0.000000,0.092499,1,51,0,0,0,0,0,0,1.000000,0,1,0.027250,0.000000,0.000000,1,0,0,0.000000,0.000000,0.000000,0.000000,0.000000,0.000000,0,0,0,0,0.000000
PIPE_SERVICE_CSV,north440_toe_approach,tick,630,-11.673651,441.149994,-129.895462,5.499229,0.000000,0.092085,1,51,0,0,0,0,0,0,1.000000,0,1,0.027250,0.000000,0.000000,1,0,0,0.000000,0.000000,0.000000,0.000000,0.000000,0.000000,0,0,0,0,0.000000
PIPE_SERVICE_CSV,north440_toe_approach,tick,720,-6.174364,441.149994,-129.802078,5.499249,0.000000,0.090938,1,51,0,0,0,0,0,0,1.000000,0,1,0.027250,0.000000,0.000000,1,0,0,0.000000,0.000000,0.000000,0.000000,0.000000,0.000000,0,0,0,0,0.000000
PIPE_SERVICE_CSV,north440_toe_approach,tick,810,-0.742084,441.149994,-129.712173,4.455048,0.000000,0.073570,1,51,0,0,0,0,0,0,1.000000,0,1,0.027250,0.000000,0.000000,1,0,0,0.000000,0.000000,0.000000,0.000000,0.000000,0.000000,0,0,0,0,0.000000
PIPE_SERVICE_CSV,north440_toe_approach,tick,900,0.079293,441.149994,-129.698746,-0.415954,0.000000,-0.001072,1,51,0,0,0,0,0,0,1.000000,0,1,0.027250,0.000000,0.000000,1,0,0,0.000000,0.000000,0.000000,0.000000,0.000000,0.000000,0,0,0,0,0.000000
PIPE_SERVICE_CSV,north440_toe_approach,arrived,924,0.005004,441.149994,-129.700485,-0.133155,0.000000,0.023045,1,51,0,0,0,0,0,0,1.000000,0,1,0.027250,0.000000,0.000000,1,0,0,0.000000,0.000000,0.000000,0.000000,0.000000,0.000000,0,0,0,0,0.000000
PIPE_SERVICE_CSV,lower_brace_toe440,begin,924,0.005004,441.149994,-129.700485,-0.133155,0.000000,0.023045,1,51,0,0,0,0,0,0,1.000000,0,1,0.027250,0.000000,0.000000,1,0,0,0.000000,0.000000,0.000000,0.000000,0.000000,0.000000,0,0,0,0,0.000000
PIPE_SERVICE_CSV,lower_brace_toe440,tick,990,-0.005012,441.149994,-127.922363,0.008329,0.000000,2.149704,1,51,0,0,0,0,0,0,1.000000,0,1,0.027250,0.000000,0.000000,1,0,0,0.000000,0.000000,0.000000,0.000000,0.000000,0.000000,0,0,0,0,0.000000
PIPE_SERVICE_CSV,lower_brace_toe440,arrived,1013,-0.000024,441.163239,-127.653831,0.006870,-0.003379,0.108314,1,51,0,0,0,0,0,0,1.000000,0,1,0.027250,0.000000,0.000000,1,0,0,0.000000,0.000000,0.000000,0.000000,0.000000,0.000000,0,0,0,0,0.000000
PIPE_SERVICE_CSV,lower_brace_ascent451,begin,1013,-0.000024,441.163239,-127.653831,0.006870,-0.003379,0.108314,1,51,0,0,0,0,0,0,1.000000,0,1,0.027250,0.000000,0.000000,1,0,0,0.000000,0.000000,0.000000,0.000000,0.000000,0.000000,0,0,0,0,0.000000
PIPE_SERVICE_CSV,lower_brace_ascent451,tick,1080,-0.781336,441.547546,-127.605865,-2.098118,1.032113,0.028017,1,51,0,0,0,0,0,0,1.000000,0,1,0.027250,0.000000,0.000000,1,0,0,0.000000,0.000000,0.000000,0.000000,0.000000,0.000000,0,0,0,0,0.000000
PIPE_SERVICE_CSV,lower_brace_ascent451,tick,1170,-4.287005,443.272095,-127.603897,-4.810314,2.366306,-0.011438,1,51,0,0,0,0,0,0,1.000000,0,1,0.027250,0.000000,0.000000,1,0,0,0.000000,0.000000,0.000000,0.000000,0.000000,0.000000,0,0,0,0,0.000000
PIPE_SERVICE_CSV,lower_brace_ascent451,tick,1260,-9.649272,445.908264,-127.615158,-5.499987,2.705572,-0.012361,1,51,0,0,0,0,0,0,1.000000,0,1,0.027250,0.000000,0.000000,1,0,0,0.000000,0.000000,0.000000,0.000000,0.000000,0.000000,0,0,0,0,0.000000
PIPE_SERVICE_CSV,lower_brace_ascent451,tick,1350,-15.149302,448.610901,-127.627533,-5.499986,2.705572,-0.012359,1,51,0,0,0,0,0,0,1.000000,0,1,0.027250,0.000000,0.000000,1,0,0,0.000000,0.000000,0.000000,0.000000,0.000000,0.000000,0,0,0,0,0.000000
PIPE_SERVICE_CSV,lower_brace_ascent451,tick,1440,-20.329052,451.156677,-127.639175,-2.909039,1.431025,-0.006531,1,51,0,0,0,0,0,0,1.000000,0,1,0.027250,0.000000,0.000000,1,0,0,0.000000,0.000000,0.000000,0.000000,0.000000,0.000000,0,0,0,0,0.000000
PIPE_SERVICE_CSV,lower_brace_ascent451,arrived,1464,-20.724009,451.350983,-127.640038,-0.082557,0.040612,-0.000208,1,51,0,0,0,0,0,0,1.000000,0,1,0.027250,0.000000,0.000000,1,0,0,0.000000,0.000000,0.000000,0.000000,0.000000,0.000000,0,0,0,0,0.000000
PIPE_SERVICE_CSV,entry451_inward_jump,begin,1464,-20.724009,451.350983,-127.640038,-0.082557,0.040612,-0.000208,1,51,0,0,0,0,0,0,1.000000,0,1,0.027250,0.000000,0.000000,1,0,0,0.000000,0.000000,0.000000,0.000000,0.000000,0.000000,0,0,0,0,0.000000
PIPE_SERVICE_CSV,entry451_inward_jump,tick,1530,-20.704901,452.740875,-129.173004,0.019565,-1.688043,-0.825783,0,0,0,0,0,0,0,0,1.000000,0,1,0.027250,1285.554943,0.000000,0,0,0,0.000000,0.000000,0.000000,0.000000,0.000000,0.000000,0,0,0,0,0.000000
PIPE_SERVICE_CSV,inward_jump_braking,begin,1555,-20.701689,451.899963,-129.309464,0.009479,-0.725098,-0.217738,1,1939,0,0,0,0,0,0,1.000000,0,2,4.413045,1285.554943,0.000000,1,0,0,0.000000,0.000000,0.000000,0.000000,0.000000,0.000000,0,0,0,0,0.000000
PIPE_SERVICE_CSV,inward_jump_braking,arrived,1575,-20.700415,451.899963,-129.352646,0.003001,0.000000,-0.136658,1,1939,0,0,0,0,0,0,1.000000,0,2,4.413045,1285.554943,0.000000,1,1,0,0.000000,0.000000,0.000000,0.000000,0.000000,0.000000,0,0,0,0,0.000000
PIPE_SERVICE_CSV,inward_jump_braking,tick,1620,-20.699936,451.899963,-129.375000,0.000171,0.000000,-0.007770,1,1939,0,0,0,0,0,0,1.000000,0,2,4.413045,1285.554943,0.000000,1,1,0,0.000000,0.000000,0.000000,0.000000,0.000000,0.000000,0,0,0,0,0.000000
PIPE_SERVICE_CSV,inward_jump_braking,stable,1665,-20.699936,451.899963,-129.375992,0.000010,0.000000,-0.000442,1,1939,0,0,0,0,0,0,1.000000,0,2,4.413045,1285.554943,0.000000,1,1,0,0.000000,0.000000,0.000000,0.000000,0.000000,0.000000,0,0,0,0,0.000000
PIPE_SERVICE_CSV,quick_pipe_runup,begin,1665,-20.699936,451.899963,-129.375992,0.000010,0.000000,-0.000442,1,1939,0,0,0,0,0,0,1.000000,0,2,4.413045,1285.554943,0.000000,1,1,0,0.000000,0.000000,0.000000,0.000000,0.000000,0.000000,0,0,0,0,0.000000
PIPE_SERVICE_CSV,quick_pipe_runup,tick,1710,-19.713480,451.899963,-129.375992,3.924015,0.000000,0.002543,1,1939,0,0,0,0,0,0,1.000000,0,2,4.413045,1285.554943,0.000000,1,1,0,0.000000,0.000000,0.000000,0.000000,0.000000,0.000000,0,0,0,0,0.000000
PIPE_SERVICE_CSV,quick_pipe_runup,tick,1800,-18.467766,451.899963,-129.375488,-0.140316,0.000000,0.002249,1,1939,0,0,0,0,0,0,1.000000,0,2,4.413045,1285.554943,0.000000,1,1,0,0.000000,0.000000,0.000000,0.000000,0.000000,0.000000,0,0,0,0,0.000000
PIPE_SERVICE_CSV,quick_pipe_runup,arrived,1801,-18.469273,451.899963,-129.375488,-0.132593,0.000000,0.002254,1,1939,0,0,0,0,0,0,1.000000,0,2,4.413045,1285.554943,0.000000,1,1,0,0.000000,0.000000,0.000000,0.000000,0.000000,0.000000,0,0,0,0,0.000000
PIPE_SERVICE_CSV,ordinary_walk_pipe_collision_probe,begin,1801,-18.469273,451.899963,-129.375488,-0.132593,0.000000,0.002254,1,1939,0,0,0,0,0,0,1.000000,0,2,4.413045,1285.554943,0.000000,1,1,0,0.000000,0.000000,0.000000,0.000000,0.000000,0.000000,0,0,0,0,0.000000
PIPE_SERVICE_CSV,ordinary_walk_pipe_collision_probe,tick,1890,-15.850000,451.899994,-129.375488,0.000000,-0.000000,0.000072,1,1939,0,0,0,0,0,0,1.000000,0,2,4.413045,1285.554943,0.000000,1,1,0,0.000000,0.000000,0.000000,0.000000,0.000000,0.000000,0,0,0,0,0.000000
PIPE_SERVICE_CSV,ordinary_walk_pipe_collision_probe,tick,1980,-15.850000,451.899994,-129.375488,0.000000,-0.000000,0.000017,1,1939,0,0,0,0,0,0,1.000000,0,2,4.413045,1285.554943,0.000000,1,1,0,0.000000,0.000000,0.000000,0.000000,0.000000,0.000000,0,0,0,0,0.000000
PIPE_SERVICE_CSV,ordinary_walk_pipe_collision_probe,walk_only_contact_result,1981,-15.850000,451.899994,-129.375488,0.000000,-0.000000,0.000017,1,1939,0,0,0,0,0,0,1.000000,0,2,4.413045,1285.554943,0.000000,1,1,0,0.000000,0.000000,0.000000,0.000000,0.000000,0.000000,0,0,0,0,0.000000
PIPE_WALK_PROBE,furthest_x=-15.850000,grounded=1,support=1939,vaults=0
PIPE_SERVICE_CSV,ordinary_backtrack_to_quick_runup,begin,1981,-15.850000,451.899994,-129.375488,0.000000,-0.000000,0.000017,1,1939,0,0,0,0,0,0,1.000000,0,2,4.413045,1285.554943,0.000000,1,1,0,0.000000,0.000000,0.000000,0.000000,0.000000,0.000000,0,0,0,0,0.000000
PIPE_SERVICE_CSV,ordinary_backtrack_to_quick_runup,tick,2070,-18.562939,451.899384,-129.375488,-1.835853,0.000000,0.001926,1,1939,0,0,0,0,0,0,1.000000,0,2,4.413045,1285.554943,0.000000,1,1,0,0.000000,0.000000,0.000000,0.000000,0.000000,0.000000,0,0,0,0,0.000000
PIPE_SERVICE_CSV,ordinary_backtrack_to_quick_runup,arrived,2142,-18.513731,451.899384,-129.375488,0.139118,0.000000,0.002334,1,1939,0,0,0,0,0,0,1.000000,0,2,4.413045,1285.554943,0.000000,1,1,0,0.000000,0.000000,0.000000,0.000000,0.000000,0.000000,0,0,0,0,0.000000
PIPE_SERVICE_CSV,ordinary_backtrack_to_quick_runup,tick,2160,-18.497305,451.899384,-129.375488,0.044187,0.000000,0.000741,1,1939,0,0,0,0,0,0,1.000000,0,2,4.413045,1285.554943,0.000000,1,1,0,0.000000,0.000000,0.000000,0.000000,0.000000,0.000000,0,0,0,0,0.000000
PIPE_SERVICE_CSV,ordinary_backtrack_to_quick_runup,stable,2232,-18.489733,451.899384,-129.375488,0.000450,0.000000,0.000008,1,1939,0,0,0,0,0,0,1.000000,0,2,4.413045,1285.554943,0.000000,1,1,0,0.000000,0.000000,0.000000,0.000000,0.000000,0.000000,0,0,0,0,0.000000
PIPE_SERVICE_CSV,fresh_supported_pipe_jump,begin,2232,-18.489733,451.899384,-129.375488,0.000450,0.000000,0.000008,1,1939,0,0,0,0,0,0,1.000000,0,2,4.413045,1285.554943,0.000000,1,1,0,0.000000,0.000000,0.000000,0.000000,0.000000,0.000000,0,0,0,0,0.000000
PIPE_SERVICE_CSV,fresh_supported_pipe_jump,tick,2250,-18.330500,451.899384,-129.375488,1.570050,0.000000,0.000005,1,1939,0,0,0,0,0,0,1.000000,0,2,4.413045,1285.554943,0.000000,1,1,0,0.000000,0.000000,0.000000,0.000000,0.000000,0.000000,0,0,0,0,0.000000
PIPE_SERVICE_CSV,fresh_supported_pipe_jump,jump_requested,2293,-16.698895,451.899994,-129.375488,4.962498,0.000000,0.000001,1,1939,0,0,0,0,0,0,1.000000,0,2,4.413045,1285.554943,0.000000,1,1,0,0.000000,0.000000,0.000000,0.000000,0.000000,0.000000,0,0,0,0,0.000000
PIPE_SERVICE_CSV,pipe_ballistic_crossing,begin,2293,-16.698895,451.899994,-129.375488,4.962498,0.000000,0.000001,1,1939,0,0,0,0,0,0,1.000000,0,2,4.413045,1285.554943,0.000000,1,1,0,0.000000,0.000000,0.000000,0.000000,0.000000,0.000000,0,0,0,0,0.000000
PIPE_SERVICE_CSV,pipe_ballistic_crossing,actual_pipe_crest_clearance,2320,-15.075220,453.104462,-129.375488,5.500000,2.557002,0.001026,0,0,0,0,0,0,0,0,1.000000,0,2,4.413045,2571.177451,0.000000,0,0,0,0.000000,0.000000,0.000000,0.000000,0.000000,0.000000,0,0,0,0,0.000000
PIPE_SERVICE_CSV,pipe_ballistic_crossing,actual_pipe_crest_clearance,2321,-15.014109,453.132111,-129.375488,5.500000,2.448002,0.001051,0,0,0,0,0,0,0,0,1.000000,0,2,4.413045,2571.177451,0.000000,0,0,0,0.000000,0.000000,0.000000,0.000000,0.000000,0.000000,0,0,0,0,0.000000
PIPE_SERVICE_CSV,pipe_ballistic_crossing,actual_pipe_crest_clearance,2322,-14.952997,453.158539,-129.375488,5.500000,2.339002,0.001077,0,0,0,0,0,0,0,0,1.000000,0,2,4.413045,2571.177451,0.000000,0,0,0,0.000000,0.000000,0.000000,0.000000,0.000000,0.000000,0,0,0,0,0.000000
PIPE_SERVICE_CSV,pipe_ballistic_crossing,actual_pipe_crest_clearance,2323,-14.891886,453.183746,-129.375488,5.500000,2.230002,0.001104,0,0,0,0,0,0,0,0,1.000000,0,2,4.413045,2571.177451,0.000000,0,0,0,0.000000,0.000000,0.000000,0.000000,0.000000,0.000000,0,0,0,0,0.000000
PIPE_SERVICE_CSV,pipe_ballistic_crossing,tick,2340,-13.852991,453.427399,-129.375488,5.500000,0.377000,0.001951,0,0,0,0,0,0,0,0,1.000000,0,2,4.413045,2571.177451,0.000000,0,0,0,0.000000,0.000000,0.000000,0.000000,0.000000,0.000000,0,0,0,0,0.000000
PIPE_SERVICE_CSV,quick_receiving_braking,begin,2394,-12.601651,451.899994,-129.375488,0.456583,0.000000,0.001903,1,1939,0,0,0,0,0,0,1.000000,0,3,5.481746,2571.177451,0.000000,1,0,0,0.000000,0.000000,0.000000,0.000000,0.000000,0.000000,0,0,0,0,0.000000
PIPE_SERVICE_CSV,quick_receiving_braking,arrived,2420,-12.518965,451.899994,-129.375488,0.139023,0.000000,0.001972,1,1939,0,0,0,0,0,0,1.000000,0,3,5.481746,2571.177451,0.000000,1,1,0,0.000000,0.000000,0.000000,0.000000,0.000000,0.000000,0,0,0,0,0.000000
PIPE_SERVICE_CSV,quick_receiving_braking,tick,2430,-12.507633,451.899994,-129.375488,0.073515,0.000000,0.001043,1,1939,0,0,0,0,0,0,1.000000,0,3,5.481746,2571.177451,0.000000,1,1,0,0.000000,0.000000,0.000000,0.000000,0.000000,0.000000,0,0,0,0,0.000000
PIPE_SERVICE_CSV,quick_receiving_braking,stable,2510,-12.494983,451.899994,-129.375488,0.000449,0.000000,0.000006,1,1939,0,0,0,0,0,0,1.000000,0,3,5.481746,2571.177451,0.000000,1,1,0,0.000000,0.000000,0.000000,0.000000,0.000000,0.000000,0,0,0,0,0.000000
PIPE_SERVICE_CSV,451_onward_to_upper_toe,begin,2510,-12.494983,451.899994,-129.375488,0.000449,0.000000,0.000006,1,1939,0,0,0,0,0,0,1.000000,0,3,5.481746,2571.177451,0.000000,1,1,0,0.000000,0.000000,0.000000,0.000000,0.000000,0.000000,0,0,0,0,0.000000
PIPE_SERVICE_CSV,451_onward_to_upper_toe,tick,2520,-12.445277,451.899994,-129.375488,0.872449,0.000000,0.000039,1,1939,0,0,0,0,0,0,1.000000,0,3,5.481746,2571.177451,0.000000,1,1,0,0.000000,0.000000,0.000000,0.000000,0.000000,0.000000,0,0,0,0,0.000000
PIPE_SERVICE_CSV,451_onward_to_upper_toe,tick,2610,-8.414223,451.899963,-129.375488,5.452149,0.000000,0.000289,1,1939,0,0,0,0,0,0,1.000000,0,3,5.481746,2571.177451,0.000000,1,1,0,0.000000,0.000000,0.000000,0.000000,0.000000,0.000000,0,0,0,0,0.000000
PIPE_SERVICE_CSV,451_onward_to_upper_toe,tick,2700,-2.922476,451.899963,-129.375488,5.499846,0.000000,0.000755,1,1939,0,0,0,0,0,0,1.000000,0,3,5.481746,2571.177451,0.000000,1,1,0,0.000000,0.000000,0.000000,0.000000,0.000000,0.000000,0,0,0,0,0.000000
PIPE_SERVICE_CSV,451_onward_to_upper_toe,tick,2790,0.652425,451.899963,-129.375488,0.015082,0.000000,0.001878,1,1939,0,0,0,0,0,0,1.000000,0,3,5.481746,2571.177451,0.000000,1,1,0,0.000000,0.000000,0.000000,0.000000,0.000000,0.000000,0,0,0,0,0.000000
PIPE_SERVICE_CSV,451_onward_to_upper_toe,arrived,2862,-0.050186,451.899963,-129.375488,-0.134477,0.000000,0.002465,1,1939,0,0,0,0,0,0,1.000000,0,3,5.481746,2571.177451,0.000000,1,1,0,0.000000,0.000000,0.000000,0.000000,0.000000,0.000000,0,0,0,0,0.000000
PIPE_SERVICE_CSV,upper_brace_toe451,begin,2862,-0.050186,451.899963,-129.375488,-0.134477,0.000000,0.002465,1,1939,0,0,0,0,0,0,1.000000,0,3,5.481746,2571.177451,0.000000,1,1,0,0.000000,0.000000,0.000000,0.000000,0.000000,0.000000,0,0,0,0,0.000000
PIPE_SERVICE_CSV,upper_brace_toe451,tick,2880,-0.063531,451.899963,-129.216461,0.003947,0.000000,1.565927,1,1939,0,0,0,0,0,0,1.000000,0,3,5.481746,2571.177451,0.000000,1,1,0,0.000000,0.000000,0.000000,0.000000,0.000000,0.000000,0,0,0,0,0.000000
PIPE_SERVICE_CSV,upper_brace_toe451,arrived,2964,0.000126,452.164948,-128.093246,0.000088,0.000044,0.139987,1,51,0,0,0,0,0,0,1.000000,0,5,1.197821,2781.598731,0.000000,0,0,0,0.000000,0.000000,0.000000,0.000000,0.000000,0.000000,0,0,0,0,0.000000
PIPE_SERVICE_CSV,upper_brace_ascent462,begin,2964,0.000126,452.164948,-128.093246,0.000088,0.000044,0.139987,1,51,0,0,0,0,0,0,1.000000,0,5,1.197821,2781.598731,0.000000,0,0,0,0.000000,0.000000,0.000000,0.000000,0.000000,0.000000,0,0,0,0,0.000000
PIPE_SERVICE_CSV,upper_brace_ascent462,tick,2970,-0.006173,452.168091,-128.084351,-0.181465,0.091133,0.128088,1,51,0,0,0,0,0,0,1.000000,0,5,1.197821,2781.598731,0.000000,0,0,0,0.000000,0.000000,0.000000,0.000000,0.000000,0.000000,0,0,0,0,0.000000
PIPE_SERVICE_CSV,upper_brace_ascent462,tick,3060,-1.553144,452.944977,-128.026688,-2.905169,1.458993,0.005384,1,51,0,0,0,0,0,0,1.000000,0,5,1.197821,2781.598731,0.000000,1,0,0,0.000000,0.000000,0.000000,0.000000,0.000000,0.000000,0,0,0,0,0.000000
PIPE_SERVICE_CSV,upper_brace_ascent462,tick,3150,-5.748815,455.052094,-128.040848,-5.232690,2.627889,-0.020438,1,51,0,0,0,0,0,0,1.000000,0,5,1.197821,2781.598731,0.000000,1,0,0,0.000000,0.000000,0.000000,0.000000,0.000000,0.000000,0,0,0,0,0.000000
PIPE_SERVICE_CSV,upper_brace_ascent462,tick,3240,-11.222467,457.797394,-128.062820,-5.499965,2.762116,-0.019512,1,51,0,0,0,0,0,0,1.000000,0,5,1.197821,2781.598731,0.000000,1,0,0,0.000000,0.000000,0.000000,0.000000,0.000000,0.000000,0,0,0,0,0.000000
PIPE_SERVICE_CSV,upper_brace_ascent462,tick,3330,-16.722498,460.554962,-128.082520,-5.499966,2.762116,-0.019229,1,51,0,0,0,0,0,0,1.000000,0,5,1.197821,2781.598731,0.000000,1,0,0,0.000000,0.000000,0.000000,0.000000,0.000000,0.000000,0,0,0,0,0.000000
PIPE_SERVICE_CSV,upper_brace_ascent462,arrived,3412,-20.342426,462.371094,-128.095108,-0.085632,0.043005,-0.000347,1,51,0,0,0,0,0,0,1.000000,0,5,1.197821,2781.598731,0.000000,1,0,0,0.000000,0.000000,0.000000,0.000000,0.000000,0.000000,0,0,0,0,0.000000
PIPE_SERVICE_CSV,actual462_floor_jump,begin,3412,-20.342426,462.371094,-128.095108,-0.085632,0.043005,-0.000347,1,51,0,0,0,0,0,0,1.000000,0,5,1.197821,2781.598731,0.000000,1,0,0,0.000000,0.000000,0.000000,0.000000,0.000000,0.000000,0,0,0,0,0.000000
PIPE_SERVICE_CSV,actual462_floor_jump,tick,3420,-20.348835,462.820526,-128.145874,-0.042422,4.633885,-1.169602,0,0,0,0,0,0,0,0,1.000000,0,5,1.197821,4067.145208,0.000000,0,0,0,0.000000,0.000000,0.000000,0.000000,0.000000,0.000000,0,0,0,0,0.000000
PIPE_SERVICE_CSV,inward_jump_braking,begin,3498,-20.303778,463.149994,-129.901505,0.038961,-0.461426,-0.357823,1,51,0,0,0,0,0,0,1.000000,0,6,3.868121,4067.145208,0.000000,1,0,0,0.000000,0.000000,0.000000,0.000000,0.000000,0.000000,0,0,0,0,0.000000
PIPE_SERVICE_CSV,inward_jump_braking,tick,3510,-20.300831,463.149994,-129.946289,0.011010,0.000000,-0.286812,1,51,0,0,0,0,0,0,1.000000,0,6,3.868121,4067.145208,0.000000,1,1,0,0.000000,0.000000,0.000000,0.000000,0.000000,0.000000,0,0,0,0,0.000000
PIPE_SERVICE_CSV,inward_jump_braking,arrived,3523,-20.300047,463.149994,-129.977020,-0.000904,0.000000,-0.070710,1,51,0,0,0,0,0,0,1.000000,0,6,3.868121,4067.145208,0.000000,1,0,0,0.000000,0.000000,0.000000,0.000000,0.000000,0.000000,0,0,0,0,0.000000
PIPE_SERVICE_CSV,inward_jump_braking,tick,3600,-20.300051,463.149994,-129.977310,0.000000,0.000000,0.000000,1,51,0,0,0,0,0,0,1.000000,0,6,3.868121,4067.145208,0.000000,1,0,0,0.000000,0.000000,0.000000,0.000000,0.000000,0.000000,0,0,0,0,0.000000
PIPE_SERVICE_CSV,inward_jump_braking,stable,3613,-20.300051,463.149994,-129.977310,0.000000,0.000000,0.000000,1,51,0,0,0,0,0,0,1.000000,0,6,3.868121,4067.145208,0.000000,1,0,0,0.000000,0.000000,0.000000,0.000000,0.000000,0.000000,0,0,0,0,0.000000
PIPE_SERVICE_CSV,onward462_west_roof,begin,3613,-20.300051,463.149994,-129.977310,0.000000,0.000000,0.000000,1,51,0,0,0,0,0,0,1.000000,0,6,3.868121,4067.145208,0.000000,1,0,0,0.000000,0.000000,0.000000,0.000000,0.000000,0.000000,0,0,0,0,0.000000
PIPE_SERVICE_CSV,onward462_west_roof,tick,3690,-20.108175,463.150848,-132.860962,0.365202,-0.214893,-5.487863,1,51,0,0,0,0,0,0,1.000000,0,6,3.868121,4067.145208,0.000000,1,0,0,0.000000,0.000000,0.000000,0.000000,0.000000,0.000000,0,0,0,0,0.000000
PIPE_SERVICE_CSV,onward462_west_roof,tick,3780,-19.742880,463.149994,-138.348633,0.365043,0.000000,-5.487872,1,51,0,0,0,0,0,0,1.000000,0,6,3.868121,4067.145208,0.000000,1,0,0,0.000000,0.000000,0.000000,0.000000,0.000000,0.000000,0,0,0,0,0.000000
PIPE_SERVICE_CSV,onward462_west_roof,tick,3870,-19.474266,463.149994,-142.386978,0.039121,0.000000,-0.588264,1,51,0,0,0,0,0,0,1.000000,0,6,3.868121,4067.145208,0.000000,1,0,0,0.000000,0.000000,0.000000,0.000000,0.000000,0.000000,0,0,0,0,0.000000
PIPE_SERVICE_CSV,onward462_west_roof,arrived,3938,-19.498959,463.149994,-142.013489,-0.019005,0.000000,0.125149,1,51,0,0,0,0,0,0,1.000000,0,6,3.868121,4067.145208,0.000000,1,0,0,0.000000,0.000000,0.000000,0.000000,0.000000,0.000000,0,0,0,0,0.000000
PIPE_SERVICE_CSV,onward462_west_roof,tick,3960,-19.499096,463.149994,-142.012589,0.000000,0.000000,0.000000,1,51,0,0,0,0,0,0,1.000000,0,6,3.868121,4067.145208,0.000000,1,0,0,0.000000,0.000000,0.000000,0.000000,0.000000,0.000000,0,0,0,0,0.000000
PIPE_SERVICE_CSV,onward462_west_roof,stable,4028,-19.499096,463.149994,-142.012589,0.000000,0.000000,0.000000,1,51,0,0,0,0,0,0,1.000000,0,6,3.868121,4067.145208,0.000000,1,0,0,0.000000,0.000000,0.000000,0.000000,0.000000,0.000000,0,0,0,0,0.000000
PASS PIPE_SERVICE mode=quick ordinary_inputs_only=1 initial_staging_only=1 full_route=1 gravity=1 deaths=0 vaults=0 actual462floor=1 stable_onward_contact=1 quick=1 sheltered=0 miss_retry=0
