Godot Engine v4.7.stable.official.5b4e0cb0f - https://godotengine.org
error: expected absolute path: "--shm-helper"
error: expected absolute path: "--shm-helper"
error: expected absolute path: "--shm-helper"
WARNING: Could not set V-Sync mode, as changing V-Sync mode is not supported by the graphics driver.
     at: set_use_vsync (platform/linuxbsd/x11/gl_manager_x11.cpp:372)
OpenGL API 3.3 (Core Profile) Mesa 26.0.8-1ubuntu0.3 - Compatibility - Using Device: Mesa - softpipe

Movie Maker mode enabled, recording movie in 192×164 @ 60 FPS...
SCRAPERX_AUDIO_BANK clips=28 msec=540 driver=Dummy
SCRAPERX_FALL_CLIP clip=wtf_1.ogg mix_peak=0.912013
SCRAPERX_FALL_CLIP clip=wtf_2.ogg mix_peak=0.912016
SCRAPERX_FALL_CLIP clip=wtf_3.ogg mix_peak=0.912012
SCRAPERX_FALL_CLIP clip=fear_1.ogg mix_peak=0.912015
SCRAPERX_FALL_CLIP clip=fear_3.ogg mix_peak=0.912014
SCRAPERX_FALL_CLIP clip=fear_4.ogg mix_peak=0.912014
SCRAPERX_FALL_CLIP clip=fuck_1.ogg mix_peak=0.912012
SCRAPERX_FALL_CLIP clip=fuck_2.ogg mix_peak=0.648812
SCRAPERX_FALL_CLIP clip=fear_2.ogg mix_peak=0.912016
SCRAPERX_FALL_CLIP clip=fear_5.ogg mix_peak=0.912014
SCRAPERX_FALL_CLIP clip=fear_6.ogg mix_peak=0.912016
SCRAPERX_FALL_CLIP clip=scream_dominic.ogg mix_peak=0.770346
SCRAPERX_FALL_CLIP clip=fuck_you_all.ogg mix_peak=0.912016
SCRAPERX_FALL_VOICE reactions=1 mix_peak=0.912014 recordings=13 recording_peak=0.912016 failures=0
--------------------------------------------------------------------------------
Done recording movie at path: /data/data/com.termux/files/usr/tmp/scraperx-launch-repair-09h3foao/repair-voices.avi
1890 frames at 60 FPS (movie length: 00:00:31:30), recorded in 00:01:04 (48% of real-time speed).
CPU render time: 0.29 seconds (average: 0.15 ms/frame)
GPU render time: 0.25 seconds (average: 0.13 ms/frame)
Encoding time: 1.46 seconds (average: 0.77 ms/frame)
--------------------------------------------------------------------------------
