Godot Engine v4.7.stable.official.5b4e0cb0f - https://godotengine.org

SCRAPERX_EXTENSION_LOADED api=4.7 authority=scraperx_sim scene=slingshot
SCRAPERX_VIEWPORT size=2160x2160 aspect=1.000 fov=82.0 far=2000
SCRAPERX_AUDIO_BANK clips=28 msec=332 driver=Dummy
SCRAPERX_UITEST_POSE cargo_net_entry tick=1507 position=(19.99277, 0.9, -109.9547) elapsed_ms=3791
SCRAPERX_UITEST_POSE cargo_net_climbing tick=2163 position=(20.00414, 5.514979, -117.1964) elapsed_ms=5079
SCRAPERX_UITEST_POSE cargo_net_receiver tick=2667 position=(20.00071, 11.9, -118.4825) elapsed_ms=6071
SCRAPERX_UITEST_POSE cargo_net_first_ring tick=2911 position=(18.50061, 11.9, -125.9318) elapsed_ms=6555
SCRAPERX_CAMPAIGN cargo_net_exit at=(18.50061, 11.9, -125.9318) support=11
SCRAPERX_UITEST_POSE facade_approach tick=3186 position=(20.0649, 11.9, -121.3025) elapsed_ms=7092
SCRAPERX_UITEST_POSE duct_hang tick=3372 position=(20.01121, 15.25, -122.49) elapsed_ms=7441
SCRAPERX_UITEST_POSE vent_climb tick=3658 position=(23.95856, 18.10002, -123.0015) elapsed_ms=7995
SCRAPERX_UITEST_POSE ladder_leap tick=4516 position=(12.50006, 23.2, -119.6954) elapsed_ms=9650
SCRAPERX_UITEST_POSE facade_arrival tick=5812 position=(10.64139, 33.9, -125.4653) elapsed_ms=12041
SCRAPERX_UITEST_POSE stair_handle_ready tick=6478 position=(-17.49934, 33.9, -121.3954) elapsed_ms=13322
SCRAPERX_UITEST_POSE stair_released tick=6604 position=(-17.49934, 33.9, -122.0592) elapsed_ms=13553
SCRAPERX_UITEST_POSE stair_climb tick=7972 position=(-10.11012, 38.60032, -122.1001) elapsed_ms=16147
SCRAPERX_UITEST_POSE stair_exit_ready tick=9097 position=(-2.234987, 45.32135, -122.3698) elapsed_ms=18309
SCRAPERX_UITEST_POSE stair_arrival tick=9267 position=(-2.175628, 44.9, -125.8244) elapsed_ms=18639
SCRAPERX_UITEST_POSE upper_handle_ready tick=9795 position=(4.008098, 44.9, -116.7609) elapsed_ms=19684
SCRAPERX_UITEST_POSE upper_lift_rising tick=10453 position=(4.008098, 54.50282, -117.4942) elapsed_ms=20938
SCRAPERX_UITEST_POSE upper_lift_seated tick=10725 position=(4.008085, 55.86002, -117.4942) elapsed_ms=21459
SCRAPERX_UITEST_POSE deck_55m tick=11083 position=(4.058417, 55.89994, -125.4294) elapsed_ms=22172
SCRAPERX_UITEST_POSE upper_duct_hang tick=11709 position=(1.45096, 59.25001, -122.49) elapsed_ms=23380
SCRAPERX_UITEST_POSE upper_vent_climb tick=11950 position=(5.33658, 62.09985, -123.0059) elapsed_ms=23857
SCRAPERX_UITEST_POSE upper_arrival tick=12463 position=(5.424698, 66.9, -125.8815) elapsed_ms=24832
SCRAPERX_UITEST_POSE teeter_entry tick=13149 position=(25.18835, 66.9, -138.9921) elapsed_ms=26187
SCRAPERX_UITEST_POSE teeter_ballast_near tick=13258 position=(27.77726, 66.76798, -139.4369) elapsed_ms=26396
SCRAPERX_UITEST_POSE teeter_ballast_far tick=13470 position=(31.91656, 66.98933, -139.45) elapsed_ms=26800
SCRAPERX_UITEST_POSE teeter_loaded tick=13876 position=(32.81841, 64.71709, -138.4065) elapsed_ms=27578
SCRAPERX_UITEST_POSE teeter_shelf tick=14208 position=(35.34456, 64.45, -139.3464) elapsed_ms=28204
SCRAPERX_UITEST_POSE teeter_climb tick=14835 position=(34.83417, 69.87117, -139.4308) elapsed_ms=29351
SCRAPERX_UITEST_POSE teeter_arrival tick=15837 position=(25.14179, 77.9, -140.7993) elapsed_ms=31230
SCRAPERX_UITEST_POSE braced_bay_preview tick=16048 position=(25.10037, 77.9, -131.0851) elapsed_ms=31652
SCRAPERX_UITEST_POSE braced_bay_entry tick=16191 position=(27.97085, 77.9, -131.0008) elapsed_ms=31925
SCRAPERX_UITEST_POSE braced_bay_transfer tick=16884 position=(28.89319, 82.9, -144.0648) elapsed_ms=33311
SCRAPERX_UITEST_POSE braced_bay_low_member tick=17631 position=(33.99978, 84.88374, -138.711) elapsed_ms=34798
SCRAPERX_UITEST_POSE braced_bay_upper_junction tick=18103 position=(33.99997, 87.9, -131.3792) elapsed_ms=35742
SCRAPERX_UITEST_POSE braced_bay_arrival tick=18784 position=(24.91901, 88.9, -131.9996) elapsed_ms=37062
SCRAPERX_UITEST_POSE north_frame_entry tick=19842 position=(16.00072, 88.9, -179.49) elapsed_ms=39151
SCRAPERX_UITEST_POSE north_frame_first_rest tick=20332 position=(16.00072, 94.9, -180.4795) elapsed_ms=40045
SCRAPERX_UITEST_POSE north_frame_99m tick=21100 position=(10.00001, 99.9, -174.5532) elapsed_ms=41522
SCRAPERX_UITEST_POSE north_frame_upper_rest tick=21739 position=(15.99992, 104.4, -180.4795) elapsed_ms=42734
SCRAPERX_UITEST_POSE north_frame_hang tick=21900 position=(14.44, 104.95, -180.584) elapsed_ms=43043
SCRAPERX_UITEST_POSE north_frame_shimmy tick=22090 position=(14.44, 104.95, -181.851) elapsed_ms=43395
SCRAPERX_UITEST_POSE north_frame_106m tick=22164 position=(13.56, 106.9, -181.851) elapsed_ms=43534
SCRAPERX_UITEST_POSE north_frame_upper_exit tick=22614 position=(15.49901, 109.3998, -177.6227) elapsed_ms=44413
SCRAPERX_UITEST_POSE north_frame_110m tick=22876 position=(15.49997, 110.9, -174.5532) elapsed_ms=44907
SCRAPERX_CAMPAIGN north_frame_exit at=(15.49997, 110.9, -174.5532) support=11
SCRAPERX_UITEST_POSE swing_approach tick=23164 position=(10.00034, 110.9, -179.5715) elapsed_ms=45467
SCRAPERX_UITEST_POSE swing_launch_view tick=23541 position=(9.167921, 114.8993, -180.1177) elapsed_ms=46166
SCRAPERX_SWING_CATCH tick=23569 player=(9.167921, 114.8993, -180.1177) player_velocity=(0.0, 0.0, 0.0) grounded=true crouched=false traversal=0 view_yaw_rad=-0.000000 grip=false grip_point=(0.0, 0.0, 0.0) angle_z=-0.000698 origin=(6.000004, 124.0, -181.2) body_velocity=(-0.0, 0.0, 0.0) observed_rung_midpoint_velocity=(0.0, 0.0, 0.0) observed_angular_z=0.000000 nearest_rung=(6.844046, 115.4594, -181.2) hand_distance=2.424483 faced_depth=1.082336
SCRAPERX_SWING_CATCH tick=23571 player=(9.161161, 115.0188, -180.12) player_velocity=(-0.377543, 5.282001, -0.13214) grounded=false crouched=false traversal=0 view_yaw_rad=-0.000000 grip=false grip_point=(0.0, 0.0, 0.0) angle_z=-0.000698 origin=(6.000004, 124.0, -181.2) body_velocity=(-0.0, 0.0, 0.0) observed_rung_midpoint_velocity=(0.0, 0.0, 0.0) observed_angular_z=0.000000 nearest_rung=(6.844046, 115.4594, -181.2) hand_distance=2.414841 faced_depth=1.079956
SCRAPERX_SWING_CATCH tick=23572 player=(9.155336, 115.0767, -180.1221) player_velocity=(-0.524366, 5.173002, -0.183528) grounded=false crouched=false traversal=0 view_yaw_rad=-0.000000 grip=false grip_point=(0.0, 0.0, 0.0) angle_z=-0.000698 origin=(6.000004, 124.0, -181.2) body_velocity=(-0.0, 0.0, 0.0) observed_rung_midpoint_velocity=(0.0, 0.0, 0.0) observed_angular_z=0.000000 nearest_rung=(6.844046, 115.4594, -181.2) hand_distance=2.409606 faced_depth=1.077942
SCRAPERX_SWING_CATCH tick=23574 player=(9.138788, 115.189, -180.1279) player_velocity=(-0.818011, 4.955004, -0.286304) grounded=false crouched=false traversal=0 view_yaw_rad=-0.000000 grip=false grip_point=(0.0, 0.0, 0.0) angle_z=-0.000698 origin=(6.000004, 124.0, -181.2) body_velocity=(-0.0, 0.0, 0.0) observed_rung_midpoint_velocity=(0.0, 0.0, 0.0) observed_angular_z=0.000000 nearest_rung=(6.844297, 115.8194, -181.2) hand_distance=2.397715 faced_depth=1.072144
SCRAPERX_SWING_CATCH tick=23575 player=(9.128069, 115.2433, -180.1316) player_velocity=(-0.964833, 4.846004, -0.337692) grounded=false crouched=false traversal=0 view_yaw_rad=-0.000000 grip=false grip_point=(0.0, 0.0, 0.0) angle_z=-0.000698 origin=(6.000004, 124.0, -181.2) body_velocity=(-0.0, 0.0, 0.0) observed_rung_midpoint_velocity=(0.0, 0.0, 0.0) observed_angular_z=0.000000 nearest_rung=(6.844297, 115.8194, -181.2) hand_distance=2.382924 faced_depth=1.068420
SCRAPERX_SWING_CATCH tick=23577 player=(9.101732, 115.3482, -180.1408) player_velocity=(-1.258478, 4.628006, -0.440467) grounded=false crouched=false traversal=0 view_yaw_rad=-0.000000 grip=false grip_point=(0.0, 0.0, 0.0) angle_z=-0.000698 origin=(6.000004, 124.0, -181.2) body_velocity=(-0.0, 0.0, 0.0) observed_rung_midpoint_velocity=(0.0, 0.0, 0.0) observed_angular_z=0.000000 nearest_rung=(6.844297, 115.8194, -181.2) hand_distance=2.351812 faced_depth=1.059204
SCRAPERX_SWING_CATCH tick=23578 player=(9.086119, 115.3989, -180.1463) player_velocity=(-1.4053, 4.519007, -0.491855) grounded=false crouched=false traversal=0 view_yaw_rad=-0.000000 grip=false grip_point=(0.0, 0.0, 0.0) angle_z=-0.000698 origin=(6.000004, 124.0, -181.2) body_velocity=(-0.0, 0.0, 0.0) observed_rung_midpoint_velocity=(0.0, 0.0, 0.0) observed_angular_z=0.000000 nearest_rung=(6.844297, 115.8194, -181.2) hand_distance=2.335375 faced_depth=1.053711
SCRAPERX_SWING_CATCH tick=23580 player=(9.049994, 115.4966, -180.1589) player_velocity=(-1.698945, 4.301008, -0.594631) grounded=false crouched=false traversal=0 view_yaw_rad=-0.000000 grip=false grip_point=(0.0, 0.0, 0.0) angle_z=-0.000698 origin=(6.000004, 124.0, -181.2) body_velocity=(-0.0, 0.0, 0.0) observed_rung_midpoint_velocity=(0.0, 0.0, 0.0) observed_angular_z=0.000000 nearest_rung=(6.844297, 115.8194, -181.2) hand_distance=2.300490 faced_depth=1.041077
SCRAPERX_SWING_CATCH tick=23581 player=(9.029486, 115.5436, -180.1661) player_velocity=(-1.845768, 4.192009, -0.646019) grounded=false crouched=false traversal=0 view_yaw_rad=-0.000000 grip=false grip_point=(0.0, 0.0, 0.0) angle_z=-0.000698 origin=(6.000004, 124.0, -181.2) body_velocity=(-0.0, 0.0, 0.0) observed_rung_midpoint_velocity=(0.0, 0.0, 0.0) observed_angular_z=0.000000 nearest_rung=(6.844297, 115.8194, -181.2) hand_distance=2.281928 faced_depth=1.033875
SCRAPERX_SWING_CATCH tick=23583 player=(8.983576, 115.6341, -180.1822) player_velocity=(-2.139412, 3.97401, -0.748794) grounded=false crouched=false traversal=0 view_yaw_rad=-0.000000 grip=false grip_point=(0.0, 0.0, 0.0) angle_z=-0.000698 origin=(6.000004, 124.0, -181.2) body_velocity=(-0.0, 0.0, 0.0) observed_rung_midpoint_velocity=(0.0, 0.0, 0.0) observed_angular_z=0.000000 nearest_rung=(6.844548, 116.1794, -181.2) hand_distance=2.228508 faced_depth=1.017822
SCRAPERX_SWING_CATCH tick=23584 player=(8.958174, 115.6775, -180.1911) player_velocity=(-2.286235, 3.86501, -0.800182) grounded=false crouched=false traversal=0 view_yaw_rad=-0.000000 grip=false grip_point=(0.0, 0.0, 0.0) angle_z=-0.000698 origin=(6.000004, 124.0, -181.2) body_velocity=(-0.0, 0.0, 0.0) observed_rung_midpoint_velocity=(0.0, 0.0, 0.0) observed_angular_z=0.000000 nearest_rung=(6.844548, 116.1794, -181.2) hand_distance=2.200203 faced_depth=1.008911
SCRAPERX_SWING_CATCH tick=23586 player=(8.902475, 115.7606, -180.2106) player_velocity=(-2.57988, 3.64701, -0.902958) grounded=false crouched=false traversal=0 view_yaw_rad=-0.000000 grip=false grip_point=(0.0, 0.0, 0.0) angle_z=-0.000698 origin=(6.000004, 124.0, -181.2) body_velocity=(-0.0, 0.0, 0.0) observed_rung_midpoint_velocity=(0.0, 0.0, 0.0) observed_angular_z=0.000000 nearest_rung=(6.844548, 116.1794, -181.2) hand_distance=2.140908 faced_depth=0.989441
SCRAPERX_SWING_CATCH tick=23587 player=(8.872179, 115.8004, -180.2212) player_velocity=(-2.726702, 3.538009, -0.954346) grounded=false crouched=false traversal=0 view_yaw_rad=-0.000000 grip=false grip_point=(0.0, 0.0, 0.0) angle_z=-0.000698 origin=(6.000004, 124.0, -181.2) body_velocity=(-0.0, 0.0, 0.0) observed_rung_midpoint_velocity=(0.0, 0.0, 0.0) observed_angular_z=0.000000 nearest_rung=(6.844548, 116.1794, -181.2) hand_distance=2.109825 faced_depth=0.978821
SCRAPERX_SWING_CATCH tick=23589 player=(8.806692, 115.8763, -180.2441) player_velocity=(-3.020347, 3.320009, -1.057122) grounded=false crouched=false traversal=0 view_yaw_rad=-0.000000 grip=false grip_point=(0.0, 0.0, 0.0) angle_z=-0.000698 origin=(6.000004, 124.0, -181.2) body_velocity=(-0.0, 0.0, 0.0) observed_rung_midpoint_velocity=(0.0, 0.0, 0.0) observed_angular_z=0.000000 nearest_rung=(6.844548, 116.1794, -181.2) hand_distance=2.044662 faced_depth=0.955933
SCRAPERX_SWING_CATCH tick=23590 player=(8.771502, 115.9124, -180.2564) player_velocity=(-3.16717, 3.211009, -1.108509) grounded=false crouched=false traversal=0 view_yaw_rad=-0.000000 grip=false grip_point=(0.0, 0.0, 0.0) angle_z=-0.000698 origin=(6.000004, 124.0, -181.2) body_velocity=(-0.0, 0.0, 0.0) observed_rung_midpoint_velocity=(0.0, 0.0, 0.0) observed_angular_z=0.000000 nearest_rung=(6.8448, 116.5394, -181.2) hand_distance=2.009733 faced_depth=0.943604
SCRAPERX_SWING_CATCH tick=23592 player=(8.696226, 115.981, -180.2828) player_velocity=(-3.460814, 2.993008, -1.211285) grounded=false crouched=false traversal=0 view_yaw_rad=-0.000000 grip=false grip_point=(0.0, 0.0, 0.0) angle_z=-0.000698 origin=(6.000004, 124.0, -181.2) body_velocity=(-0.0, 0.0, 0.0) observed_rung_midpoint_velocity=(0.0, 0.0, 0.0) observed_angular_z=0.000000 nearest_rung=(6.8448, 116.5394, -181.2) hand_distance=1.925375 faced_depth=0.917236
SCRAPERX_SWING_CATCH tick=23593 player=(8.656141, 116.0135, -180.2968) player_velocity=(-3.607637, 2.884008, -1.262673) grounded=false crouched=false traversal=0 view_yaw_rad=-0.000000 grip=false grip_point=(0.0, 0.0, 0.0) angle_z=-0.000698 origin=(6.000004, 124.0, -181.2) body_velocity=(-0.0, 0.0, 0.0) observed_rung_midpoint_velocity=(0.0, 0.0, 0.0) observed_angular_z=0.000000 nearest_rung=(6.8448, 116.5394, -181.2) hand_distance=1.881471 faced_depth=0.903198
SCRAPERX_SWING_CATCH tick=23595 player=(8.571077, 116.0749, -180.3266) player_velocity=(-3.901282, 2.666008, -1.365449) grounded=false crouched=false traversal=0 view_yaw_rad=-0.000000 grip=false grip_point=(0.0, 0.0, 0.0) angle_z=-0.000698 origin=(6.000004, 124.0, -181.2) body_velocity=(-0.0, 0.0, 0.0) observed_rung_midpoint_velocity=(0.0, 0.0, 0.0) observed_angular_z=0.000000 nearest_rung=(6.8448, 116.5394, -181.2) hand_distance=1.790076 faced_depth=0.873413
SCRAPERX_SWING_CATCH tick=23596 player=(8.526098, 116.1038, -180.3423) player_velocity=(-4.048104, 2.557008, -1.416837) grounded=false crouched=false traversal=0 view_yaw_rad=-0.000000 grip=false grip_point=(0.0, 0.0, 0.0) angle_z=-0.000698 origin=(6.000004, 124.0, -181.2) body_velocity=(-0.0, 0.0, 0.0) observed_rung_midpoint_velocity=(0.0, 0.0, 0.0) observed_angular_z=0.000000 nearest_rung=(6.8448, 116.5394, -181.2) hand_distance=1.742537 faced_depth=0.857666
SCRAPERX_SWING_CATCH tick=23598 player=(8.431246, 116.1579, -180.3755) player_velocity=(-4.341749, 2.339007, -1.519613) grounded=false crouched=false traversal=0 view_yaw_rad=-0.000000 grip=false grip_point=(0.0, 0.0, 0.0) angle_z=-0.000698 origin=(6.000004, 124.0, -181.2) body_velocity=(-0.0, 0.0, 0.0) observed_rung_midpoint_velocity=(0.0, 0.0, 0.0) observed_angular_z=0.000000 nearest_rung=(6.8448, 116.5394, -181.2) hand_distance=1.643676 faced_depth=0.824463
SCRAPERX_SWING_CATCH tick=23599 player=(8.381372, 116.1831, -180.393) player_velocity=(-4.488572, 2.230007, -1.571) grounded=false crouched=false traversal=0 view_yaw_rad=-0.000000 grip=false grip_point=(0.0, 0.0, 0.0) angle_z=-0.000698 origin=(6.000004, 124.0, -181.2) body_velocity=(-0.0, 0.0, 0.0) observed_rung_midpoint_velocity=(0.0, 0.0, 0.0) observed_angular_z=0.000000 nearest_rung=(6.8448, 116.5394, -181.2) hand_distance=1.592322 faced_depth=0.807007
SCRAPERX_SWING_CATCH tick=23601 player=(8.276731, 116.2299, -180.4296) player_velocity=(-4.782217, 2.012007, -1.673776) grounded=false crouched=false traversal=0 view_yaw_rad=-0.000000 grip=false grip_point=(0.0, 0.0, 0.0) angle_z=-0.000698 origin=(6.000004, 124.0, -181.2) body_velocity=(-0.0, 0.0, 0.0) observed_rung_midpoint_velocity=(0.0, 0.0, 0.0) observed_angular_z=0.000000 nearest_rung=(6.8448, 116.5394, -181.2) hand_distance=1.485718 faced_depth=0.770386
SCRAPERX_SWING_CATCH tick=23602 player=(8.221964, 116.2515, -180.4488) player_velocity=(-4.929039, 1.903006, -1.725164) grounded=false crouched=false traversal=0 view_yaw_rad=-0.000000 grip=false grip_point=(0.0, 0.0, 0.0) angle_z=-0.000698 origin=(6.000004, 124.0, -181.2) body_velocity=(-0.0, 0.0, 0.0) observed_rung_midpoint_velocity=(0.0, 0.0, 0.0) observed_angular_z=0.000000 nearest_rung=(6.8448, 116.5394, -181.2) hand_distance=1.430461 faced_depth=0.751221
SCRAPERX_SWING_CATCH tick=23604 player=(8.107882, 116.2911, -180.4887) player_velocity=(-5.191221, 1.685006, -1.816928) grounded=false crouched=false traversal=0 view_yaw_rad=-0.000000 grip=false grip_point=(0.0, 0.0, 0.0) angle_z=-0.000698 origin=(6.000004, 124.0, -181.2) body_velocity=(-0.0, 0.0, 0.0) observed_rung_midpoint_velocity=(0.0, 0.0, 0.0) observed_angular_z=0.000000 nearest_rung=(6.845051, 116.8994, -181.2) hand_distance=1.310240 faced_depth=0.711304
SCRAPERX_SWING_CATCH tick=23605 player=(8.0502, 116.3091, -180.5089) player_velocity=(-5.191221, 1.576006, -1.816928) grounded=false crouched=false traversal=0 view_yaw_rad=-0.000000 grip=false grip_point=(0.0, 0.0, 0.0) angle_z=-0.000698 origin=(6.000004, 124.0, -181.2) body_velocity=(-0.0, 0.0, 0.0) observed_rung_midpoint_velocity=(0.0, 0.0, 0.0) observed_angular_z=0.000000 nearest_rung=(6.845051, 116.8994, -181.2) hand_distance=1.247730 faced_depth=0.691101
SCRAPERX_SWING_CATCH tick=23607 player=(7.934838, 116.3413, -180.5493) player_velocity=(-5.191221, 1.358005, -1.816928) grounded=false crouched=false traversal=0 view_yaw_rad=-0.000000 grip=false grip_point=(0.0, 0.0, 0.0) angle_z=-0.000698 origin=(6.000004, 124.0, -181.2) body_velocity=(-0.0, 0.0, 0.0) observed_rung_midpoint_velocity=(0.0, 0.0, 0.0) observed_angular_z=0.000000 nearest_rung=(6.845051, 116.8994, -181.2) hand_distance=1.123463 faced_depth=0.650696
SCRAPERX_SWING_CATCH tick=23608 player=(7.877158, 116.3557, -180.5695) player_velocity=(-5.191221, 1.249005, -1.816928) grounded=false crouched=false traversal=0 view_yaw_rad=-0.000000 grip=false grip_point=(0.0, 0.0, 0.0) angle_z=-0.000698 origin=(6.000004, 124.0, -181.2) body_velocity=(-0.0, 0.0, 0.0) observed_rung_midpoint_velocity=(0.0, 0.0, 0.0) observed_angular_z=0.000000 nearest_rung=(6.845051, 116.8994, -181.2) hand_distance=1.061679 faced_depth=0.630493
SCRAPERX_SWING_CATCH tick=23610 player=(7.761797, 116.3807, -180.6099) player_velocity=(-5.191221, 1.031005, -1.816928) grounded=false crouched=false traversal=0 view_yaw_rad=-0.000000 grip=false grip_point=(0.0, 0.0, 0.0) angle_z=-0.000698 origin=(6.000004, 124.0, -181.2) body_velocity=(-0.0, 0.0, 0.0) observed_rung_midpoint_velocity=(0.0, 0.0, 0.0) observed_angular_z=0.000000 nearest_rung=(6.845051, 116.8994, -181.2) hand_distance=0.938766 faced_depth=0.590088
SCRAPERX_SWING_CATCH tick=23611 player=(7.704117, 116.3914, -180.6301) player_velocity=(-5.191221, 0.922005, -1.816928) grounded=false crouched=false traversal=0 view_yaw_rad=-0.000000 grip=false grip_point=(0.0, 0.0, 0.0) angle_z=-0.000698 origin=(6.000004, 124.0, -181.2) body_velocity=(-0.0, 0.0, 0.0) observed_rung_midpoint_velocity=(0.0, 0.0, 0.0) observed_angular_z=0.000000 nearest_rung=(6.845051, 116.8994, -181.2) hand_distance=0.877624 faced_depth=0.569885
SCRAPERX_SWING_CATCH tick=23613 player=(7.588757, 116.4092, -180.6705) player_velocity=(-5.191221, 0.704005, -1.816928) grounded=false crouched=false traversal=0 view_yaw_rad=-0.000000 grip=false grip_point=(0.0, 0.0, 0.0) angle_z=-0.000698 origin=(6.000004, 124.0, -181.2) body_velocity=(-0.0, 0.0, 0.0) observed_rung_midpoint_velocity=(0.0, 0.0, 0.0) observed_angular_z=0.000000 nearest_rung=(6.845051, 116.8994, -181.2) hand_distance=0.755967 faced_depth=0.529480
SCRAPERX_SWING_CATCH tick=23614 player=(7.531077, 116.4162, -180.6907) player_velocity=(-5.191221, 0.595005, -1.816928) grounded=false crouched=false traversal=0 view_yaw_rad=-0.000000 grip=false grip_point=(0.0, 0.0, 0.0) angle_z=-0.000698 origin=(6.000004, 124.0, -181.2) body_velocity=(-0.0, 0.0, 0.0) observed_rung_midpoint_velocity=(0.0, 0.0, 0.0) observed_angular_z=0.000000 nearest_rung=(6.845051, 116.8994, -181.2) hand_distance=0.695468 faced_depth=0.509277
SCRAPERX_SWING_CATCH tick=23616 player=(7.415717, 116.4267, -180.7311) player_velocity=(-5.191221, 0.377005, -1.816928) grounded=false crouched=false traversal=0 view_yaw_rad=-0.000000 grip=false grip_point=(0.0, 0.0, 0.0) angle_z=-0.000698 origin=(6.000004, 124.0, -181.2) body_velocity=(-0.0, 0.0, 0.0) observed_rung_midpoint_velocity=(0.0, 0.0, 0.0) observed_angular_z=0.000000 nearest_rung=(6.845051, 116.8994, -181.2) hand_distance=0.575255 faced_depth=0.468872
SCRAPERX_SWING_CATCH tick=23617 player=(7.358037, 116.4302, -180.7513) player_velocity=(-5.191221, 0.268005, -1.816928) grounded=false crouched=false traversal=0 view_yaw_rad=-0.000000 grip=false grip_point=(0.0, 0.0, 0.0) angle_z=-0.000698 origin=(6.000004, 124.0, -181.2) body_velocity=(-0.0, 0.0, 0.0) observed_rung_midpoint_velocity=(0.0, 0.0, 0.0) observed_angular_z=0.000000 nearest_rung=(6.845051, 116.8994, -181.2) hand_distance=0.515650 faced_depth=0.448669
SCRAPERX_SWING_CATCH tick=23619 player=(7.242676, 116.4334, -180.7917) player_velocity=(-5.191221, 0.050005, -1.816928) grounded=false crouched=false traversal=0 view_yaw_rad=-0.000000 grip=false grip_point=(0.0, 0.0, 0.0) angle_z=-0.000698 origin=(6.000004, 124.0, -181.2) body_velocity=(-0.0, 0.0, 0.0) observed_rung_midpoint_velocity=(0.0, 0.0, 0.0) observed_angular_z=0.000000 nearest_rung=(6.845051, 116.8994, -181.2) hand_distance=0.398034 faced_depth=0.408264
SCRAPERX_SWING_CATCH tick=23620 player=(7.184996, 116.4332, -180.8119) player_velocity=(-5.191221, -0.058995, -1.816928) grounded=false crouched=false traversal=0 view_yaw_rad=-0.000000 grip=false grip_point=(0.0, 0.0, 0.0) angle_z=-0.000698 origin=(6.000004, 124.0, -181.2) body_velocity=(-0.0, 0.0, 0.0) observed_rung_midpoint_velocity=(0.0, 0.0, 0.0) observed_angular_z=0.000000 nearest_rung=(6.845051, 116.8994, -181.2) hand_distance=0.340542 faced_depth=0.388062
SCRAPERX_SWING_CATCH tick=23622 player=(7.140144, 116.4318, -180.7) player_velocity=(0.000043, -0.0, 10.02502) grounded=false crouched=false traversal=4 view_yaw_rad=-0.000000 grip=false grip_point=(0.0, 0.0, 0.0) angle_z=-0.002094 origin=(6.000001, 124.0, -181.2) body_velocity=(-0.358285, 0.000674, 0.0) observed_rung_midpoint_velocity=(-0.491617, 0.000343, 0.000687) observed_angular_z=-0.062850 nearest_rung=(6.83513, 116.8983, -181.2) hand_distance=0.321414 faced_depth=0.500000
SCRAPERX_UITEST_POSE swing_caught tick=23668 position=(6.826637, 116.3911, -180.7) elapsed_ms=46408
SCRAPERX_SWING_RELEASE_START player=(7.125731, 119.8082, -180.6967) normal=(0.0, 0.0, -1.0) loaded_span=0.074954
SCRAPERX_SWING_RELEASE_PHASE tick=24004 player=(7.125731, 119.8082, -180.6967) velocity=(-0.24336, -0.003926, -0.0) angle=0.015986 normal=(0.0, 0.0, -1.0) support=2960
SCRAPERX_SWING_RELEASE_PHASE tick=24049 player=(6.986841, 119.7734, -180.6967) velocity=(-0.351487, 0.005996, -0.0) angle=-0.017268 normal=(0.0, 0.0, -1.0) support=2960
SCRAPERX_SWING_RELEASE_PHASE tick=24094 player=(6.830141, 119.7398, -180.6967) velocity=(-0.307666, 0.016602, 0.0) angle=-0.054092 normal=(0.0, 0.0, -1.0) support=2960
SCRAPERX_SWING_RELEASE_PHASE tick=24139 player=(6.72366, 119.7204, -180.6967) velocity=(-0.131478, 0.010346, -0.0) angle=-0.078609 normal=(0.0, 0.0, -1.0) support=2960
SCRAPERX_SWING_RELEASE_PHASE tick=24184 player=(6.713985, 119.7188, -180.6967) velocity=(0.098179, -0.007909, 0.0) angle=-0.080319 normal=(0.0, 0.0, -1.0) support=2960
SCRAPERX_UITEST_POSE swing_release_height tick=24189 position=(6.719427, 119.7197, -180.6967) elapsed_ms=47325
SCRAPERX_UITEST_POSE swing_landing tick=24355 position=(10.18616, 119.9, -178.6962) elapsed_ms=47627
SCRAPERX_UITEST_POSE swing_tower_exit tick=24598 position=(9.001135, 121.9, -174.5339) elapsed_ms=48086
SCRAPERX_UITEST PASS touch_campaign_to_121 staging=ordinary_grade_spawn cargo_net=1 upper_route=1 loaded_swing=1 supported_height_m=121 support=11 deaths=0 slingshot_work_j=0 world=slingshot
