Godot Engine v4.7.stable.official.5b4e0cb0f - https://godotengine.org
WARNING: Started the engine as `root`/superuser. This is a security risk, and subsystems like audio may not work correctly.
Set the environment variable `GODOT_SILENCE_ROOT_WARNING` to 1 to silence this warning.
     at: setup2 (main/main.cpp:3577)

SCRAPERX_EXTENSION_LOADED api=4.7 authority=scraperx_sim scene=slingshot
SCRAPERX_VIEWPORT size=2160x2160 aspect=1.000 fov=82.0 far=2000
SCRAPERX_AUDIO_BANK clips=28 msec=351 driver=Dummy
SCRAPERX_UITEST_POSE cargo_net_entry tick=1507 position=(19.99277, 0.9, -109.9547) elapsed_ms=11793
SCRAPERX_UITEST_POSE cargo_net_climbing tick=2163 position=(20.00342, 5.511471, -117.1958) elapsed_ms=16313
SCRAPERX_UITEST_POSE cargo_net_receiver tick=2667 position=(20.00096, 11.9, -118.4825) elapsed_ms=19848
SCRAPERX_UITEST_POSE cargo_net_first_ring tick=2911 position=(18.5006, 11.9, -125.9318) elapsed_ms=21447
SCRAPERX_CAMPAIGN cargo_net_exit at=(18.5006, 11.9, -125.9318) support=11
SCRAPERX_UITEST_POSE facade_approach tick=3186 position=(20.0649, 11.9, -121.3025) elapsed_ms=23488
SCRAPERX_UITEST_POSE duct_hang tick=3372 position=(20.01121, 15.25, -122.49) elapsed_ms=24681
SCRAPERX_UITEST_POSE vent_climb tick=3658 position=(23.95856, 18.10002, -123.0015) elapsed_ms=26810
SCRAPERX_UITEST_POSE ladder_leap tick=4516 position=(12.50005, 23.2, -119.6954) elapsed_ms=32679
SCRAPERX_UITEST_POSE facade_arrival tick=5812 position=(10.64139, 33.9, -125.4653) elapsed_ms=41735
SCRAPERX_UITEST_POSE stair_handle_ready tick=6478 position=(-17.49934, 33.9, -121.3954) elapsed_ms=46443
SCRAPERX_UITEST_POSE stair_released tick=6604 position=(-17.49934, 33.9, -122.0592) elapsed_ms=47386
SCRAPERX_UITEST_POSE stair_climb tick=8112 position=(-10.09273, 38.60488, -122.1001) elapsed_ms=57918
SCRAPERX_UITEST_POSE stair_exit_ready tick=9300 position=(-2.236439, 45.33683, -122.372) elapsed_ms=66160
SCRAPERX_UITEST_POSE stair_arrival tick=9469 position=(-2.181198, 44.9, -125.8406) elapsed_ms=67432
SCRAPERX_UITEST_POSE upper_handle_ready tick=9963 position=(4.007695, 44.9, -116.7578) elapsed_ms=70970
SCRAPERX_UITEST_POSE upper_lift_rising tick=10621 position=(4.007695, 54.50274, -117.491) elapsed_ms=75480
SCRAPERX_UITEST_POSE upper_lift_seated tick=10893 position=(4.007682, 55.86002, -117.491) elapsed_ms=77258
SCRAPERX_UITEST_POSE deck_55m tick=11251 position=(4.056422, 55.89991, -125.433) elapsed_ms=79852
SCRAPERX_UITEST_POSE upper_duct_hang tick=11877 position=(1.450994, 59.25001, -122.49) elapsed_ms=84152
SCRAPERX_UITEST_POSE upper_vent_climb tick=12118 position=(5.33661, 62.09985, -123.0059) elapsed_ms=85773
SCRAPERX_UITEST_POSE upper_arrival tick=12631 position=(5.424684, 66.9, -125.8815) elapsed_ms=89370
SCRAPERX_UITEST_POSE teeter_entry tick=13317 position=(25.18834, 66.9, -138.9921) elapsed_ms=94212
SCRAPERX_UITEST_POSE teeter_ballast_near tick=13426 position=(27.77727, 66.76798, -139.4369) elapsed_ms=95076
SCRAPERX_UITEST_POSE teeter_ballast_far tick=13638 position=(31.91657, 66.98933, -139.45) elapsed_ms=96466
SCRAPERX_UITEST_POSE teeter_loaded tick=14044 position=(32.81829, 64.71706, -138.4064) elapsed_ms=99391
SCRAPERX_UITEST_POSE teeter_shelf tick=14376 position=(35.38282, 64.45, -139.3593) elapsed_ms=101657
SCRAPERX_UITEST_POSE teeter_climb tick=15004 position=(34.83582, 69.86116, -139.4343) elapsed_ms=105939
SCRAPERX_UITEST_POSE teeter_arrival tick=16009 position=(25.1919, 77.9, -140.7986) elapsed_ms=112847
SCRAPERX_UITEST_POSE braced_bay_preview tick=16221 position=(25.1007, 77.9, -131.0741) elapsed_ms=114345
SCRAPERX_UITEST_POSE braced_bay_entry tick=16366 position=(27.92985, 77.9, -131.0018) elapsed_ms=115376
SCRAPERX_UITEST_POSE braced_bay_transfer tick=17058 position=(28.8936, 82.9, -144.0648) elapsed_ms=120250
SCRAPERX_UITEST_POSE braced_bay_low_member tick=17805 position=(33.99977, 84.88374, -138.711) elapsed_ms=125426
SCRAPERX_UITEST_POSE braced_bay_upper_junction tick=18277 position=(33.99999, 87.9, -131.3792) elapsed_ms=128760
SCRAPERX_UITEST_POSE braced_bay_arrival tick=18958 position=(24.91901, 88.9, -131.9996) elapsed_ms=133516
SCRAPERX_UITEST_POSE north_frame_entry tick=20016 position=(16.00072, 88.9, -179.49) elapsed_ms=141056
SCRAPERX_UITEST_POSE north_frame_first_rest tick=20506 position=(16.00072, 94.9, -180.4795) elapsed_ms=144533
SCRAPERX_UITEST_POSE north_frame_99m tick=21274 position=(10.00001, 99.9, -174.5532) elapsed_ms=149763
SCRAPERX_UITEST_POSE north_frame_upper_rest tick=21913 position=(15.99992, 104.4, -180.4795) elapsed_ms=154257
SCRAPERX_UITEST_POSE north_frame_hang tick=22074 position=(14.44, 104.95, -180.584) elapsed_ms=155463
SCRAPERX_UITEST_POSE north_frame_shimmy tick=22264 position=(14.44, 104.95, -181.851) elapsed_ms=156676
SCRAPERX_UITEST_POSE north_frame_106m tick=22338 position=(13.56, 106.9, -181.851) elapsed_ms=157176
SCRAPERX_UITEST_POSE north_frame_upper_exit tick=22788 position=(15.49901, 109.3998, -177.6227) elapsed_ms=160397
SCRAPERX_UITEST_POSE north_frame_110m tick=23050 position=(15.49997, 110.9, -174.5532) elapsed_ms=162326
SCRAPERX_CAMPAIGN north_frame_exit at=(15.49997, 110.9, -174.5532) support=11
SCRAPERX_UITEST_POSE swing_approach tick=23338 position=(10.00034, 110.9, -179.5715) elapsed_ms=164321
SCRAPERX_UITEST_POSE swing_launch_view tick=23715 position=(9.167921, 114.8993, -180.1177) elapsed_ms=167038
SCRAPERX_SWING_CATCH tick=23743 player=(9.167921, 114.8993, -180.1177) player_velocity=(0.0, 0.0, 0.0) grounded=true crouched=false traversal=0 view_yaw_rad=-0.000000 grip=false grip_point=(0.0, 0.0, 0.0) angle_z=-0.000697 origin=(6.000005, 124.0, -181.2) body_velocity=(0.0, -0.0, -0.0) observed_rung_midpoint_velocity=(0.0, 0.0, 0.0) observed_angular_z=0.000000 nearest_rung=(6.844049, 115.4594, -181.2) hand_distance=2.424480 faced_depth=1.082336
SCRAPERX_SWING_CATCH tick=23745 player=(9.161161, 115.0188, -180.12) player_velocity=(-0.377543, 5.282001, -0.13214) grounded=false crouched=false traversal=0 view_yaw_rad=-0.000000 grip=false grip_point=(0.0, 0.0, 0.0) angle_z=-0.000697 origin=(6.000005, 124.0, -181.2) body_velocity=(0.0, -0.0, -0.0) observed_rung_midpoint_velocity=(0.0, 0.0, 0.0) observed_angular_z=0.000000 nearest_rung=(6.844049, 115.4594, -181.2) hand_distance=2.414839 faced_depth=1.079956
SCRAPERX_SWING_CATCH tick=23746 player=(9.155336, 115.0767, -180.1221) player_velocity=(-0.524366, 5.173002, -0.183528) grounded=false crouched=false traversal=0 view_yaw_rad=-0.000000 grip=false grip_point=(0.0, 0.0, 0.0) angle_z=-0.000697 origin=(6.000005, 124.0, -181.2) body_velocity=(0.0, -0.0, -0.0) observed_rung_midpoint_velocity=(0.0, 0.0, 0.0) observed_angular_z=0.000000 nearest_rung=(6.844049, 115.4594, -181.2) hand_distance=2.409604 faced_depth=1.077942
SCRAPERX_SWING_CATCH tick=23748 player=(9.138788, 115.189, -180.1279) player_velocity=(-0.818011, 4.955004, -0.286304) grounded=false crouched=false traversal=0 view_yaw_rad=-0.000000 grip=false grip_point=(0.0, 0.0, 0.0) angle_z=-0.000697 origin=(6.000005, 124.0, -181.2) body_velocity=(0.0, -0.0, -0.0) observed_rung_midpoint_velocity=(0.0, 0.0, 0.0) observed_angular_z=0.000000 nearest_rung=(6.8443, 115.8194, -181.2) hand_distance=2.397713 faced_depth=1.072144
SCRAPERX_SWING_CATCH tick=23749 player=(9.128069, 115.2433, -180.1316) player_velocity=(-0.964833, 4.846004, -0.337692) grounded=false crouched=false traversal=0 view_yaw_rad=-0.000000 grip=false grip_point=(0.0, 0.0, 0.0) angle_z=-0.000697 origin=(6.000005, 124.0, -181.2) body_velocity=(0.0, -0.0, -0.0) observed_rung_midpoint_velocity=(0.0, 0.0, 0.0) observed_angular_z=0.000000 nearest_rung=(6.8443, 115.8194, -181.2) hand_distance=2.382921 faced_depth=1.068420
SCRAPERX_SWING_CATCH tick=23751 player=(9.101732, 115.3482, -180.1408) player_velocity=(-1.258478, 4.628006, -0.440467) grounded=false crouched=false traversal=0 view_yaw_rad=-0.000000 grip=false grip_point=(0.0, 0.0, 0.0) angle_z=-0.000697 origin=(6.000005, 124.0, -181.2) body_velocity=(0.0, -0.0, -0.0) observed_rung_midpoint_velocity=(0.0, 0.0, 0.0) observed_angular_z=0.000000 nearest_rung=(6.8443, 115.8194, -181.2) hand_distance=2.351810 faced_depth=1.059204
SCRAPERX_SWING_CATCH tick=23752 player=(9.086119, 115.3989, -180.1463) player_velocity=(-1.4053, 4.519007, -0.491855) grounded=false crouched=false traversal=0 view_yaw_rad=-0.000000 grip=false grip_point=(0.0, 0.0, 0.0) angle_z=-0.000697 origin=(6.000005, 124.0, -181.2) body_velocity=(0.0, -0.0, -0.0) observed_rung_midpoint_velocity=(0.0, 0.0, 0.0) observed_angular_z=0.000000 nearest_rung=(6.8443, 115.8194, -181.2) hand_distance=2.335373 faced_depth=1.053711
SCRAPERX_SWING_CATCH tick=23754 player=(9.049994, 115.4966, -180.1589) player_velocity=(-1.698945, 4.301008, -0.594631) grounded=false crouched=false traversal=0 view_yaw_rad=-0.000000 grip=false grip_point=(0.0, 0.0, 0.0) angle_z=-0.000697 origin=(6.000005, 124.0, -181.2) body_velocity=(0.0, -0.0, -0.0) observed_rung_midpoint_velocity=(0.0, 0.0, 0.0) observed_angular_z=0.000000 nearest_rung=(6.8443, 115.8194, -181.2) hand_distance=2.300488 faced_depth=1.041077
SCRAPERX_SWING_CATCH tick=23755 player=(9.029486, 115.5436, -180.1661) player_velocity=(-1.845768, 4.192009, -0.646019) grounded=false crouched=false traversal=0 view_yaw_rad=-0.000000 grip=false grip_point=(0.0, 0.0, 0.0) angle_z=-0.000697 origin=(6.000005, 124.0, -181.2) body_velocity=(0.0, -0.0, -0.0) observed_rung_midpoint_velocity=(0.0, 0.0, 0.0) observed_angular_z=0.000000 nearest_rung=(6.8443, 115.8194, -181.2) hand_distance=2.281926 faced_depth=1.033875
SCRAPERX_SWING_CATCH tick=23757 player=(8.983576, 115.6341, -180.1822) player_velocity=(-2.139412, 3.97401, -0.748794) grounded=false crouched=false traversal=0 view_yaw_rad=-0.000000 grip=false grip_point=(0.0, 0.0, 0.0) angle_z=-0.000697 origin=(6.000005, 124.0, -181.2) body_velocity=(0.0, -0.0, -0.0) observed_rung_midpoint_velocity=(0.0, 0.0, 0.0) observed_angular_z=0.000000 nearest_rung=(6.844551, 116.1794, -181.2) hand_distance=2.228506 faced_depth=1.017822
SCRAPERX_SWING_CATCH tick=23758 player=(8.958174, 115.6775, -180.1911) player_velocity=(-2.286235, 3.86501, -0.800182) grounded=false crouched=false traversal=0 view_yaw_rad=-0.000000 grip=false grip_point=(0.0, 0.0, 0.0) angle_z=-0.000697 origin=(6.000005, 124.0, -181.2) body_velocity=(0.0, -0.0, -0.0) observed_rung_midpoint_velocity=(0.0, 0.0, 0.0) observed_angular_z=0.000000 nearest_rung=(6.844551, 116.1794, -181.2) hand_distance=2.200201 faced_depth=1.008911
SCRAPERX_SWING_CATCH tick=23760 player=(8.902475, 115.7606, -180.2106) player_velocity=(-2.57988, 3.64701, -0.902958) grounded=false crouched=false traversal=0 view_yaw_rad=-0.000000 grip=false grip_point=(0.0, 0.0, 0.0) angle_z=-0.000697 origin=(6.000005, 124.0, -181.2) body_velocity=(0.0, -0.0, -0.0) observed_rung_midpoint_velocity=(0.0, 0.0, 0.0) observed_angular_z=0.000000 nearest_rung=(6.844551, 116.1794, -181.2) hand_distance=2.140905 faced_depth=0.989441
SCRAPERX_SWING_CATCH tick=23761 player=(8.872179, 115.8004, -180.2212) player_velocity=(-2.726702, 3.538009, -0.954346) grounded=false crouched=false traversal=0 view_yaw_rad=-0.000000 grip=false grip_point=(0.0, 0.0, 0.0) angle_z=-0.000697 origin=(6.000005, 124.0, -181.2) body_velocity=(0.0, -0.0, -0.0) observed_rung_midpoint_velocity=(0.0, 0.0, 0.0) observed_angular_z=0.000000 nearest_rung=(6.844551, 116.1794, -181.2) hand_distance=2.109823 faced_depth=0.978821
SCRAPERX_SWING_CATCH tick=23763 player=(8.806692, 115.8763, -180.2441) player_velocity=(-3.020347, 3.320009, -1.057122) grounded=false crouched=false traversal=0 view_yaw_rad=-0.000000 grip=false grip_point=(0.0, 0.0, 0.0) angle_z=-0.000697 origin=(6.000005, 124.0, -181.2) body_velocity=(0.0, -0.0, -0.0) observed_rung_midpoint_velocity=(0.0, 0.0, 0.0) observed_angular_z=0.000000 nearest_rung=(6.844551, 116.1794, -181.2) hand_distance=2.044660 faced_depth=0.955933
SCRAPERX_SWING_CATCH tick=23764 player=(8.771502, 115.9124, -180.2564) player_velocity=(-3.16717, 3.211009, -1.108509) grounded=false crouched=false traversal=0 view_yaw_rad=-0.000000 grip=false grip_point=(0.0, 0.0, 0.0) angle_z=-0.000697 origin=(6.000005, 124.0, -181.2) body_velocity=(0.0, -0.0, -0.0) observed_rung_midpoint_velocity=(0.0, 0.0, 0.0) observed_angular_z=0.000000 nearest_rung=(6.844802, 116.5394, -181.2) hand_distance=2.009731 faced_depth=0.943604
SCRAPERX_SWING_CATCH tick=23766 player=(8.696226, 115.981, -180.2828) player_velocity=(-3.460814, 2.993008, -1.211285) grounded=false crouched=false traversal=0 view_yaw_rad=-0.000000 grip=false grip_point=(0.0, 0.0, 0.0) angle_z=-0.000697 origin=(6.000005, 124.0, -181.2) body_velocity=(0.0, -0.0, -0.0) observed_rung_midpoint_velocity=(0.0, 0.0, 0.0) observed_angular_z=0.000000 nearest_rung=(6.844802, 116.5394, -181.2) hand_distance=1.925373 faced_depth=0.917236
SCRAPERX_SWING_CATCH tick=23767 player=(8.656141, 116.0135, -180.2968) player_velocity=(-3.607637, 2.884008, -1.262673) grounded=false crouched=false traversal=0 view_yaw_rad=-0.000000 grip=false grip_point=(0.0, 0.0, 0.0) angle_z=-0.000697 origin=(6.000005, 124.0, -181.2) body_velocity=(0.0, -0.0, -0.0) observed_rung_midpoint_velocity=(0.0, 0.0, 0.0) observed_angular_z=0.000000 nearest_rung=(6.844802, 116.5394, -181.2) hand_distance=1.881469 faced_depth=0.903198
SCRAPERX_SWING_CATCH tick=23769 player=(8.571077, 116.0749, -180.3266) player_velocity=(-3.901282, 2.666008, -1.365449) grounded=false crouched=false traversal=0 view_yaw_rad=-0.000000 grip=false grip_point=(0.0, 0.0, 0.0) angle_z=-0.000697 origin=(6.000005, 124.0, -181.2) body_velocity=(0.0, -0.0, -0.0) observed_rung_midpoint_velocity=(0.0, 0.0, 0.0) observed_angular_z=0.000000 nearest_rung=(6.844802, 116.5394, -181.2) hand_distance=1.790074 faced_depth=0.873413
SCRAPERX_SWING_CATCH tick=23770 player=(8.526098, 116.1038, -180.3423) player_velocity=(-4.048104, 2.557008, -1.416837) grounded=false crouched=false traversal=0 view_yaw_rad=-0.000000 grip=false grip_point=(0.0, 0.0, 0.0) angle_z=-0.000697 origin=(6.000005, 124.0, -181.2) body_velocity=(0.0, -0.0, -0.0) observed_rung_midpoint_velocity=(0.0, 0.0, 0.0) observed_angular_z=0.000000 nearest_rung=(6.844802, 116.5394, -181.2) hand_distance=1.742535 faced_depth=0.857666
SCRAPERX_SWING_CATCH tick=23772 player=(8.431246, 116.1579, -180.3755) player_velocity=(-4.341749, 2.339007, -1.519613) grounded=false crouched=false traversal=0 view_yaw_rad=-0.000000 grip=false grip_point=(0.0, 0.0, 0.0) angle_z=-0.000697 origin=(6.000005, 124.0, -181.2) body_velocity=(0.0, -0.0, -0.0) observed_rung_midpoint_velocity=(0.0, 0.0, 0.0) observed_angular_z=0.000000 nearest_rung=(6.844802, 116.5394, -181.2) hand_distance=1.643673 faced_depth=0.824463
SCRAPERX_SWING_CATCH tick=23773 player=(8.381372, 116.1831, -180.393) player_velocity=(-4.488572, 2.230007, -1.571) grounded=false crouched=false traversal=0 view_yaw_rad=-0.000000 grip=false grip_point=(0.0, 0.0, 0.0) angle_z=-0.000697 origin=(6.000005, 124.0, -181.2) body_velocity=(0.0, -0.0, -0.0) observed_rung_midpoint_velocity=(0.0, 0.0, 0.0) observed_angular_z=0.000000 nearest_rung=(6.844802, 116.5394, -181.2) hand_distance=1.592320 faced_depth=0.807007
SCRAPERX_SWING_CATCH tick=23775 player=(8.276731, 116.2299, -180.4296) player_velocity=(-4.782217, 2.012007, -1.673776) grounded=false crouched=false traversal=0 view_yaw_rad=-0.000000 grip=false grip_point=(0.0, 0.0, 0.0) angle_z=-0.000697 origin=(6.000005, 124.0, -181.2) body_velocity=(0.0, -0.0, -0.0) observed_rung_midpoint_velocity=(0.0, 0.0, 0.0) observed_angular_z=0.000000 nearest_rung=(6.844802, 116.5394, -181.2) hand_distance=1.485716 faced_depth=0.770386
SCRAPERX_SWING_CATCH tick=23776 player=(8.221964, 116.2515, -180.4488) player_velocity=(-4.929039, 1.903006, -1.725164) grounded=false crouched=false traversal=0 view_yaw_rad=-0.000000 grip=false grip_point=(0.0, 0.0, 0.0) angle_z=-0.000697 origin=(6.000005, 124.0, -181.2) body_velocity=(0.0, -0.0, -0.0) observed_rung_midpoint_velocity=(0.0, 0.0, 0.0) observed_angular_z=0.000000 nearest_rung=(6.844802, 116.5394, -181.2) hand_distance=1.430459 faced_depth=0.751221
SCRAPERX_SWING_CATCH tick=23778 player=(8.107882, 116.2911, -180.4887) player_velocity=(-5.191221, 1.685006, -1.816928) grounded=false crouched=false traversal=0 view_yaw_rad=-0.000000 grip=false grip_point=(0.0, 0.0, 0.0) angle_z=-0.000697 origin=(6.000005, 124.0, -181.2) body_velocity=(0.0, -0.0, -0.0) observed_rung_midpoint_velocity=(0.0, 0.0, 0.0) observed_angular_z=0.000000 nearest_rung=(6.845053, 116.8994, -181.2) hand_distance=1.310238 faced_depth=0.711304
SCRAPERX_SWING_CATCH tick=23779 player=(8.0502, 116.3091, -180.5089) player_velocity=(-5.191221, 1.576006, -1.816928) grounded=false crouched=false traversal=0 view_yaw_rad=-0.000000 grip=false grip_point=(0.0, 0.0, 0.0) angle_z=-0.000697 origin=(6.000005, 124.0, -181.2) body_velocity=(0.0, -0.0, -0.0) observed_rung_midpoint_velocity=(0.0, 0.0, 0.0) observed_angular_z=0.000000 nearest_rung=(6.845053, 116.8994, -181.2) hand_distance=1.247729 faced_depth=0.691101
SCRAPERX_SWING_CATCH tick=23781 player=(7.934838, 116.3413, -180.5493) player_velocity=(-5.191221, 1.358005, -1.816928) grounded=false crouched=false traversal=0 view_yaw_rad=-0.000000 grip=false grip_point=(0.0, 0.0, 0.0) angle_z=-0.000697 origin=(6.000005, 124.0, -181.2) body_velocity=(0.0, -0.0, -0.0) observed_rung_midpoint_velocity=(0.0, 0.0, 0.0) observed_angular_z=0.000000 nearest_rung=(6.845053, 116.8994, -181.2) hand_distance=1.123461 faced_depth=0.650696
SCRAPERX_SWING_CATCH tick=23782 player=(7.877158, 116.3557, -180.5695) player_velocity=(-5.191221, 1.249005, -1.816928) grounded=false crouched=false traversal=0 view_yaw_rad=-0.000000 grip=false grip_point=(0.0, 0.0, 0.0) angle_z=-0.000697 origin=(6.000005, 124.0, -181.2) body_velocity=(0.0, -0.0, -0.0) observed_rung_midpoint_velocity=(0.0, 0.0, 0.0) observed_angular_z=0.000000 nearest_rung=(6.845053, 116.8994, -181.2) hand_distance=1.061677 faced_depth=0.630493
SCRAPERX_SWING_CATCH tick=23784 player=(7.761797, 116.3807, -180.6099) player_velocity=(-5.191221, 1.031005, -1.816928) grounded=false crouched=false traversal=0 view_yaw_rad=-0.000000 grip=false grip_point=(0.0, 0.0, 0.0) angle_z=-0.000697 origin=(6.000005, 124.0, -181.2) body_velocity=(0.0, -0.0, -0.0) observed_rung_midpoint_velocity=(0.0, 0.0, 0.0) observed_angular_z=0.000000 nearest_rung=(6.845053, 116.8994, -181.2) hand_distance=0.938764 faced_depth=0.590088
SCRAPERX_SWING_CATCH tick=23785 player=(7.704117, 116.3914, -180.6301) player_velocity=(-5.191221, 0.922005, -1.816928) grounded=false crouched=false traversal=0 view_yaw_rad=-0.000000 grip=false grip_point=(0.0, 0.0, 0.0) angle_z=-0.000697 origin=(6.000005, 124.0, -181.2) body_velocity=(0.0, -0.0, -0.0) observed_rung_midpoint_velocity=(0.0, 0.0, 0.0) observed_angular_z=0.000000 nearest_rung=(6.845053, 116.8994, -181.2) hand_distance=0.877622 faced_depth=0.569885
SCRAPERX_SWING_CATCH tick=23787 player=(7.588757, 116.4092, -180.6705) player_velocity=(-5.191221, 0.704005, -1.816928) grounded=false crouched=false traversal=0 view_yaw_rad=-0.000000 grip=false grip_point=(0.0, 0.0, 0.0) angle_z=-0.000697 origin=(6.000005, 124.0, -181.2) body_velocity=(0.0, -0.0, -0.0) observed_rung_midpoint_velocity=(0.0, 0.0, 0.0) observed_angular_z=0.000000 nearest_rung=(6.845053, 116.8994, -181.2) hand_distance=0.755965 faced_depth=0.529480
SCRAPERX_SWING_CATCH tick=23788 player=(7.531077, 116.4162, -180.6907) player_velocity=(-5.191221, 0.595005, -1.816928) grounded=false crouched=false traversal=0 view_yaw_rad=-0.000000 grip=false grip_point=(0.0, 0.0, 0.0) angle_z=-0.000697 origin=(6.000005, 124.0, -181.2) body_velocity=(0.0, -0.0, -0.0) observed_rung_midpoint_velocity=(0.0, 0.0, 0.0) observed_angular_z=0.000000 nearest_rung=(6.845053, 116.8994, -181.2) hand_distance=0.695466 faced_depth=0.509277
SCRAPERX_SWING_CATCH tick=23790 player=(7.415717, 116.4267, -180.7311) player_velocity=(-5.191221, 0.377005, -1.816928) grounded=false crouched=false traversal=0 view_yaw_rad=-0.000000 grip=false grip_point=(0.0, 0.0, 0.0) angle_z=-0.000697 origin=(6.000005, 124.0, -181.2) body_velocity=(0.0, -0.0, -0.0) observed_rung_midpoint_velocity=(0.0, 0.0, 0.0) observed_angular_z=0.000000 nearest_rung=(6.845053, 116.8994, -181.2) hand_distance=0.575253 faced_depth=0.468872
SCRAPERX_SWING_CATCH tick=23791 player=(7.358037, 116.4302, -180.7513) player_velocity=(-5.191221, 0.268005, -1.816928) grounded=false crouched=false traversal=0 view_yaw_rad=-0.000000 grip=false grip_point=(0.0, 0.0, 0.0) angle_z=-0.000697 origin=(6.000005, 124.0, -181.2) body_velocity=(0.0, -0.0, -0.0) observed_rung_midpoint_velocity=(0.0, 0.0, 0.0) observed_angular_z=0.000000 nearest_rung=(6.845053, 116.8994, -181.2) hand_distance=0.515648 faced_depth=0.448669
SCRAPERX_SWING_CATCH tick=23793 player=(7.242676, 116.4334, -180.7917) player_velocity=(-5.191221, 0.050005, -1.816928) grounded=false crouched=false traversal=0 view_yaw_rad=-0.000000 grip=false grip_point=(0.0, 0.0, 0.0) angle_z=-0.000697 origin=(6.000005, 124.0, -181.2) body_velocity=(0.0, -0.0, -0.0) observed_rung_midpoint_velocity=(0.0, 0.0, 0.0) observed_angular_z=0.000000 nearest_rung=(6.845053, 116.8994, -181.2) hand_distance=0.398032 faced_depth=0.408264
SCRAPERX_SWING_CATCH tick=23794 player=(7.184996, 116.4332, -180.8119) player_velocity=(-5.191221, -0.058995, -1.816928) grounded=false crouched=false traversal=0 view_yaw_rad=-0.000000 grip=false grip_point=(0.0, 0.0, 0.0) angle_z=-0.000697 origin=(6.000005, 124.0, -181.2) body_velocity=(0.0, -0.0, -0.0) observed_rung_midpoint_velocity=(0.0, 0.0, 0.0) observed_angular_z=0.000000 nearest_rung=(6.845053, 116.8994, -181.2) hand_distance=0.340540 faced_depth=0.388062
SCRAPERX_SWING_CATCH tick=23796 player=(7.140144, 116.4318, -180.7) player_velocity=(0.0, 0.0, 10.02502) grounded=false crouched=false traversal=4 view_yaw_rad=-0.000000 grip=false grip_point=(0.0, 0.0, 0.0) angle_z=-0.002094 origin=(6.000001, 124.0, -181.2) body_velocity=(-0.358282, 0.000674, 0.0) observed_rung_midpoint_velocity=(-0.491638, 0.000343, 0.000687) observed_angular_z=-0.062850 nearest_rung=(6.835132, 116.8983, -181.2) hand_distance=0.321412 faced_depth=0.500000
SCRAPERX_UITEST_POSE swing_caught tick=23842 position=(6.826641, 116.3911, -180.7) elapsed_ms=167922
SCRAPERX_SWING_RELEASE_START player=(7.125738, 119.8082, -180.6967) normal=(0.0, 0.0, -1.0) loaded_span=0.074953
SCRAPERX_SWING_RELEASE_PHASE tick=24178 player=(7.125738, 119.8082, -180.6967) velocity=(-0.243357, -0.003926, -0.0) angle=0.015986 normal=(0.0, 0.0, -1.0) support=2960
SCRAPERX_SWING_RELEASE_PHASE tick=24223 player=(6.986851, 119.7734, -180.6967) velocity=(-0.351484, 0.005996, 0.0) angle=-0.017268 normal=(0.0, 0.0, -1.0) support=2960
SCRAPERX_SWING_RELEASE_PHASE tick=24268 player=(6.830153, 119.7399, -180.6967) velocity=(-0.307665, 0.016601, 0.0) angle=-0.054091 normal=(0.0, 0.0, -1.0) support=2960
SCRAPERX_SWING_RELEASE_PHASE tick=24313 player=(6.723673, 119.7204, -180.6967) velocity=(-0.131479, 0.010346, 0.0) angle=-0.078609 normal=(0.0, 0.0, -1.0) support=2960
SCRAPERX_SWING_RELEASE_PHASE tick=24358 player=(6.713997, 119.7188, -180.6967) velocity=(0.098177, -0.007908, 0.0) angle=-0.080319 normal=(0.0, 0.0, -1.0) support=2960
SCRAPERX_UITEST_POSE swing_release_height tick=24363 position=(6.719439, 119.7198, -180.6967) elapsed_ms=171505
SCRAPERX_UITEST_POSE swing_landing tick=24529 position=(10.18616, 119.9, -178.6962) elapsed_ms=172557
SCRAPERX_UITEST_POSE swing_tower_exit tick=24772 position=(9.001134, 121.9, -174.5339) elapsed_ms=174289
SCRAPERX_UITEST PASS touch_campaign_to_121 staging=ordinary_grade_spawn cargo_net=1 upper_route=1 loaded_swing=1 supported_height_m=121 support=11 deaths=0 slingshot_work_j=0 world=slingshot
