PLANK_PLAYER,native_player_fall_overload,begin,tick=0,x=-6.800000191,y=410.899993896,z=-128.199996948,vx=0.000000000,vy=0.000000000,vz=0.000000000,grounded=0,support=0,board_centre_y=406.980987549,gravity=1.000000000,deaths=0,landings=0,jump_work_j=0.000000000,peak_strength_ratio=0.000000000,broken_mask=0
PLANK_PLAYER,native_player_fall_overload,actual_player_rupture,tick=72,x=-6.800194263,y=407.761718750,z=-128.199996948,vx=-0.026557766,vy=-6.919944286,vz=0.000000001,grounded=1,support=2886,board_centre_y=406.845535278,gravity=1.000000000,deaths=0,landings=1,jump_work_j=0.000000000,peak_strength_ratio=1.341147542,broken_mask=112
PLANK_NATIVE_POSE,native_player_fall_overload,actual_player_rupture,entity=2880,body_index=219,x=-7.901448727,y=406.963989258,z=-128.199996948,qx=-0.000000000,qy=0.000000000,qz=-0.085239194,qw=0.996360540,vx=-0.125593439,vy=-0.849975169,vz=0.000000000
PLANK_NATIVE_POSE,native_player_fall_overload,actual_player_rupture,entity=2881,body_index=220,x=-7.704029083,y=406.930938721,z=-128.199996948,qx=-0.000000000,qy=0.000000000,qz=-0.080599710,qw=0.996746600,vx=-0.396079332,vy=-2.497634649,vz=-0.000000001
PLANK_NATIVE_POSE,native_player_fall_overload,actual_player_rupture,entity=2882,body_index=221,x=-7.506248474,y=406.900665283,z=-128.199996948,qx=-0.000000000,qy=0.000000000,qz=-0.071031228,qw=0.997474134,vx=-0.611637294,vy=-4.007400036,vz=-0.000000002
PLANK_NATIVE_POSE,native_player_fall_overload,actual_player_rupture,entity=2883,body_index=222,x=-7.307839870,y=406.875152588,z=-128.199996948,qx=0.000000000,qy=0.000000000,qz=-0.056953587,qw=0.998376846,vx=-0.765963793,vy=-5.283616543,vz=-0.000000003
PLANK_NATIVE_POSE,native_player_fall_overload,actual_player_rupture,entity=2884,body_index=223,x=-7.108736992,y=406.856140137,z=-128.199996948,qx=0.000000000,qy=0.000000000,qz=-0.037857920,qw=0.999283135,vx=-0.853035510,vy=-6.234791279,vz=-0.000000004
PLANK_NATIVE_POSE,native_player_fall_overload,actual_player_rupture,entity=2885,body_index=224,x=-6.909056187,y=406.845764160,z=-128.199996948,qx=0.000000001,qy=0.000000000,qz=-0.014759494,qw=0.999891102,vx=-0.882476568,vy=-6.749219894,vz=-0.000000004
PLANK_NATIVE_POSE,native_player_fall_overload,actual_player_rupture,entity=2886,body_index=225,x=-6.709127903,y=406.845306396,z=-128.199996948,qx=0.000000001,qy=0.000000000,qz=0.013427829,qw=0.999909878,vx=-0.890130877,vy=-6.801431656,vz=-0.000000003
PLANK_NATIVE_POSE,native_player_fall_overload,actual_player_rupture,entity=2887,body_index=226,x=-6.509438992,y=406.855621338,z=-128.199996948,qx=0.000000001,qy=0.000000000,qz=0.037643347,qw=0.999291241,vx=-0.919365466,vy=-6.296952248,vz=-0.000000003
PLANK_NATIVE_POSE,native_player_fall_overload,actual_player_rupture,entity=2888,body_index=227,x=-6.310329437,y=406.874420166,z=-128.199996948,qx=0.000000000,qy=0.000000000,qz=0.056688778,qw=0.998391926,vx=-1.004863858,vy=-5.360239983,vz=-0.000000002
PLANK_NATIVE_POSE,native_player_fall_overload,actual_player_rupture,entity=2889,body_index=228,x=-6.111932755,y=406.900024414,z=-128.199996948,qx=0.000000000,qy=0.000000000,qz=0.071521632,qw=0.997439027,vx=-1.161615729,vy=-4.075199127,vz=-0.000000001
PLANK_NATIVE_POSE,native_player_fall_overload,actual_player_rupture,entity=2890,body_index=229,x=-5.914182186,y=406.930480957,z=-128.199996948,qx=0.000000000,qy=0.000000000,qz=0.081213810,qw=0.996696770,vx=-1.382983088,vy=-2.547456503,vz=-0.000000001
PLANK_NATIVE_POSE,native_player_fall_overload,actual_player_rupture,entity=2891,body_index=230,x=-5.716873169,y=406.963836670,z=-128.199996948,qx=0.000000000,qy=0.000000000,qz=0.086095624,qw=0.996286929,vx=-1.649549007,vy=-0.867019713,vz=-0.000000000
PLANK_PLAYER,native_player_fall_overload,tick,tick=90,x=-6.680366993,y=406.184478760,z=-128.218048096,vx=1.831834793,vy=-8.847631454,vz=-0.243513107,grounded=0,support=0,board_centre_y=404.714691162,gravity=1.000000000,deaths=0,landings=1,jump_work_j=0.000000000,peak_strength_ratio=1.341147542,broken_mask=112
PLANK_PLAYER,native_player_fall_overload,tick,tick=180,x=-4.581481457,y=404.296600342,z=-128.552566528,vx=0.880110264,vy=-0.865530550,vz=-0.185499996,grounded=1,support=1936,board_centre_y=402.234375000,gravity=1.000000000,deaths=0,landings=2,jump_work_j=0.000000000,peak_strength_ratio=1.341147542,broken_mask=112
PLANK_PLAYER,native_player_fall_overload,tick,tick=270,x=-2.379120827,y=398.996582031,z=-127.200805664,vx=2.493636131,vy=-10.172514915,vz=1.340475798,grounded=0,support=0,board_centre_y=396.074630737,gravity=1.000000000,deaths=0,landings=2,jump_work_j=168.772109985,peak_strength_ratio=1.341147542,broken_mask=112
PLANK_PLAYER,native_player_fall_overload,tick,tick=360,x=-1.792566061,y=397.149993896,z=-126.716995239,vx=-1.195391655,vy=0.000000000,vz=-0.101884626,grounded=1,support=51,board_centre_y=385.044036865,gravity=1.000000000,deaths=0,landings=3,jump_work_j=168.772109985,peak_strength_ratio=1.341147542,broken_mask=112
PLANK_PLAYER,native_player_fall_overload,tick,tick=450,x=-3.924007177,y=397.149993896,z=-126.922080994,vx=-2.189799309,vy=0.000000000,vz=-0.211608440,grounded=1,support=51,board_centre_y=369.108459473,gravity=1.000000000,deaths=0,landings=3,jump_work_j=168.772109985,peak_strength_ratio=1.341147542,broken_mask=112
PLANK_PLAYER,native_player_fall_overload,tick,tick=540,x=-6.113731384,y=397.149993896,z=-127.133567810,vx=-2.189764977,vy=0.000000000,vz=-0.211964995,grounded=1,support=51,board_centre_y=348.268112183,gravity=1.000000000,deaths=0,landings=3,jump_work_j=168.772109985,peak_strength_ratio=1.341147542,broken_mask=112
PLANK_PLAYER,native_player_fall_overload,tick,tick=630,x=-6.786489487,y=397.149993896,z=-127.199569702,vx=-0.037225224,vy=0.000000000,vz=-0.045702636,grounded=1,support=51,board_centre_y=322.523078918,gravity=1.000000000,deaths=0,landings=3,jump_work_j=168.772109985,peak_strength_ratio=1.341147542,broken_mask=112
PLANK_PLAYER,native_player_fall_overload,tick,tick=720,x=-6.800216675,y=397.149993896,z=-127.197601318,vx=0.007402875,vy=0.000000000,vz=-0.045220308,grounded=1,support=51,board_centre_y=291.873291016,gravity=1.000000000,deaths=0,landings=3,jump_work_j=168.772109985,peak_strength_ratio=1.341147542,broken_mask=112
PLANK_PLAYER,native_player_fall_overload,failure,tick=720,x=-6.800216675,y=397.149993896,z=-127.197601318,vx=0.007402875,vy=0.000000000,vz=-0.045220308,grounded=1,support=51,board_centre_y=291.873291016,gravity=1.000000000,deaths=0,landings=3,jump_work_j=168.772109985,peak_strength_ratio=1.341147542,broken_mask=112
PLANK_NATIVE_POSE,native_player_fall_overload,failure,entity=2880,body_index=219,x=-8.000097275,y=406.881042480,z=-128.199996948,qx=0.000000543,qy=-0.000000544,qz=-0.707450092,qw=0.706763327,vx=-0.007360275,vy=0.000005644,vz=-0.000000000
PLANK_NATIVE_POSE,native_player_fall_overload,failure,entity=2881,body_index=220,x=-8.000291824,y=406.681030273,z=-128.199996948,qx=0.000000543,qy=-0.000000544,qz=-0.707451999,qw=0.706761420,vx=-0.021878282,vy=-0.000001345,vz=0.000000000
PLANK_NATIVE_POSE,native_player_fall_overload,failure,entity=2882,body_index=221,x=-8.000487328,y=406.481018066,z=-128.199996948,qx=0.000000543,qy=-0.000000544,qz=-0.707452118,qw=0.706761360,vx=-0.036183655,vy=-0.000003660,vz=0.000000001
PLANK_NATIVE_POSE,native_player_fall_overload,failure,entity=2883,body_index=222,x=-8.000681877,y=406.281005859,z=-128.199996948,qx=0.000000543,qy=-0.000000544,qz=-0.707450271,qw=0.706763208,vx=-0.050687857,vy=-0.000001668,vz=0.000000001
PLANK_NATIVE_POSE,native_player_fall_overload,failure,entity=2884,body_index=223,x=-8.000876427,y=406.080993652,z=-128.199996948,qx=0.000000543,qy=-0.000000544,qz=-0.707451105,qw=0.706762314,vx=-0.065304063,vy=0.000005259,vz=0.000000000
PLANK_NATIVE_POSE,native_player_fall_overload,failure,entity=2885,body_index=224,x=-10.420211792,y=403.518981934,z=-130.133468628,qx=0.000093098,qy=0.843510509,qz=0.000077039,qw=0.537112772,vx=-0.000000000,vy=0.000000000,vz=0.000000000
PLANK_NATIVE_POSE,native_player_fall_overload,failure,entity=2886,body_index=225,x=-13.631912231,y=180.227600098,z=-108.892555237,qx=0.134863049,qy=-0.532044709,qz=-0.831440508,qw=-0.086296551,vx=-0.941879630,vy=-66.190910339,vz=2.617053509
PLANK_NATIVE_POSE,native_player_fall_overload,failure,entity=2887,body_index=226,x=-4.286881924,y=396.269012451,z=-128.171142578,qx=0.000063851,qy=0.740160286,qz=0.000054943,qw=0.672430575,vx=0.000045727,vy=-0.003269561,vz=0.000184658
PLANK_NATIVE_POSE,native_player_fall_overload,failure,entity=2888,body_index=227,x=-4.306017399,y=396.269042969,z=-128.370239258,qx=-0.000064007,qy=0.740158916,qz=-0.000054478,qw=0.672432005,vx=0.000086896,vy=-0.003247635,vz=0.000197556
PLANK_NATIVE_POSE,native_player_fall_overload,failure,entity=2889,body_index=228,x=-4.325150013,y=396.269012451,z=-128.569335938,qx=-0.000048115,qy=0.740157962,qz=-0.000047606,qw=0.672433138,vx=0.000002856,vy=0.002735166,vz=0.000192966
PLANK_NATIVE_POSE,native_player_fall_overload,failure,entity=2890,body_index=229,x=-4.344285011,y=396.269012451,z=-128.768432617,qx=0.000058784,qy=0.740158617,qz=0.000042408,qw=0.672432363,vx=-0.000006889,vy=0.002674526,vz=0.000210499
PLANK_NATIVE_POSE,native_player_fall_overload,failure,entity=2891,body_index=230,x=-4.363417149,y=396.269012451,z=-128.967529297,qx=-0.000020038,qy=0.740157008,qz=-0.000042022,qw=0.672434092,vx=0.000022185,vy=0.001171443,vz=0.000227923
FAIL DEFORMABLE_PLANK_PLAYER phase=native_player_fall_overload reason=actual fracture permits fall and input-directed recovery on real tray
