Godot Engine v4.7.stable.official.5b4e0cb0f - https://godotengine.org
error: expected absolute path: "--shm-helper"
error: expected absolute path: "--shm-helper"
error: expected absolute path: "--shm-helper"
WARNING: Could not set V-Sync mode, as changing V-Sync mode is not supported by the graphics driver.
     at: set_use_vsync (platform/linuxbsd/x11/gl_manager_x11.cpp:372)
OpenGL API 3.3 (Core Profile) Mesa 26.0.8-1ubuntu0.3 - Compatibility - Using Device: Mesa - softpipe
WARNING: Started the engine as `root`/superuser. This is a security risk, and subsystems like audio may not work correctly.
Set the environment variable `GODOT_SILENCE_ROOT_WARNING` to 1 to silence this warning.
     at: setup2 (main/main.cpp:3577)

Movie Maker mode enabled, recording movie in 648×557 @ 30 FPS...
SCRAPERX_EXTENSION_LOADED api=4.7 authority=scraperx_sim scene=slingshot
SCRAPERX_VIEWPORT size=432x371 aspect=1.164 fov=82.0 far=2000
SCRAPERX_AUDIO_BANK clips=28 msec=1689 driver=Dummy
SCRAPERX_SLINGSHOT_AUDIO_PHASE name=clip_fixture_band_stretch_0 effects_samples=44032 effects_peak=0.414943 effects_rms=0.116379 master_peak_db=-1.64
SCRAPERX_SLINGSHOT_AUDIO_PHASE name=clip_fixture_band_stretch_1 effects_samples=45056 effects_peak=0.441450 effects_rms=0.115625 master_peak_db=-1.10
SCRAPERX_SLINGSHOT_AUDIO_PHASE name=clip_fixture_sling_release_0 effects_samples=76800 effects_peak=0.954682 effects_rms=0.079862 master_peak_db=-0.80
SCRAPERX_SLINGSHOT_AUDIO_PHASE name=clip_fixture_rubber_squeak_0 effects_samples=38912 effects_peak=0.454029 effects_rms=0.165418 master_peak_db=-1.40
SCRAPERX_SLINGSHOT_AUDIO_PHASE name=clip_fixture_sling_wobble_0 effects_samples=60416 effects_peak=0.481953 effects_rms=0.102416 master_peak_db=-0.88
SCRAPERX_SLINGSHOT_AUDIO_PHASE name=clip_fixture_bullet_time_0 effects_samples=246784 effects_peak=0.721840 effects_rms=0.176617 master_peak_db=-0.80
SCRAPERX_SLINGSHOT_AUDIO_PHASE name=low_draw_native_draw effects_samples=156672 effects_peak=0.174177 effects_rms=0.035121 master_peak_db=-9.73
SCRAPERX_SLINGSHOT_AUDIO_PHASE name=low_draw_native_release effects_samples=93184 effects_peak=0.769497 effects_rms=0.064113 master_peak_db=-0.80
SCRAPERX_SLINGSHOT_AUDIO_PHASE name=low_draw_native_flight effects_samples=45056 effects_peak=0.000003 effects_rms=0.000000 master_peak_db=-7.66
SCRAPERX_SLINGSHOT_AUDIO_NATIVE shot=low_draw draw_m=3.9568 energy_j=14578.6 source_limit_w=200000.0 draw_cues=4 release_cues=1 comedy_cues=1 launches=1 speed_mps=3.401 peak_release_speed_mps=15.989 rush_db=-59.97 touch_device=true
SCRAPERX_EXTENSION_LOADED api=4.7 authority=scraperx_sim scene=slingshot
SCRAPERX_VIEWPORT size=432x371 aspect=1.164 fov=82.0 far=2000
SCRAPERX_AUDIO_BANK clips=28 msec=768 driver=Dummy
SCRAPERX_SLINGSHOT_AUDIO_PHASE name=full_draw_native_draw effects_samples=419840 effects_peak=0.341206 effects_rms=0.055262 master_peak_db=-3.87
SCRAPERX_SLINGSHOT_AUDIO_PHASE name=full_draw_native_release effects_samples=92160 effects_peak=0.769497 effects_rms=0.064468 master_peak_db=-0.80
SCRAPERX_SLINGSHOT_AUDIO_PHASE name=full_draw_native_flight effects_samples=45056 effects_peak=0.000000 effects_rms=0.000000 master_peak_db=-1.49
SCRAPERX_SLINGSHOT_AUDIO_PHASE name=native_speed_rush_isolation effects_samples=28672 effects_peak=0.000000 effects_rms=0.000000 master_peak_db=-3.13
SCRAPERX_SLINGSHOT_AUDIO_NATIVE shot=full_draw draw_m=11.9798 energy_j=418232.9 source_limit_w=200000.0 draw_cues=15 release_cues=1 comedy_cues=2 launches=1 speed_mps=74.063 peak_release_speed_mps=86.026 rush_db=-9.75 touch_device=true
SCRAPERX_EXTENSION_LOADED api=4.7 authority=scraperx_sim scene=slingshot
SCRAPERX_VIEWPORT size=432x371 aspect=1.164 fov=82.0 far=2000
SCRAPERX_AUDIO_BANK clips=28 msec=1433 driver=Dummy
SCRAPERX_SLINGSHOT_AUDIO_PHASE name=cinematic_draw_native_draw effects_samples=418816 effects_peak=0.329976 effects_rms=0.055437 master_peak_db=-4.13
SCRAPERX_SLINGSHOT_AUDIO_PHASE name=cinematic_draw_native_release effects_samples=93184 effects_peak=0.848237 effects_rms=0.120520 master_peak_db=-0.80
SCRAPERX_SLINGSHOT_AUDIO_PHASE name=native_cinematic_sound_isolation effects_samples=34816 effects_peak=0.216357 effects_rms=0.080854 master_peak_db=-7.97
SCRAPERX_SLINGSHOT_AUDIO_PHASE name=cinematic_draw_native_flight effects_samples=44032 effects_peak=0.000002 effects_rms=0.000000 master_peak_db=-3.59
SCRAPERX_SLINGSHOT_AUDIO_PHASE name=native_speed_rush_isolation effects_samples=29696 effects_peak=0.000001 effects_rms=0.000000 master_peak_db=-3.53
SCRAPERX_SLINGSHOT_AUDIO_NATIVE shot=cinematic_draw draw_m=11.9798 energy_j=418232.9 source_limit_w=200000.0 draw_cues=15 release_cues=1 comedy_cues=2 launches=1 speed_mps=79.555 peak_release_speed_mps=86.104 rush_db=-7.88 touch_device=true
SCRAPERX_EXTENSION_LOADED api=4.7 authority=scraperx_sim scene=slingshot
SCRAPERX_VIEWPORT size=432x371 aspect=1.164 fov=82.0 far=2000
SCRAPERX_AUDIO_BANK clips=28 msec=1086 driver=Dummy
SCRAPERX_FEAR_MIX voice_phone_db=-14.63 bed_phone_db=-26.81 peak_db=-0.80
SCRAPERX_SLINGSHOT_AUDIO PASS checks=152 mix_peak_db=-0.80 driver=Dummy touch_events=56 movie=/data/data/com.termux/files/usr/tmp/scraperx-continuation-1pc10lpd/audio-final.avi
--------------------------------------------------------------------------------
Done recording movie at path: /data/data/com.termux/files/usr/tmp/scraperx-continuation-1pc10lpd/audio-final.avi
1070 frames at 30 FPS (movie length: 00:00:35:20), recorded in 00:04:09 (14% of real-time speed).
CPU render time: 103.40 seconds (average: 96.64 ms/frame)
GPU render time: 102.91 seconds (average: 96.18 ms/frame)
Encoding time: 10.28 seconds (average: 9.61 ms/frame)
--------------------------------------------------------------------------------
