Godot Engine v4.7.stable.official.5b4e0cb0f - https://godotengine.org
WARNING: Could not set V-Sync mode, as changing V-Sync mode is not supported by the graphics driver.
     at: set_use_vsync (platform/linuxbsd/x11/gl_manager_x11.cpp:372)
OpenGL API 4.5 (Core Profile) Mesa 25.2.8-0ubuntu0.24.04.2 - Compatibility - Using Device: Mesa - llvmpipe (LLVM 20.1.2, 256 bits)
libpulse.so.0: cannot open shared object file: No such file or directory
libpulse.so.0: cannot open shared object file: No such file or directory
ALSA lib confmisc.c:855:(parse_card) cannot find card '0'
ALSA lib conf.c:5208:(_snd_config_evaluate) function snd_func_card_inum returned error: No such file or directory
ALSA lib confmisc.c:422:(snd_func_concat) error evaluating strings
ALSA lib conf.c:5208:(_snd_config_evaluate) function snd_func_concat returned error: No such file or directory
ALSA lib confmisc.c:1342:(snd_func_refer) error evaluating name
ALSA lib conf.c:5208:(_snd_config_evaluate) function snd_func_refer returned error: No such file or directory
ALSA lib conf.c:5731:(snd_config_expand) Evaluate error: No such file or directory
ALSA lib pcm.c:2721:(snd_pcm_open_noupdate) Unknown PCM default
ERROR: Condition "status < 0" is true. Returning: ERR_CANT_OPEN
   at: init_output_device (drivers/alsa/audio_driver_alsa.cpp:97)
WARNING: All audio drivers failed, falling back to the dummy driver.
     at: initialize (servers/audio/audio_server.cpp:258)

SCRAPERX_EXTENSION_LOADED api=4.7 authority=scraperx_sim scene=slingshot
SCRAPERX_VIEWPORT size=2160x1856 aspect=1.164 fov=82.0 far=2000
SCRAPERX_SLINGSHOT_CAPTURE=/home/runner/work/ScraperX/ScraperX/artifacts/screenshots/slingshot/wooden-launcher.png
SCRAPERX_AUDIO_BANK clips=28 msec=447 driver=Dummy
SCRAPERX_SLINGSHOT_CAPTURE=/home/runner/work/ScraperX/ScraperX/artifacts/screenshots/slingshot/leather-pouch.png
SCRAPERX_SLINGSHOT_CAPTURE=/home/runner/work/ScraperX/ScraperX/artifacts/screenshots/slingshot/charged-aim-interface.png
SCRAPERX_SLINGSHOT_CAPTURE=/home/runner/work/ScraperX/ScraperX/artifacts/screenshots/slingshot/release-orbit-human-rider.png
SCRAPERX_SLINGSHOT_CAPTURE=/home/runner/work/ScraperX/ScraperX/artifacts/screenshots/slingshot/release-orbit-front-human-rider.png
SCRAPERX_SLINGSHOT_CAPTURE=/home/runner/work/ScraperX/ScraperX/artifacts/screenshots/slingshot/accelerating-clear-orbit.png
SCRAPERX_SLINGSHOT_CAPTURE=/home/runner/work/ScraperX/ScraperX/artifacts/screenshots/slingshot/full-360-clear-finish.png
SCRAPERX_SLINGSHOT_CAPTURE=/home/runner/work/ScraperX/ScraperX/artifacts/screenshots/slingshot/return-to-true-pov.png
SCRAPERX_SLINGSHOT_VISUAL_PROBE PASS draw_m=11.980 spring_kj=418.23 manual_kj=475.70 aim_deg=82.0
