Godot Engine v4.7.stable.official.5b4e0cb0f - https://godotengine.org
error: expected absolute path: "--shm-helper"
error: expected absolute path: "--shm-helper"
error: expected absolute path: "--shm-helper"
WARNING: Could not set V-Sync mode, as changing V-Sync mode is not supported by the graphics driver.
     at: set_use_vsync (platform/linuxbsd/x11/gl_manager_x11.cpp:372)
OpenGL API 3.3 (Core Profile) Mesa 26.0.8-1ubuntu0.3 - Compatibility - Using Device: Mesa - softpipe
WARNING: Started the engine as `root`/superuser. This is a security risk, and subsystems like audio may not work correctly.
Set the environment variable `GODOT_SILENCE_ROOT_WARNING` to 1 to silence this warning.
     at: setup2 (main/main.cpp:3577)

SCRAPERX_EXTENSION_LOADED api=4.7 authority=scraperx_sim scene=slingshot
SCRAPERX_VIEWPORT size=432x371 aspect=1.164 fov=82.0 far=2000
SCRAPERX_AUDIO_BANK clips=28 msec=911 driver=Dummy
SCRAPERX_UITEST_POSE outside_pouch tick=8 position=(6.0, 0.909706, -58.0) elapsed_ms=59000
SCRAPERX_UITEST_SCREENSHOT /data/data/com.termux/files/usr/tmp/scraperx-continuation-1pc10lpd/visual/reuse-final_outside_pouch.png
SCRAPERX_UITEST_POSE manual_aim_settled tick=178 position=(6.0, 1.19731, -54.69997) elapsed_ms=774950
SCRAPERX_UITEST_SCREENSHOT /data/data/com.termux/files/usr/tmp/scraperx-continuation-1pc10lpd/visual/reuse-final_manual_aim_settled.png
SCRAPERX_UITEST_POSE seated_manual_draw tick=289 position=(6.0, 1.19731, -54.69997) elapsed_ms=1206072
SCRAPERX_UITEST_SCREENSHOT /data/data/com.termux/files/usr/tmp/scraperx-continuation-1pc10lpd/visual/reuse-final_seated_manual_draw.png
Terminated
