INSPECTION_CSV_HEADER,phase,event,tick,x,y,z,vx,vy,vz,grounded,support,traversal,traversal_support,grip_available,grip_entity,swinging,hands,gravity,deaths,landings,impact_mps,jump_work_j,hand_positive_work_j,firm_footing
INSPECTION_CSV,entry396,tick,90,-22.500000,397.149994,-142.000000,0.000000,0.000000,0.000000,1,51,0,0,0,0,0,0,1.000000,0,1,0.027250,0.000000,0.000000,1
INSPECTION_CSV,entry396,stable,135,-22.500000,397.149994,-142.000000,0.000000,0.000000,0.000000,1,51,0,0,0,0,0,0,1.000000,0,1,0.027250,0.000000,0.000000,1
INSPECTION_CSV,north396_band,begin,135,-22.500000,397.149994,-142.000000,0.000000,0.000000,0.000000,1,51,0,0,0,0,0,0,1.000000,0,1,0.027250,0.000000,0.000000,1
INSPECTION_CSV,north396_band,tick,180,-22.500000,397.149994,-140.951904,0.000000,0.000000,4.169257,1,51,0,0,0,0,0,0,1.000000,0,1,0.027250,0.000000,0.000000,1
INSPECTION_CSV,north396_band,tick,270,-22.500000,397.149994,-135.567032,0.000000,0.000000,5.500001,1,51,0,0,0,0,0,0,1.000000,0,1,0.027250,0.000000,0.000000,1
INSPECTION_CSV,north396_band,tick,360,-22.500000,397.149994,-130.068375,0.000000,0.000000,5.500001,1,51,0,0,0,0,0,0,1.000000,0,1,0.027250,0.000000,0.000000,1
INSPECTION_CSV,north396_band,tick,450,-22.500000,397.149994,-128.111115,0.000000,0.000000,-0.805951,1,51,0,0,0,0,0,0,1.000000,0,1,0.027250,0.000000,0.000000,1
INSPECTION_CSV,north396_band,arrived,488,-22.500000,397.149994,-128.288361,0.000000,0.000000,-0.127377,1,51,0,0,0,0,0,0,1.000000,0,1,0.027250,0.000000,0.000000,1
INSPECTION_CSV,north396_toe_approach,begin,488,-22.500000,397.149994,-128.288361,0.000000,0.000000,-0.127377,1,51,0,0,0,0,0,0,1.000000,0,1,0.027250,0.000000,0.000000,1
INSPECTION_CSV,north396_toe_approach,tick,540,-21.106104,397.149994,-128.259949,4.770392,0.000000,0.223105,1,51,0,0,0,0,0,0,1.000000,0,1,0.027250,0.000000,0.000000,1
INSPECTION_CSV,north396_toe_approach,tick,630,-15.649256,397.149994,-127.987648,5.493046,0.000000,0.276476,1,51,0,0,0,0,0,0,1.000000,0,1,0.027250,0.000000,0.000000,1
INSPECTION_CSV,north396_toe_approach,tick,720,-10.156092,397.149994,-127.710342,5.493069,0.000000,0.276034,1,51,0,0,0,0,0,0,1.000000,0,1,0.027250,0.000000,0.000000,1
INSPECTION_CSV,north396_toe_approach,tick,810,-4.663032,397.149994,-127.434319,5.493069,0.000000,0.276050,1,51,0,0,0,0,0,0,1.000000,0,1,0.027250,0.000000,0.000000,1
INSPECTION_CSV,north396_toe_approach,tick,900,0.159169,397.149994,-127.192017,2.161882,0.000000,0.108673,1,51,0,0,0,0,0,0,1.000000,0,1,0.027250,0.000000,0.000000,1
INSPECTION_CSV,north396_toe_approach,arrived,988,0.006400,397.149994,-127.199623,-0.117934,0.000000,-0.011569,1,51,0,0,0,0,0,0,1.000000,0,1,0.027250,0.000000,0.000000,1
INSPECTION_CSV,lower_brace_toe396,begin,988,0.006400,397.149994,-127.199623,-0.117934,0.000000,-0.011569,1,51,0,0,0,0,0,0,1.000000,0,1,0.027250,0.000000,0.000000,1
INSPECTION_CSV,lower_brace_toe396,tick,990,0.003849,397.149994,-127.197563,-0.112305,0.000000,0.173645,1,51,0,0,0,0,0,0,1.000000,0,1,0.027250,0.000000,0.000000,1
INSPECTION_CSV,lower_brace_toe396,tick,1080,0.000047,397.152863,-125.848969,-0.001170,-0.000532,0.232480,1,51,0,0,0,0,0,0,1.000000,0,1,0.027250,0.000000,0.000000,1
INSPECTION_CSV,lower_brace_toe396,arrived,1090,-0.000044,397.152863,-125.825981,0.004014,-0.001824,0.125849,1,51,0,0,0,0,0,0,1.000000,0,1,0.027250,0.000000,0.000000,1
INSPECTION_CSV,lower_brace_ascent,begin,1090,-0.000044,397.152863,-125.825981,0.004014,-0.001824,0.125849,1,51,0,0,0,0,0,0,1.000000,0,1,0.027250,0.000000,0.000000,1
INSPECTION_CSV,lower_brace_ascent,tick,1170,-1.161187,397.681274,-125.771873,-1.996391,0.908409,-0.001139,1,51,0,0,0,0,0,0,1.000000,0,1,0.027250,0.000000,0.000000,1
INSPECTION_CSV,lower_brace_ascent,tick,1260,-3.161280,398.591370,-125.771873,-1.999936,0.910042,-0.001258,1,51,0,0,0,0,0,0,1.000000,0,1,0.027250,0.000000,0.000000,1
INSPECTION_CSV,lower_brace_ascent,tick,1350,-5.161342,399.501465,-125.772423,-1.999893,0.910023,-0.001390,1,51,0,0,0,0,0,0,1.000000,0,1,0.027250,0.000000,0.000000,1
INSPECTION_CSV,lower_brace_ascent,tick,1440,-7.161388,400.411560,-125.775169,-1.999885,0.910019,-0.001483,1,51,0,0,0,0,0,0,1.000000,0,1,0.027250,0.000000,0.000000,1
INSPECTION_CSV,lower_brace_ascent,tick,1530,-9.205240,401.341583,-125.778114,-1.999893,0.910022,-0.001602,1,51,0,0,0,0,0,0,1.000000,0,1,0.027250,0.000000,0.000000,1
INSPECTION_CSV,lower_brace_ascent,tick,1620,-11.205281,402.251678,-125.780861,-1.999948,0.910048,-0.001767,1,51,0,0,0,0,0,0,1.000000,0,1,0.027250,0.000000,0.000000,1
INSPECTION_CSV,lower_brace_ascent,tick,1710,-13.205360,403.161804,-125.783607,-2.000098,0.909804,-0.002005,1,51,0,0,0,0,0,0,1.000000,0,1,0.027250,0.000000,0.000000,1
INSPECTION_CSV,lower_brace_ascent,tick,1800,-15.205420,404.071869,-125.786354,-2.004309,0.900577,-0.002377,1,51,0,0,0,0,0,0,1.000000,0,1,0.027250,0.000000,0.000000,1
INSPECTION_CSV,lower_brace_ascent,tick,1890,-17.205597,404.982056,-125.789101,-2.000218,0.909546,-0.003042,1,51,0,0,0,0,0,0,1.000000,0,1,0.027250,0.000000,0.000000,1
INSPECTION_CSV,lower_brace_ascent,tick,1980,-19.205927,405.892242,-125.792404,-2.004360,0.900444,-0.004486,1,51,0,0,0,0,0,0,1.000000,0,1,0.027250,0.000000,0.000000,1
INSPECTION_CSV,lower_brace_ascent,tick,2070,-21.206291,406.802490,-125.798859,-1.999997,0.910070,-0.009829,1,51,0,0,0,0,0,0,1.000000,0,1,0.027250,0.000000,0.000000,1
INSPECTION_CSV,lower_brace_ascent,tick,2160,-22.487522,407.385437,-125.810577,-0.228713,0.104073,-0.009198,1,51,0,0,0,0,0,0,1.000000,0,1,0.027250,0.000000,0.000000,1
INSPECTION_CSV,lower_brace_ascent,arrived,2167,-22.501369,407.391754,-125.811218,-0.129515,0.058934,-0.008811,1,51,0,0,0,0,0,0,1.000000,0,1,0.027250,0.000000,0.000000,1
INSPECTION_CSV,left407_inward_jump,begin,2167,-22.501369,407.391754,-125.811218,-0.129515,0.058934,-0.008811,1,51,0,0,0,0,0,0,1.000000,0,1,0.027250,0.000000,0.000000,1
INSPECTION_CSV,left407_inward_jump,tick,2250,-22.500731,408.284515,-127.224525,0.096434,-3.541814,-0.297104,0,0,0,0,0,0,0,0,1.000000,0,1,0.027250,1285.477446,0.000000,0
INSPECTION_CSV,inward_jump_braking,begin,2259,-22.499725,407.899963,-127.249107,-0.071424,0.000087,-0.219837,1,1935,0,0,0,0,0,0,1.000000,0,2,4.495561,1285.477446,0.000000,1
INSPECTION_CSV,inward_jump_braking,arrived,2273,-22.503275,407.899963,-127.277000,0.002933,0.000000,-0.134917,1,1935,0,0,0,0,0,0,1.000000,0,2,4.495561,1285.477446,0.000000,1
INSPECTION_CSV,inward_jump_braking,tick,2340,-22.502810,407.899963,-127.300041,0.000041,0.000000,-0.001888,1,1935,0,0,0,0,0,0,1.000000,0,2,4.495561,1285.477446,0.000000,1
INSPECTION_CSV,inward_jump_braking,stable,2363,-22.502810,407.899963,-127.300186,0.000009,0.000000,-0.000436,1,1935,0,0,0,0,0,0,1.000000,0,2,4.495561,1285.477446,0.000000,1
INSPECTION_CSV,left_transom_runup,begin,2363,-22.502810,407.899963,-127.300186,0.000009,0.000000,-0.000436,1,1935,0,0,0,0,0,0,1.000000,0,2,4.495561,1285.477446,0.000000,1
INSPECTION_CSV,left_transom_runup,tick,2430,-20.404110,407.899963,-127.622932,5.048802,0.000000,-0.776106,1,1935,0,0,0,0,0,0,1.000000,0,2,4.495561,1285.477446,0.000000,1
INSPECTION_CSV,left_transom_runup,tick,2520,-16.154562,407.900085,-128.275284,1.294365,-0.023208,-0.187302,1,1935,0,0,0,0,0,0,1.000000,0,2,4.495561,1285.477446,0.000000,1
INSPECTION_CSV,left_transom_runup,arrived,2605,-16.690872,407.899292,-128.193817,-0.132462,0.000000,0.019705,1,1935,0,0,0,0,0,0,1.000000,0,2,4.495561,1285.477446,0.000000,1
INSPECTION_CSV,jump_catch2935,begin,2605,-16.690872,407.899292,-128.193817,-0.132462,0.000000,0.019705,1,1935,0,0,0,0,0,0,1.000000,0,2,4.495561,1285.477446,0.000000,1
INSPECTION_CSV,jump_catch2935,tick,2610,-16.683540,408.188904,-128.192825,0.489748,4.954998,0.015822,0,0,0,0,0,0,0,0,1.000000,0,2,4.495561,2571.099953,0.000000,0
INSPECTION_CSV,jump_catch2935,caught,2691,-14.219688,408.663910,-128.191422,3.035103,-3.719187,0.000000,0,0,4,2935,0,0,1,2,1.000000,0,2,4.495561,2571.099953,0.222232,0
INSPECTION_CSV,pump_and_release2935,begin,2691,-14.219688,408.663910,-128.191422,3.035103,-3.719187,0.000000,0,0,4,2935,0,0,1,2,1.000000,0,2,4.495561,2571.099953,0.222232,0
INSPECTION_CSV,pump_and_release2935,tick,2700,-13.923065,408.344208,-128.191422,2.792251,-2.686461,-0.000000,0,0,4,2935,0,0,1,2,1.000000,0,2,4.495561,2571.099953,0.222232,0
INSPECTION_CSV,pump_and_release2935,tick,2790,-13.731415,407.994751,-128.191422,-1.471207,-1.137927,-0.000000,0,0,4,2935,0,0,1,2,1.000000,0,2,4.495561,2571.099953,82.027530,0
INSPECTION_CSV,pump_and_release2935,tick,2880,-15.814232,408.070465,-128.191422,-1.462733,0.169528,-0.000000,0,0,4,2935,0,0,1,2,1.000000,0,2,4.495561,2571.099953,155.437441,0
INSPECTION_CSV,pump_and_release2935,tick,2970,-15.065033,407.830811,-128.191422,2.649099,-0.387521,-0.000000,0,0,4,2935,0,0,1,2,1.000000,0,2,4.495561,2571.099953,257.095441,0
INSPECTION_CSV,pump_and_release2935,tick,3060,-12.973228,408.290527,-128.191422,0.301297,0.232584,-0.000000,0,0,4,2935,0,0,1,2,1.000000,0,2,4.495561,2571.099953,385.704031,0
INSPECTION_CSV,pump_and_release2935,tick,3150,-14.878637,407.785950,-128.191422,-3.398679,0.270601,-0.000000,0,0,4,2935,0,0,1,2,1.000000,0,2,4.495561,2571.099953,512.338308,0
INSPECTION_CSV,pump_and_release2935,tick,3240,-16.412859,408.418610,-128.191422,0.891493,-0.662450,-0.000000,0,0,4,2935,0,0,1,2,1.000000,0,2,4.495561,2571.099953,653.229347,0
INSPECTION_CSV,pump_and_release2935,tick,3330,-13.469753,407.988434,-128.191422,3.260561,1.385894,-0.000000,0,0,4,2935,0,0,1,2,1.000000,0,2,4.495561,2571.099953,825.851308,0
INSPECTION_CSV,pump_and_release2935,tick,3420,-12.895387,408.328033,-128.191422,-2.091860,-1.638546,0.000000,0,0,4,2935,0,0,1,2,1.000000,0,2,4.495561,2571.099953,944.849690,0
INSPECTION_CSV,pump_and_release2935,tick,3510,-16.516644,408.451294,-128.191422,-2.315313,2.010141,-0.000000,0,0,4,2935,0,0,1,2,1.000000,0,2,4.495561,2571.099953,1186.900246,0
INSPECTION_CSV,pump_and_release2935,tick,3600,-15.978066,408.084595,-128.191422,3.642837,-1.944691,0.000000,0,0,4,2935,0,0,1,2,1.000000,0,2,4.495561,2571.099953,1308.370924,0
INSPECTION_CSV,pump_and_release2935,released,3669,-12.637449,408.484009,-128.191422,2.886363,2.437363,-0.000000,0,0,0,0,0,0,0,0,1.000000,0,2,4.495561,2571.099953,1559.046396,0
INSPECTION_CSV,right407_receiver,begin,3669,-12.637449,408.484009,-128.191422,2.886363,2.437363,-0.000000,0,0,0,0,0,0,0,0,1.000000,0,2,4.495561,2571.099953,1559.046396,0
INSPECTION_CSV,right407_receiver,tick,3690,-11.709816,408.761566,-128.193497,4.920581,0.045162,-0.025154,0,0,0,0,0,0,0,0,1.000000,0,2,4.495561,2571.099953,1559.046396,0
INSPECTION_CSV,right407_braking,begin,3728,-10.708999,407.900452,-128.198807,0.810159,-4.096843,-0.004296,1,1935,0,0,0,0,0,0,1.000000,0,3,4.096843,2571.099953,1559.046396,1
INSPECTION_CSV,right407_braking,arrived,3776,-10.787216,407.899963,-128.199661,-0.136928,0.000000,-0.001525,1,1935,0,0,0,0,0,0,1.000000,0,3,4.096843,2571.099953,1559.046396,1
INSPECTION_CSV,right407_braking,tick,3780,-10.792546,407.899963,-128.199661,-0.106123,0.000000,-0.001182,1,1935,0,0,0,0,0,0,1.000000,0,3,4.096843,2571.099953,1559.046396,1
INSPECTION_CSV,right407_braking,stable,3866,-10.810836,407.899963,-128.199661,-0.000443,0.000000,-0.000005,1,1935,0,0,0,0,0,0,1.000000,0,3,4.096843,2571.099953,1559.046396,1
INSPECTION_CSV,right407_to_upper_toe,begin,3866,-10.810836,407.899963,-128.199661,-0.000443,0.000000,-0.000005,1,1935,0,0,0,0,0,0,1.000000,0,3,4.096843,2571.099953,1559.046396,1
INSPECTION_CSV,right407_to_upper_toe,tick,3870,-10.802619,407.899963,-128.199661,0.348357,0.000000,-0.000016,1,1935,0,0,0,0,0,0,1.000000,0,3,4.096843,2571.099953,1559.046396,1
INSPECTION_CSV,right407_to_upper_toe,tick,3960,-7.083477,407.870026,-128.199661,5.540170,-0.259831,-0.000232,1,2885,0,0,0,0,0,0,1.000000,0,3,4.096843,2571.099953,1559.046396,0
INSPECTION_CSV,right407_to_upper_toe,tick,4050,-1.535397,407.899963,-128.199661,5.501529,0.000000,-0.000942,1,1935,0,0,0,0,0,0,1.000000,0,3,4.096843,2571.099953,1559.046396,1
INSPECTION_CSV,right407_to_upper_toe,tick,4140,0.365270,407.899963,-128.199661,-1.710942,0.000000,-0.001524,1,1935,0,0,0,0,0,0,1.000000,0,3,4.096843,2571.099953,1559.046396,1
INSPECTION_CSV,right407_to_upper_toe,arrived,4187,-0.042832,407.899963,-128.199661,-0.138235,0.000000,-0.001704,1,1935,0,0,0,0,0,0,1.000000,0,3,4.096843,2571.099953,1559.046396,1
INSPECTION_CSV,upper_brace_toe407,begin,4187,-0.042832,407.899963,-128.199661,-0.138235,0.000000,-0.001704,1,1935,0,0,0,0,0,0,1.000000,0,3,4.096843,2571.099953,1559.046396,1
INSPECTION_CSV,upper_brace_toe407,tick,4230,-0.047409,407.899261,-127.301414,0.141566,0.000000,3.731542,1,1935,0,0,0,0,0,0,1.000000,0,3,4.096843,2571.099953,1559.046396,1
INSPECTION_CSV,upper_brace_toe407,arrived,4305,-0.000136,408.155212,-126.272263,0.002069,-0.000960,0.138814,1,51,0,0,0,0,0,0,1.000000,0,5,1.535246,2775.062599,1559.046396,0
INSPECTION_CSV,upper_brace_damage_approach,begin,4305,-0.000136,408.155212,-126.272263,0.002069,-0.000960,0.138814,1,51,0,0,0,0,0,0,1.000000,0,5,1.535246,2775.062599,1559.046396,0
INSPECTION_CSV,upper_brace_damage_approach,tick,4320,-0.039407,408.173431,-126.252060,-0.490325,0.227379,0.105353,1,51,0,0,0,0,0,0,1.000000,0,5,1.535246,2775.062599,1559.046396,0
INSPECTION_CSV,upper_brace_damage_approach,tick,4410,-1.675554,408.929871,-126.230064,-2.000000,0.927463,-0.004579,1,51,0,0,0,0,0,0,1.000000,0,5,1.535246,2775.062599,1559.046396,1
INSPECTION_CSV,upper_brace_damage_approach,tick,4500,-3.675574,409.852722,-126.235558,-2.000000,0.927463,-0.006780,1,51,0,0,0,0,0,0,1.000000,0,5,1.535246,2775.062599,1559.046396,1
INSPECTION_CSV,upper_brace_damage_approach,tick,4590,-5.675601,410.775574,-126.245659,-2.000000,0.927462,-0.016180,1,51,0,0,0,0,0,0,1.000000,0,5,1.535246,2775.062599,1559.046396,1
INSPECTION_CSV,upper_brace_damage_approach,tick,4680,-6.803053,411.296967,-126.262489,-0.131578,0.061017,-0.012646,1,51,0,0,0,0,0,0,1.000000,0,5,1.535246,2775.062599,1559.046396,1
INSPECTION_CSV,upper_brace_damage_approach,arrived,4680,-6.803053,411.296967,-126.262489,-0.131578,0.061017,-0.012646,1,51,0,0,0,0,0,0,1.000000,0,5,1.535246,2775.062599,1559.046396,1
INSPECTION_CSV,ordinary_upper_brace_walkoff_to_timber,begin,4680,-6.803053,411.296967,-126.262489,-0.131578,0.061017,-0.012646,1,51,0,0,0,0,0,0,1.000000,0,5,1.535246,2775.062599,1559.046396,1
INSPECTION_CSV,ordinary_upper_brace_walkoff_to_timber,tick,4770,-6.796461,408.028656,-128.063858,-0.012747,-8.007710,-0.575525,0,0,0,0,0,0,0,0,1.000000,0,5,1.535246,2775.062599,1559.046396,0
INSPECTION_CSV,ordinary_upper_brace_walkoff_to_timber,actual_fracture_from_brace_drop,4772,-6.796735,407.850250,-128.075150,-0.006041,-7.749610,-0.525463,1,2886,0,0,0,0,0,0,1.000000,0,6,8.171766,2775.062599,1559.046396,0
INSPECTION_DAMAGE,brace_drop,mask=80,peak_strength_ratio=1.078684
INSPECTION_CSV,ordinary_upper_brace_walkoff_to_timber,tick,4860,-6.807939,404.114716,-128.367355,0.025427,0.177543,0.518872,1,2885,0,0,0,0,0,0,1.000000,0,8,11.262810,2775.062599,1559.046396,0
INSPECTION_CSV,ordinary_upper_brace_walkoff_to_timber,tick,4950,-6.800004,404.437775,-128.200241,0.000023,0.000001,0.001709,1,2885,0,0,0,0,0,0,1.000000,0,8,11.262810,2775.062599,1559.046396,0
INSPECTION_CSV,ordinary_upper_brace_walkoff_to_timber,tick,5040,-6.800004,404.437775,-128.200241,0.000016,0.000001,0.000940,1,2885,0,0,0,0,0,0,1.000000,0,8,11.262810,2775.062599,1559.046396,0
INSPECTION_CSV,ordinary_upper_brace_walkoff_to_timber,tick,5130,-6.800004,404.437775,-128.200241,0.000016,0.000001,0.000940,1,2885,0,0,0,0,0,0,1.000000,0,8,11.262810,2775.062599,1559.046396,0
INSPECTION_CSV,ordinary_upper_brace_walkoff_to_timber,tick,5220,-6.800004,404.437775,-128.200241,0.000016,0.000000,0.000940,1,2885,0,0,0,0,0,0,1.000000,0,8,11.262810,2775.062599,1559.046396,0
INSPECTION_CSV,ordinary_upper_brace_walkoff_to_timber,failure,5220,-6.800004,404.437775,-128.200241,0.000016,0.000000,0.000940,1,2885,0,0,0,0,0,0,1.000000,0,8,11.262810,2775.062599,1559.046396,0
FAIL INSPECTION_JUNCTION phase=ordinary_upper_brace_walkoff_to_timber reason=reachable gravity impact fractures timber and reaches actual recovery tray
