INSPECTION_CSV_HEADER,phase,event,tick,x,y,z,vx,vy,vz,grounded,support,traversal,traversal_support,grip_available,grip_entity,swinging,hands,gravity,deaths,landings,impact_mps,jump_work_j,hand_positive_work_j,firm_footing
INSPECTION_CSV,entry396,tick,90,-22.500000,397.149994,-142.000000,0.000000,0.000000,0.000000,1,51,0,0,0,0,0,0,1.000000,0,1,0.027250,0.000000,0.000000,1
INSPECTION_CSV,entry396,stable,135,-22.500000,397.149994,-142.000000,0.000000,0.000000,0.000000,1,51,0,0,0,0,0,0,1.000000,0,1,0.027250,0.000000,0.000000,1
INSPECTION_CSV,north396_band,begin,135,-22.500000,397.149994,-142.000000,0.000000,0.000000,0.000000,1,51,0,0,0,0,0,0,1.000000,0,1,0.027250,0.000000,0.000000,1
INSPECTION_CSV,north396_band,tick,180,-22.500000,397.149994,-140.951904,0.000000,0.000000,4.169257,1,51,0,0,0,0,0,0,1.000000,0,1,0.027250,0.000000,0.000000,1
INSPECTION_CSV,north396_band,tick,270,-22.500000,397.149994,-135.567032,0.000000,0.000000,5.500001,1,51,0,0,0,0,0,0,1.000000,0,1,0.027250,0.000000,0.000000,1
INSPECTION_CSV,north396_band,tick,360,-22.500000,397.149994,-130.068375,0.000000,0.000000,5.500001,1,51,0,0,0,0,0,0,1.000000,0,1,0.027250,0.000000,0.000000,1
INSPECTION_CSV,north396_band,tick,450,-22.500000,397.149994,-128.111115,0.000000,0.000000,-0.805951,1,51,0,0,0,0,0,0,1.000000,0,1,0.027250,0.000000,0.000000,1
INSPECTION_CSV,north396_band,arrived,488,-22.500000,397.149994,-128.288361,0.000000,0.000000,-0.127377,1,51,0,0,0,0,0,0,1.000000,0,1,0.027250,0.000000,0.000000,1
INSPECTION_CSV,north396_toe_approach,begin,488,-22.500000,397.149994,-128.288361,0.000000,0.000000,-0.127377,1,51,0,0,0,0,0,0,1.000000,0,1,0.027250,0.000000,0.000000,1
INSPECTION_CSV,north396_toe_approach,tick,540,-21.106104,397.149994,-128.259949,4.770392,0.000000,0.223105,1,51,0,0,0,0,0,0,1.000000,0,1,0.027250,0.000000,0.000000,1
INSPECTION_CSV,north396_toe_approach,tick,630,-15.649256,397.149994,-127.987648,5.493046,0.000000,0.276476,1,51,0,0,0,0,0,0,1.000000,0,1,0.027250,0.000000,0.000000,1
INSPECTION_CSV,north396_toe_approach,tick,720,-10.156092,397.149994,-127.710342,5.493069,0.000000,0.276034,1,51,0,0,0,0,0,0,1.000000,0,1,0.027250,0.000000,0.000000,1
INSPECTION_CSV,north396_toe_approach,tick,810,-4.663032,397.149994,-127.434319,5.493069,0.000000,0.276050,1,51,0,0,0,0,0,0,1.000000,0,1,0.027250,0.000000,0.000000,1
INSPECTION_CSV,north396_toe_approach,tick,900,0.159169,397.149994,-127.192017,2.161882,0.000000,0.108673,1,51,0,0,0,0,0,0,1.000000,0,1,0.027250,0.000000,0.000000,1
INSPECTION_CSV,north396_toe_approach,arrived,988,0.006400,397.149994,-127.199623,-0.117934,0.000000,-0.011569,1,51,0,0,0,0,0,0,1.000000,0,1,0.027250,0.000000,0.000000,1
INSPECTION_CSV,lower_brace_toe396,begin,988,0.006400,397.149994,-127.199623,-0.117934,0.000000,-0.011569,1,51,0,0,0,0,0,0,1.000000,0,1,0.027250,0.000000,0.000000,1
INSPECTION_CSV,lower_brace_toe396,tick,990,0.003849,397.149994,-127.197563,-0.112305,0.000000,0.173645,1,51,0,0,0,0,0,0,1.000000,0,1,0.027250,0.000000,0.000000,1
INSPECTION_CSV,lower_brace_toe396,tick,1080,0.000047,397.152863,-125.848969,-0.001170,-0.000532,0.232480,1,51,0,0,0,0,0,0,1.000000,0,1,0.027250,0.000000,0.000000,1
INSPECTION_CSV,lower_brace_toe396,arrived,1090,-0.000044,397.152863,-125.825981,0.004014,-0.001824,0.125849,1,51,0,0,0,0,0,0,1.000000,0,1,0.027250,0.000000,0.000000,1
INSPECTION_CSV,lower_brace_ascent,begin,1090,-0.000044,397.152863,-125.825981,0.004014,-0.001824,0.125849,1,51,0,0,0,0,0,0,1.000000,0,1,0.027250,0.000000,0.000000,1
INSPECTION_CSV,lower_brace_ascent,tick,1170,-1.161187,397.681274,-125.771873,-1.996391,0.908409,-0.001139,1,51,0,0,0,0,0,0,1.000000,0,1,0.027250,0.000000,0.000000,1
INSPECTION_CSV,lower_brace_ascent,tick,1260,-3.161280,398.591370,-125.771873,-1.999936,0.910042,-0.001258,1,51,0,0,0,0,0,0,1.000000,0,1,0.027250,0.000000,0.000000,1
INSPECTION_CSV,lower_brace_ascent,tick,1350,-5.161342,399.501465,-125.772423,-1.999893,0.910023,-0.001390,1,51,0,0,0,0,0,0,1.000000,0,1,0.027250,0.000000,0.000000,1
INSPECTION_CSV,lower_brace_ascent,tick,1440,-7.161388,400.411560,-125.775169,-1.999885,0.910019,-0.001483,1,51,0,0,0,0,0,0,1.000000,0,1,0.027250,0.000000,0.000000,1
INSPECTION_CSV,lower_brace_ascent,tick,1530,-9.205240,401.341583,-125.778114,-1.999893,0.910022,-0.001602,1,51,0,0,0,0,0,0,1.000000,0,1,0.027250,0.000000,0.000000,1
INSPECTION_CSV,lower_brace_ascent,tick,1620,-11.205281,402.251678,-125.780861,-1.999948,0.910048,-0.001767,1,51,0,0,0,0,0,0,1.000000,0,1,0.027250,0.000000,0.000000,1
INSPECTION_CSV,lower_brace_ascent,tick,1710,-13.205360,403.161804,-125.783607,-2.000098,0.909804,-0.002005,1,51,0,0,0,0,0,0,1.000000,0,1,0.027250,0.000000,0.000000,1
INSPECTION_CSV,lower_brace_ascent,tick,1800,-15.205420,404.071869,-125.786354,-2.004309,0.900577,-0.002377,1,51,0,0,0,0,0,0,1.000000,0,1,0.027250,0.000000,0.000000,1
INSPECTION_CSV,lower_brace_ascent,tick,1890,-17.205597,404.982056,-125.789101,-2.000218,0.909546,-0.003042,1,51,0,0,0,0,0,0,1.000000,0,1,0.027250,0.000000,0.000000,1
INSPECTION_CSV,lower_brace_ascent,tick,1980,-19.205927,405.892242,-125.792404,-2.004360,0.900444,-0.004486,1,51,0,0,0,0,0,0,1.000000,0,1,0.027250,0.000000,0.000000,1
INSPECTION_CSV,lower_brace_ascent,tick,2070,-21.206291,406.802490,-125.798859,-1.999997,0.910070,-0.009829,1,51,0,0,0,0,0,0,1.000000,0,1,0.027250,0.000000,0.000000,1
INSPECTION_CSV,lower_brace_ascent,tick,2160,-22.487522,407.385437,-125.810577,-0.228713,0.104073,-0.009198,1,51,0,0,0,0,0,0,1.000000,0,1,0.027250,0.000000,0.000000,1
INSPECTION_CSV,lower_brace_ascent,arrived,2167,-22.501369,407.391754,-125.811218,-0.129515,0.058934,-0.008811,1,51,0,0,0,0,0,0,1.000000,0,1,0.027250,0.000000,0.000000,1
INSPECTION_CSV,left407_inward_jump,begin,2167,-22.501369,407.391754,-125.811218,-0.129515,0.058934,-0.008811,1,51,0,0,0,0,0,0,1.000000,0,1,0.027250,0.000000,0.000000,1
INSPECTION_CSV,left407_inward_jump,tick,2250,-22.500731,408.284515,-127.224525,0.096434,-3.541814,-0.297104,0,0,0,0,0,0,0,0,1.000000,0,1,0.027250,1285.477446,0.000000,0
INSPECTION_CSV,inward_jump_braking,begin,2259,-22.499725,407.899963,-127.249107,-0.071424,0.000087,-0.219837,1,1935,0,0,0,0,0,0,1.000000,0,2,4.495561,1285.477446,0.000000,1
INSPECTION_CSV,inward_jump_braking,arrived,2273,-22.503275,407.899963,-127.277000,0.002933,0.000000,-0.134917,1,1935,0,0,0,0,0,0,1.000000,0,2,4.495561,1285.477446,0.000000,1
INSPECTION_CSV,inward_jump_braking,tick,2340,-22.502810,407.899963,-127.300041,0.000041,0.000000,-0.001888,1,1935,0,0,0,0,0,0,1.000000,0,2,4.495561,1285.477446,0.000000,1
INSPECTION_CSV,inward_jump_braking,stable,2363,-22.502810,407.899963,-127.300186,0.000009,0.000000,-0.000436,1,1935,0,0,0,0,0,0,1.000000,0,2,4.495561,1285.477446,0.000000,1
INSPECTION_CSV,left_transom_miss_approach,begin,2363,-22.502810,407.899963,-127.300186,0.000009,0.000000,-0.000436,1,1935,0,0,0,0,0,0,1.000000,0,2,4.495561,1285.477446,0.000000,1
INSPECTION_CSV,left_transom_miss_approach,tick,2430,-20.404110,407.899963,-127.622932,5.048802,0.000000,-0.776106,1,1935,0,0,0,0,0,0,1.000000,0,2,4.495561,1285.477446,0.000000,1
INSPECTION_CSV,left_transom_miss_approach,tick,2520,-16.154562,407.900085,-128.275284,1.294365,-0.023208,-0.187302,1,1935,0,0,0,0,0,0,1.000000,0,2,4.495561,1285.477446,0.000000,1
INSPECTION_CSV,left_transom_miss_approach,arrived,2605,-16.690872,407.899292,-128.193817,-0.132462,0.000000,0.019705,1,1935,0,0,0,0,0,0,1.000000,0,2,4.495561,1285.477446,0.000000,1
INSPECTION_CSV,left_transom_miss_approach,tick,2610,-16.697126,407.899292,-128.192886,-0.096324,0.000000,0.014329,1,1935,0,0,0,0,0,0,1.000000,0,2,4.495561,1285.477446,0.000000,1
INSPECTION_CSV,left_transom_miss_approach,stable,2695,-16.713722,407.899292,-128.190765,-0.000428,0.000000,0.000064,1,1935,0,0,0,0,0,0,1.000000,0,2,4.495561,1285.477446,0.000000,1
INSPECTION_CSV,deliberate_gap_walkoff,begin,2695,-16.713722,407.899292,-128.190765,-0.000428,0.000000,0.000064,1,1935,0,0,0,0,0,0,1.000000,0,2,4.495561,1285.477446,0.000000,1
INSPECTION_CSV,deliberate_gap_walkoff,tick,2700,-16.701029,407.899292,-128.190765,0.435572,0.000000,0.000059,1,1935,0,0,0,0,0,0,1.000000,0,2,4.495561,1285.477446,0.000000,1
INSPECTION_CSV,deliberate_gap_walkoff,tick,2790,-13.115687,405.829132,-128.190765,4.793820,-6.365145,0.000008,0,0,0,0,0,0,0,0,1.000000,0,2,4.495561,1285.477446,0.000000,0
INSPECTION_CSV,deliberate_gap_walkoff,tray_impact,2808,-12.156924,404.399994,-128.190765,4.793820,0.000000,0.000008,1,1936,0,0,0,0,0,0,1.000000,0,3,8.299888,1285.477446,0.000000,1
INSPECTION_CSV,tray_landing_recovery,begin,2808,-12.156924,404.399994,-128.190765,4.793820,0.000000,0.000008,1,1936,0,0,0,0,0,0,1.000000,0,3,8.299888,1285.477446,0.000000,1
INSPECTION_CSV,tray_landing_recovery,tick,2880,-10.807637,404.399963,-128.593140,-1.399796,0.000000,-0.965399,1,1936,0,0,0,0,0,0,1.000000,0,3,8.299888,1285.477446,0.000000,1
INSPECTION_CSV,tray_landing_recovery,arrived,2952,-12.438966,404.399963,-129.316635,-0.120489,0.000000,-0.038631,1,1936,0,0,0,0,0,0,1.000000,0,3,8.299888,1285.477446,0.000000,1
INSPECTION_CSV,tray_landing_recovery,tick,2970,-12.453195,404.399963,-129.321182,-0.038270,0.000000,-0.012270,1,1936,0,0,0,0,0,0,1.000000,0,3,8.299888,1285.477446,0.000000,1
INSPECTION_CSV,tray_landing_recovery,tick,3060,-12.459798,404.399963,-129.322983,-0.000124,0.000000,-0.000040,1,1936,0,0,0,0,0,0,1.000000,0,3,8.299888,1285.477446,0.000000,1
INSPECTION_CSV,tray_landing_recovery,tick,3150,-12.459798,404.399963,-129.322983,-0.000000,0.000000,-0.000000,1,1936,0,0,0,0,0,0,1.000000,0,3,8.299888,1285.477446,0.000000,1
INSPECTION_CSV,tray_landing_recovery,stable,3222,-12.459798,404.399963,-129.322983,-0.000000,0.000000,-0.000000,1,1936,0,0,0,0,0,0,1.000000,0,3,8.299888,1285.477446,0.000000,1
INSPECTION_CSV,tray_to_return_brace,begin,3222,-12.459798,404.399963,-129.322983,-0.000000,0.000000,-0.000000,1,1936,0,0,0,0,0,0,1.000000,0,3,8.299888,1285.477446,0.000000,1
INSPECTION_CSV,tray_to_return_brace,tick,3240,-12.618786,404.399963,-129.329880,-1.568127,0.000000,-0.068008,1,1936,0,0,0,0,0,0,1.000000,0,3,8.299888,1285.477446,0.000000,1
INSPECTION_CSV,tray_to_return_brace,tick,3330,-15.677375,404.399963,-128.879379,-4.298590,0.000000,-0.193125,1,1936,0,0,0,0,0,0,1.000000,0,3,8.299888,1285.477446,0.000000,1
INSPECTION_CSV,tray_to_return_brace,tick,3420,-19.796925,404.468170,-129.555634,-0.970745,-2.129171,-0.452936,0,0,0,0,0,0,0,0,1.000000,0,3,8.299888,1540.340757,0.000000,0
INSPECTION_CSV,tray_to_return_brace,arrived,3462,-20.009386,404.399963,-129.654266,-0.125839,0.000000,-0.058737,1,1936,0,0,0,0,0,0,1.000000,0,4,2.428922,1540.340757,0.000000,1
INSPECTION_CSV,actual_return_brace_ascent,begin,3462,-20.009386,404.399963,-129.654266,-0.125839,0.000000,-0.058737,1,1936,0,0,0,0,0,0,1.000000,0,4,2.428922,1540.340757,0.000000,1
INSPECTION_CSV,actual_return_brace_ascent,tick,3510,-19.026293,404.515289,-129.670990,3.016541,1.389196,-0.005124,1,1936,0,0,0,0,0,0,1.000000,0,4,2.428922,1540.340757,0.000000,1
INSPECTION_CSV,actual_return_brace_ascent,tick,3600,-14.947094,406.393768,-129.658478,4.523981,2.083412,0.017669,1,1936,0,0,0,0,0,0,1.000000,0,4,2.428922,1540.340757,0.000000,1
INSPECTION_CSV,actual_return_brace_ascent,arrived,3688,-12.391447,407.570831,-129.650177,0.138015,0.063560,0.000961,1,1936,0,0,0,0,0,0,1.000000,0,4,2.428922,1540.340757,0.000000,1
INSPECTION_CSV,return_brace_to407_receiver,begin,3688,-12.391447,407.570831,-129.650177,0.138015,0.063560,0.000961,1,1936,0,0,0,0,0,0,1.000000,0,4,2.428922,1540.340757,0.000000,1
INSPECTION_CSV,return_brace_to407_receiver,tick,3690,-12.387617,407.572571,-129.650177,0.199071,0.091678,0.000937,1,1936,0,0,0,0,0,0,1.000000,0,4,2.428922,1540.340757,0.000000,1
INSPECTION_CSV,return_brace_to407_receiver,tick,3780,-10.950313,407.899963,-129.650177,1.067298,0.000000,0.000725,1,1935,0,0,0,0,0,0,1.000000,0,4,2.428922,1540.340757,0.000000,1
INSPECTION_CSV,return_brace_to407_receiver,arrived,3811,-10.789234,407.899963,-129.650177,0.135655,0.000000,0.000778,1,1935,0,0,0,0,0,0,1.000000,0,4,2.428922,1540.340757,0.000000,1
INSPECTION_CSV,recovered_right407_braking,begin,3811,-10.789234,407.899963,-129.650177,0.135655,0.000000,0.000778,1,1935,0,0,0,0,0,0,1.000000,0,4,2.428922,1540.340757,0.000000,1
INSPECTION_CSV,recovered_right407_braking,tick,3870,-10.791441,407.899994,-128.402283,-0.055531,0.000000,1.490548,1,1935,0,0,0,0,0,0,1.000000,0,4,2.428922,1540.340757,0.000000,1
INSPECTION_CSV,recovered_right407_braking,arrived,3903,-10.800177,407.899963,-128.190552,-0.006416,0.000000,0.132757,1,1935,0,0,0,0,0,0,1.000000,0,4,2.428922,1540.340757,0.000000,1
INSPECTION_CSV,recovered_right407_braking,tick,3960,-10.801267,407.899963,-128.168152,-0.000170,0.000000,0.003514,1,1935,0,0,0,0,0,0,1.000000,0,4,2.428922,1540.340757,0.000000,1
INSPECTION_CSV,recovered_right407_braking,stable,3993,-10.801267,407.899963,-128.167923,-0.000021,0.000000,0.000429,1,1935,0,0,0,0,0,0,1.000000,0,4,2.428922,1540.340757,0.000000,1
INSPECTION_CSV,right407_to_upper_toe,begin,3993,-10.801267,407.899963,-128.167923,-0.000021,0.000000,0.000429,1,1935,0,0,0,0,0,0,1.000000,0,4,2.428922,1540.340757,0.000000,1
INSPECTION_CSV,right407_to_upper_toe,tick,4050,-9.228619,407.899292,-128.172363,4.758839,0.000000,-0.014178,1,1935,0,0,0,0,0,0,1.000000,0,4,2.428922,1540.340757,0.000000,1
INSPECTION_CSV,right407_to_upper_toe,tick,4140,-3.778484,407.899963,-128.188843,5.518346,0.000000,-0.016250,1,1935,0,0,0,0,0,0,1.000000,0,4,2.428922,1540.340757,0.000000,1
INSPECTION_CSV,right407_to_upper_toe,tick,4230,0.530293,407.899963,-128.201569,1.182676,0.000000,-0.003335,1,1935,0,0,0,0,0,0,1.000000,0,4,2.428922,1540.340757,0.000000,1
INSPECTION_CSV,right407_to_upper_toe,arrived,4314,-0.043788,407.899963,-128.200195,-0.134165,0.000000,0.001469,1,1935,0,0,0,0,0,0,1.000000,0,4,2.428922,1540.340757,0.000000,1
INSPECTION_CSV,upper_brace_toe407,begin,4314,-0.043788,407.899963,-128.200195,-0.134165,0.000000,0.001469,1,1935,0,0,0,0,0,0,1.000000,0,4,2.428922,1540.340757,0.000000,1
INSPECTION_CSV,upper_brace_toe407,tick,4320,-0.051663,407.899963,-128.181961,-0.103065,0.000000,0.523744,1,1935,0,0,0,0,0,0,1.000000,0,4,2.428922,1540.340757,0.000000,1
INSPECTION_CSV,upper_brace_toe407,tick,4410,0.000069,408.178314,-126.345856,0.066218,-1.541780,0.414773,0,0,0,0,0,0,0,0,1.000000,0,5,0.000000,1744.927290,0.000000,0
INSPECTION_CSV,upper_brace_toe407,arrived,4432,-0.000165,408.155182,-126.272278,-0.001194,0.000554,0.138887,1,51,0,0,0,0,0,0,1.000000,0,6,1.535058,1744.927290,0.000000,0
INSPECTION_CSV,upper_brace_ascent,begin,4432,-0.000165,408.155182,-126.272278,-0.001194,0.000554,0.138887,1,51,0,0,0,0,0,0,1.000000,0,6,1.535058,1744.927290,0.000000,0
INSPECTION_CSV,upper_brace_ascent,tick,4500,-0.855509,408.551331,-126.224121,-2.000000,0.927463,-0.001245,1,51,0,0,0,0,0,0,1.000000,0,6,1.535058,1744.927290,0.000000,1
INSPECTION_CSV,upper_brace_ascent,tick,4590,-2.855513,409.474182,-126.224251,-2.000000,0.927463,-0.001377,1,51,0,0,0,0,0,0,1.000000,0,6,1.535058,1744.927290,0.000000,1
INSPECTION_CSV,upper_brace_ascent,tick,4680,-4.855539,410.397034,-126.226997,-2.000000,0.927463,-0.001461,1,51,0,0,0,0,0,0,1.000000,0,6,1.535058,1744.927290,0.000000,1
INSPECTION_CSV,upper_brace_ascent,tick,4770,-6.855566,411.319885,-126.229744,-2.000000,0.927463,-0.001569,1,51,0,0,0,0,0,0,1.000000,0,6,1.535058,1744.927290,0.000000,1
INSPECTION_CSV,upper_brace_ascent,tick,4860,-8.855519,412.242737,-126.232491,-2.000000,0.927463,-0.001711,1,51,0,0,0,0,0,0,1.000000,0,6,1.535058,1744.927290,0.000000,1
INSPECTION_CSV,upper_brace_ascent,tick,4950,-10.854142,413.166565,-126.235237,-2.000000,0.927463,-0.001907,1,51,0,0,0,0,0,0,1.000000,0,6,1.535058,1744.927290,0.000000,1
INSPECTION_CSV,upper_brace_ascent,tick,5040,-12.850490,414.092316,-126.237984,-2.000000,0.927463,-0.002195,1,51,0,0,0,0,0,0,1.000000,0,6,1.535058,1744.927290,0.000000,1
INSPECTION_CSV,upper_brace_ascent,tick,5130,-14.878982,415.053772,-126.241493,-2.000000,0.927463,-0.002616,1,51,0,0,0,0,0,0,1.000000,0,6,1.535058,1744.927290,0.000000,1
INSPECTION_CSV,upper_brace_ascent,tick,5220,-16.878988,415.976624,-126.244240,-2.000000,0.927463,-0.003491,1,51,0,0,0,0,0,0,1.000000,0,6,1.535058,1744.927290,0.000000,1
INSPECTION_CSV,upper_brace_ascent,tick,5310,-18.879187,416.899475,-126.248627,-2.000000,0.927463,-0.005486,1,51,0,0,0,0,0,0,1.000000,0,6,1.535058,1744.927290,0.000000,1
INSPECTION_CSV,upper_brace_ascent,tick,5400,-20.879385,417.822327,-126.257637,-2.000000,0.927463,-0.013991,1,51,0,0,0,0,0,0,1.000000,0,6,1.535058,1744.927290,0.000000,1
INSPECTION_CSV,upper_brace_ascent,arrived,5466,-21.499718,418.109650,-126.265938,-0.135149,0.062673,-0.009059,1,51,0,0,0,0,0,0,1.000000,0,6,1.535058,1744.927290,0.000000,1
INSPECTION_CSV,actual418_floor_jump,begin,5466,-21.499718,418.109650,-126.265938,-0.135149,0.062673,-0.009059,1,51,0,0,0,0,0,0,1.000000,0,6,1.535058,1744.927290,0.000000,1
INSPECTION_CSV,actual418_floor_jump,tick,5490,-21.522696,419.225464,-126.508301,-0.030768,2.890509,-1.875798,0,0,0,0,0,0,0,0,1.000000,0,6,1.535058,3030.385412,0.000000,0
INSPECTION_CSV,inward_jump_braking,begin,5545,-21.504580,419.151733,-128.540253,0.018344,-3.104498,-1.445044,1,51,0,0,0,0,0,0,1.000000,0,7,3.104498,3030.385412,0.000000,1
INSPECTION_CSV,inward_jump_braking,tick,5580,-21.500517,419.149994,-128.859589,0.003333,0.000000,-0.260287,1,51,0,0,0,0,0,0,1.000000,0,7,3.104498,3030.385412,0.000000,1
INSPECTION_CSV,inward_jump_braking,arrived,5585,-21.500376,419.149994,-128.870514,0.001561,0.000000,-0.123483,1,51,0,0,0,0,0,0,1.000000,0,7,3.104498,3030.385412,0.000000,1
INSPECTION_CSV,inward_jump_braking,tick,5670,-21.500366,419.149994,-128.871368,0.000000,0.000000,0.000000,1,51,0,0,0,0,0,0,1.000000,0,7,3.104498,3030.385412,0.000000,1
INSPECTION_CSV,inward_jump_braking,stable,5675,-21.500366,419.149994,-128.871368,0.000000,0.000000,0.000000,1,51,0,0,0,0,0,0,1.000000,0,7,3.104498,3030.385412,0.000000,1
INSPECTION_CSV,onward418_west_roof,begin,5675,-21.500366,419.149994,-128.871368,0.000000,0.000000,0.000000,1,51,0,0,0,0,0,0,1.000000,0,7,3.104498,3030.385412,0.000000,1
INSPECTION_CSV,onward418_west_roof,tick,5760,-21.371719,419.149994,-132.247955,0.209491,0.000000,-5.496010,1,51,0,0,0,0,0,0,1.000000,0,7,3.104498,3030.385412,0.000000,1
INSPECTION_CSV,onward418_west_roof,tick,5850,-21.162292,419.149994,-137.746613,0.209701,0.000000,-5.496000,1,51,0,0,0,0,0,0,1.000000,0,7,3.104498,3030.385412,0.000000,1
INSPECTION_CSV,onward418_west_roof,tick,5940,-20.989025,419.149994,-142.287430,0.057826,0.000000,-1.514940,1,51,0,0,0,0,0,0,1.000000,0,7,3.104498,3030.385412,0.000000,1
INSPECTION_CSV,onward418_west_roof,arrived,6017,-20.999413,419.149994,-142.014999,-0.006549,0.000000,0.139434,1,51,0,0,0,0,0,0,1.000000,0,7,3.104498,3030.385412,0.000000,1
INSPECTION_CSV,onward418_west_roof,tick,6030,-20.999464,419.149994,-142.013901,0.000000,0.000000,0.000000,1,51,0,0,0,0,0,0,1.000000,0,7,3.104498,3030.385412,0.000000,1
INSPECTION_CSV,onward418_west_roof,stable,6107,-20.999464,419.149994,-142.013901,0.000000,0.000000,0.000000,1,51,0,0,0,0,0,0,1.000000,0,7,3.104498,3030.385412,0.000000,1
PASS INSPECTION_JUNCTION connected_miss396_to_actual418.25 ordinary_inputs_only=1 lower_brace=1 actual_gap_miss=1 actual_tray_impact=1 actual_return_brace_contact=1 right407_recovery=1 upper_brace=1 actual_receiving_contact=1 onward_walking=1 gravity=1 deaths=0 initial_staging_only=1 full_route=1 gap_retry=0 fracture=unverified
