STAIR53 phase=stair_start flight_command=-1 tick=7126 t=79.1778 target=-8.3,-116 pos=-8.34065,1.07388,-115.884 vel=0.349757,-5.28698e-09,-3.6378 grounded=1 support=44 contact=-8.34348,0.187203,-115.844 held=56 block=-8.47543,1.22554,-116.309 deaths=0 traversal=0 traversal_target=0,0,0
STAIR53 phase=turn_start flight_command=0 tick=7126 t=79.1778 target=-7.5,-116 pos=-8.34065,1.07388,-115.884 vel=0.349757,-5.28698e-09,-3.6378 grounded=1 support=44 contact=-8.34348,0.187203,-115.844 held=56 block=-8.47543,1.22554,-116.309 deaths=0 traversal=0 traversal_target=0,0,0
STAIR53 phase=turn_end flight_command=0 tick=7846 t=87.1778 target=-7.5,-116 pos=-7.49393,1.06608,-116.036 vel=-0.0490079,1.32098e-10,0.118103 grounded=1 support=44 contact=-7.49406,0.187203,-116.036 held=56 block=-6.90967,1.19101,-115.84 deaths=0 traversal=0 traversal_target=0,0,0
STAIR53 phase=climb_end flight_command=0 tick=9106 t=101.178 target=7.5,-116 pos=7.46905,5.06627,-116.007 vel=0.0973224,-5.45667e-09,0.0611716 grounded=1 support=44 contact=7.46919,4.1872,-116.007 held=56 block=7.61358,5.18721,-116.59 deaths=0 traversal=0 traversal_target=0,0,0
STAIR53 phase=turn_start flight_command=1 tick=9106 t=101.178 target=7.5,-120 pos=7.46905,5.06627,-116.007 vel=0.0973224,-5.45667e-09,0.0611716 grounded=1 support=44 contact=7.46919,4.1872,-116.007 held=56 block=7.61358,5.18721,-116.59 deaths=0 traversal=0 traversal_target=0,0,0
STAIR53 phase=turn_end flight_command=1 tick=9826 t=109.178 target=7.5,-120 pos=7.50886,5.07466,-120.03 vel=-0.0749121,-3.89212e-10,0.12079 grounded=1 support=44 contact=7.5096,4.1872,-120.03 held=56 block=6.87906,5.26655,-120.317 deaths=0 traversal=0 traversal_target=0,0,0
STAIR53 phase=climb_end flight_command=1 tick=11086 t=123.178 target=-7.5,-120 pos=-7.47238,9.08173,-119.996 vel=-0.0737324,5.10328e-09,0.0116563 grounded=1 support=44 contact=-7.47213,8.1872,-119.997 held=56 block=-7.73667,9.18488,-119.413 deaths=0 traversal=0 traversal_target=0,0,0
STAIR53 phase=turn_start flight_command=2 tick=11086 t=123.178 target=-7.5,-116 pos=-7.47238,9.08173,-119.996 vel=-0.0737324,5.10328e-09,0.0116563 grounded=1 support=44 contact=-7.47213,8.1872,-119.997 held=56 block=-7.73667,9.18488,-119.413 deaths=0 traversal=0 traversal_target=0,0,0
STAIR53 phase=turn_end flight_command=2 tick=11806 t=131.178 target=-7.5,-116 pos=-7.51298,9.0809,-115.974 vel=0.0124409,2.39653e-10,-0.121897 grounded=1 support=44 contact=-7.51291,8.1872,-115.974 held=56 block=-6.90543,9.21024,-115.999 deaths=0 traversal=0 traversal_target=0,0,0
STAIR53 phase=climb_end flight_command=2 tick=13066 t=145.178 target=7.5,-116 pos=7.47377,13.0774,-115.995 vel=0.0802299,3.60153e-10,0.0122543 grounded=1 support=44 contact=7.47369,12.1872,-115.996 held=56 block=7.69693,13.185,-115.388 deaths=0 traversal=0 traversal_target=0,0,0
STAIR53 phase=turn_start flight_command=3 tick=13066 t=145.178 target=7.5,-120 pos=7.47377,13.0774,-115.995 vel=0.0802299,3.60153e-10,0.0122543 grounded=1 support=44 contact=7.47369,12.1872,-115.996 held=56 block=7.69693,13.185,-115.388 deaths=0 traversal=0 traversal_target=0,0,0
STAIR53 phase=turn_end flight_command=3 tick=13786 t=153.178 target=7.5,-120 pos=7.48756,13.078,-120.023 vel=0.0297783,-4.68297e-09,0.0525847 grounded=1 support=44 contact=7.4868,12.1872,-120.022 held=56 block=8.04033,13.1797,-120.159 deaths=0 traversal=0 traversal_target=0,0,0
STAIR53 phase=climb_end flight_command=3 tick=15046 t=167.178 target=-7.5,-120 pos=-7.47024,17.0757,-119.999 vel=-0.10499,5.30492e-09,0.0379334 grounded=1 support=44 contact=-7.47042,16.1872,-120 held=56 block=-7.80714,17.2321,-119.383 deaths=0 traversal=0 traversal_target=0,0,0
STAIR53 phase=turn_start flight_command=4 tick=15046 t=167.178 target=-7.5,-116 pos=-7.47024,17.0757,-119.999 vel=-0.10499,5.30492e-09,0.0379334 grounded=1 support=44 contact=-7.47042,16.1872,-120 held=56 block=-7.80714,17.2321,-119.383 deaths=0 traversal=0 traversal_target=0,0,0
STAIR53 phase=turn_end flight_command=4 tick=15766 t=175.178 target=-7.5,-116 pos=-7.51511,17.0847,-115.97 vel=0.0515735,-2.09163e-09,-0.149983 grounded=1 support=44 contact=-7.51601,16.1872,-115.97 held=56 block=-6.79234,17.2343,-115.976 deaths=0 traversal=0 traversal_target=0,0,0
STAIR53 phase=climb_end flight_command=4 tick=17026 t=189.178 target=7.5,-116 pos=7.47329,21.0713,-116.005 vel=0.106945,4.35582e-09,-0.0205539 grounded=1 support=44 contact=7.47326,20.1872,-116.004 held=56 block=7.85849,21.2013,-116.582 deaths=0 traversal=0 traversal_target=0,0,0
STAIR53 phase=turn_start flight_command=5 tick=17026 t=189.178 target=7.5,-120 pos=7.47329,21.0713,-116.005 vel=0.106945,4.35582e-09,-0.0205539 grounded=1 support=44 contact=7.47326,20.1872,-116.004 held=56 block=7.85849,21.2013,-116.582 deaths=0 traversal=0 traversal_target=0,0,0
STAIR53 phase=turn_end flight_command=5 tick=17746 t=197.178 target=7.5,-120 pos=7.51023,21.0823,-120.023 vel=-0.0261186,-2.38093e-09,0.0751742 grounded=1 support=44 contact=7.51121,20.1872,-120.022 held=56 block=6.84028,21.1996,-120.169 deaths=0 traversal=0 traversal_target=0,0,0
STAIR53 phase=climb_end flight_command=5 tick=19006 t=211.178 target=-7.5,-120 pos=-7.47269,25.073,-120.003 vel=-0.0626569,1.15903e-09,-0.00193976 grounded=1 support=44 contact=-7.47302,24.1872,-120.002 held=56 block=-7.64879,25.1894,-120.636 deaths=0 traversal=0 traversal_target=0,0,0
STAIR53 phase=handoff flight_command=6 tick=19429 t=215.878 target=-9,-109 pos=-8.99289,25.0818,-108.958 vel=0.00679529,-2.80729e-09,-0.139314 grounded=1 support=45 contact=-8.9937,24.1872,-108.958 held=56 block=-8.43385,25.2058,-109.392 deaths=0 traversal=0 traversal_target=0,0,0
