[  4%] Building CXX object CMakeFiles/scraperx_sim.dir/src/sim/simulation.cpp.o
/data/data/com.termux/files/usr/tmp/scraperx-launch-repair-09h3foao/host-source/src/sim/simulation.cpp: In lambda function:
/data/data/com.termux/files/usr/tmp/scraperx-launch-repair-09h3foao/host-source/src/sim/simulation.cpp:2873:90: note: parameter passing for argument of type 'std::pair<float, float>' when C++17 is enabled changed to match C++14 in GCC 10.1
 2873 |             return std::pair<float, float>{(min_x + max_x) * 0.5F, (max_x - min_x) * 0.5F};
      |                                                                                          ^
[  8%] Linking CXX static library libscraperx_sim.a
[ 86%] Built target scraperx_sim
[ 91%] Linking CXX shared library /data/data/com.termux/files/usr/tmp/scraperx-launch-repair-09h3foao/host-source/godot/addons/scraperx_native/bin/linux/libscraperx_native.so
[100%] Built target scraperx_native
[ 90%] Built target scraperx_sim
[ 95%] Building CXX object CMakeFiles/scraperx_physical_traversal_tests.dir/tests/physical_traversal_tests.cpp.o
[100%] Linking CXX executable scraperx_physical_traversal_tests
[100%] Built target scraperx_physical_traversal_tests
[ 90%] Built target scraperx_sim
[ 95%] Linking CXX executable scraperx_physical_hand_climb_tests
[100%] Built target scraperx_physical_hand_climb_tests
[ 90%] Built target scraperx_sim
[ 95%] Linking CXX executable scraperx_suspended_ladder_tests
[100%] Built target scraperx_suspended_ladder_tests
[ 90%] Built target scraperx_sim
[ 95%] Linking CXX executable scraperx_cargo_net_tests
[100%] Built target scraperx_cargo_net_tests
[ 90%] Built target scraperx_sim
[ 95%] Linking CXX executable scraperx_parkour_flow_tests
[100%] Built target scraperx_parkour_flow_tests
