Godot Engine v4.7.stable.official.5b4e0cb0f - https://godotengine.org
WARNING: Started the engine as `root`/superuser. This is a security risk, and subsystems like audio may not work correctly.
Set the environment variable `GODOT_SILENCE_ROOT_WARNING` to 1 to silence this warning.
     at: setup2 (main/main.cpp:3577)

SCRAPERX_EXTENSION_LOADED api=4.7 authority=scraperx_sim scene=slingshot
SCRAPERX_VIEWPORT size=2160x2160 aspect=1.000 fov=82.0 far=2000
SCRAPERX_AUDIO_BANK clips=28 msec=673 driver=Dummy
SCRAPERX_UITEST_POSE cargo_net_entry tick=1507 position=(19.99277, 0.9, -109.9547) elapsed_ms=17873
SCRAPERX_UITEST_POSE cargo_net_climbing tick=2163 position=(20.00342, 5.511471, -117.1958) elapsed_ms=24254
SCRAPERX_UITEST_POSE cargo_net_receiver tick=2667 position=(20.00096, 11.9, -118.4825) elapsed_ms=29154
SCRAPERX_UITEST_POSE cargo_net_first_ring tick=2911 position=(18.5006, 11.9, -125.9318) elapsed_ms=31520
SCRAPERX_CAMPAIGN cargo_net_exit at=(18.5006, 11.9, -125.9318) support=11
SCRAPERX_UITEST_POSE facade_approach tick=3186 position=(20.0649, 11.9, -121.3025) elapsed_ms=34182
SCRAPERX_UITEST_POSE duct_hang tick=3372 position=(20.01121, 15.25, -122.49) elapsed_ms=35979
SCRAPERX_UITEST_POSE vent_climb tick=3658 position=(23.95856, 17.77813, -123.0015) elapsed_ms=38752
SCRAPERX_UITEST_POSE ladder_leap tick=4681 position=(12.50005, 23.2, -119.6952) elapsed_ms=48223
SCRAPERX_UITEST_POSE facade_arrival tick=6325 position=(10.64137, 33.9, -125.4653) elapsed_ms=63458
SCRAPERX_UITEST_POSE stair_handle_ready tick=6991 position=(-17.49934, 33.9, -121.3954) elapsed_ms=69777
SCRAPERX_UITEST_POSE stair_released tick=7117 position=(-17.49934, 33.9, -122.0592) elapsed_ms=70972
SCRAPERX_UITEST_POSE stair_climb tick=8625 position=(-10.09273, 38.60488, -122.1001) elapsed_ms=85815
SCRAPERX_UITEST_POSE stair_exit_ready tick=9813 position=(-2.236439, 45.33683, -122.372) elapsed_ms=98583
SCRAPERX_UITEST_POSE stair_arrival tick=9982 position=(-2.181198, 44.9, -125.8406) elapsed_ms=100432
SCRAPERX_UITEST_POSE upper_handle_ready tick=10476 position=(4.007695, 44.9, -116.7578) elapsed_ms=105671
SCRAPERX_UITEST_POSE upper_lift_rising tick=11134 position=(4.007695, 54.50274, -117.491) elapsed_ms=111891
SCRAPERX_UITEST_POSE upper_lift_seated tick=11406 position=(4.007682, 55.86002, -117.491) elapsed_ms=114484
SCRAPERX_UITEST_POSE deck_55m tick=11764 position=(4.056422, 55.89991, -125.433) elapsed_ms=117982
SCRAPERX_UITEST_POSE upper_duct_hang tick=12390 position=(1.450994, 59.25001, -122.49) elapsed_ms=124059
SCRAPERX_UITEST_POSE upper_vent_climb tick=12631 position=(5.33661, 61.77796, -123.0059) elapsed_ms=126483
SCRAPERX_UITEST_POSE upper_arrival tick=13306 position=(5.424684, 66.9, -125.8815) elapsed_ms=133723
SCRAPERX_UITEST_POSE teeter_entry tick=13992 position=(25.18834, 66.9, -138.9921) elapsed_ms=140948
SCRAPERX_UITEST_POSE teeter_ballast_near tick=14101 position=(27.77727, 66.76798, -139.4369) elapsed_ms=142122
SCRAPERX_UITEST_POSE teeter_ballast_far tick=14313 position=(31.91657, 66.98933, -139.45) elapsed_ms=144309
SCRAPERX_UITEST_POSE teeter_loaded tick=14719 position=(32.81833, 64.717, -138.4064) elapsed_ms=148407
SCRAPERX_UITEST_POSE teeter_shelf tick=15051 position=(35.38302, 64.45, -139.3594) elapsed_ms=151759
SCRAPERX_UITEST_POSE teeter_climb tick=15679 position=(34.83589, 68.26325, -139.4341) elapsed_ms=157880
SCRAPERX_UITEST_POSE teeter_arrival tick=17160 position=(25.14015, 77.9, -140.7994) elapsed_ms=170144
SCRAPERX_UITEST_POSE braced_bay_preview tick=17371 position=(25.10034, 77.9, -131.0852) elapsed_ms=171755
SCRAPERX_UITEST_POSE braced_bay_entry tick=17514 position=(27.97079, 77.9, -131.0008) elapsed_ms=172732
SCRAPERX_UITEST_POSE braced_bay_transfer tick=18207 position=(28.89318, 82.9, -144.0648) elapsed_ms=177638
SCRAPERX_UITEST_POSE braced_bay_low_member tick=18954 position=(33.99977, 84.88374, -138.711) elapsed_ms=182841
SCRAPERX_UITEST_POSE braced_bay_upper_junction tick=19426 position=(33.99999, 87.9, -131.3792) elapsed_ms=186395
SCRAPERX_UITEST_POSE braced_bay_arrival tick=20107 position=(24.91901, 88.9, -131.9996) elapsed_ms=191318
SCRAPERX_UITEST_POSE north_frame_entry tick=21165 position=(16.00072, 88.9, -179.49) elapsed_ms=198934
SCRAPERX_UITEST_POSE north_frame_first_rest tick=21802 position=(16.00072, 94.9, -180.4725) elapsed_ms=203565
SCRAPERX_UITEST_POSE north_frame_99m tick=22633 position=(10.00001, 99.9, -174.5984) elapsed_ms=209736
SCRAPERX_UITEST_POSE north_frame_upper_rest tick=23373 position=(15.99993, 104.4, -180.4725) elapsed_ms=214925
SCRAPERX_UITEST_POSE north_frame_hang tick=23535 position=(14.44, 104.95, -180.5833) elapsed_ms=216132
SCRAPERX_UITEST_POSE north_frame_shimmy tick=23725 position=(14.44, 104.95, -181.8502) elapsed_ms=217518
SCRAPERX_UITEST_POSE north_frame_106m tick=23799 position=(13.56, 106.9, -181.8502) elapsed_ms=218070
SCRAPERX_UITEST_POSE north_frame_upper_exit tick=24282 position=(15.49901, 109.3998, -177.6227) elapsed_ms=221564
SCRAPERX_UITEST_POSE north_frame_110m tick=24544 position=(15.49997, 110.9, -174.5532) elapsed_ms=223317
SCRAPERX_CAMPAIGN north_frame_exit at=(15.49997, 110.9, -174.5532) support=11
SCRAPERX_UITEST_POSE swing_approach tick=24832 position=(10.00034, 110.9, -179.5715) elapsed_ms=225488
SCRAPERX_UITEST_POSE swing_launch_view tick=25287 position=(9.160798, 114.8992, -180.1104) elapsed_ms=228616
SCRAPERX_SWING_CATCH tick=25315 player=(9.160798, 114.8992, -180.1104) player_velocity=(0.0, 0.0, 0.0) grounded=true crouched=false traversal=0 view_yaw_rad=-0.000000 grip=false grip_point=(0.0, 0.0, 0.0) angle_z=-0.000697 origin=(6.000005, 124.0, -181.2) body_velocity=(0.0, -0.0, -0.0) observed_rung_midpoint_velocity=(0.0, 0.0, 0.0) observed_angular_z=0.000000 nearest_rung=(6.844049, 115.4594, -181.2) hand_distance=2.419719 faced_depth=1.089600
SCRAPERX_SWING_CATCH tick=25317 player=(9.154038, 115.0187, -180.1128) player_velocity=(-0.377543, 5.282001, -0.13214) grounded=false crouched=false traversal=0 view_yaw_rad=-0.000000 grip=false grip_point=(0.0, 0.0, 0.0) angle_z=-0.000697 origin=(6.000005, 124.0, -181.2) body_velocity=(0.0, -0.0, -0.0) observed_rung_midpoint_velocity=(0.0, 0.0, 0.0) observed_angular_z=0.000000 nearest_rung=(6.844049, 115.4594, -181.2) hand_distance=2.410066 faced_depth=1.087219
SCRAPERX_SWING_CATCH tick=25318 player=(9.148213, 115.0766, -180.1148) player_velocity=(-0.524366, 5.173002, -0.183528) grounded=false crouched=false traversal=0 view_yaw_rad=-0.000000 grip=false grip_point=(0.0, 0.0, 0.0) angle_z=-0.000697 origin=(6.000005, 124.0, -181.2) body_velocity=(0.0, -0.0, -0.0) observed_rung_midpoint_velocity=(0.0, 0.0, 0.0) observed_angular_z=0.000000 nearest_rung=(6.844049, 115.4594, -181.2) hand_distance=2.404829 faced_depth=1.085205
SCRAPERX_SWING_CATCH tick=25320 player=(9.131665, 115.1889, -180.1206) player_velocity=(-0.818011, 4.955004, -0.286304) grounded=false crouched=false traversal=0 view_yaw_rad=-0.000000 grip=false grip_point=(0.0, 0.0, 0.0) angle_z=-0.000697 origin=(6.000005, 124.0, -181.2) body_velocity=(0.0, -0.0, -0.0) observed_rung_midpoint_velocity=(0.0, 0.0, 0.0) observed_angular_z=0.000000 nearest_rung=(6.8443, 115.8194, -181.2) hand_distance=2.392958 faced_depth=1.079407
SCRAPERX_SWING_CATCH tick=25321 player=(9.120946, 115.2431, -180.1243) player_velocity=(-0.964833, 4.846004, -0.337692) grounded=false crouched=false traversal=0 view_yaw_rad=-0.000000 grip=false grip_point=(0.0, 0.0, 0.0) angle_z=-0.000697 origin=(6.000005, 124.0, -181.2) body_velocity=(0.0, -0.0, -0.0) observed_rung_midpoint_velocity=(0.0, 0.0, 0.0) observed_angular_z=0.000000 nearest_rung=(6.8443, 115.8194, -181.2) hand_distance=2.378155 faced_depth=1.075684
SCRAPERX_SWING_CATCH tick=25323 player=(9.094609, 115.3481, -180.1335) player_velocity=(-1.258478, 4.628006, -0.440467) grounded=false crouched=false traversal=0 view_yaw_rad=-0.000000 grip=false grip_point=(0.0, 0.0, 0.0) angle_z=-0.000697 origin=(6.000005, 124.0, -181.2) body_velocity=(0.0, -0.0, -0.0) observed_rung_midpoint_velocity=(0.0, 0.0, 0.0) observed_angular_z=0.000000 nearest_rung=(6.8443, 115.8194, -181.2) hand_distance=2.347027 faced_depth=1.066467
SCRAPERX_SWING_CATCH tick=25324 player=(9.078996, 115.3988, -180.139) player_velocity=(-1.4053, 4.519007, -0.491855) grounded=false crouched=false traversal=0 view_yaw_rad=-0.000000 grip=false grip_point=(0.0, 0.0, 0.0) angle_z=-0.000697 origin=(6.000005, 124.0, -181.2) body_velocity=(0.0, -0.0, -0.0) observed_rung_midpoint_velocity=(0.0, 0.0, 0.0) observed_angular_z=0.000000 nearest_rung=(6.8443, 115.8194, -181.2) hand_distance=2.330584 faced_depth=1.060974
SCRAPERX_SWING_CATCH tick=25326 player=(9.042871, 115.4965, -180.1517) player_velocity=(-1.698945, 4.301008, -0.594631) grounded=false crouched=false traversal=0 view_yaw_rad=-0.000000 grip=false grip_point=(0.0, 0.0, 0.0) angle_z=-0.000697 origin=(6.000005, 124.0, -181.2) body_velocity=(0.0, -0.0, -0.0) observed_rung_midpoint_velocity=(0.0, 0.0, 0.0) observed_angular_z=0.000000 nearest_rung=(6.8443, 115.8194, -181.2) hand_distance=2.295693 faced_depth=1.048340
SCRAPERX_SWING_CATCH tick=25327 player=(9.022363, 115.5435, -180.1589) player_velocity=(-1.845768, 4.192009, -0.646019) grounded=false crouched=false traversal=0 view_yaw_rad=-0.000000 grip=false grip_point=(0.0, 0.0, 0.0) angle_z=-0.000697 origin=(6.000005, 124.0, -181.2) body_velocity=(0.0, -0.0, -0.0) observed_rung_midpoint_velocity=(0.0, 0.0, 0.0) observed_angular_z=0.000000 nearest_rung=(6.8443, 115.8194, -181.2) hand_distance=2.277131 faced_depth=1.041138
SCRAPERX_SWING_CATCH tick=25329 player=(8.976453, 115.6339, -180.1749) player_velocity=(-2.139412, 3.97401, -0.748794) grounded=false crouched=false traversal=0 view_yaw_rad=-0.000000 grip=false grip_point=(0.0, 0.0, 0.0) angle_z=-0.000697 origin=(6.000005, 124.0, -181.2) body_velocity=(0.0, -0.0, -0.0) observed_rung_midpoint_velocity=(0.0, 0.0, 0.0) observed_angular_z=0.000000 nearest_rung=(6.844551, 116.1794, -181.2) hand_distance=2.223705 faced_depth=1.025085
SCRAPERX_SWING_CATCH tick=25330 player=(8.951051, 115.6773, -180.1838) player_velocity=(-2.286235, 3.86501, -0.800182) grounded=false crouched=false traversal=0 view_yaw_rad=-0.000000 grip=false grip_point=(0.0, 0.0, 0.0) angle_z=-0.000697 origin=(6.000005, 124.0, -181.2) body_velocity=(0.0, -0.0, -0.0) observed_rung_midpoint_velocity=(0.0, 0.0, 0.0) observed_angular_z=0.000000 nearest_rung=(6.844551, 116.1794, -181.2) hand_distance=2.195389 faced_depth=1.016174
SCRAPERX_SWING_CATCH tick=25332 player=(8.895352, 115.7605, -180.2033) player_velocity=(-2.57988, 3.64701, -0.902958) grounded=false crouched=false traversal=0 view_yaw_rad=-0.000000 grip=false grip_point=(0.0, 0.0, 0.0) angle_z=-0.000697 origin=(6.000005, 124.0, -181.2) body_velocity=(0.0, -0.0, -0.0) observed_rung_midpoint_velocity=(0.0, 0.0, 0.0) observed_angular_z=0.000000 nearest_rung=(6.844551, 116.1794, -181.2) hand_distance=2.136075 faced_depth=0.996704
SCRAPERX_SWING_CATCH tick=25333 player=(8.865056, 115.8003, -180.2139) player_velocity=(-2.726702, 3.538009, -0.954346) grounded=false crouched=false traversal=0 view_yaw_rad=-0.000000 grip=false grip_point=(0.0, 0.0, 0.0) angle_z=-0.000697 origin=(6.000005, 124.0, -181.2) body_velocity=(0.0, -0.0, -0.0) observed_rung_midpoint_velocity=(0.0, 0.0, 0.0) observed_angular_z=0.000000 nearest_rung=(6.844551, 116.1794, -181.2) hand_distance=2.104985 faced_depth=0.986084
SCRAPERX_SWING_CATCH tick=25335 player=(8.799569, 115.8762, -180.2368) player_velocity=(-3.020347, 3.320009, -1.057122) grounded=false crouched=false traversal=0 view_yaw_rad=-0.000000 grip=false grip_point=(0.0, 0.0, 0.0) angle_z=-0.000697 origin=(6.000005, 124.0, -181.2) body_velocity=(0.0, -0.0, -0.0) observed_rung_midpoint_velocity=(0.0, 0.0, 0.0) observed_angular_z=0.000000 nearest_rung=(6.844551, 116.1794, -181.2) hand_distance=2.039810 faced_depth=0.963196
SCRAPERX_SWING_CATCH tick=25336 player=(8.764379, 115.9123, -180.2491) player_velocity=(-3.16717, 3.211009, -1.108509) grounded=false crouched=false traversal=0 view_yaw_rad=-0.000000 grip=false grip_point=(0.0, 0.0, 0.0) angle_z=-0.000697 origin=(6.000005, 124.0, -181.2) body_velocity=(0.0, -0.0, -0.0) observed_rung_midpoint_velocity=(0.0, 0.0, 0.0) observed_angular_z=0.000000 nearest_rung=(6.844802, 116.5394, -181.2) hand_distance=2.004897 faced_depth=0.950867
SCRAPERX_SWING_CATCH tick=25338 player=(8.689103, 115.9809, -180.2755) player_velocity=(-3.460814, 2.993008, -1.211285) grounded=false crouched=false traversal=0 view_yaw_rad=-0.000000 grip=false grip_point=(0.0, 0.0, 0.0) angle_z=-0.000697 origin=(6.000005, 124.0, -181.2) body_velocity=(0.0, -0.0, -0.0) observed_rung_midpoint_velocity=(0.0, 0.0, 0.0) observed_angular_z=0.000000 nearest_rung=(6.844802, 116.5394, -181.2) hand_distance=1.920502 faced_depth=0.924500
SCRAPERX_SWING_CATCH tick=25339 player=(8.649018, 116.0134, -180.2895) player_velocity=(-3.607637, 2.884008, -1.262673) grounded=false crouched=false traversal=0 view_yaw_rad=-0.000000 grip=false grip_point=(0.0, 0.0, 0.0) angle_z=-0.000697 origin=(6.000005, 124.0, -181.2) body_velocity=(0.0, -0.0, -0.0) observed_rung_midpoint_velocity=(0.0, 0.0, 0.0) observed_angular_z=0.000000 nearest_rung=(6.844802, 116.5394, -181.2) hand_distance=1.876580 faced_depth=0.910461
SCRAPERX_SWING_CATCH tick=25341 player=(8.563954, 116.0748, -180.3193) player_velocity=(-3.901282, 2.666008, -1.365449) grounded=false crouched=false traversal=0 view_yaw_rad=-0.000000 grip=false grip_point=(0.0, 0.0, 0.0) angle_z=-0.000697 origin=(6.000005, 124.0, -181.2) body_velocity=(0.0, -0.0, -0.0) observed_rung_midpoint_velocity=(0.0, 0.0, 0.0) observed_angular_z=0.000000 nearest_rung=(6.844802, 116.5394, -181.2) hand_distance=1.785148 faced_depth=0.880676
SCRAPERX_SWING_CATCH tick=25342 player=(8.518975, 116.1037, -180.3351) player_velocity=(-4.048104, 2.557008, -1.416837) grounded=false crouched=false traversal=0 view_yaw_rad=-0.000000 grip=false grip_point=(0.0, 0.0, 0.0) angle_z=-0.000697 origin=(6.000005, 124.0, -181.2) body_velocity=(0.0, -0.0, -0.0) observed_rung_midpoint_velocity=(0.0, 0.0, 0.0) observed_angular_z=0.000000 nearest_rung=(6.844802, 116.5394, -181.2) hand_distance=1.737591 faced_depth=0.864929
SCRAPERX_SWING_CATCH tick=25344 player=(8.424123, 116.1578, -180.3683) player_velocity=(-4.341749, 2.339007, -1.519613) grounded=false crouched=false traversal=0 view_yaw_rad=-0.000000 grip=false grip_point=(0.0, 0.0, 0.0) angle_z=-0.000697 origin=(6.000005, 124.0, -181.2) body_velocity=(0.0, -0.0, -0.0) observed_rung_midpoint_velocity=(0.0, 0.0, 0.0) observed_angular_z=0.000000 nearest_rung=(6.844802, 116.5394, -181.2) hand_distance=1.638693 faced_depth=0.831726
SCRAPERX_SWING_CATCH tick=25345 player=(8.374249, 116.183, -180.3857) player_velocity=(-4.488572, 2.230007, -1.571) grounded=false crouched=false traversal=0 view_yaw_rad=-0.000000 grip=false grip_point=(0.0, 0.0, 0.0) angle_z=-0.000697 origin=(6.000005, 124.0, -181.2) body_velocity=(0.0, -0.0, -0.0) observed_rung_midpoint_velocity=(0.0, 0.0, 0.0) observed_angular_z=0.000000 nearest_rung=(6.844802, 116.5394, -181.2) hand_distance=1.587321 faced_depth=0.814270
SCRAPERX_SWING_CATCH tick=25347 player=(8.269608, 116.2298, -180.4223) player_velocity=(-4.782217, 2.012007, -1.673776) grounded=false crouched=false traversal=0 view_yaw_rad=-0.000000 grip=false grip_point=(0.0, 0.0, 0.0) angle_z=-0.000697 origin=(6.000005, 124.0, -181.2) body_velocity=(0.0, -0.0, -0.0) observed_rung_midpoint_velocity=(0.0, 0.0, 0.0) observed_angular_z=0.000000 nearest_rung=(6.844802, 116.5394, -181.2) hand_distance=1.480677 faced_depth=0.777649
SCRAPERX_SWING_CATCH tick=25348 player=(8.214841, 116.2514, -180.4415) player_velocity=(-4.929039, 1.903006, -1.725164) grounded=false crouched=false traversal=0 view_yaw_rad=-0.000000 grip=false grip_point=(0.0, 0.0, 0.0) angle_z=-0.000697 origin=(6.000005, 124.0, -181.2) body_velocity=(0.0, -0.0, -0.0) observed_rung_midpoint_velocity=(0.0, 0.0, 0.0) observed_angular_z=0.000000 nearest_rung=(6.844802, 116.5394, -181.2) hand_distance=1.425399 faced_depth=0.758484
SCRAPERX_SWING_CATCH tick=25350 player=(8.100759, 116.291, -180.4814) player_velocity=(-5.191221, 1.685006, -1.816928) grounded=false crouched=false traversal=0 view_yaw_rad=-0.000000 grip=false grip_point=(0.0, 0.0, 0.0) angle_z=-0.000697 origin=(6.000005, 124.0, -181.2) body_velocity=(0.0, -0.0, -0.0) observed_rung_midpoint_velocity=(0.0, 0.0, 0.0) observed_angular_z=0.000000 nearest_rung=(6.845053, 116.8994, -181.2) hand_distance=1.305142 faced_depth=0.718567
SCRAPERX_SWING_CATCH tick=25351 player=(8.043077, 116.3089, -180.5016) player_velocity=(-5.191221, 1.576006, -1.816928) grounded=false crouched=false traversal=0 view_yaw_rad=-0.000000 grip=false grip_point=(0.0, 0.0, 0.0) angle_z=-0.000697 origin=(6.000005, 124.0, -181.2) body_velocity=(0.0, -0.0, -0.0) observed_rung_midpoint_velocity=(0.0, 0.0, 0.0) observed_angular_z=0.000000 nearest_rung=(6.845053, 116.8994, -181.2) hand_distance=1.242587 faced_depth=0.698364
SCRAPERX_SWING_CATCH tick=25353 player=(7.927715, 116.3412, -180.542) player_velocity=(-5.191221, 1.358005, -1.816928) grounded=false crouched=false traversal=0 view_yaw_rad=-0.000000 grip=false grip_point=(0.0, 0.0, 0.0) angle_z=-0.000697 origin=(6.000005, 124.0, -181.2) body_velocity=(0.0, -0.0, -0.0) observed_rung_midpoint_velocity=(0.0, 0.0, 0.0) observed_angular_z=0.000000 nearest_rung=(6.845053, 116.8994, -181.2) hand_distance=1.118218 faced_depth=0.657959
SCRAPERX_SWING_CATCH tick=25354 player=(7.870035, 116.3556, -180.5622) player_velocity=(-5.191221, 1.249005, -1.816928) grounded=false crouched=false traversal=0 view_yaw_rad=-0.000000 grip=false grip_point=(0.0, 0.0, 0.0) angle_z=-0.000697 origin=(6.000005, 124.0, -181.2) body_velocity=(0.0, -0.0, -0.0) observed_rung_midpoint_velocity=(0.0, 0.0, 0.0) observed_angular_z=0.000000 nearest_rung=(6.845053, 116.8994, -181.2) hand_distance=1.056376 faced_depth=0.637756
SCRAPERX_SWING_CATCH tick=25356 player=(7.754675, 116.3806, -180.6026) player_velocity=(-5.191221, 1.031005, -1.816928) grounded=false crouched=false traversal=0 view_yaw_rad=-0.000000 grip=false grip_point=(0.0, 0.0, 0.0) angle_z=-0.000697 origin=(6.000005, 124.0, -181.2) body_velocity=(0.0, -0.0, -0.0) observed_rung_midpoint_velocity=(0.0, 0.0, 0.0) observed_angular_z=0.000000 nearest_rung=(6.845053, 116.8994, -181.2) hand_distance=0.933328 faced_depth=0.597351
SCRAPERX_SWING_CATCH tick=25357 player=(7.696995, 116.3913, -180.6228) player_velocity=(-5.191221, 0.922005, -1.816928) grounded=false crouched=false traversal=0 view_yaw_rad=-0.000000 grip=false grip_point=(0.0, 0.0, 0.0) angle_z=-0.000697 origin=(6.000005, 124.0, -181.2) body_velocity=(0.0, -0.0, -0.0) observed_rung_midpoint_velocity=(0.0, 0.0, 0.0) observed_angular_z=0.000000 nearest_rung=(6.845053, 116.8994, -181.2) hand_distance=0.872105 faced_depth=0.577148
SCRAPERX_SWING_CATCH tick=25359 player=(7.581635, 116.4091, -180.6633) player_velocity=(-5.191221, 0.704005, -1.816928) grounded=false crouched=false traversal=0 view_yaw_rad=-0.000000 grip=false grip_point=(0.0, 0.0, 0.0) angle_z=-0.000697 origin=(6.000005, 124.0, -181.2) body_velocity=(0.0, -0.0, -0.0) observed_rung_midpoint_velocity=(0.0, 0.0, 0.0) observed_angular_z=0.000000 nearest_rung=(6.845053, 116.8994, -181.2) hand_distance=0.750255 faced_depth=0.536743
SCRAPERX_SWING_CATCH tick=25360 player=(7.523954, 116.4161, -180.6835) player_velocity=(-5.191221, 0.595005, -1.816928) grounded=false crouched=false traversal=0 view_yaw_rad=-0.000000 grip=false grip_point=(0.0, 0.0, 0.0) angle_z=-0.000697 origin=(6.000005, 124.0, -181.2) body_velocity=(0.0, -0.0, -0.0) observed_rung_midpoint_velocity=(0.0, 0.0, 0.0) observed_angular_z=0.000000 nearest_rung=(6.845053, 116.8994, -181.2) hand_distance=0.689637 faced_depth=0.516541
SCRAPERX_SWING_CATCH tick=25362 player=(7.408594, 116.4266, -180.7239) player_velocity=(-5.191221, 0.377005, -1.816928) grounded=false crouched=false traversal=0 view_yaw_rad=-0.000000 grip=false grip_point=(0.0, 0.0, 0.0) angle_z=-0.000697 origin=(6.000005, 124.0, -181.2) body_velocity=(0.0, -0.0, -0.0) observed_rung_midpoint_velocity=(0.0, 0.0, 0.0) observed_angular_z=0.000000 nearest_rung=(6.845053, 116.8994, -181.2) hand_distance=0.569119 faced_depth=0.476135
SCRAPERX_SWING_CATCH tick=25363 player=(7.350914, 116.4301, -180.7441) player_velocity=(-5.191221, 0.268005, -1.816928) grounded=false crouched=false traversal=0 view_yaw_rad=-0.000000 grip=false grip_point=(0.0, 0.0, 0.0) angle_z=-0.000697 origin=(6.000005, 124.0, -181.2) body_velocity=(0.0, -0.0, -0.0) observed_rung_midpoint_velocity=(0.0, 0.0, 0.0) observed_angular_z=0.000000 nearest_rung=(6.845053, 116.8994, -181.2) hand_distance=0.509314 faced_depth=0.455933
SCRAPERX_SWING_CATCH tick=25365 player=(7.235554, 116.4333, -180.7845) player_velocity=(-5.191221, 0.050005, -1.816928) grounded=false crouched=false traversal=0 view_yaw_rad=-0.000000 grip=false grip_point=(0.0, 0.0, 0.0) angle_z=-0.000697 origin=(6.000005, 124.0, -181.2) body_velocity=(0.0, -0.0, -0.0) observed_rung_midpoint_velocity=(0.0, 0.0, 0.0) observed_angular_z=0.000000 nearest_rung=(6.845053, 116.8994, -181.2) hand_distance=0.391143 faced_depth=0.415527
SCRAPERX_SWING_CATCH tick=25366 player=(7.177874, 116.4331, -180.8047) player_velocity=(-5.191221, -0.058995, -1.816928) grounded=false crouched=false traversal=0 view_yaw_rad=-0.000000 grip=false grip_point=(0.0, 0.0, 0.0) angle_z=-0.000697 origin=(6.000005, 124.0, -181.2) body_velocity=(0.0, -0.0, -0.0) observed_rung_midpoint_velocity=(0.0, 0.0, 0.0) observed_angular_z=0.000000 nearest_rung=(6.845053, 116.8994, -181.2) hand_distance=0.333255 faced_depth=0.395325
SCRAPERX_SWING_CATCH tick=25368 player=(7.09289, 116.4291, -180.7941) player_velocity=(-3.332533, -0.269139, 1.119493) grounded=false crouched=false traversal=4 view_yaw_rad=-0.000000 grip=false grip_point=(0.0, 0.0, 0.0) angle_z=-0.002003 origin=(6.0, 124.0, -181.2) body_velocity=(-0.374285, 0.000666, 0.0) observed_rung_midpoint_velocity=(-0.459559, 0.000343, 0.0) observed_angular_z=-0.058742 nearest_rung=(6.835779, 116.8983, -181.2) hand_distance=0.257899 faced_depth=0.405930
SCRAPERX_UITEST_POSE swing_caught tick=25414 position=(6.530344, 116.312, -180.8175) elapsed_ms=229607
SCRAPERX_SWING_RELEASE_START player=(6.481908, 119.8107, -180.77) normal=(0.0, 0.0, -1.0) loaded_span=0.151715
SCRAPERX_SWING_RELEASE_PHASE tick=25936 player=(6.481908, 119.8107, -180.77) velocity=(0.328779, -0.031308, 0.0) angle=-0.094742 normal=(0.0, 0.0, -1.0) support=2960
SCRAPERX_UITEST_POSE swing_release_height tick=25936 position=(6.481908, 119.8107, -180.77) elapsed_ms=233262
SCRAPERX_UITEST_POSE swing_landing tick=26106 position=(10.31292, 119.9, -178.6885) elapsed_ms=234437
SCRAPERX_UITEST_POSE swing_tower_exit tick=26374 position=(9.00225, 121.9, -174.5659) elapsed_ms=236332
SCRAPERX_UITEST PASS touch_campaign_to_121 staging=ordinary_grade_spawn cargo_net=1 upper_route=1 loaded_swing=1 supported_height_m=121 support=11 deaths=0 slingshot_work_j=0 world=slingshot
