APPROACH tick=45 P=16,88.90000153,-179.5500031 V=0,0,0 support=1901 ground=1 state=0 hands=0 gravity=1 work=0 deaths=0
BEFORE_JUMP tick=240 P=16,90.09254456,-179.5500031 V=0,-0.407941103,0 support=0 ground=0 state=4 hands=2 gravity=1 work=4921.051025 deaths=0
AFTER_JUMP tick=241 P=16,90.08807373,-179.5499573 V=0,-0.3989906907,0.007437877823 support=0 ground=0 state=4 hands=2 gravity=1 work=4954.351024 deaths=0
AFTER_JUMP tick=242 P=16,90.08381653,-179.5497742 V=0,-0.372977674,0.02184638008 support=0 ground=0 state=4 hands=2 gravity=1 work=4987.651023 deaths=0
AFTER_JUMP tick=243 P=16,90.07996368,-179.5493774 V=0,-0.3311038017,0.04267488793 support=0 ground=0 state=4 hands=2 gravity=1 work=5020.95102 deaths=0
AFTER_JUMP tick=244 P=16,90.07668304,-179.5487213 V=0,-0.2747408152,0.06931304187 support=0 ground=0 state=4 hands=2 gravity=1 work=5054.25102 deaths=0
AFTER_JUMP tick=245 P=16,90.07407379,-179.5477295 V=0,-0.2106864452,0.1011028513 support=0 ground=0 state=4 hands=2 gravity=1 work=5087.551021 deaths=0
AFTER_JUMP tick=246 P=16,90.07221985,-179.5463562 V=0,-0.1406744123,0.137351349 support=0 ground=0 state=4 hands=2 gravity=1 work=5120.851021 deaths=0
AFTER_JUMP tick=247 P=16,90.07118225,-179.5445404 V=0,-0.065356493,0.1773220897 support=0 ground=0 state=4 hands=2 gravity=1 work=5154.151021 deaths=0
AFTER_JUMP tick=248 P=16,90.0710144,-179.5422821 V=0,0.01459736098,0.2202765495 support=0 ground=0 state=4 hands=2 gravity=1 work=5187.451021 deaths=0
AFTER_JUMP tick=249 P=16,90.07176208,-179.5395355 V=0,0.09850203991,0.2654783428 support=0 ground=0 state=4 hands=2 gravity=1 work=5220.751022 deaths=0
AFTER_JUMP tick=250 P=16,90.07347107,-179.5362396 V=0,0.1856576204,0.3121691048 support=0 ground=0 state=4 hands=2 gravity=1 work=5254.051022 deaths=0
AFTER_JUMP tick=251 P=16,90.07615662,-179.5324554 V=0,0.2753583193,0.3596091866 support=0 ground=0 state=4 hands=2 gravity=1 work=5287.351022 deaths=0
AFTER_JUMP tick=252 P=16,90.07985687,-179.5281219 V=0,0.3669050932,0.4071138799 support=0 ground=0 state=4 hands=2 gravity=1 work=5320.651016 deaths=0
AFTER_JUMP tick=253 P=16,90.08457947,-179.5232544 V=0,0.4595952034,0.4539988339 support=0 ground=0 state=4 hands=2 gravity=1 work=5353.951011 deaths=0
AFTER_JUMP tick=254 P=16,90.09033966,-179.5178833 V=0,0.5527386069,0.4996179342 support=0 ground=0 state=4 hands=2 gravity=1 work=5387.251005 deaths=0
AFTER_JUMP tick=255 P=16,90.09712982,-179.5120239 V=0,0.6456591487,0.543410182 support=0 ground=0 state=4 hands=2 gravity=1 work=5420.550999 deaths=0
AFTER_JUMP tick=256 P=16,90.10494995,-179.5056915 V=0,0.7376983762,0.5848464966 support=0 ground=0 state=4 hands=2 gravity=1 work=5453.850994 deaths=0
AFTER_JUMP tick=257 P=16,90.11378479,-179.4989319 V=0,0.8282205462,0.6234729886 support=0 ground=0 state=4 hands=2 gravity=1 work=5487.150988 deaths=0
AFTER_JUMP tick=258 P=16,90.12361145,-179.491745 V=0,0.9166130424,0.6588866115 support=0 ground=0 state=4 hands=2 gravity=1 work=5520.450982 deaths=0
AFTER_JUMP tick=259 P=16,90.13304138,-179.4844208 V=0,0.8076130748,0.6588866115 support=0 ground=0 state=0 hands=0 gravity=1 work=5520.450982 deaths=0
AFTER_JUMP tick=260 P=16,90.14125061,-179.4770966 V=0,0.6986131072,0.6588866115 support=0 ground=0 state=0 hands=0 gravity=1 work=5520.450982 deaths=0
AFTER_JUMP tick=261 P=16,90.14826202,-179.4697723 V=0,0.5896131396,0.6588866115 support=0 ground=0 state=0 hands=0 gravity=1 work=5520.450982 deaths=0
AFTER_JUMP tick=262 P=16,90.15406036,-179.4624481 V=0,0.4806131721,0.6588866115 support=0 ground=0 state=0 hands=0 gravity=1 work=5520.450982 deaths=0
AFTER_JUMP tick=263 P=16,90.158638,-179.4551239 V=0,0.3716132045,0.6588866115 support=0 ground=0 state=0 hands=0 gravity=1 work=5520.450982 deaths=0
AFTER_JUMP tick=390 P=16,88.90000153,-178.9985657 V=0,0,0 support=1901 ground=1 state=0 hands=0 gravity=1 work=5520.450982 deaths=0
