Godot Engine v4.7.stable.official.5b4e0cb0f - https://godotengine.org
error: expected absolute path: "--shm-helper"
error: expected absolute path: "--shm-helper"
error: expected absolute path: "--shm-helper"
WARNING: Could not set V-Sync mode, as changing V-Sync mode is not supported by the graphics driver.
     at: set_use_vsync (platform/linuxbsd/x11/gl_manager_x11.cpp:372)
OpenGL API 3.3 (Core Profile) Mesa 26.0.8-1ubuntu0.3 - Compatibility - Using Device: Mesa - softpipe
WARNING: Started the engine as `root`/superuser. This is a security risk, and subsystems like audio may not work correctly.
Set the environment variable `GODOT_SILENCE_ROOT_WARNING` to 1 to silence this warning.
     at: setup2 (main/main.cpp:3577)

Movie Maker mode enabled, recording movie in 432×371 @ 60 FPS...
SCRAPERX_AUDIO_BANK clips=28 msec=352 driver=Dummy
SCRAPERX_FALL_CLIP clip=wtf_1.ogg mix_peak=0.912013
SCRAPERX_FALL_CLIP clip=wtf_2.ogg mix_peak=0.912016
SCRAPERX_FALL_CLIP clip=wtf_3.ogg mix_peak=0.912012
SCRAPERX_FALL_CLIP clip=fuck_1.ogg mix_peak=0.912012
SCRAPERX_FALL_CLIP clip=fuck_2.ogg mix_peak=0.648468
SCRAPERX_FALL_VOICE reactions=2 mix_peak=0.912016 recordings=5 recording_peak=0.912016 failures=0
--------------------------------------------------------------------------------
Done recording movie at path: /data/data/com.termux/files/usr/tmp/scraperx-continuation-1pc10lpd/fall-audio-repair.avi
735 frames at 60 FPS (movie length: 00:00:12:15), recorded in 00:00:13 (92% of real-time speed).
CPU render time: 0.05 seconds (average: 0.06 ms/frame)
GPU render time: 0.04 seconds (average: 0.05 ms/frame)
Encoding time: 1.66 seconds (average: 2.26 ms/frame)
--------------------------------------------------------------------------------
