CART_EXIT352 tick=270 P=-25.4203,352.9,-141.599 V=0,0,0 support=11 grounded=1 traversal=0 hands=0 gravity=1 crouch=0 balance=0 deaths=0 landings=1 impact=0.02725 work=0 jump_work=0
WALK_TARGET=-24.12,-138.6 TRACE tick=271 P=-25.4197,352.9,-141.599 V=0.09265,0,0 support=11 grounded=1 traversal=0 hands=0 gravity=1 crouch=0 balance=0 deaths=0 landings=1 impact=0.02725 work=0.455582 jump_work=0
WALK_TARGET=-24.12,-138.6 TRACE tick=361 P=-24.1521,352.9,-138.677 V=1.05209,0,2.49598 support=11 grounded=1 traversal=0 hands=0 gravity=1 crouch=0 balance=0 deaths=0 landings=1 impact=0.02725 work=1092.86 jump_work=0
WALK_TARGET=-24,-139.5 TRACE tick=446 P=-24.118,352.9,-138.566 V=-0.0132018,1.19773e-09,-0.0999703 support=11 grounded=1 traversal=0 hands=0 gravity=1 crouch=0 balance=0 deaths=0 landings=1 impact=0.02725 work=1160.58 jump_work=0
LOWER_GIRDER_TOE tick=521 P=-24.0152,352.907,-139.437 V=0.0876198,0.0272129,-0.0616322 support=1932 grounded=1 traversal=0 hands=0 gravity=1 crouch=0 balance=1 deaths=0 landings=1 impact=0.02725 work=1382.75 jump_work=0
WALK_TARGET=-24,-164 TRACE tick=521 P=-24.0152,352.907,-139.437 V=0.0876198,0.0272129,-0.0616322 support=1932 grounded=1 traversal=0 hands=0 gravity=1 crouch=0 balance=1 deaths=0 landings=1 impact=0.02725 work=1382.75 jump_work=0
WALK_TARGET=-24,-164 TRACE tick=611 P=-23.9764,353.562,-140.837 V=0.00484825,1.27853,-2.73141 support=1932 grounded=1 traversal=0 hands=0 gravity=1 crouch=0 balance=1 deaths=0 landings=1 impact=0.02725 work=2316.2 jump_work=0
WALK_TARGET=-24,-164 TRACE tick=701 P=-23.98,355.233,-144.405 V=-0.00557945,1.79165,-3.82761 support=1932 grounded=1 traversal=0 hands=0 gravity=1 crouch=0 balance=1 deaths=0 landings=1 impact=0.02725 work=4081.79 jump_work=0
WALK_TARGET=-24,-164 TRACE tick=791 P=-23.9854,357.023,-148.239 V=-0.00510063,1.7944,-3.8335 support=1932 grounded=1 traversal=0 hands=0 gravity=1 crouch=0 balance=1 deaths=0 landings=1 impact=0.02725 work=5579.75 jump_work=0
WALK_TARGET=-24,-164 TRACE tick=881 P=-24.58,357.949,-152.029 V=0,-1.30872,-5.49268 support=0 grounded=0 traversal=0 hands=0 gravity=1 crouch=0 balance=0 deaths=0 landings=2 impact=0.874943 work=6392.75 jump_work=157.602
WALK_TARGET=-24,-164 TRACE tick=971 P=-24.3546,352.598,-157.479 V=0.253362,0,-4.65926 support=11 grounded=1 traversal=0 hands=0 gravity=1 crouch=1 balance=1 deaths=0 landings=3 impact=10.056 work=6392.75 jump_work=157.602
WALK_TARGET=-24,-164 TRACE tick=1061 P=-24.1959,352.898,-160.397 V=0.237958,0,-4.37575 support=11 grounded=1 traversal=0 hands=0 gravity=1 crouch=0 balance=0 deaths=0 landings=3 impact=10.056 work=6994.79 jump_work=157.602
WALK_TARGET=-24,-164 TRACE tick=1151 P=-24.18,352.898,-163.935 V=0.00396228,-1.08736e-09,-0.359573 support=11 grounded=1 traversal=0 hands=0 gravity=1 crouch=0 balance=0 deaths=0 landings=3 impact=10.056 work=7465.21 jump_work=157.602
WALK_TARGET=-24,-164 TRACE tick=1241 P=-24.1746,352.898,-164 V=-8.71417e-12,-4.5384e-10,-4.91991e-11 support=11 grounded=1 traversal=0 hands=0 gravity=1 crouch=0 balance=1 deaths=0 landings=3 impact=10.056 work=7465.39 jump_work=157.602
WALK_TARGET=-24,-164 TRACE tick=1331 P=-24.1746,352.898,-164 V=-8.85599e-12,-4.5384e-10,-5.00001e-11 support=11 grounded=1 traversal=0 hands=0 gravity=1 crouch=0 balance=1 deaths=0 landings=3 impact=10.056 work=7465.39 jump_work=157.602
WALK_TARGET=-24,-164 TRACE tick=1421 P=-24.1746,352.898,-164 V=-8.85601e-12,-4.5384e-10,-5.00001e-11 support=11 grounded=1 traversal=0 hands=0 gravity=1 crouch=0 balance=1 deaths=0 landings=3 impact=10.056 work=7465.39 jump_work=157.602
WALK_TARGET=-24,-164 TRACE tick=1511 P=-24.1746,352.898,-164 V=-8.85601e-12,-4.5384e-10,-5.00001e-11 support=11 grounded=1 traversal=0 hands=0 gravity=1 crouch=0 balance=1 deaths=0 landings=3 impact=10.056 work=7465.39 jump_work=157.602
WALK_TARGET=-24,-164 TRACE tick=1601 P=-24.1746,352.898,-164 V=-8.85926e-12,-4.5384e-10,-5.00184e-11 support=11 grounded=1 traversal=0 hands=0 gravity=1 crouch=0 balance=1 deaths=0 landings=3 impact=10.056 work=7465.39 jump_work=157.602
WALK_TARGET=-24,-164 TRACE tick=1691 P=-24.1746,352.898,-164 V=1.18858e-11,-4.5384e-10,6.71076e-11 support=11 grounded=1 traversal=0 hands=0 gravity=1 crouch=0 balance=1 deaths=0 landings=3 impact=10.056 work=7465.39 jump_work=157.602
WALK_TARGET=-24,-164 TRACE tick=1781 P=-24.1746,352.898,-164 V=1.18857e-11,-4.5384e-10,6.71072e-11 support=11 grounded=1 traversal=0 hands=0 gravity=1 crouch=0 balance=1 deaths=0 landings=3 impact=10.056 work=7465.39 jump_work=157.602
WALK_TARGET=-24,-164 TRACE tick=1871 P=-24.1746,352.898,-164 V=1.1386e-11,-4.5384e-10,6.42861e-11 support=11 grounded=1 traversal=0 hands=0 gravity=1 crouch=0 balance=1 deaths=0 landings=3 impact=10.056 work=7465.39 jump_work=157.602
WALK_TARGET=-24,-164 TRACE tick=1961 P=-24.1746,352.898,-164 V=1.1386e-11,-4.5384e-10,6.4286e-11 support=11 grounded=1 traversal=0 hands=0 gravity=1 crouch=0 balance=1 deaths=0 landings=3 impact=10.056 work=7465.39 jump_work=157.602
WALK_TARGET=-24,-164 TRACE tick=2051 P=-24.1746,352.898,-164 V=1.1386e-11,-4.5384e-10,6.42861e-11 support=11 grounded=1 traversal=0 hands=0 gravity=1 crouch=0 balance=1 deaths=0 landings=3 impact=10.056 work=7465.39 jump_work=157.602
WALK_TARGET=-24,-164 TRACE tick=2141 P=-24.1746,352.898,-164 V=-7.14013e-13,-4.5384e-10,-4.03041e-12 support=11 grounded=1 traversal=0 hands=0 gravity=1 crouch=0 balance=1 deaths=0 landings=3 impact=10.056 work=7465.39 jump_work=157.602
WALK_TARGET=-24,-164 TRACE tick=2231 P=-24.1746,352.898,-164 V=-7.14014e-13,-4.5384e-10,-4.03039e-12 support=11 grounded=1 traversal=0 hands=0 gravity=1 crouch=0 balance=1 deaths=0 landings=3 impact=10.056 work=7465.39 jump_work=157.602
WALK_TARGET=-24,-164 TRACE tick=2321 P=-24.1746,352.898,-164 V=-7.14292e-13,-4.5384e-10,-4.03187e-12 support=11 grounded=1 traversal=0 hands=0 gravity=1 crouch=0 balance=1 deaths=0 landings=3 impact=10.056 work=7465.39 jump_work=157.602
WALK_TARGET=-24,-164 TRACE tick=2411 P=-24.1746,352.898,-164 V=-2.47414e-12,-4.5384e-10,-1.39684e-11 support=11 grounded=1 traversal=0 hands=0 gravity=1 crouch=0 balance=1 deaths=0 landings=3 impact=10.056 work=7465.39 jump_work=157.602
WALK_TARGET=-24,-164 TRACE tick=2501 P=-24.1746,352.898,-164 V=-2.47414e-12,-4.5384e-10,-1.39684e-11 support=11 grounded=1 traversal=0 hands=0 gravity=1 crouch=0 balance=1 deaths=0 landings=3 impact=10.056 work=7465.39 jump_work=157.602
WALK_TARGET=-24,-164 TRACE tick=2591 P=-24.1746,352.898,-164 V=-2.47415e-12,-4.5384e-10,-1.39684e-11 support=11 grounded=1 traversal=0 hands=0 gravity=1 crouch=0 balance=1 deaths=0 landings=3 impact=10.056 work=7465.39 jump_work=157.602
WALK_TARGET=-24,-164 TRACE tick=2681 P=-24.1746,352.898,-164 V=-2.51447e-12,-4.5384e-10,-1.41958e-11 support=11 grounded=1 traversal=0 hands=0 gravity=1 crouch=0 balance=1 deaths=0 landings=3 impact=10.056 work=7465.39 jump_work=157.602
WALK_TARGET=-24,-164 TRACE tick=2771 P=-24.1746,352.898,-164 V=-2.51443e-12,-4.5384e-10,-1.41958e-11 support=11 grounded=1 traversal=0 hands=0 gravity=1 crouch=0 balance=1 deaths=0 landings=3 impact=10.056 work=7465.39 jump_work=157.602
WALK_TARGET=-24,-164 TRACE tick=2861 P=-24.1746,352.898,-164 V=-2.51542e-12,-4.5384e-10,-1.4201e-11 support=11 grounded=1 traversal=0 hands=0 gravity=1 crouch=0 balance=1 deaths=0 landings=3 impact=10.056 work=7465.39 jump_work=157.602
WALK_TARGET=-24,-164 TRACE tick=2951 P=-24.1746,352.898,-164 V=-8.71417e-12,-4.5384e-10,-4.9199e-11 support=11 grounded=1 traversal=0 hands=0 gravity=1 crouch=0 balance=1 deaths=0 landings=3 impact=10.056 work=7465.39 jump_work=157.602
WALK_TARGET=-24,-164 TRACE tick=3041 P=-24.1746,352.898,-164 V=-8.71417e-12,-4.5384e-10,-4.9199e-11 support=11 grounded=1 traversal=0 hands=0 gravity=1 crouch=0 balance=1 deaths=0 landings=3 impact=10.056 work=7465.39 jump_work=157.602
WALK_TARGET=-24,-164 TRACE tick=3131 P=-24.1746,352.898,-164 V=-8.85599e-12,-4.5384e-10,-5.00001e-11 support=11 grounded=1 traversal=0 hands=0 gravity=1 crouch=0 balance=1 deaths=0 landings=3 impact=10.056 work=7465.39 jump_work=157.602
lower inclined girder reaches landingA363 tick=3221 P=-24.1746,352.898,-164 V=-8.85601e-12,-4.5384e-10,-5.00001e-11 support=11 grounded=1 traversal=0 hands=0 gravity=1 crouch=0 balance=1 deaths=0 landings=3 impact=10.056 work=7465.39 jump_work=157.602
FAIL TAPER_INSPECTION lower inclined girder reaches landingA363
