SIDE_SETTLED local=0 tick=180 P=-22.450939,361.39999,-163.99989 V=0,0,0 ground=1 support=1933 steps=0 gravity=1 work=0 jumpwork=0 deaths=0 I=0,0 input=0,0
SIDE_APPROACH local=1 tick=181 P=-22.450933,361.39999,-163.99928 V=0.00070505188,0,0.087197155 ground=1 support=1933 steps=0 gravity=1 work=0.40717089 jumpwork=0 deaths=0 I=0,0 input=0.0080854567,0.99996731
SIDE_APPROACH local=91 tick=271 P=-22.423721,361.39996,-160.63377 V=0.032943897,0,4.0747142 ground=1 support=1933 steps=0 gravity=1 work=1094.1702 jumpwork=0 deaths=0 I=0,0 input=0.0047520896,0.58775957
SIDE_APPROACH local=181 tick=361 P=-22.405771,361.39996,-158.41307 V=0.0082528591,0,1.0202749 ground=1 support=1933 steps=0 gravity=1 work=1094.1702 jumpwork=0 deaths=0 I=7.9391479e-05,0.0098141412 input=0.0012082896,0.14925023
SIDE_APPROACH local=271 tick=451 P=-22.399776,361.39996,-157.6729 V=0.0037323898,0,0.46144643 ground=1 support=1933 steps=0 gravity=1 work=1094.1702 jumpwork=0 deaths=0 I=0.001045973,0.12928101 input=0.00052395458,0.065111572
SIDE_APPROACH local=361 tick=541 P=-22.398186,361.39996,-157.47556 V=-0.00016878059,0,-0.021297278 ground=1 support=1933 steps=0 gravity=1 work=1094.1904 jumpwork=0 deaths=0 I=0.00053335741,0.065924303 input=-0.00010954767,-0.013643754
SIDE_APPROACH local=451 tick=631 P=-22.399187,361.39996,-157.59102 V=-0.001157167,0,-0.1525542 ground=1 support=1933 steps=0 gravity=1 work=1095.1738 jumpwork=0 deaths=0 I=-3.7092421e-05,-0.0052833794 input=-0.00019888571,-0.027204779
SIDE_APPROACH local=469 tick=667 P=-22.399593,361.39996,-157.63808 V=-0.00033134475,0,-0.046068765 ground=1 support=1933 steps=0 gravity=1 work=1095.1738 jumpwork=0 deaths=0 I=-9.1749403e-05,-0.012860121 input=0,0
ARRIVED SIDE_APPROACH distance_before_neutral=0.07906067
SIDE_X_ENTRY local=1 tick=668 P=-22.398991,361.39996,-157.63858 V=0.086865865,0,-0.046767838 ground=1 support=1933 steps=0 gravity=1 work=1095.5785 jumpwork=0 deaths=0 I=0,0 input=0.99986563,-0.016392674
SIDE_X_ENTRY local=91 tick=758 P=-20.52153,361.39996,-157.6828 V=1.3780457,0,-0.024495982 ground=1 support=1933 steps=0 gravity=1 work=1398.4235 jumpwork=0 deaths=0 I=0,0 input=0.19092994,-0.003361833
SIDE_X_ENTRY local=181 tick=848 P=-19.91643,361.40308,-157.5426 V=0.25449198,0.024652254,0.27139282 ground=1 support=1932 steps=0 gravity=1 work=1406.4341 jumpwork=0 deaths=0 I=0.15654539,-0.017165093 input=0.26095359,-0.10599178
SIDE_X_ENTRY local=271 tick=938 P=-19.316191,361.42181,-157.48097 V=0.50495744,-0.026396763,-0.1275762 ground=1 support=1932 steps=0 gravity=1 work=1440.3604 jumpwork=0 deaths=0 I=0.19322873,-0.10596582 input=0.049446991,-0.17182409
SIDE_X_ENTRY local=361 tick=1028 P=-19.05658,361.44266,-157.79469 V=-0.10137752,1.8307165,-0.24681839 ground=1 support=1932 steps=1 gravity=1 work=1445.1498 jumpwork=173.67442 deaths=0 I=0.030205246,-0.13404091 input=-0.15546798,-0.074931135
SIDE_X_ENTRY local=451 tick=1118 P=-19.25923,361.50848,-157.70079 V=-0.30239239,0.0055857743,0.20007595 ground=1 support=1932 steps=1 gravity=1 work=1446.5291 jumpwork=173.67442 deaths=0 I=-0.11747814,-0.094981934 input=-0.1893599,-0.11820311
SIDE_X_ENTRY local=541 tick=1208 P=-19.740648,361.4852,-157.61215 V=-0.28322917,-0.012953579,0.011612426 ground=1 support=1932 steps=1 gravity=1 work=1454.4588 jumpwork=173.67442 deaths=0 I=-0.13414328,-0.11379359 input=-0.031397129,-0.14736116
SIDE_X_ENTRY local=631 tick=1298 P=-20.004679,361.40015,-157.68852 V=-0.13770244,-0.049502142,-0.20462379 ground=1 support=1933 steps=1 gravity=1 work=1455.8232 jumpwork=173.67442 deaths=0 I=-0.0029383901,-0.14076069 input=0.17613006,-0.1199614
SIDE_X_ENTRY local=721 tick=1388 P=-20.036987,361.39996,-157.77107 V=0.020889051,-5.112506e-10,0.059016485 ground=1 support=1933 steps=1 gravity=1 work=1455.9878 jumpwork=173.67442 deaths=0 I=0.18924674,-0.11927882 input=0.3640888,-0.099952008
SIDE_X_ENTRY local=811 tick=1478 P=-19.95488,361.39996,-157.59135 V=0.17828894,1.6916601e-10,0.29272556 ground=1 support=1932 steps=1 gravity=1 work=1460.9042 jumpwork=173.67442 deaths=0 I=0.33358779,-0.10592066 input=0.46057116,-0.17910012
SIDE_X_ENTRY local=901 tick=1568 P=-19.243349,361.42825,-157.53609 V=0.90416276,-0.17948397,-0.31848884 ground=1 support=1932 steps=1 gravity=1 work=1528.8689 jumpwork=173.67442 deaths=0 I=0.30328046,-0.1570041 input=0.086843183,-0.18065761
SIDE_X_ENTRY local=991 tick=1658 P=-19.039318,361.59433,-157.95346 V=-0.29573697,0.65085059,-0.12159339 ground=0 support=0 steps=1 gravity=1 work=1528.8689 jumpwork=355.40501 deaths=0 I=0.097952293,-0.12889273 input=-0.053770359,-0.022107893
SIDE_X_ENTRY local=1081 tick=1748 P=-19.17557,361.49399,-157.75291 V=-0.002612754,-0.19777453,0.43861625 ground=1 support=1932 steps=3 gravity=1 work=1534.4526 jumpwork=502.29239 deaths=0 I=-0.075054222,-0.047796945 input=-0.2111105,-0.079670035
SIDE_X_ENTRY local=1171 tick=1838 P=-19.45019,361.43613,-157.5038 V=-0.77774572,0.013225874,-0.029096916 ground=1 support=1932 steps=3 gravity=1 work=1566.9268 jumpwork=502.29239 deaths=0 I=-0.1988474,-0.093108156 input=-0.14511404,-0.16140001
SIDE_X_ENTRY local=1261 tick=1928 P=-19.999807,361.39996,-157.64961 V=-0.15435508,0,-0.43688101 ground=1 support=1932 steps=3 gravity=1 work=1567.9015 jumpwork=502.29239 deaths=0 I=-0.1171104,-0.15225753 input=0.06624182,-0.1206593
SIDE_X_ENTRY local=1350 tick=2017 P=-19.932184,361.51801,-157.81648 V=-0.030600699,-0.12004467,0.22079869 ground=1 support=1932 steps=4 gravity=1 work=1572.1604 jumpwork=675.99866 deaths=0 I=0.053908463,-0.1139903 input=0.19664143,-0.097136736
TIMEOUT SIDE_X_ENTRY
CASE side results=1,0,1
SOUTH_SETTLED local=0 tick=180 P=-22.450939,361.39999,-163.99989 V=0,0,0 ground=1 support=1933 steps=0 gravity=1 work=0 jumpwork=0 deaths=0 I=0,0 input=0,0
SOUTH_APPROACH local=1 tick=181 P=-22.450935,361.39999,-163.99928 V=0.00067505095,0,0.087197393 ground=1 support=1933 steps=0 gravity=1 work=0.40716085 jumpwork=0 deaths=0 I=0,0 input=0.0077414102,0.99997003
SOUTH_APPROACH local=91 tick=271 P=-22.424419,361.39996,-160.5746 V=0.033668984,0,4.3494101 ground=1 support=1933 steps=0 gravity=1 work=1135.3822 jumpwork=0 deaths=0 I=0,0 input=0.0049241449,0.63613833
SOUTH_APPROACH local=181 tick=361 P=-22.405945,361.39996,-158.18796 V=0.0084529705,0,1.0919361 ground=1 support=1933 steps=0 gravity=1 work=1135.3822 jumpwork=0 deaths=0 I=0,0 input=0.0011645205,0.15058182
SOUTH_APPROACH local=271 tick=451 P=-22.39999,361.3988,-157.41907 V=0.0038222675,-0.037807748,0.51125103 ground=1 support=1933 steps=0 gravity=1 work=1135.3822 jumpwork=0 deaths=0 I=0.00099622938,0.12866265 input=0.00054403989,0.068870294
SOUTH_APPROACH local=361 tick=541 P=-22.398386,361.31616,-157.08557 V=-2.4131385e-05,1.4425279,0.28226298 ground=0 support=0 steps=2 gravity=1 work=1145.6577 jumpwork=246.1331 deaths=0 I=0.00055127292,0.043028082 input=-3.5998744e-05,-0.12974452
SOUTH_APPROACH local=451 tick=631 P=-22.399096,361.34073,-157.11002 V=-0.0010524769,1.3296516,-0.17207527 ground=0 support=0 steps=4 gravity=1 work=1156.6114 jumpwork=523.66577 deaths=0 I=1.7774794e-05,-0.070309172 input=-0.00019023291,-0.1815033
SOUTH_APPROACH local=541 tick=721 P=-22.399837,361.31223,-157.19998 V=-0.00087831146,-0.045815196,0.057450108 ground=1 support=1933 steps=4 gravity=1 work=1156.6114 jumpwork=523.66577 deaths=0 I=-0.00018791368,-0.15336241 input=-0.00014370055,-0.23995539
SOUTH_APPROACH local=631 tick=811 P=-22.400263,361.39969,-157.43465 V=-0.00019121481,0.02726729,-0.63689429 ground=1 support=1933 steps=5 gravity=1 work=1179.9612 jumpwork=681.78833 deaths=0 I=-0.00015277778,-0.23270948 input=-3.4241379e-05,-0.15455775
SOUTH_APPROACH local=721 tick=901 P=-22.400263,361.39996,-157.8167 V=9.0078152e-05,0,-0.0039428575 ground=1 support=1933 steps=5 gravity=1 work=1182.7038 jumpwork=681.78833 deaths=0 I=-5.8158027e-05,-0.12744246 input=2.7072472e-05,0.018071919
SOUTH_APPROACH local=811 tick=991 P=-22.400177,361.39996,-157.6315 V=0.00033564671,0,0.27015352 ground=1 support=1933 steps=5 gravity=1 work=1185.8191 jumpwork=681.78833 deaths=0 I=3.9871216e-05,0.0035151259 input=6.409102e-05,0.04909226
SOUTH_APPROACH local=901 tick=1081 P=-22.400091,361.39798,-157.41072 V=0.00033238094,-0.017824844,0.18304704 ground=1 support=1933 steps=5 gravity=1 work=1185.8191 jumpwork=681.78833 deaths=0 I=6.7282783e-05,0.033730808 input=6.0547027e-05,0.0093813893
SOUTH_APPROACH local=991 tick=1171 P=-22.400049,361.32425,-157.10866 V=0.00034129017,1.4215829,-0.017259251 ground=0 support=0 steps=6 gravity=1 work=1191.4728 jumpwork=827.67314 deaths=0 I=8.5871379e-05,-0.017545323 input=6.2923832e-05,-0.14718975
SOUTH_APPROACH local=1081 tick=1261 P=-22.400013,361.35101,-157.25826 V=0.00033604307,-0.019439099,0.035665091 ground=1 support=1933 steps=7 gravity=1 work=1197.2416 jumpwork=977.87163 deaths=0 I=9.7044203e-05,-0.11414769 input=6.1446046e-05,-0.17747013
SOUTH_APPROACH local=1171 tick=1351 P=-22.400005,361.38751,-157.35222 V=0.00033838148,0.076874658,-0.30195221 ground=1 support=1933 steps=7 gravity=1 work=1233.4523 jumpwork=977.87163 deaths=0 I=0.00010053338,-0.16985518 input=6.1876025e-05,-0.16029013
SOUTH_APPROACH local=1261 tick=1441 P=-22.400005,361.39987,-157.69905 V=0.00034332182,0,-0.11510808 ground=1 support=1933 steps=7 gravity=1 work=1249.6097 jumpwork=977.87163 deaths=0 I=0.00010188633,-0.11918765 input=6.2639164e-05,-0.0036275747
SOUTH_APPROACH local=1350 tick=1530 P=-22.399998,361.39987,-157.6212 V=0.00033222616,0,0.19027317 ground=1 support=1933 steps=7 gravity=1 work=1251.1539 jumpwork=977.87163 deaths=0 I=0.00010101488,-0.014173115 input=6.0311391e-05,0.037040958
TIMEOUT SOUTH_APPROACH
SOUTH_X_ENTRY local=1 tick=1531 P=-22.399389,361.39987,-157.61906 V=0.087523773,0,0.19148791 ground=1 support=1933 steps=7 gravity=1 work=1251.5796 jumpwork=977.87163 deaths=0 I=0,0 input=0.99882271,0.048509788
SOUTH_X_ENTRY local=91 tick=1621 P=-20.521597,361.39987,-157.47217 V=1.3781419,0,0.074157059 ground=1 support=1933 steps=7 gravity=1 work=1554.1237 jumpwork=977.87163 deaths=0 I=0,0 input=0.19094319,0.010235483
SOUTH_X_ENTRY local=181 tick=1711 P=-19.64032,361.39706,-157.40578 V=0.59660345,-0.011707219,0.10585382 ground=1 support=1933 steps=7 gravity=1 work=1554.1237 jumpwork=977.87163 deaths=0 I=0.12778345,0.0055479085 input=0.090682728,-0.011740312
SOUTH_X_ENTRY local=271 tick=1801 P=-19.332689,361.32605,-157.21834 V=0.056627609,-0.19386941,0.27425081 ground=1 support=1933 steps=7 gravity=1 work=1554.1237 jumpwork=977.87163 deaths=0 I=0.084099993,-0.027909516 input=-0.0020169103,-0.13278334
SOUTH_X_ENTRY local=361 tick=1891 P=-19.412918,361.32126,-157.21194 V=-0.14258015,-0.073681429,0.099625394 ground=1 support=1933 steps=8 gravity=1 work=1559.8911 jumpwork=1128.1367 deaths=0 I=0.0064257541,-0.11890838 input=-0.026932055,-0.20610301
SOUTH_X_ENTRY local=451 tick=1981 P=-19.539192,361.39398,-157.38112 V=-0.091558076,0.078392819,-0.44044104 ground=1 support=1932 steps=9 gravity=1 work=1581.2207 jumpwork=1285.3737 deaths=0 I=-0.020837741,-0.20166593 input=-0.014038694,-0.16518033
SOUTH_X_ENTRY local=484 tick=2032 P=-19.57324,361.41061,-157.44765 V=-0.018388849,-0.19345912,0.4256101 ground=1 support=1933 steps=9 gravity=1 work=1603.6295 jumpwork=1285.3737 deaths=0 I=-0.020837741,-0.20166593 input=0,0
ARRIVED SOUTH_X_ENTRY distance_before_neutral=0.068534895
SOUTH_TOE_NORTH local=1 tick=2033 P=-19.573412,361.40851,-157.44296 V=-0.013600321,-0.19083607,0.41983938 ground=1 support=1933 steps=9 gravity=1 work=1603.6295 jumpwork=1285.3737 deaths=0 I=0.00010329013,-0.0004549018 input=0.010760963,-0.088747352
SOUTH_TOE_NORTH local=91 tick=2123 P=-19.549891,361.39899,-157.42203 V=0.019434528,-1.0693066e-07,1.5701388e-06 ground=1 support=1932 steps=9 gravity=1 work=1606.9978 jumpwork=1285.3737 deaths=0 I=0.0051373681,-0.054942139 input=0.0028124766,-0.10147775
SOUTH_TOE_NORTH local=181 tick=2213 P=-19.541254,361.39899,-157.42244 V=-0.00024869229,0.0039603538,-0.0087127797 ground=1 support=1932 steps=9 gravity=1 work=1607.1303 jumpwork=1285.3737 deaths=0 I=0.0027207404,-0.10612663 input=-0.00044721968,-0.15163642
SOUTH_TOE_NORTH local=262 tick=2312 P=-19.545605,361.39932,-157.4243 V=-0.0018878179,-0.20742992,0.45634583 ground=1 support=1933 steps=9 gravity=1 work=1625.8256 jumpwork=1285.3737 deaths=0 I=6.8547567e-05,-0.14546106 input=0,0
ARRIVED SOUTH_TOE_NORTH distance_before_neutral=0.079125654
CASE south results=0,1,1
