Godot Engine v4.7.stable.official.5b4e0cb0f - https://godotengine.org
error: expected absolute path: "--shm-helper"
error: expected absolute path: "--shm-helper"
error: expected absolute path: "--shm-helper"
WARNING: Could not set V-Sync mode, as changing V-Sync mode is not supported by the graphics driver.
     at: set_use_vsync (platform/linuxbsd/x11/gl_manager_x11.cpp:372)
OpenGL API 3.3 (Core Profile) Mesa 26.0.8-1ubuntu0.3 - Compatibility - Using Device: Mesa - softpipe
WARNING: Started the engine as `root`/superuser. This is a security risk, and subsystems like audio may not work correctly.
Set the environment variable `GODOT_SILENCE_ROOT_WARNING` to 1 to silence this warning.
     at: setup2 (main/main.cpp:3577)
ALSA lib confmisc.c:855:(parse_card) [error.core] cannot find card '0'
ALSA lib conf.c:5211:(_snd_config_evaluate) [error.core] function snd_func_card_inum returned error: No such file or directory
ALSA lib confmisc.c:422:(snd_func_concat) [error.core] error evaluating strings
ALSA lib conf.c:5211:(_snd_config_evaluate) [error.core] function snd_func_concat returned error: No such file or directory
ALSA lib confmisc.c:1342:(snd_func_refer) [error.core] error evaluating name
ALSA lib conf.c:5211:(_snd_config_evaluate) [error.core] function snd_func_refer returned error: No such file or directory
ALSA lib conf.c:5734:(snd_config_expand) [error.core] Evaluate error: No such file or directory
ALSA lib pcm.c:2722:(snd_pcm_open_noupdate) [error.pcm] Unknown PCM default
ERROR: Condition "status < 0" is true. Returning: ERR_CANT_OPEN
   at: init_output_device (drivers/alsa/audio_driver_alsa.cpp:97)
WARNING: All audio drivers failed, falling back to the dummy driver.
     at: initialize (servers/audio/audio_server.cpp:258)

SCRAPERX_EXTENSION_LOADED api=4.7 authority=scraperx_sim scene=slingshot
SCRAPERX_VIEWPORT size=432x371 aspect=1.164 fov=82.0 far=2000
SCRAPERX_LOCAL_RENDER_SETTINGS width=432 height=371 quality=LOW shadows=OFF msaa=OFF native_tick_hz=90
SCRAPERX_AUDIO_BANK clips=28 msec=348 driver=Dummy
SCRAPERX_UITEST_POSE swing_approach tick=176 position=(10.0, 110.9, -179.5396) elapsed_ms=7069
SCRAPERX_UITEST_SCREENSHOT /data/data/com.termux/files/usr/tmp/scraperx-continuation-1pc10lpd/repo/evidence/as-026/touch_swing_approach.png
SCRAPERX_UITEST_POSE swing_launch_view tick=544 position=(9.146526, 114.8992, -180.1167) elapsed_ms=20529
SCRAPERX_UITEST_SCREENSHOT /data/data/com.termux/files/usr/tmp/scraperx-continuation-1pc10lpd/repo/evidence/as-026/touch_swing_launch_view.png
SCRAPERX_UITEST_POSE swing_caught tick=685 position=(6.298997, 116.2955, -180.7) elapsed_ms=27852
SCRAPERX_UITEST_SCREENSHOT /data/data/com.termux/files/usr/tmp/scraperx-continuation-1pc10lpd/repo/evidence/as-026/touch_swing_caught.png
SCRAPERX_UITEST_POSE swing_release_height tick=1105 position=(6.592652, 119.8069, -180.6989) elapsed_ms=42713
SCRAPERX_UITEST_SCREENSHOT /data/data/com.termux/files/usr/tmp/scraperx-continuation-1pc10lpd/repo/evidence/as-026/touch_swing_release_height.png
SCRAPERX_UITEST_POSE swing_landing tick=1277 position=(10.41829, 119.9, -178.6091) elapsed_ms=50672
SCRAPERX_UITEST_SCREENSHOT /data/data/com.termux/files/usr/tmp/scraperx-continuation-1pc10lpd/repo/evidence/as-026/touch_swing_landing.png
SCRAPERX_UITEST_POSE swing_tower_exit tick=1540 position=(9.000783, 121.9, -174.5989) elapsed_ms=61822
SCRAPERX_UITEST_SCREENSHOT /data/data/com.termux/files/usr/tmp/scraperx-continuation-1pc10lpd/repo/evidence/as-026/touch_swing_tower_exit.png
SCRAPERX_UITEST PASS touch_suspended_ladder staging=supported_110m swing_jump=1 supported_height_m=121 support=11 deaths=0 native_feedback=1
