PI target=27.2,-139 P=25.3,66.9,-139 V=0,0,0 support=11 step=0 input=0.690909,0
PI target=27.2,-139 P=26.5668,66.8616,-139 V=0.894797,-0.750776,0 support=1800 step=1 input=0.156347,0
PI target=27.2,-139 P=27.2211,66.7104,-139 V=0.426056,0.0440203,7.27682e-06 support=2800 step=1 input=0.0784638,-8.73219e-07
PI target=27.2,-139 P=27.4217,66.7312,-139 V=0.00184215,0.000190331,7.29411e-06 support=2800 step=1 input=0.00079309,-8.75293e-07
PI target=27.2,-139 P=27.3294,66.7216,-139 V=-0.137267,-0.0141825,7.3166e-06 support=2800 step=1 input=-0.0235003,-8.77991e-07
PI target=27.8,-138.58 P=27.3155,66.7202,-139 V=-0.0112623,-0.00116362,1.21469e-05 support=2800 step=1 input=0.179695,0.154592
PI target=27.8,-138.58 P=27.7835,66.7685,-138.591 V=0.324949,0.0335425,0.280628 support=2800 step=1 input=0.0603309,0.0503412
PI target=27.8,-138.58 P=27.8616,66.8322,-138.437 V=0.213482,-1.06399,0.0234139 support=0 step=4 input=0.037889,0.00319498
PI target=27.8,-138.58 P=27.8156,66.7718,-138.485 V=-0.169449,-0.0174982,-0.0833714 support=2800 step=6 input=0.0872082,-0.0130755
PI target=30.5,-138.58 P=27.8082,66.7711,-138.488 V=-0.011176,-0.00199573,1.20538e-05 support=2800 step=6 input=0.980165,-0.0333038
PI target=30.5,-138.58 P=29.3916,66.9345,-138.547 V=1.33963,0.138267,-0.0405101 support=2800 step=7 input=0.242316,-0.00727857
PI target=30.5,-138.58 P=30.2905,67.0273,-138.574 V=0.66181,0.0683072,-0.019915 support=2800 step=7 input=0.122256,-0.00361348
PI target=30.5,-138.58 P=30.6854,67.0681,-138.586 V=0.158077,0.0163156,-0.00494201 support=2800 step=7 input=0.0290748,-0.00084758
PI target=30.5,-138.58 P=30.6808,67.0676,-138.585 V=-0.110852,-0.0114413,0.00300871 support=2800 step=7 input=-0.0191316,0.000569611
PI target=29.7,-139.45 P=30.6153,67.0609,-138.583 V=-0.0112015,-0.00162998,8.51463e-06 support=2800 step=7 input=-0.331509,-0.315315
PI target=29.7,-139.45 P=29.9299,67.1527,-139.131 V=-0.502624,-0.0490167,-0.645157 support=2800 step=9 input=-0.0890874,-0.119262
PI target=27.8,-139.45 P=28.8695,67.9834,-139.45 V=-0.0105842,-0.00102776,8.61093e-06 support=2801 step=9 input=-0.387646,8.95426e-06
PI target=27.8,-139.45 P=28.0614,66.9452,-139.45 V=-0.732961,-0.26655,5.44386e-05 support=1800 step=9 input=-0.127605,1.00467e-05
PI target=27.8,-139.45 P=27.6149,66.7564,-139.45 V=-0.18281,-0.017751,7.63218e-05 support=2800 step=9 input=-0.0295464,1.25477e-05
PI target=27.8,-139.45 P=27.6079,66.7557,-139.45 V=0.110098,0.00973511,0.000112622 support=2800 step=9 input=0.0230187,1.91781e-05
PI target=25.3,-139 P=27.6776,66.7625,-139.45 V=-0.0104654,-0.00226097,8.25387e-06 support=2800 step=9 input=-0.863335,0.163645
PI target=25.3,-139 P=26.2303,66.9473,-139.157 V=-1.13464,-0.132112,0.190197 support=1800 step=10 input=-0.202127,0.0341167
PI target=25.3,-139 P=25.4216,66.9,-139.02 V=-0.586237,0,0.0981398 support=11 step=10 input=-0.106039,0.0177491
PI target=25.3,-139 P=25.0968,66.9,-138.966 V=-0.099536,0,0.016688 support=11 step=10 input=-0.016409,0.00275147
PI target=25.3,-139 P=25.136,66.9,-138.973 V=0.123321,0,-0.0205005 support=11 step=10 input=0.0232914,-0.00386898
PASS teeter ballast physical mantle seconds=1.44444 command_bound_j=6538.63 spring_positive_j=5222.52 foot_transfer_tick=1435 peak_hand_load_n=1723.12 stable_roof_seconds=3 onward_beam=1 return_tower=1
