PI target=27.2,-139 P=25.3,66.9,-139 V=0,0,0 support=11 step=0 input=0.690909,0
PI target=27.2,-139 P=26.5139,66.899,-139 V=0.914748,-0.5308,0 support=1800 step=0 input=0.162027,0
PI target=27.2,-139 P=27.2019,66.7084,-139 V=0.458856,0.0474092,7.27435e-06 support=2800 step=0 input=0.0843472,-8.72922e-07
PI target=27.2,-139 P=27.4254,66.7315,-139 V=0.0151106,0.00156124,7.29251e-06 support=2800 step=0 input=0.00314706,-8.75102e-07
PI target=27.2,-139 P=27.3377,66.7225,-139 V=-0.13921,-0.0143832,7.31591e-06 support=2800 step=0 input=-0.0239065,-8.77909e-07
PI target=27.8,-138.58 P=27.3157,66.7203,-139 V=-0.0112509,-0.00127451,1.21346e-05 support=2800 step=0 input=0.179597,0.154592
PI target=27.8,-138.58 P=27.7835,66.7685,-138.591 V=0.324758,0.0335228,0.280595 support=2800 step=0 input=0.060295,0.0503353
PI target=27.8,-138.58 P=27.8615,66.8322,-138.437 V=0.213388,-1.064,0.0234526 support=0 step=3 input=0.0378723,0.00320224
PI target=27.8,-138.58 P=27.8156,66.7718,-138.485 V=-0.169388,-0.0174919,-0.0832966 support=2800 step=5 input=0.0871635,-0.0130619
PI target=30.5,-138.58 P=27.8082,66.7711,-138.488 V=-0.0112624,-0.00116363,1.21546e-05 support=2800 step=5 input=0.980193,-0.0332927
PI target=30.5,-138.58 P=29.3913,66.9345,-138.547 V=1.33989,0.138219,-0.0405098 support=2800 step=6 input=0.242364,-0.00727861
PI target=30.5,-138.58 P=30.2905,67.0272,-138.574 V=0.661922,0.0682821,-0.019915 support=2800 step=6 input=0.122275,-0.00361348
PI target=30.5,-138.58 P=30.6855,67.068,-138.586 V=0.1581,0.0163091,-0.00494199 support=2800 step=6 input=0.0290777,-0.000847582
PI target=30.5,-138.58 P=30.6808,67.0675,-138.585 V=-0.110876,-0.0114376,0.00300872 support=2800 step=6 input=-0.0191375,0.000569609
PI target=29.7,-139.45 P=30.6154,67.0608,-138.583 V=-0.0113332,-0.00162643,8.65024e-06 support=2800 step=6 input=-0.3315,-0.315315
PI target=29.7,-139.45 P=29.9299,67.1527,-139.131 V=-0.502959,-0.0490215,-0.645166 support=2800 step=8 input=-0.089057,-0.119251
PI target=27.8,-139.45 P=28.8698,67.9834,-139.45 V=-0.0106634,-0.00121999,8.60065e-06 support=2801 step=8 input=-0.387755,3.40684e-06
PI target=27.8,-139.45 P=28.0615,66.9453,-139.45 V=-0.73368,-0.269284,2.41899e-05 support=1800 step=8 input=-0.127606,4.46582e-06
PI target=27.8,-139.45 P=27.6148,66.7564,-139.45 V=-0.182831,-0.0177412,3.6709e-05 support=2800 step=8 input=-0.0295509,5.24218e-06
PI target=27.8,-139.45 P=27.6079,66.7558,-139.45 V=0.110076,0.0106813,5.287e-05 support=2800 step=8 input=0.0230415,8.18567e-06
PI target=25.3,-139 P=27.6776,66.7625,-139.45 V=-0.0105687,-0.00111481,8.31022e-06 support=2800 step=8 input=-0.863317,0.16364
PI target=25.3,-139 P=26.6399,66.903,-139.149 V=0.0827292,-0.568372,0.234272 support=0 step=10 input=-0.497174,0.0262087
PI target=25.3,-139 P=26.6227,66.803,-139.032 V=0.290866,-0.377983,0.0493321 support=1800 step=12 input=-0.515901,0.00589322
PI target=25.3,-139 P=26.6781,66.7012,-139.007 V=0.320336,-0.887433,0.0108971 support=0 step=14 input=-0.539583,0.00123363
PI target=25.3,-139 P=26.6882,66.8748,-139.001 V=-0.0905262,-0.122866,0.00220497 support=0 step=17 input=-0.49393,0.000251428
PI target=25.3,-139 P=26.6125,66.8158,-139.001 V=0.046535,-0.0552225,0.00171843 support=1800 step=19 input=-0.482843,0.000309813
PI target=25.3,-139 P=26.6397,66.9081,-139.001 V=0.236832,-0.462151,0.00171324 support=0 step=22 input=-0.515568,0.000310436
PI target=25.3,-139 P=26.6225,66.8034,-139.001 V=0.289287,-0.374979,0.00170863 support=1800 step=24 input=-0.515607,0.000310988
PI target=25.3,-139 P=26.6784,66.7005,-139.001 V=0.319785,-0.893137,0.00170911 support=0 step=26 input=-0.539608,0.000310932
PI target=25.3,-139 P=26.6882,66.8748,-139.001 V=-0.0904978,-0.122975,0.00180168 support=0 step=29 input=-0.493933,0.000299823
PI target=25.3,-139 P=26.6125,66.8158,-139.001 V=0.0463511,-0.0550022,0.00171833 support=1800 step=31 input=-0.482818,0.000309825
PI target=25.3,-139 P=26.6396,66.9081,-139.001 V=0.236123,-0.462708,0.00171325 support=0 step=34 input=-0.515478,0.000310434
PI target=25.3,-139 P=26.6223,66.8035,-139.001 V=0.287544,-0.372329,0.00170863 support=1800 step=36 input=-0.515353,0.000310989
PI target=25.3,-139 P=26.6785,66.7002,-139.001 V=0.322481,-0.894419,0.00170911 support=0 step=38 input=-0.53997,0.000310931
PI target=25.3,-139 P=26.6882,66.8748,-139.001 V=-0.0905267,-0.122864,0.00180199 support=0 step=41 input=-0.49393,0.000299786
