[ 90%] Built target scraperx_sim
[ 95%] Building CXX object CMakeFiles/scraperx_north_service_frame_tests.dir/tests/north_service_frame_tests.cpp.o
[100%] Linking CXX executable scraperx_north_service_frame_tests
[100%] Built target scraperx_north_service_frame_tests
Test project /data/data/com.termux/files/usr/tmp/scraperx-launch-repair-09h3foao/host-build
    Start 31: scraperx_sim.north_service_frame
1/3 Test #31: scraperx_sim.north_service_frame .........***Failed    2.06 sec
FIRST_REST 16,94.9188,-180.462
SECOND_REST 10.0355,98.4188,-178.638
HANG_START 14.44,104.95,-180.596
FAIL released lip does not recover on the real +103.5 m rest

    Start 32: scraperx_sim.north_service_frame_60hz
2/3 Test #32: scraperx_sim.north_service_frame_60hz ....***Failed    2.00 sec
FIRST_REST 16,94.9188,-180.462
SECOND_REST 10.0323,98.4188,-178.638
HANG_START 14.44,104.95,-180.598
FAIL released lip does not recover on the real +103.5 m rest

    Start 33: scraperx_sim.north_service_frame_360hz
3/3 Test #33: scraperx_sim.north_service_frame_360hz ...***Failed    2.39 sec
FIRST_REST 16,94.9188,-180.462
SECOND_REST 10.0355,98.4188,-178.638
HANG_START 14.44,104.95,-180.596
FAIL released lip does not recover on the real +103.5 m rest


0% tests passed, 3 tests failed out of 3

Total Test time (real) =   6.47 sec

The following tests FAILED:
	 31 - scraperx_sim.north_service_frame (Failed)
	 32 - scraperx_sim.north_service_frame_60hz (Failed)
	 33 - scraperx_sim.north_service_frame_360hz (Failed)
Errors while running CTest
