SETTLE tick=1 time=0.01111111111 input_x=0 P=28.12000084,80.27151489,-137 V=0,-0.1090000048,0 slip=0,0,0 net_lateral_force_n=0 support=0 grounded=0 balancing=0 ground_work_j=0 deaths=0
SETTLE tick=2 time=0.02222222222 input_x=0 P=28.12000084,80.26909637,-137 V=0,-0.2180000097,0 slip=0,0,0 net_lateral_force_n=0 support=0 grounded=0 balancing=0 ground_work_j=0 deaths=0
SETTLE tick=3 time=0.03333333333 input_x=0 P=28.12000084,80.26546478,-137 V=0,-0.3270000219,0 slip=0,0,0 net_lateral_force_n=0 support=0 grounded=0 balancing=0 ground_work_j=0 deaths=0
SETTLE tick=4 time=0.04444444444 input_x=0 P=28.12000084,80.26062012,-137 V=0,-0.4360000193,0 slip=0,0,0 net_lateral_force_n=0 support=0 grounded=0 balancing=0 ground_work_j=0 deaths=0
SETTLE tick=5 time=0.05555555556 input_x=0 P=28.12000084,80.25456238,-137 V=0,-0.5450000167,0 slip=0,0,0 net_lateral_force_n=0 support=0 grounded=0 balancing=0 ground_work_j=0 deaths=0
SETTLE tick=6 time=0.06666666667 input_x=0 P=28.12000084,80.24729919,-137 V=0,-0.6540000439,0 slip=0,0,0 net_lateral_force_n=0 support=0 grounded=0 balancing=0 ground_work_j=0 deaths=0
SETTLE tick=7 time=0.07777777778 input_x=0 P=28.12000084,80.23882294,-137 V=0,-0.763000071,0 slip=0,0,0 net_lateral_force_n=0 support=0 grounded=0 balancing=0 ground_work_j=0 deaths=0
SETTLE tick=8 time=0.08888888889 input_x=0 P=28.12000084,80.22913361,-137 V=0,-0.8720000982,0 slip=0,0,0 net_lateral_force_n=0 support=0 grounded=0 balancing=0 ground_work_j=0 deaths=0
SETTLE tick=9 time=0.1 input_x=0 P=28.12000084,80.2182312,-137 V=0,-0.9810001254,0 slip=0,0,0 net_lateral_force_n=0 support=1900 grounded=1 balancing=0 ground_work_j=0 deaths=0
SETTLE tick=10 time=0.1111111111 input_x=0 P=28.11906433,80.20700836,-136.9996033 V=-0.08434546739,-1.010242105,0.03625361994 slip=0,-0.1679793745,0.3695548773 net_lateral_force_n=-645.2428255 support=1900 grounded=1 balancing=1 ground_work_j=0.604275167 deaths=0
START tick=10 time=0.1111111111 input_x=0 P=28.11906433,80.20700836,-136.9996033 V=-0.08434546739,-1.010242105,0.03625361994 slip=0,-0.1679793745,0.3695548773 net_lateral_force_n=0 support=1900 grounded=1 balancing=1 ground_work_j=0.604275167 deaths=0
GENTLE tick=11 time=0.1222222222 input_x=0.25 P=28.11719704,80.20477295,-136.9946899 V=-0.1680805683,-0.2011169046,0.4424572587 slip=-0.08434546739,-0.1866437197,0.4106164873 net_lateral_force_n=-640.5735221 support=1900 grounded=1 balancing=1 ground_work_j=1.38215512 deaths=0
GENTLE tick=12 time=0.1333333333 input_x=0.25 P=28.11494064,80.2026825,-136.990097 V=-0.2030493468,-0.1880198419,0.4136436582 slip=-0.1680805683,-0.2011169195,0.4424572587 net_lateral_force_n=-267.5111555 support=1900 grounded=1 balancing=1 ground_work_j=1.38215512 deaths=0
GENTLE tick=13 time=0.1444444444 input_x=0.25 P=28.11235428,80.20075226,-136.9858398 V=-0.23276788,-0.1740200818,0.3828442097 slip=-0.2030493468,-0.1880198419,0.4136436582 net_lateral_force_n=-227.3467787 support=1900 grounded=1 balancing=1 ground_work_j=1.38215512 deaths=0
GENTLE tick=14 time=0.1555555556 input_x=0.25 P=28.10949898,80.19898224,-136.9819489 V=-0.2569482923,-0.1592470706,0.350343585 slip=-0.23276788,-0.1740200818,0.3828442097 net_lateral_force_n=-184.980154 support=1900 grounded=1 balancing=1 ground_work_j=1.38215512 deaths=0
GENTLE tick=15 time=0.1666666667 input_x=0.25 P=28.10643959,80.19738007,-136.9784393 V=-0.2754108012,-0.1438554674,0.3164820373 slip=-0.2569482923,-0.1592470706,0.350343585 net_lateral_force_n=-141.2381932 support=1900 grounded=1 balancing=1 ground_work_j=1.38215512 deaths=0
GENTLE tick=16 time=0.1777777778 input_x=0.25 P=28.10323906,80.195961,-136.9753113 V=-0.288118124,-0.128015846,0.2816348374 slip=-0.2754108012,-0.1438554674,0.3164820373 net_lateral_force_n=-97.21101969 support=1900 grounded=1 balancing=1 ground_work_j=1.38215512 deaths=0
GENTLE tick=17 time=0.1888888889 input_x=0.25 P=28.09995842,80.19471741,-136.97258 V=-0.29519853,-0.1119010225,0.246182248 slip=-0.288118124,-0.128015846,0.2816348374 net_lateral_force_n=-54.16510552 support=1900 grounded=1 balancing=1 ground_work_j=1.38215512 deaths=0
GENTLE tick=18 time=0.2 input_x=0.25 P=28.09665871,80.19365692,-136.9702454 V=-0.2969582081,-0.09567058831,0.2104753256 slip=-0.29519853,-0.1119010225,0.246182248 net_lateral_force_n=-13.46153766 support=1900 grounded=1 balancing=1 ground_work_j=1.38215512 deaths=0
GENTLE tick=19 time=0.2111111111 input_x=0.25 P=28.09339333,80.19277191,-136.9683075 V=-0.2938867807,-0.07945572585,0.1748026013 slip=-0.2969582081,-0.09567058831,0.2104753256 net_lateral_force_n=23.49641919 support=1900 grounded=1 balancing=1 ground_work_j=1.38215512 deaths=0
GENTLE tick=20 time=0.2222222222 input_x=0.25 P=28.09020805,80.19207001,-136.9667664 V=-0.2866486013,-0.06334646791,0.1393622309 slip=-0.2938867807,-0.07945572585,0.1748026013 net_lateral_force_n=55.37207276 support=1900 grounded=1 balancing=1 ground_work_j=1.38215512 deaths=0
GENTLE tick=21 time=0.2333333333 input_x=0.25 P=28.08714104,80.19154358,-136.9656067 V=-0.2760792971,-0.04738356173,0.1042438447 slip=-0.2866486013,-0.06334646791,0.1393622309 net_lateral_force_n=80.85517734 support=1900 grounded=1 balancing=1 ground_work_j=1.38215512 deaths=0
GENTLE tick=22 time=0.2444444444 input_x=0.25 P=28.08421707,80.19119263,-136.9648285 V=-0.2632057667,-0.03155446798,0.06941984594 slip=-0.2760792971,-0.04738356173,0.1042438447 net_lateral_force_n=98.48250747 support=1900 grounded=1 balancing=1 ground_work_j=1.38215512 deaths=0
GENTLE tick=23 time=0.2555555556 input_x=0.25 P=28.08140945,80.1909256,-136.9642334 V=-0.2526512146,-0.02406754345,0.05294859409 slip=-0.2632057667,-0.03155446798,0.06941984594 net_lateral_force_n=80.7423234 support=1900 grounded=1 balancing=1 ground_work_j=1.38215512 deaths=0
GENTLE tick=24 time=0.2666666667 input_x=0.25 P=28.0786953,80.19067383,-136.9636688 V=-0.2442283779,-0.02278553508,0.05012818426 slip=-0.2526512146,-0.02406754158,0.05294859409 net_lateral_force_n=64.43470046 support=1900 grounded=1 balancing=1 ground_work_j=1.38215512 deaths=0
GENTLE tick=25 time=0.2777777778 input_x=0.25 P=28.07607269,80.19042206,-136.9631195 V=-0.2360858768,-0.0225660149,0.0496452339 slip=-0.2442283779,-0.02278553694,0.05012818426 net_lateral_force_n=62.29013354 support=1900 grounded=1 balancing=1 ground_work_j=1.38215512 deaths=0
GENTLE tick=26 time=0.2888888889 input_x=0.25 P=28.07353783,80.19017029,-136.9625702 V=-0.2282180637,-0.02252843045,0.04956253991 slip=-0.2360858768,-0.02256601304,0.0496452339 net_lateral_force_n=60.18877029 support=1900 grounded=1 balancing=1 ground_work_j=1.38215512 deaths=0
GENTLE tick=27 time=0.3 input_x=0.25 P=28.07108688,80.18991852,-136.9620209 V=-0.2206134796,-0.02252198942,0.04954837635 slip=-0.2282180637,-0.02252842672,0.04956253991 net_lateral_force_n=58.17506835 support=1900 grounded=1 balancing=1 ground_work_j=1.38215512 deaths=0
GENTLE tick=28 time=0.3111111111 input_x=0.25 P=28.06871796,80.18966675,-136.9614716 V=-0.2132606655,-0.02252089046,0.04954595491 slip=-0.2206134796,-0.02252198569,0.04954837635 net_lateral_force_n=56.2490277 support=1900 grounded=1 balancing=1 ground_work_j=1.38215512 deaths=0
GENTLE tick=29 time=0.3222222222 input_x=0.25 P=28.06642723,80.18941498,-136.9609222 V=-0.2061538696,-0.02252070047,0.04954553768 slip=-0.2132606655,-0.0225208886,0.04954595491 net_lateral_force_n=54.36698869 support=1900 grounded=1 balancing=1 ground_work_j=1.38215512 deaths=0
GENTLE tick=30 time=0.3333333333 input_x=0.25 P=28.0642128,80.18916321,-136.9603729 V=-0.1992816925,-0.02252065949,0.04954546317 slip=-0.2061538696,-0.02252069674,0.04954553768 net_lateral_force_n=52.572155 support=1900 grounded=1 balancing=1 ground_work_j=1.38215512 deaths=0
GENTLE tick=31 time=0.3444444444 input_x=0.25 P=28.06207275,80.18891144,-136.9598236 V=-0.1926383972,-0.02252065577,0.049545452 slip=-0.1992816925,-0.02252065949,0.04954546317 net_lateral_force_n=50.82120895 support=1900 grounded=1 balancing=1 ground_work_j=1.38215512 deaths=0
GENTLE tick=32 time=0.3555555556 input_x=0.25 P=28.06000328,80.18865967,-136.9592743 V=-0.1862182617,-0.02252066135,0.049545452 slip=-0.1926383972,-0.02252065763,0.049545452 net_lateral_force_n=49.11403656 support=1900 grounded=1 balancing=1 ground_work_j=1.38215512 deaths=0
GENTLE tick=33 time=0.3666666667 input_x=0.25 P=28.05800247,80.1884079,-136.958725 V=-0.1800098419,-0.02252065949,0.04954545572 slip=-0.1862182617,-0.02252065949,0.049545452 net_lateral_force_n=47.49441147 support=1900 grounded=1 balancing=1 ground_work_j=1.38215512 deaths=0
GENTLE tick=34 time=0.3777777778 input_x=0.25 P=28.05606842,80.18815613,-136.9581757 V=-0.1740074158,-0.02252066322,0.049545452 slip=-0.1800098419,-0.02252066135,0.04954545572 net_lateral_force_n=45.91856003 support=1900 grounded=1 balancing=1 ground_work_j=1.38215512 deaths=0
GENTLE tick=35 time=0.3888888889 input_x=0.25 P=28.05419922,80.18790436,-136.9576263 V=-0.1682052612,-0.02252065949,0.04954545572 slip=-0.1740074158,-0.02252065949,0.049545452 net_lateral_force_n=44.38648224 support=1900 grounded=1 balancing=1 ground_work_j=1.38215512 deaths=0
GENTLE tick=36 time=0.4 input_x=0.25 P=28.05239296,80.18765259,-136.957077 V=-0.1625976562,-0.02252066322,0.04954545945 slip=-0.1682052612,-0.02252066135,0.04954545572 net_lateral_force_n=42.8981781 support=1900 grounded=1 balancing=1 ground_work_j=1.38215512 deaths=0
GENTLE tick=37 time=0.4111111111 input_x=0.25 P=28.05064583,80.18740082,-136.9565277 V=-0.1571788788,-0.0225206539,0.049545452 slip=-0.1625976562,-0.02252066508,0.04954545945 net_lateral_force_n=41.45364761 support=1900 grounded=1 balancing=1 ground_work_j=1.38215512 deaths=0
NEUTRAL tick=38 time=0.4222222222 input_x=0 P=28.04895782,80.18714905,-136.9559784 V=-0.1519374847,-0.02252066135,0.049545452 slip=-0.1571788788,-0.02252065949,0.04954544827 net_lateral_force_n=40.09666443 support=1900 grounded=1 balancing=1 ground_work_j=1.38215512 deaths=0
NEUTRAL tick=39 time=0.4333333333 input_x=0 P=28.04732513,80.18689728,-136.9554291 V=-0.1468734741,-0.02252066135,0.049545452 slip=-0.1519374847,-0.02252066135,0.049545452 net_lateral_force_n=38.73968124 support=1900 grounded=1 balancing=1 ground_work_j=1.38215512 deaths=0
NEUTRAL tick=40 time=0.4444444444 input_x=0 P=28.04574776,80.18664551,-136.9548798 V=-0.1419754028,-0.02252065949,0.04954545572 slip=-0.1468734741,-0.02252065763,0.049545452 net_lateral_force_n=37.47024536 support=1900 grounded=1 balancing=1 ground_work_j=1.38215512 deaths=0
NEUTRAL tick=41 time=0.4555555556 input_x=0 P=28.04422379,80.18639374,-136.9543304 V=-0.1372432709,-0.02252066322,0.049545452 slip=-0.1419754028,-0.02252066135,0.04954545572 net_lateral_force_n=36.20080948 support=1900 grounded=1 balancing=1 ground_work_j=1.38215512 deaths=0
NEUTRAL tick=42 time=0.4666666667 input_x=0 P=28.0427494,80.18614197,-136.9537811 V=-0.1326713562,-0.02252065949,0.04954545572 slip=-0.1372432709,-0.02252065949,0.049545452 net_lateral_force_n=34.97514725 support=1900 grounded=1 balancing=1 ground_work_j=1.38215512 deaths=0
NEUTRAL tick=43 time=0.4777777778 input_x=0 P=28.04132462,80.1858902,-136.9532318 V=-0.1282482147,-0.02252065577,0.049545452 slip=-0.1326713562,-0.02252066135,0.04954545572 net_lateral_force_n=33.83703232 support=1900 grounded=1 balancing=1 ground_work_j=1.38215512 deaths=0
NEUTRAL tick=44 time=0.4888888889 input_x=0 P=28.03994751,80.18563843,-136.9526825 V=-0.1239738464,-0.0225206539,0.049545452 slip=-0.1282482147,-0.02252065763,0.049545452 net_lateral_force_n=32.69891739 support=1900 grounded=1 balancing=1 ground_work_j=1.38215512 deaths=0
NEUTRAL tick=45 time=0.5 input_x=0 P=28.03861618,80.18538666,-136.9521332 V=-0.1198425293,-0.0225206539,0.049545452 slip=-0.1239738464,-0.02252065949,0.04954544827 net_lateral_force_n=31.60457611 support=1900 grounded=1 balancing=1 ground_work_j=1.38215512 deaths=0
NEUTRAL tick=46 time=0.5111111111 input_x=0 P=28.03732872,80.18513489,-136.9515839 V=-0.1158485413,-0.02252066135,0.049545452 slip=-0.1198425293,-0.02252065763,0.049545452 net_lateral_force_n=30.55400848 support=1900 grounded=1 balancing=1 ground_work_j=1.38215512 deaths=0
NEUTRAL tick=47 time=0.5222222222 input_x=0 P=28.03608513,80.18488312,-136.9510345 V=-0.1119861603,-0.02252066135,0.049545452 slip=-0.1158485413,-0.02252065949,0.049545452 net_lateral_force_n=29.54721451 support=1900 grounded=1 balancing=1 ground_work_j=1.38215512 deaths=0
NEUTRAL tick=48 time=0.5333333333 input_x=0 P=28.03488159,80.18463135,-136.9504852 V=-0.1082553789,-0.02252065949,0.04954545572 slip=-0.1119861603,-0.02252065763,0.049545452 net_lateral_force_n=28.54047753 support=1900 grounded=1 balancing=1 ground_work_j=1.38215512 deaths=0
NEUTRAL tick=49 time=0.5444444444 input_x=0 P=28.03371811,80.18437958,-136.9499359 V=-0.1046447754,-0.02252066322,0.049545452 slip=-0.1082553789,-0.02252066135,0.04954545572 net_lateral_force_n=27.62111686 support=1900 grounded=1 balancing=1 ground_work_j=1.38215512 deaths=0
NEUTRAL tick=50 time=0.5555555556 input_x=0 P=28.03259468,80.18412781,-136.9493866 V=-0.1011543348,-0.02252066135,0.049545452 slip=-0.1046447754,-0.02252065949,0.049545452 net_lateral_force_n=26.70187019 support=1900 grounded=1 balancing=1 ground_work_j=1.38215512 deaths=0
NEUTRAL tick=51 time=0.5666666667 input_x=0 P=28.03150749,80.18387604,-136.9488373 V=-0.09778404236,-0.02252066135,0.049545452 slip=-0.1011543348,-0.02252065763,0.049545452 net_lateral_force_n=25.78273751 support=1900 grounded=1 balancing=1 ground_work_j=1.38215512 deaths=0
NEUTRAL tick=52 time=0.5777777778 input_x=0 P=28.03045654,80.18362427,-136.948288 V=-0.0945224762,-0.02252065949,0.04954545572 slip=-0.09778404236,-0.02252065949,0.049545452 net_lateral_force_n=24.95098114 support=1900 grounded=1 balancing=1 ground_work_j=1.38215512 deaths=0
NEUTRAL tick=53 time=0.5888888889 input_x=0 P=28.02944183,80.1833725,-136.9477386 V=-0.09136962891,-0.02252065577,0.049545452 slip=-0.0945224762,-0.02252066135,0.04954545572 net_lateral_force_n=24.11928177 support=1900 grounded=1 balancing=1 ground_work_j=1.38215512 deaths=0
NEUTRAL tick=54 time=0.6 input_x=0 P=28.02845955,80.18312073,-136.9471893 V=-0.08832550049,-0.0225206539,0.049545452 slip=-0.09136962891,-0.02252065763,0.049545452 net_lateral_force_n=23.2875824 support=1900 grounded=1 balancing=1 ground_work_j=1.38215512 deaths=0
NEUTRAL tick=55 time=0.6111111111 input_x=0 P=28.0275116,80.18286896,-136.94664 V=-0.08537864685,-0.02252066135,0.049545452 slip=-0.08832550049,-0.02252065763,0.049545452 net_lateral_force_n=22.54343033 support=1900 grounded=1 balancing=1 ground_work_j=1.38215512 deaths=0
NEUTRAL tick=56 time=0.6222222222 input_x=0 P=28.02659416,80.18261719,-136.9460907 V=-0.08253479004,-0.02252066135,0.049545452 slip=-0.08537864685,-0.02252065949,0.049545452 net_lateral_force_n=21.75550461 support=1900 grounded=1 balancing=1 ground_work_j=1.38215512 deaths=0
NEUTRAL tick=57 time=0.6333333333 input_x=0 P=28.02570724,80.18236542,-136.9455414 V=-0.07978248596,-0.02252066135,0.049545452 slip=-0.08253479004,-0.02252065949,0.049545452 net_lateral_force_n=21.05512619 support=1900 grounded=1 balancing=1 ground_work_j=1.38215512 deaths=0
NEUTRAL tick=58 time=0.6444444444 input_x=0 P=28.02485085,80.18211365,-136.9449921 V=-0.07712173462,-0.02252066135,0.049545452 slip=-0.07978248596,-0.02252065949,0.049545452 net_lateral_force_n=20.35474777 support=1900 grounded=1 balancing=1 ground_work_j=1.38215512 deaths=0
NEUTRAL tick=59 time=0.6555555556 input_x=0 P=28.02402306,80.18186188,-136.9444427 V=-0.07455253601,-0.02252065949,0.04954545572 slip=-0.07712173462,-0.02252065763,0.049545452 net_lateral_force_n=19.65436935 support=1900 grounded=1 balancing=1 ground_work_j=1.38215512 deaths=0
NEUTRAL tick=60 time=0.6666666667 input_x=0 P=28.02322197,80.18161011,-136.9438934 V=-0.07206916809,-0.02252065577,0.04954544827 slip=-0.07455253601,-0.02252066135,0.04954545572 net_lateral_force_n=18.99776459 support=1900 grounded=1 balancing=1 ground_work_j=1.38215512 deaths=0
NEUTRAL tick=61 time=0.6777777778 input_x=0 P=28.02244759,80.18135834,-136.9433441 V=-0.06966590881,-0.02252066135,0.04954544827 slip=-0.07206916809,-0.0225206539,0.04954544827 net_lateral_force_n=18.38493347 support=1900 grounded=1 balancing=1 ground_work_j=1.38215512 deaths=0
NEUTRAL tick=62 time=0.6888888889 input_x=0 P=28.02169991,80.18110657,-136.9427948 V=-0.06734275818,-0.02252065949,0.04954545572 slip=-0.06966590881,-0.02252065949,0.04954544827 net_lateral_force_n=17.77210236 support=1900 grounded=1 balancing=1 ground_work_j=1.38215512 deaths=0
NEUTRAL tick=63 time=0.7 input_x=0 P=28.02097702,80.1808548,-136.9422455 V=-0.06509971619,-0.02252066322,0.049545452 slip=-0.06734275818,-0.02252066135,0.04954545572 net_lateral_force_n=17.15927124 support=1900 grounded=1 balancing=1 ground_work_j=1.38215512 deaths=0
NEUTRAL tick=64 time=0.7111111111 input_x=0 P=28.02027702,80.18060303,-136.9416962 V=-0.06293106079,-0.02252065949,0.04954545572 slip=-0.06509971619,-0.02252065949,0.049545452 net_lateral_force_n=16.59021378 support=1900 grounded=1 balancing=1 ground_work_j=1.38215512 deaths=0
BEFORE result=GENTLE_INPUT_DISCARDED_AND_NEUTRAL_RECENTER_REPRODUCED settled_ticks=10 start_x=28.11906433 gentle_x=28.05064583 neutral_x=28.02027702 gentle_delta_x=-0.06841850281 neutral_delta_x=-0.03036880493 support=1900 source_ground_command_force_unexposed=1 net_force_includes_solver=1 post_stage_pose_or_velocity_writes=0
