one-hand at4s sag=0.278939 reaction=866.025 vy=-0.0288089
static sag=0.0833883 reaction=833.846 one_sag=0.166768 peak_force=866.025
PASS static_load_and_release
command ascent=0.199789 cumulative_bound=666.667
PASS command_sign_and_budget
swing spring_work=5.55555 stroke=0.00641537 absorbed=5.55546 neutral_work=0
PASS measured_swing_actuation
recoil player_vx=1.57428 support_vx=1.44746 peak_force=366.954
PASS dynamic_recoil
catch minimum_y=2.60494 peak_force=1500
PASS finite_landing_catch
kinematic regrip tracking_vx=0.600085
PASS kinematic_tracking_and_regrip
soft reciprocal impulse residual=2.98023e-06
PASS soft_material_reaction
net-frame mass=6562.78 anchor_dx=0.0614624 momentum_residual=0.00301868
PASS net_frame_reaction
facade ladder_deflection_m=0.077397 carriage_travel_m=1.00387
PASS facade_structural_response
PASS invalid_holds_and_cleanup
physical hand checks: 10/10
