RECLAIM_CONTACT first=1943 second=2227 sub1=4294967264 sub2=4294967295 p=-51.7048,337.6081,-166.0912 normal=0.0051,0.8173,0.5762 friction=0.3317
RECLAIM_CONTACT first=2227 second=2247 sub1=4294967295 sub2=4294967295 p=-51.4816,337.6583,-165.9229 normal=0.0149,0.1911,0.9815 friction=0.5500
RECLAIM_CONTACT first=2227 second=2262 sub1=4294967295 sub2=4294967295 p=-51.7321,337.8335,-165.9769 normal=0.0135,0.9827,-0.1847 friction=0.5500
RECLAIM_CONTACT first=2266 second=2291 sub1=4294967295 sub2=4294967295 p=-52.1192,337.4784,-165.2902 normal=-0.0008,0.8203,0.5719 friction=0.5500
RECLAIM_CONTACT first=2227 second=2242 sub1=4294967295 sub2=4294967295 p=-51.7093,337.8079,-166.1072 normal=0.0108,0.9822,-0.1875 friction=0.5500
RECLAIM_CONTACT first=2227 second=2232 sub1=4294967295 sub2=4294967295 p=-51.7012,337.6287,-165.9160 normal=0.0060,0.1809,0.9835 friction=0.5500
RECLAIM_CONTACT first=2286 second=2291 sub1=4294967295 sub2=4294967295 p=-52.1227,337.5786,-165.4227 normal=-0.0756,-0.4729,0.8779 friction=0.5500
RECLAIM_CONTACT first=2291 second=2296 sub1=4294967295 sub2=4294967295 p=-51.9605,337.6573,-165.1859 normal=0.0064,0.8588,0.5123 friction=0.5500
RECLAIM_CONTACT first=1943 second=2227 sub1=4294967264 sub2=4294967295 p=-51.7048,337.6081,-166.0912 normal=0.0051,0.8173,0.5762 friction=0.3317
RECLAIM_CONTACT first=2266 second=2291 sub1=4294967295 sub2=4294967295 p=-52.1192,337.4783,-165.2901 normal=-0.0008,0.8205,0.5717 friction=0.5500
RECLAIM_CONTACT first=2227 second=2247 sub1=4294967295 sub2=4294967295 p=-51.4816,337.6583,-165.9229 normal=0.0148,0.1911,0.9815 friction=0.5500
RECLAIM_CONTACT first=2227 second=2262 sub1=4294967295 sub2=4294967295 p=-51.7321,337.8335,-165.9769 normal=0.0135,0.9827,-0.1847 friction=0.5500
RECLAIM_CONTACT first=2227 second=2242 sub1=4294967295 sub2=4294967295 p=-51.7093,337.8079,-166.1072 normal=0.0108,0.9822,-0.1875 friction=0.5500
RECLAIM_CONTACT first=2227 second=2232 sub1=4294967295 sub2=4294967295 p=-51.7012,337.6287,-165.9160 normal=0.0060,0.1810,0.9835 friction=0.5500
RECLAIM_CONTACT first=2286 second=2291 sub1=4294967295 sub2=4294967295 p=-52.1227,337.5785,-165.4226 normal=-0.0756,-0.4727,0.8780 friction=0.5500
RECLAIM_CONTACT first=2291 second=2296 sub1=4294967295 sub2=4294967295 p=-51.9605,337.6573,-165.1858 normal=0.0065,0.8590,0.5120 friction=0.5500
RECLAIM_CONTACT first=1943 second=2227 sub1=4294967264 sub2=4294967295 p=-51.7048,337.6081,-166.0912 normal=0.0051,0.8173,0.5762 friction=0.3317
RECLAIM_CONTACT first=2227 second=2247 sub1=4294967295 sub2=4294967295 p=-51.4816,337.6583,-165.9229 normal=0.0148,0.1911,0.9815 friction=0.5500
RECLAIM_CONTACT first=2286 second=2291 sub1=4294967295 sub2=4294967295 p=-52.1227,337.5784,-165.4225 normal=-0.0756,-0.4724,0.8781 friction=0.5500
RECLAIM_CONTACT first=2227 second=2262 sub1=4294967295 sub2=4294967295 p=-51.7321,337.8335,-165.9769 normal=0.0135,0.9827,-0.1847 friction=0.5500
RECLAIM_CONTACT first=2291 second=2296 sub1=4294967295 sub2=4294967295 p=-51.9605,337.6573,-165.1858 normal=0.0065,0.8592,0.5117 friction=0.5500
RECLAIM_CONTACT first=2227 second=2242 sub1=4294967295 sub2=4294967295 p=-51.7093,337.8079,-166.1072 normal=0.0108,0.9822,-0.1875 friction=0.5500
RECLAIM_CONTACT first=2227 second=2232 sub1=4294967295 sub2=4294967295 p=-51.7012,337.6287,-165.9160 normal=0.0060,0.1810,0.9835 friction=0.5500
RECLAIM_CONTACT first=2266 second=2291 sub1=4294967295 sub2=4294967295 p=-52.1192,337.4783,-165.2901 normal=-0.0008,0.8206,0.5715 friction=0.5500
RECLAIM_CONTACT first=2286 second=2291 sub1=4294967295 sub2=4294967295 p=-52.1227,337.5784,-165.4225 normal=-0.0756,-0.4722,0.8783 friction=0.5500
RECLAIM_CONTACT first=2291 second=2296 sub1=4294967295 sub2=4294967295 p=-51.9605,337.6573,-165.1857 normal=0.0065,0.8593,0.5114 friction=0.5500
RECLAIM_CONTACT first=1943 second=2227 sub1=4294967264 sub2=4294967295 p=-51.7048,337.6081,-166.0912 normal=0.0051,0.8173,0.5762 friction=0.3317
RECLAIM_CONTACT first=2227 second=2247 sub1=4294967295 sub2=4294967295 p=-51.4817,337.6582,-165.9229 normal=0.0148,0.1911,0.9815 friction=0.5500
RECLAIM_CONTACT first=2227 second=2242 sub1=4294967295 sub2=4294967295 p=-51.7093,337.8079,-166.1072 normal=0.0108,0.9822,-0.1876 friction=0.5500
RECLAIM_CONTACT first=2227 second=2232 sub1=4294967295 sub2=4294967295 p=-51.7012,337.6287,-165.9160 normal=0.0060,0.1810,0.9835 friction=0.5500
RECLAIM_CONTACT first=2227 second=2262 sub1=4294967295 sub2=4294967295 p=-51.7321,337.8335,-165.9769 normal=0.0134,0.9827,-0.1847 friction=0.5500
RECLAIM_CONTACT first=2266 second=2291 sub1=4294967295 sub2=4294967295 p=-52.1192,337.4782,-165.2900 normal=-0.0007,0.8208,0.5712 friction=0.5500
RECLAIM open_gate=-52.0349,338.627,-165.05
MATERIAL 2219 -52.9053,337.668,-166.004
MATERIAL 2227 -51.6062,337.696,-166.013
MATERIAL 2235 -51.7165,329.964,-164.498
MATERIAL 2243 -51.1889,337.832,-166.214
MATERIAL 2251 -50.812,329.998,-164.538
MATERIAL 2259 -52.8769,337.622,-165.544
MATERIAL 2267 -51.5922,337.618,-165.596
MATERIAL 2275 -52.6162,337.232,-164.932
MATERIAL 2283 -51.172,337.74,-165.823
MATERIAL 2291 -52.0998,337.335,-164.857
RECLAIM feed before=2052.7 remaining=1460.68 deck=308 contacts=103
FAIL RECLAIM actual material passes gate/chute pos=-33.4018,308.9,-158.248 support=1941 station=2 machine=6 deck=308 angle=3.54022e-05 hopper=1460.68 energy=1.99333e+06
