RECLAIM open_gate=-52.0348,338.627,-165.05
MATERIAL 2219 -52.8665,337.557,-165.842
MATERIAL 2227 -51.3286,329.752,-165.856
MATERIAL 2235 -52.8371,330.155,-164.963
MATERIAL 2243 -51.0165,330.147,-164.802
MATERIAL 2251 -51.2165,329.617,-164.736
MATERIAL 2259 -52.9075,337.583,-165.491
MATERIAL 2267 -52.4453,330.069,-164.498
MATERIAL 2275 -53.4429,330.379,-165.122
MATERIAL 2283 -51.3076,330.019,-164.862
MATERIAL 2291 -53.0859,330.242,-164.837
RECLAIM feed before=2052.7 remaining=179.872 deck=308.001 contacts=348
RECLAIM gate=-52.0348,338.627,-165.05
RECLAIM_CABIN_CONTACT 2200 2201 point=-34.04486,313.87952,-160.57999 normal=-0.39274,-0.91965,0.00017 depth=0.012175
RECLAIM_CABIN_CONTACT 2200 2201 point=-34.01974,313.89111,-160.57999 normal=0.41888,-0.90804,0.00010 depth=-0.016548
RECLAIM_CABIN_CONTACT 2200 2201 point=-34.02364,313.88599,-160.57999 normal=0.41841,-0.90826,0.00010 depth=-0.016526
RECLAIM_CABIN_CONTACT 2200 2201 point=-34.04877,313.87439,-160.57999 normal=-0.39322,-0.91945,0.00017 depth=0.012196
RECLAIM_CABIN_CONTACT 2200 2201 point=-34.05268,313.86929,-160.57999 normal=-0.39369,-0.91924,0.00017 depth=0.012189
RECLAIM_CABIN_CONTACT 2200 2201 point=-34.02755,313.88089,-160.57999 normal=0.41794,-0.90848,0.00010 depth=-0.016534
RECLAIM_CABIN_CONTACT 2200 2201 point=-34.03146,313.87579,-160.57999 normal=0.41747,-0.90869,0.00010 depth=-0.016541
RECLAIM_CABIN_CONTACT 2200 2201 point=-34.05660,313.86420,-160.57999 normal=-0.39417,-0.91904,0.00017 depth=0.012183
RECLAIM_CABIN_CONTACT 2200 2201 point=-34.06052,313.85907,-160.57999 normal=-0.39464,-0.91883,0.00017 depth=0.012195
RECLAIM_CABIN_CONTACT 2200 2201 point=-34.03537,313.87067,-160.57999 normal=0.41700,-0.90891,0.00010 depth=-0.016525
RECLAIM_CABIN_CONTACT 2200 2201 point=-34.03928,313.86557,-160.57999 normal=0.41653,-0.90912,0.00010 depth=-0.016539
RECLAIM_CABIN_CONTACT 2200 2201 point=-34.06443,313.85400,-160.57999 normal=-0.39512,-0.91863,0.00017 depth=0.012184
RECLAIM_CABIN_CONTACT 2200 2201 point=-34.06836,313.84891,-160.57999 normal=-0.39559,-0.91843,0.00017 depth=0.012171
RECLAIM_CABIN_CONTACT 2200 2201 point=-34.04320,313.86047,-160.57999 normal=0.41606,-0.90934,0.00010 depth=-0.016550
RECLAIM_CABIN_CONTACT 2200 2201 point=-34.04712,313.85535,-160.57999 normal=0.41560,-0.90955,0.00010 depth=-0.016539
RECLAIM_CABIN_CONTACT 2200 2201 point=-34.07228,313.84381,-160.57999 normal=-0.39606,-0.91823,0.00017 depth=0.012185
RECLAIM_CABIN_CONTACT 2200 2201 point=-34.07620,313.83875,-160.57999 normal=-0.39653,-0.91802,0.00017 depth=0.012165
RECLAIM_CABIN_CONTACT 2200 2201 point=-34.05104,313.85025,-160.57999 normal=0.41513,-0.90976,0.00010 depth=-0.016555
RECLAIM_CABIN_CONTACT 2200 2201 point=-34.05496,313.84515,-160.57999 normal=0.41467,-0.90997,0.00010 depth=-0.016570
RECLAIM_CABIN_CONTACT 2200 2201 point=-34.08013,313.83365,-160.57999 normal=-0.39699,-0.91782,0.00017 depth=0.012144
RECLAIM_CABIN_CONTACT 2200 2201 point=-34.08406,313.82855,-160.57999 normal=-0.39746,-0.91762,0.00017 depth=0.012149
RECLAIM_CABIN_CONTACT 2200 2201 point=-34.05888,313.84006,-160.57999 normal=0.41421,-0.91018,0.00010 depth=-0.016565
RECLAIM_CABIN_CONTACT 2200 2201 point=-34.06281,313.83496,-160.57999 normal=0.41374,-0.91039,0.00010 depth=-0.016561
RECLAIM_CABIN_CONTACT 2200 2201 point=-34.08800,313.82349,-160.57999 normal=-0.39793,-0.91742,0.00017 depth=0.012153
RECLAIM_CABIN_CONTACT 2200 2201 point=-34.09193,313.81839,-160.57999 normal=-0.39840,-0.91721,0.00017 depth=0.012180
RECLAIM_CABIN_CONTACT 2200 2201 point=-34.06674,313.82986,-160.57999 normal=0.41327,-0.91061,0.00010 depth=-0.016541
RECLAIM return cabin_q=-6.65932e-06,3.85289e-06,-0.241982,0.970281 velocity=5.25534e-12,1.0154e-11,-8.59411e-14
RECLAIM settled return second=1 deck=308.293 qz=-0.241982 qw=0.970281
RECLAIM settled return second=2 deck=308.293 qz=-0.241982 qw=0.970281
RECLAIM settled return second=3 deck=308.293 qz=-0.241982 qw=0.970281
RECLAIM settled return second=4 deck=308.293 qz=-0.241982 qw=0.970281
RECLAIM settled return second=5 deck=308.293 qz=-0.241982 qw=0.970281
RECLAIM settled return second=6 deck=308.293 qz=-0.241982 qw=0.970281
RECLAIM settled return second=7 deck=308.293 qz=-0.241982 qw=0.970281
RECLAIM settled return second=8 deck=308.293 qz=-0.241982 qw=0.970281
RECLAIM settled return second=9 deck=308.293 qz=-0.241982 qw=0.970281
RECLAIM settled return second=10 deck=308.293 qz=-0.241982 qw=0.970281
FAIL RECLAIM real discharge permits empty gravity return pos=-33.4018,330.9,-158.248 support=1942 station=3 machine=6 deck=308.293 angle=-4.46258e-06 hopper=179.872 energy=1.99004e+06
