BASE tick=180 xyz=6,0.9,-25 ground=1 support=1 landing=1 vy=0
TRACE i=0 tick=181 dy=0.0603542 vy=5.391 ground=0 support=0 landing=1 traversal=0 deaths=0
TRACE i=1 tick=182 dy=0.119497 vy=5.282 ground=0 support=0 landing=1 traversal=0 deaths=0
TRACE i=81 tick=262 dy=0.926947 vy=-3.438 ground=0 support=0 landing=1 traversal=0 deaths=0
TRACE i=82 tick=263 dy=0.88799 vy=-3.547 ground=0 support=0 landing=1 traversal=0 deaths=0
TRACE i=83 tick=264 dy=0.847822 vy=-3.656 ground=0 support=0 landing=1 traversal=0 deaths=0
TRACE i=84 tick=265 dy=0.806443 vy=-3.765 ground=0 support=0 landing=1 traversal=0 deaths=0
TRACE i=85 tick=266 dy=0.763852 vy=-3.874 ground=0 support=0 landing=1 traversal=0 deaths=0
TRACE i=86 tick=267 dy=0.720051 vy=-3.983 ground=0 support=0 landing=1 traversal=0 deaths=0
TRACE i=87 tick=268 dy=0.675038 vy=-4.092 ground=0 support=0 landing=1 traversal=0 deaths=0
TRACE i=88 tick=269 dy=0.628815 vy=-4.201 ground=0 support=0 landing=1 traversal=0 deaths=0
TRACE i=89 tick=270 dy=0.58138 vy=-4.31 ground=0 support=0 landing=1 traversal=0 deaths=0
TRACE i=90 tick=271 dy=0.532735 vy=-4.419 ground=0 support=0 landing=1 traversal=0 deaths=0
TRACE i=91 tick=272 dy=0.482878 vy=-4.528 ground=0 support=0 landing=1 traversal=0 deaths=0
TRACE i=92 tick=273 dy=0.43181 vy=-4.637 ground=0 support=0 landing=1 traversal=0 deaths=0
TRACE i=93 tick=274 dy=0.37953 vy=-4.746 ground=0 support=0 landing=1 traversal=0 deaths=0
TRACE i=94 tick=275 dy=0.32604 vy=-4.85499 ground=0 support=0 landing=1 traversal=0 deaths=0
TRACE i=95 tick=276 dy=0.271339 vy=-4.96399 ground=0 support=0 landing=1 traversal=0 deaths=0
TRACE i=96 tick=277 dy=0.215426 vy=-5.07299 ground=0 support=0 landing=1 traversal=0 deaths=0
PRESS i=97 tick=277 height=0.215426 vy=-5.07299 support=0
TRACE i=97 tick=278 dy=0.158303 vy=-5.18199 ground=0 support=0 landing=1 traversal=0 deaths=0
TRACE i=98 tick=279 dy=0.0999683 vy=-5.29099 ground=0 support=0 landing=1 traversal=0 deaths=0
TRACE i=99 tick=280 dy=0.0404226 vy=-5.39999 ground=0 support=0 landing=1 traversal=0 deaths=0
TRACE i=100 tick=281 dy=0 vy=-2.14577e-05 ground=1 support=1 landing=2 traversal=0 deaths=0
TRACE i=101 tick=282 dy=0 vy=0 ground=1 support=1 landing=2 traversal=0 deaths=0
TRACE i=102 tick=283 dy=0 vy=0 ground=1 support=1 landing=2 traversal=0 deaths=0
TRACE i=103 tick=284 dy=0 vy=0 ground=1 support=1 landing=2 traversal=0 deaths=0
TRACE i=104 tick=285 dy=0 vy=0 ground=1 support=1 landing=2 traversal=0 deaths=0
TRACE i=105 tick=286 dy=0 vy=0 ground=1 support=1 landing=2 traversal=0 deaths=0
TRACE i=106 tick=287 dy=0 vy=0 ground=1 support=1 landing=2 traversal=0 deaths=0
TRACE i=107 tick=288 dy=0 vy=0 ground=1 support=1 landing=2 traversal=0 deaths=0
TRACE i=108 tick=289 dy=0 vy=0 ground=1 support=1 landing=2 traversal=0 deaths=0
TRACE i=109 tick=290 dy=0 vy=0 ground=1 support=1 landing=2 traversal=0 deaths=0
TRACE i=110 tick=291 dy=0 vy=0 ground=1 support=1 landing=2 traversal=0 deaths=0
TRACE i=111 tick=292 dy=0 vy=0 ground=1 support=1 landing=2 traversal=0 deaths=0
TRACE i=112 tick=293 dy=0 vy=0 ground=1 support=1 landing=2 traversal=0 deaths=0
TRACE i=113 tick=294 dy=0 vy=0 ground=1 support=1 landing=2 traversal=0 deaths=0
TRACE i=114 tick=295 dy=0 vy=0 ground=1 support=1 landing=2 traversal=0 deaths=0
TRACE i=115 tick=296 dy=0 vy=0 ground=1 support=1 landing=2 traversal=0 deaths=0
TRACE i=116 tick=297 dy=0 vy=0 ground=1 support=1 landing=2 traversal=0 deaths=0
TRACE i=117 tick=298 dy=0 vy=0 ground=1 support=1 landing=2 traversal=0 deaths=0
TRACE i=118 tick=299 dy=0 vy=0 ground=1 support=1 landing=2 traversal=0 deaths=0
TRACE i=119 tick=300 dy=0 vy=0 ground=1 support=1 landing=2 traversal=0 deaths=0
TRACE i=120 tick=301 dy=0 vy=0 ground=1 support=1 landing=2 traversal=0 deaths=0
TRACE i=121 tick=302 dy=0 vy=0 ground=1 support=1 landing=2 traversal=0 deaths=0
TRACE i=122 tick=303 dy=0 vy=0 ground=1 support=1 landing=2 traversal=0 deaths=0
TRACE i=123 tick=304 dy=0 vy=0 ground=1 support=1 landing=2 traversal=0 deaths=0
TRACE i=124 tick=305 dy=0 vy=0 ground=1 support=1 landing=2 traversal=0 deaths=0
TRACE i=125 tick=306 dy=0 vy=0 ground=1 support=1 landing=2 traversal=0 deaths=0
TRACE i=126 tick=307 dy=0 vy=0 ground=1 support=1 landing=2 traversal=0 deaths=0
TRACE i=127 tick=308 dy=0 vy=0 ground=1 support=1 landing=2 traversal=0 deaths=0
TRACE i=128 tick=309 dy=0 vy=0 ground=1 support=1 landing=2 traversal=0 deaths=0
TRACE i=129 tick=310 dy=0 vy=0 ground=1 support=1 landing=2 traversal=0 deaths=0
TRACE i=130 tick=311 dy=0 vy=0 ground=1 support=1 landing=2 traversal=0 deaths=0
TRACE i=131 tick=312 dy=0 vy=0 ground=1 support=1 landing=2 traversal=0 deaths=0
TRACE i=132 tick=313 dy=0 vy=0 ground=1 support=1 landing=2 traversal=0 deaths=0
TRACE i=133 tick=314 dy=0 vy=0 ground=1 support=1 landing=2 traversal=0 deaths=0
TRACE i=134 tick=315 dy=0 vy=0 ground=1 support=1 landing=2 traversal=0 deaths=0
TRACE i=135 tick=316 dy=0 vy=0 ground=1 support=1 landing=2 traversal=0 deaths=0
TRACE i=136 tick=317 dy=0 vy=0 ground=1 support=1 landing=2 traversal=0 deaths=0
TRACE i=137 tick=318 dy=0 vy=0 ground=1 support=1 landing=2 traversal=0 deaths=0
TRACE i=138 tick=319 dy=0 vy=0 ground=1 support=1 landing=2 traversal=0 deaths=0
TRACE i=139 tick=320 dy=0 vy=0 ground=1 support=1 landing=2 traversal=0 deaths=0
TRACE i=140 tick=321 dy=0 vy=0 ground=1 support=1 landing=2 traversal=0 deaths=0
TRACE i=141 tick=322 dy=0 vy=0 ground=1 support=1 landing=2 traversal=0 deaths=0
TRACE i=142 tick=323 dy=0 vy=0 ground=1 support=1 landing=2 traversal=0 deaths=0
TRACE i=143 tick=324 dy=0 vy=0 ground=1 support=1 landing=2 traversal=0 deaths=0
TRACE i=144 tick=325 dy=0 vy=0 ground=1 support=1 landing=2 traversal=0 deaths=0
TRACE i=145 tick=326 dy=0 vy=0 ground=1 support=1 landing=2 traversal=0 deaths=0
TRACE i=146 tick=327 dy=0 vy=0 ground=1 support=1 landing=2 traversal=0 deaths=0
TRACE i=147 tick=328 dy=0 vy=0 ground=1 support=1 landing=2 traversal=0 deaths=0
TRACE i=148 tick=329 dy=0 vy=0 ground=1 support=1 landing=2 traversal=0 deaths=0
TRACE i=149 tick=330 dy=0 vy=0 ground=1 support=1 landing=2 traversal=0 deaths=0
TRACE i=150 tick=331 dy=0 vy=0 ground=1 support=1 landing=2 traversal=0 deaths=0
TRACE i=151 tick=332 dy=0 vy=0 ground=1 support=1 landing=2 traversal=0 deaths=0
TRACE i=152 tick=333 dy=0 vy=0 ground=1 support=1 landing=2 traversal=0 deaths=0
TRACE i=153 tick=334 dy=0 vy=0 ground=1 support=1 landing=2 traversal=0 deaths=0
TRACE i=154 tick=335 dy=0 vy=0 ground=1 support=1 landing=2 traversal=0 deaths=0
TRACE i=155 tick=336 dy=0 vy=0 ground=1 support=1 landing=2 traversal=0 deaths=0
TRACE i=156 tick=337 dy=0 vy=0 ground=1 support=1 landing=2 traversal=0 deaths=0
TRACE i=157 tick=338 dy=0 vy=0 ground=1 support=1 landing=2 traversal=0 deaths=0
TRACE i=158 tick=339 dy=0 vy=0 ground=1 support=1 landing=2 traversal=0 deaths=0
TRACE i=159 tick=340 dy=0 vy=0 ground=1 support=1 landing=2 traversal=0 deaths=0
