Godot Engine v4.7.stable.official.5b4e0cb0f - https://godotengine.org
WARNING: Could not set V-Sync mode, as changing V-Sync mode is not supported by the graphics driver.
     at: set_use_vsync (platform/linuxbsd/x11/gl_manager_x11.cpp:372)
OpenGL API 4.5 (Core Profile) Mesa 25.2.8-0ubuntu0.24.04.2 - Compatibility - Using Device: Mesa - llvmpipe (LLVM 20.1.2, 256 bits)
libpulse.so.0: cannot open shared object file: No such file or directory
libpulse.so.0: cannot open shared object file: No such file or directory
ALSA lib confmisc.c:855:(parse_card) cannot find card '0'
ALSA lib conf.c:5208:(_snd_config_evaluate) function snd_func_card_inum returned error: No such file or directory
ALSA lib confmisc.c:422:(snd_func_concat) error evaluating strings
ALSA lib conf.c:5208:(_snd_config_evaluate) function snd_func_concat returned error: No such file or directory
ALSA lib confmisc.c:1342:(snd_func_refer) error evaluating name
ALSA lib conf.c:5208:(_snd_config_evaluate) function snd_func_refer returned error: No such file or directory
ALSA lib conf.c:5731:(snd_config_expand) Evaluate error: No such file or directory
ALSA lib pcm.c:2721:(snd_pcm_open_noupdate) Unknown PCM default
ERROR: Condition "status < 0" is true. Returning: ERR_CANT_OPEN
   at: init_output_device (drivers/alsa/audio_driver_alsa.cpp:97)
WARNING: All audio drivers failed, falling back to the dummy driver.
     at: initialize (servers/audio/audio_server.cpp:258)

SCRAPERX_EXTENSION_LOADED api=4.7 authority=scraperx_sim scene=pipe_bridge_fixture
SCRAPERX_VIEWPORT size=432x371 aspect=1.164 fov=82.0 far=2000
SCRAPERX_AUDIO_BANK clips=28 msec=457 driver=Dummy
SCRAPERX_UITEST_POSE rack_ready tick=1055 position=(12.69722, 0.893589, -78.98728) elapsed_ms=78831
SCRAPERX_UITEST_SCREENSHOT /home/runner/work/ScraperX/ScraperX/artifacts/screenshots/north_rack_ready.png
SCRAPERX_UITEST_POSE loaded_pan tick=1529 position=(12.22457, 0.893589, -78.95338) elapsed_ms=98605
SCRAPERX_UITEST_SCREENSHOT /home/runner/work/ScraperX/ScraperX/artifacts/screenshots/north_loaded_pan.png
SCRAPERX_UITEST_POSE bridge_raised tick=2981 position=(-1.4288, 0.894047, -85.5981) elapsed_ms=141029
SCRAPERX_UITEST_SCREENSHOT /home/runner/work/ScraperX/ScraperX/artifacts/screenshots/north_bridge_raised.png
SCRAPERX_UITEST_POSE tower_arrival tick=4364 position=(9.060089, 11.9, -125.4055) elapsed_ms=228984
SCRAPERX_UITEST_SCREENSHOT /home/runner/work/ScraperX/ScraperX/artifacts/screenshots/north_tower_arrival.png
SCRAPERX_UITEST_POSE facade_approach tick=4856 position=(20.03142, 11.9, -121.2997) elapsed_ms=247593
SCRAPERX_UITEST_SCREENSHOT /home/runner/work/ScraperX/ScraperX/artifacts/screenshots/north_facade_approach.png
SCRAPERX_UITEST_POSE duct_hang tick=5048 position=(20.00365, 15.17582, -122.47) elapsed_ms=262103
SCRAPERX_UITEST_SCREENSHOT /home/runner/work/ScraperX/ScraperX/artifacts/screenshots/north_duct_hang.png
SCRAPERX_UITEST_POSE vent_climb tick=5333 position=(23.9959, 17.80535, -123.0001) elapsed_ms=284381
SCRAPERX_UITEST_SCREENSHOT /home/runner/work/ScraperX/ScraperX/artifacts/screenshots/north_vent_climb.png
SCRAPERX_UITEST_POSE ladder_leap tick=6362 position=(12.50001, 23.2, -119.695) elapsed_ms=371923
SCRAPERX_UITEST_SCREENSHOT /home/runner/work/ScraperX/ScraperX/artifacts/screenshots/north_ladder_leap.png
SCRAPERX_UITEST_POSE facade_arrival tick=8009 position=(11.07355, 33.8936, -125.3358) elapsed_ms=524941
SCRAPERX_UITEST_SCREENSHOT /home/runner/work/ScraperX/ScraperX/artifacts/screenshots/north_facade_arrival.png
SCRAPERX_UITEST_POSE stair_handle_ready tick=8687 position=(-17.49991, 33.9, -121.335) elapsed_ms=549490
SCRAPERX_UITEST_SCREENSHOT /home/runner/work/ScraperX/ScraperX/artifacts/screenshots/north_stair_handle_ready.png
SCRAPERX_UITEST_POSE stair_released tick=8813 position=(-17.49991, 33.89996, -122.2395) elapsed_ms=553620
SCRAPERX_UITEST_SCREENSHOT /home/runner/work/ScraperX/ScraperX/artifacts/screenshots/north_stair_released.png
SCRAPERX_UITEST_POSE stair_climb tick=9530 position=(-10.07416, 38.39666, -122.1) elapsed_ms=595578
SCRAPERX_UITEST_SCREENSHOT /home/runner/work/ScraperX/ScraperX/artifacts/screenshots/north_stair_climb.png
SCRAPERX_UITEST_POSE stair_exit_ready tick=9953 position=(-1.993601, 45.11909, -122.3899) elapsed_ms=621662
SCRAPERX_UITEST_SCREENSHOT /home/runner/work/ScraperX/ScraperX/artifacts/screenshots/north_stair_exit_ready.png
SCRAPERX_UITEST_POSE stair_arrival tick=10130 position=(-1.877976, 44.87999, -125.9068) elapsed_ms=631943
SCRAPERX_UITEST_SCREENSHOT /home/runner/work/ScraperX/ScraperX/artifacts/screenshots/north_stair_arrival.png
SCRAPERX_UITEST_POSE upper_handle_ready tick=10604 position=(4.002182, 44.9, -116.7164) elapsed_ms=648190
SCRAPERX_UITEST_SCREENSHOT /home/runner/work/ScraperX/ScraperX/artifacts/screenshots/north_upper_handle_ready.png
SCRAPERX_UITEST_POSE upper_lift_rising tick=11264 position=(4.002176, 54.50865, -117.4964) elapsed_ms=667725
SCRAPERX_UITEST_SCREENSHOT /home/runner/work/ScraperX/ScraperX/artifacts/screenshots/north_upper_lift_rising.png
SCRAPERX_UITEST_POSE upper_lift_seated tick=11540 position=(4.002122, 55.86002, -117.4964) elapsed_ms=675818
SCRAPERX_UITEST_SCREENSHOT /home/runner/work/ScraperX/ScraperX/artifacts/screenshots/north_upper_lift_seated.png
SCRAPERX_UITEST_POSE deck_55m tick=11882 position=(4.008128, 55.89932, -125.4903) elapsed_ms=686849
SCRAPERX_UITEST_SCREENSHOT /home/runner/work/ScraperX/ScraperX/artifacts/screenshots/north_deck_55m.png
SCRAPERX_UITEST_POSE upper_duct_hang tick=12497 position=(1.43234, 59.13124, -122.5499) elapsed_ms=716934
SCRAPERX_UITEST_SCREENSHOT /home/runner/work/ScraperX/ScraperX/artifacts/screenshots/north_upper_duct_hang.png
SCRAPERX_UITEST_POSE upper_vent_climb tick=12743 position=(5.431674, 61.80519, -122.997) elapsed_ms=740125
SCRAPERX_UITEST_SCREENSHOT /home/runner/work/ScraperX/ScraperX/artifacts/screenshots/north_upper_vent_climb.png
SCRAPERX_UITEST_POSE upper_arrival tick=13412 position=(5.40007, 66.9, -125.3974) elapsed_ms=803393
SCRAPERX_UITEST_SCREENSHOT /home/runner/work/ScraperX/ScraperX/artifacts/screenshots/north_upper_arrival.png
SCRAPERX_UITEST_POSE teeter_entry tick=14105 position=(25.17873, 66.9, -138.9917) elapsed_ms=829141
SCRAPERX_UITEST_SCREENSHOT /home/runner/work/ScraperX/ScraperX/artifacts/screenshots/north_teeter_entry.png
SCRAPERX_UITEST_POSE teeter_ballast_near tick=14225 position=(27.74278, 66.76246, -139.3569) elapsed_ms=833882
SCRAPERX_UITEST_SCREENSHOT /home/runner/work/ScraperX/ScraperX/artifacts/screenshots/north_teeter_ballast_near.png
SCRAPERX_UITEST_POSE teeter_ballast_far tick=14435 position=(31.96706, 66.93908, -139.45) elapsed_ms=840328
SCRAPERX_UITEST_SCREENSHOT /home/runner/work/ScraperX/ScraperX/artifacts/screenshots/north_teeter_ballast_far.png
SCRAPERX_UITEST_POSE teeter_loaded tick=14849 position=(32.61886, 64.80927, -138.5744) elapsed_ms=854857
SCRAPERX_UITEST_SCREENSHOT /home/runner/work/ScraperX/ScraperX/artifacts/screenshots/north_teeter_loaded.png
SCRAPERX_UITEST_POSE teeter_shelf tick=15191 position=(34.41737, 64.45, -139.0042) elapsed_ms=884960
SCRAPERX_UITEST_SCREENSHOT /home/runner/work/ScraperX/ScraperX/artifacts/screenshots/north_teeter_shelf.png
SCRAPERX_UITEST_POSE teeter_climb tick=15824 position=(34.6631, 68.27699, -139.3661) elapsed_ms=936139
SCRAPERX_UITEST_SCREENSHOT /home/runner/work/ScraperX/ScraperX/artifacts/screenshots/north_teeter_climb.png
SCRAPERX_UITEST_POSE teeter_arrival tick=17303 position=(25.13492, 77.9, -140.7998) elapsed_ms=1053619
SCRAPERX_UITEST_SCREENSHOT /home/runner/work/ScraperX/ScraperX/artifacts/screenshots/north_teeter_arrival.png
SCRAPERX_UITEST_POSE braced_bay_preview tick=17519 position=(25.10007, 77.9, -131.0183) elapsed_ms=1062530
SCRAPERX_UITEST_SCREENSHOT /home/runner/work/ScraperX/ScraperX/artifacts/screenshots/north_braced_bay_preview.png
SCRAPERX_UITEST_POSE braced_bay_entry tick=17669 position=(28.03196, 77.9, -130.9998) elapsed_ms=1070767
SCRAPERX_UITEST_SCREENSHOT /home/runner/work/ScraperX/ScraperX/artifacts/screenshots/north_braced_bay_entry.png
SCRAPERX_UITEST_POSE braced_bay_transfer tick=18374 position=(28.88816, 82.9, -143.9994) elapsed_ms=1124971
SCRAPERX_UITEST_SCREENSHOT /home/runner/work/ScraperX/ScraperX/artifacts/screenshots/north_braced_bay_transfer.png
SCRAPERX_UITEST_POSE braced_bay_low_member tick=19136 position=(33.99996, 84.88391, -138.7112) elapsed_ms=1148710
SCRAPERX_UITEST_SCREENSHOT /home/runner/work/ScraperX/ScraperX/artifacts/screenshots/north_braced_bay_low_member.png
SCRAPERX_UITEST_POSE braced_bay_upper_junction tick=19628 position=(33.99998, 87.8996, -131.6206) elapsed_ms=1161310
SCRAPERX_UITEST_SCREENSHOT /home/runner/work/ScraperX/ScraperX/artifacts/screenshots/north_braced_bay_upper_junction.png
SCRAPERX_UITEST_POSE braced_bay_arrival tick=20315 position=(24.9187, 88.9, -131.9999) elapsed_ms=1208508
SCRAPERX_UITEST_SCREENSHOT /home/runner/work/ScraperX/ScraperX/artifacts/screenshots/north_braced_bay_arrival.png
SCRAPERX_UITEST_POSE north_frame_entry tick=21377 position=(15.99999, 88.9, -179.5466) elapsed_ms=1253368
SCRAPERX_UITEST_SCREENSHOT /home/runner/work/ScraperX/ScraperX/artifacts/screenshots/north_north_frame_entry.png
SCRAPERX_UITEST_POSE north_frame_first_rest tick=22022 position=(15.99999, 94.9, -180.4617) elapsed_ms=1292914
SCRAPERX_UITEST_SCREENSHOT /home/runner/work/ScraperX/ScraperX/artifacts/screenshots/north_north_frame_first_rest.png
SCRAPERX_UITEST_POSE north_frame_99m tick=22862 position=(9.999996, 99.9, -174.5419) elapsed_ms=1348488
SCRAPERX_UITEST_SCREENSHOT /home/runner/work/ScraperX/ScraperX/artifacts/screenshots/north_north_frame_99m.png
SCRAPERX_UITEST_POSE north_frame_upper_rest tick=23603 position=(15.99998, 104.4, -180.4795) elapsed_ms=1390358
SCRAPERX_UITEST_SCREENSHOT /home/runner/work/ScraperX/ScraperX/artifacts/screenshots/north_north_frame_upper_rest.png
SCRAPERX_UITEST_POSE north_frame_hang tick=23768 position=(14.38, 105.437, -180.5855) elapsed_ms=1400125
SCRAPERX_UITEST_SCREENSHOT /home/runner/work/ScraperX/ScraperX/artifacts/screenshots/north_north_frame_hang.png
SCRAPERX_UITEST_POSE north_frame_shimmy tick=23969 position=(14.43998, 104.8672, -181.8648) elapsed_ms=1412729
SCRAPERX_UITEST_SCREENSHOT /home/runner/work/ScraperX/ScraperX/artifacts/screenshots/north_north_frame_shimmy.png
SCRAPERX_UITEST_POSE north_frame_106m tick=24047 position=(13.56, 106.9, -181.8857) elapsed_ms=1417034
SCRAPERX_UITEST_SCREENSHOT /home/runner/work/ScraperX/ScraperX/artifacts/screenshots/north_north_frame_106m.png
SCRAPERX_UITEST_POSE north_frame_upper_exit tick=24533 position=(15.49991, 109.3988, -177.5631) elapsed_ms=1443838
SCRAPERX_UITEST_SCREENSHOT /home/runner/work/ScraperX/ScraperX/artifacts/screenshots/north_north_frame_upper_exit.png
SCRAPERX_UITEST_POSE north_frame_110m tick=24803 position=(15.5, 110.9, -174.5419) elapsed_ms=1460405
SCRAPERX_UITEST_SCREENSHOT /home/runner/work/ScraperX/ScraperX/artifacts/screenshots/north_north_frame_110m.png
SCRAPERX_UITEST PASS touch_north_frame grade_to_110m=1 north_frame=1 hanging_shimmy=1 support=11 deaths=0 arrival_y=110.900
