Godot Engine v4.7.stable.official.5b4e0cb0f - https://godotengine.org
WARNING: Started the engine as `root`/superuser. This is a security risk, and subsystems like audio may not work correctly.
Set the environment variable `GODOT_SILENCE_ROOT_WARNING` to 1 to silence this warning.
     at: setup2 (main/main.cpp:3577)

SCRAPERX_EXTENSION_LOADED api=4.7 authority=scraperx_sim scene=slingshot
SCRAPERX_VIEWPORT size=2160x2160 aspect=1.000 fov=82.0 far=2000
SCRAPERX_AUDIO_BANK clips=28 msec=486 driver=Dummy
SCRAPERX_UITEST_POSE cargo_net_entry tick=1507 position=(19.99277, 0.9, -109.9547) elapsed_ms=19002
SCRAPERX_UITEST_POSE cargo_net_climbing tick=2163 position=(20.00342, 5.511471, -117.1958) elapsed_ms=26512
SCRAPERX_UITEST_POSE cargo_net_receiver tick=2667 position=(20.00096, 11.9, -118.4825) elapsed_ms=32256
SCRAPERX_UITEST_POSE cargo_net_first_ring tick=2911 position=(18.5006, 11.9, -125.9318) elapsed_ms=35045
SCRAPERX_CAMPAIGN cargo_net_exit at=(18.5006, 11.9, -125.9318) support=11
SCRAPERX_UITEST_POSE facade_approach tick=3186 position=(20.0649, 11.9, -121.3025) elapsed_ms=38638
SCRAPERX_UITEST_POSE duct_hang tick=3372 position=(20.01121, 15.17049, -122.4659) elapsed_ms=40905
SCRAPERX_UITEST_POSE vent_climb tick=3658 position=(23.95858, 17.77813, -123.0015) elapsed_ms=44246
SCRAPERX_UITEST_POSE ladder_leap tick=4681 position=(12.50006, 23.2, -119.6952) elapsed_ms=55444
SCRAPERX_UITEST_POSE facade_arrival tick=6325 position=(10.64137, 33.9, -125.4653) elapsed_ms=72029
SCRAPERX_UITEST_POSE stair_handle_ready tick=6991 position=(-17.49934, 33.9, -121.3954) elapsed_ms=79265
SCRAPERX_UITEST_POSE stair_released tick=7117 position=(-17.49934, 33.9, -122.0592) elapsed_ms=80728
SCRAPERX_UITEST_POSE stair_climb tick=8586 position=(-10.10367, 38.62165, -122.1001) elapsed_ms=102348
SCRAPERX_UITEST_POSE stair_exit_ready tick=9613 position=(-2.210222, 45.31544, -122.3776) elapsed_ms=115756
SCRAPERX_UITEST_POSE stair_arrival tick=9783 position=(-2.138957, 44.9, -125.8337) elapsed_ms=117807
SCRAPERX_UITEST_POSE upper_handle_ready tick=10321 position=(4.008987, 44.9, -116.7675) elapsed_ms=124627
SCRAPERX_UITEST_POSE upper_lift_rising tick=10978 position=(4.008987, 54.50283, -117.5245) elapsed_ms=132662
SCRAPERX_UITEST_POSE upper_lift_seated tick=11250 position=(4.008974, 55.86002, -117.5245) elapsed_ms=136230
SCRAPERX_UITEST_POSE deck_55m tick=11610 position=(4.060982, 55.89999, -125.4252) elapsed_ms=140568
SCRAPERX_UITEST_POSE upper_duct_hang tick=12240 position=(1.444494, 59.15417, -122.5498) elapsed_ms=148296
SCRAPERX_UITEST_POSE upper_vent_climb tick=12483 position=(5.350427, 61.77796, -123.0046) elapsed_ms=150907
SCRAPERX_UITEST_POSE upper_arrival tick=13156 position=(5.424592, 66.9, -126.005) elapsed_ms=160378
SCRAPERX_UITEST_POSE teeter_entry tick=13842 position=(25.18834, 66.9, -138.9921) elapsed_ms=168208
SCRAPERX_UITEST_POSE teeter_ballast_near tick=13951 position=(27.77727, 66.76797, -139.4369) elapsed_ms=169403
SCRAPERX_UITEST_POSE teeter_ballast_far tick=14163 position=(31.91657, 66.98935, -139.45) elapsed_ms=171763
SCRAPERX_UITEST_POSE teeter_loaded tick=14569 position=(32.81841, 64.71709, -138.4066) elapsed_ms=176564
SCRAPERX_UITEST_POSE teeter_shelf tick=14901 position=(35.38323, 64.45, -139.3595) elapsed_ms=180458
SCRAPERX_UITEST_POSE teeter_climb tick=15529 position=(34.83593, 68.26325, -139.4341) elapsed_ms=187887
SCRAPERX_UITEST_POSE teeter_arrival tick=17010 position=(25.14011, 77.9, -140.7994) elapsed_ms=205956
SCRAPERX_UITEST_POSE braced_bay_preview tick=17221 position=(25.10034, 77.9, -131.0852) elapsed_ms=208546
SCRAPERX_UITEST_POSE braced_bay_entry tick=17364 position=(27.97079, 77.9, -131.0008) elapsed_ms=210352
SCRAPERX_UITEST_POSE braced_bay_transfer tick=18057 position=(28.89318, 82.9, -144.0648) elapsed_ms=218941
SCRAPERX_UITEST_POSE braced_bay_low_member tick=18804 position=(33.99977, 84.88374, -138.711) elapsed_ms=227954
SCRAPERX_UITEST_POSE braced_bay_upper_junction tick=19276 position=(33.99999, 87.9, -131.3792) elapsed_ms=233953
SCRAPERX_UITEST_POSE braced_bay_arrival tick=19957 position=(24.91901, 88.9, -131.9996) elapsed_ms=242240
SCRAPERX_UITEST_POSE north_frame_entry tick=21015 position=(16.00072, 88.9, -179.49) elapsed_ms=255837
SCRAPERX_UITEST_POSE north_frame_first_rest tick=21652 position=(16.00072, 94.9, -180.4725) elapsed_ms=263434
SCRAPERX_UITEST_POSE north_frame_99m tick=22483 position=(10.00001, 99.9, -174.5984) elapsed_ms=274309
SCRAPERX_UITEST_POSE north_frame_upper_rest tick=23223 position=(15.99993, 104.4, -180.4725) elapsed_ms=283773
SCRAPERX_UITEST_POSE north_frame_hang tick=23385 position=(14.38004, 105.4052, -180.5833) elapsed_ms=285964
SCRAPERX_UITEST_POSE north_frame_shimmy tick=23578 position=(14.44001, 104.8665, -181.853) elapsed_ms=288476
SCRAPERX_UITEST_POSE north_frame_106m tick=23652 position=(13.56, 106.9, -181.8702) elapsed_ms=289469
SCRAPERX_UITEST_POSE north_frame_upper_exit tick=24132 position=(15.49895, 109.3998, -177.6222) elapsed_ms=296623
SCRAPERX_UITEST_POSE north_frame_110m tick=24394 position=(15.49997, 110.9, -174.5532) elapsed_ms=300435
SCRAPERX_CAMPAIGN north_frame_exit at=(15.49997, 110.9, -174.5532) support=11
SCRAPERX_UITEST_POSE swing_approach tick=24682 position=(10.00034, 110.9, -179.5715) elapsed_ms=305109
SCRAPERX_UITEST_POSE swing_launch_view tick=25137 position=(9.160801, 114.8992, -180.1104) elapsed_ms=311902
SCRAPERX_SWING_CATCH tick=25165 player=(9.160801, 114.8992, -180.1104) player_velocity=(0.0, 0.0, 0.0) grounded=true crouched=false traversal=0 view_yaw_rad=-0.000000 grip=false grip_point=(0.0, 0.0, 0.0) angle_z=-0.000697 origin=(6.000005, 124.0, -181.2) body_velocity=(0.0, -0.0, -0.0) observed_rung_midpoint_velocity=(0.0, 0.0, 0.0) observed_angular_z=0.000000 nearest_rung=(6.844049, 115.4594, -181.2) hand_distance=2.419722 faced_depth=1.089600
SCRAPERX_SWING_CATCH tick=25167 player=(9.154041, 115.0187, -180.1128) player_velocity=(-0.377543, 5.282001, -0.13214) grounded=false crouched=false traversal=0 view_yaw_rad=-0.000000 grip=false grip_point=(0.0, 0.0, 0.0) angle_z=-0.000697 origin=(6.000005, 124.0, -181.2) body_velocity=(0.0, -0.0, -0.0) observed_rung_midpoint_velocity=(0.0, 0.0, 0.0) observed_angular_z=0.000000 nearest_rung=(6.844049, 115.4594, -181.2) hand_distance=2.410069 faced_depth=1.087219
SCRAPERX_SWING_CATCH tick=25168 player=(9.148216, 115.0766, -180.1148) player_velocity=(-0.524366, 5.173002, -0.183528) grounded=false crouched=false traversal=0 view_yaw_rad=-0.000000 grip=false grip_point=(0.0, 0.0, 0.0) angle_z=-0.000697 origin=(6.000005, 124.0, -181.2) body_velocity=(0.0, -0.0, -0.0) observed_rung_midpoint_velocity=(0.0, 0.0, 0.0) observed_angular_z=0.000000 nearest_rung=(6.844049, 115.4594, -181.2) hand_distance=2.404832 faced_depth=1.085205
SCRAPERX_SWING_CATCH tick=25170 player=(9.131668, 115.1889, -180.1206) player_velocity=(-0.818011, 4.955004, -0.286304) grounded=false crouched=false traversal=0 view_yaw_rad=-0.000000 grip=false grip_point=(0.0, 0.0, 0.0) angle_z=-0.000697 origin=(6.000005, 124.0, -181.2) body_velocity=(0.0, -0.0, -0.0) observed_rung_midpoint_velocity=(0.0, 0.0, 0.0) observed_angular_z=0.000000 nearest_rung=(6.8443, 115.8194, -181.2) hand_distance=2.392961 faced_depth=1.079407
SCRAPERX_SWING_CATCH tick=25171 player=(9.120949, 115.2431, -180.1243) player_velocity=(-0.964833, 4.846004, -0.337692) grounded=false crouched=false traversal=0 view_yaw_rad=-0.000000 grip=false grip_point=(0.0, 0.0, 0.0) angle_z=-0.000697 origin=(6.000005, 124.0, -181.2) body_velocity=(0.0, -0.0, -0.0) observed_rung_midpoint_velocity=(0.0, 0.0, 0.0) observed_angular_z=0.000000 nearest_rung=(6.8443, 115.8194, -181.2) hand_distance=2.378158 faced_depth=1.075684
SCRAPERX_SWING_CATCH tick=25173 player=(9.094612, 115.3481, -180.1335) player_velocity=(-1.258478, 4.628006, -0.440467) grounded=false crouched=false traversal=0 view_yaw_rad=-0.000000 grip=false grip_point=(0.0, 0.0, 0.0) angle_z=-0.000697 origin=(6.000005, 124.0, -181.2) body_velocity=(0.0, -0.0, -0.0) observed_rung_midpoint_velocity=(0.0, 0.0, 0.0) observed_angular_z=0.000000 nearest_rung=(6.8443, 115.8194, -181.2) hand_distance=2.347029 faced_depth=1.066467
SCRAPERX_SWING_CATCH tick=25174 player=(9.078999, 115.3988, -180.139) player_velocity=(-1.4053, 4.519007, -0.491855) grounded=false crouched=false traversal=0 view_yaw_rad=-0.000000 grip=false grip_point=(0.0, 0.0, 0.0) angle_z=-0.000697 origin=(6.000005, 124.0, -181.2) body_velocity=(0.0, -0.0, -0.0) observed_rung_midpoint_velocity=(0.0, 0.0, 0.0) observed_angular_z=0.000000 nearest_rung=(6.8443, 115.8194, -181.2) hand_distance=2.330587 faced_depth=1.060974
SCRAPERX_SWING_CATCH tick=25176 player=(9.042873, 115.4965, -180.1517) player_velocity=(-1.698945, 4.301008, -0.594631) grounded=false crouched=false traversal=0 view_yaw_rad=-0.000000 grip=false grip_point=(0.0, 0.0, 0.0) angle_z=-0.000697 origin=(6.000005, 124.0, -181.2) body_velocity=(0.0, -0.0, -0.0) observed_rung_midpoint_velocity=(0.0, 0.0, 0.0) observed_angular_z=0.000000 nearest_rung=(6.8443, 115.8194, -181.2) hand_distance=2.295696 faced_depth=1.048340
SCRAPERX_SWING_CATCH tick=25177 player=(9.022366, 115.5435, -180.1589) player_velocity=(-1.845768, 4.192009, -0.646019) grounded=false crouched=false traversal=0 view_yaw_rad=-0.000000 grip=false grip_point=(0.0, 0.0, 0.0) angle_z=-0.000697 origin=(6.000005, 124.0, -181.2) body_velocity=(0.0, -0.0, -0.0) observed_rung_midpoint_velocity=(0.0, 0.0, 0.0) observed_angular_z=0.000000 nearest_rung=(6.8443, 115.8194, -181.2) hand_distance=2.277134 faced_depth=1.041138
SCRAPERX_SWING_CATCH tick=25179 player=(8.976456, 115.6339, -180.1749) player_velocity=(-2.139412, 3.97401, -0.748794) grounded=false crouched=false traversal=0 view_yaw_rad=-0.000000 grip=false grip_point=(0.0, 0.0, 0.0) angle_z=-0.000697 origin=(6.000005, 124.0, -181.2) body_velocity=(0.0, -0.0, -0.0) observed_rung_midpoint_velocity=(0.0, 0.0, 0.0) observed_angular_z=0.000000 nearest_rung=(6.844551, 116.1794, -181.2) hand_distance=2.223708 faced_depth=1.025085
SCRAPERX_SWING_CATCH tick=25180 player=(8.951054, 115.6773, -180.1838) player_velocity=(-2.286235, 3.86501, -0.800182) grounded=false crouched=false traversal=0 view_yaw_rad=-0.000000 grip=false grip_point=(0.0, 0.0, 0.0) angle_z=-0.000697 origin=(6.000005, 124.0, -181.2) body_velocity=(0.0, -0.0, -0.0) observed_rung_midpoint_velocity=(0.0, 0.0, 0.0) observed_angular_z=0.000000 nearest_rung=(6.844551, 116.1794, -181.2) hand_distance=2.195392 faced_depth=1.016174
SCRAPERX_SWING_CATCH tick=25182 player=(8.895355, 115.7605, -180.2033) player_velocity=(-2.57988, 3.64701, -0.902958) grounded=false crouched=false traversal=0 view_yaw_rad=-0.000000 grip=false grip_point=(0.0, 0.0, 0.0) angle_z=-0.000697 origin=(6.000005, 124.0, -181.2) body_velocity=(0.0, -0.0, -0.0) observed_rung_midpoint_velocity=(0.0, 0.0, 0.0) observed_angular_z=0.000000 nearest_rung=(6.844551, 116.1794, -181.2) hand_distance=2.136078 faced_depth=0.996704
SCRAPERX_SWING_CATCH tick=25183 player=(8.865059, 115.8003, -180.2139) player_velocity=(-2.726702, 3.538009, -0.954346) grounded=false crouched=false traversal=0 view_yaw_rad=-0.000000 grip=false grip_point=(0.0, 0.0, 0.0) angle_z=-0.000697 origin=(6.000005, 124.0, -181.2) body_velocity=(0.0, -0.0, -0.0) observed_rung_midpoint_velocity=(0.0, 0.0, 0.0) observed_angular_z=0.000000 nearest_rung=(6.844551, 116.1794, -181.2) hand_distance=2.104988 faced_depth=0.986084
SCRAPERX_SWING_CATCH tick=25185 player=(8.799572, 115.8762, -180.2368) player_velocity=(-3.020347, 3.320009, -1.057122) grounded=false crouched=false traversal=0 view_yaw_rad=-0.000000 grip=false grip_point=(0.0, 0.0, 0.0) angle_z=-0.000697 origin=(6.000005, 124.0, -181.2) body_velocity=(0.0, -0.0, -0.0) observed_rung_midpoint_velocity=(0.0, 0.0, 0.0) observed_angular_z=0.000000 nearest_rung=(6.844551, 116.1794, -181.2) hand_distance=2.039813 faced_depth=0.963196
SCRAPERX_SWING_CATCH tick=25186 player=(8.764381, 115.9123, -180.2491) player_velocity=(-3.16717, 3.211009, -1.108509) grounded=false crouched=false traversal=0 view_yaw_rad=-0.000000 grip=false grip_point=(0.0, 0.0, 0.0) angle_z=-0.000697 origin=(6.000005, 124.0, -181.2) body_velocity=(0.0, -0.0, -0.0) observed_rung_midpoint_velocity=(0.0, 0.0, 0.0) observed_angular_z=0.000000 nearest_rung=(6.844802, 116.5394, -181.2) hand_distance=2.004900 faced_depth=0.950867
SCRAPERX_SWING_CATCH tick=25188 player=(8.689106, 115.9809, -180.2755) player_velocity=(-3.460814, 2.993008, -1.211285) grounded=false crouched=false traversal=0 view_yaw_rad=-0.000000 grip=false grip_point=(0.0, 0.0, 0.0) angle_z=-0.000697 origin=(6.000005, 124.0, -181.2) body_velocity=(0.0, -0.0, -0.0) observed_rung_midpoint_velocity=(0.0, 0.0, 0.0) observed_angular_z=0.000000 nearest_rung=(6.844802, 116.5394, -181.2) hand_distance=1.920504 faced_depth=0.924500
SCRAPERX_SWING_CATCH tick=25189 player=(8.649021, 116.0134, -180.2895) player_velocity=(-3.607637, 2.884008, -1.262673) grounded=false crouched=false traversal=0 view_yaw_rad=-0.000000 grip=false grip_point=(0.0, 0.0, 0.0) angle_z=-0.000697 origin=(6.000005, 124.0, -181.2) body_velocity=(0.0, -0.0, -0.0) observed_rung_midpoint_velocity=(0.0, 0.0, 0.0) observed_angular_z=0.000000 nearest_rung=(6.844802, 116.5394, -181.2) hand_distance=1.876582 faced_depth=0.910461
SCRAPERX_SWING_CATCH tick=25191 player=(8.563957, 116.0748, -180.3193) player_velocity=(-3.901282, 2.666008, -1.365449) grounded=false crouched=false traversal=0 view_yaw_rad=-0.000000 grip=false grip_point=(0.0, 0.0, 0.0) angle_z=-0.000697 origin=(6.000005, 124.0, -181.2) body_velocity=(0.0, -0.0, -0.0) observed_rung_midpoint_velocity=(0.0, 0.0, 0.0) observed_angular_z=0.000000 nearest_rung=(6.844802, 116.5394, -181.2) hand_distance=1.785151 faced_depth=0.880676
SCRAPERX_SWING_CATCH tick=25192 player=(8.518978, 116.1037, -180.3351) player_velocity=(-4.048104, 2.557008, -1.416837) grounded=false crouched=false traversal=0 view_yaw_rad=-0.000000 grip=false grip_point=(0.0, 0.0, 0.0) angle_z=-0.000697 origin=(6.000005, 124.0, -181.2) body_velocity=(0.0, -0.0, -0.0) observed_rung_midpoint_velocity=(0.0, 0.0, 0.0) observed_angular_z=0.000000 nearest_rung=(6.844802, 116.5394, -181.2) hand_distance=1.737594 faced_depth=0.864929
SCRAPERX_SWING_CATCH tick=25194 player=(8.424126, 116.1578, -180.3683) player_velocity=(-4.341749, 2.339007, -1.519613) grounded=false crouched=false traversal=0 view_yaw_rad=-0.000000 grip=false grip_point=(0.0, 0.0, 0.0) angle_z=-0.000697 origin=(6.000005, 124.0, -181.2) body_velocity=(0.0, -0.0, -0.0) observed_rung_midpoint_velocity=(0.0, 0.0, 0.0) observed_angular_z=0.000000 nearest_rung=(6.844802, 116.5394, -181.2) hand_distance=1.638696 faced_depth=0.831726
SCRAPERX_SWING_CATCH tick=25195 player=(8.374252, 116.183, -180.3857) player_velocity=(-4.488572, 2.230007, -1.571) grounded=false crouched=false traversal=0 view_yaw_rad=-0.000000 grip=false grip_point=(0.0, 0.0, 0.0) angle_z=-0.000697 origin=(6.000005, 124.0, -181.2) body_velocity=(0.0, -0.0, -0.0) observed_rung_midpoint_velocity=(0.0, 0.0, 0.0) observed_angular_z=0.000000 nearest_rung=(6.844802, 116.5394, -181.2) hand_distance=1.587324 faced_depth=0.814270
SCRAPERX_SWING_CATCH tick=25197 player=(8.269611, 116.2298, -180.4223) player_velocity=(-4.782217, 2.012007, -1.673776) grounded=false crouched=false traversal=0 view_yaw_rad=-0.000000 grip=false grip_point=(0.0, 0.0, 0.0) angle_z=-0.000697 origin=(6.000005, 124.0, -181.2) body_velocity=(0.0, -0.0, -0.0) observed_rung_midpoint_velocity=(0.0, 0.0, 0.0) observed_angular_z=0.000000 nearest_rung=(6.844802, 116.5394, -181.2) hand_distance=1.480680 faced_depth=0.777649
SCRAPERX_SWING_CATCH tick=25198 player=(8.214844, 116.2514, -180.4415) player_velocity=(-4.929039, 1.903006, -1.725164) grounded=false crouched=false traversal=0 view_yaw_rad=-0.000000 grip=false grip_point=(0.0, 0.0, 0.0) angle_z=-0.000697 origin=(6.000005, 124.0, -181.2) body_velocity=(0.0, -0.0, -0.0) observed_rung_midpoint_velocity=(0.0, 0.0, 0.0) observed_angular_z=0.000000 nearest_rung=(6.844802, 116.5394, -181.2) hand_distance=1.425402 faced_depth=0.758484
SCRAPERX_SWING_CATCH tick=25200 player=(8.100761, 116.291, -180.4814) player_velocity=(-5.191221, 1.685006, -1.816928) grounded=false crouched=false traversal=0 view_yaw_rad=-0.000000 grip=false grip_point=(0.0, 0.0, 0.0) angle_z=-0.000697 origin=(6.000005, 124.0, -181.2) body_velocity=(0.0, -0.0, -0.0) observed_rung_midpoint_velocity=(0.0, 0.0, 0.0) observed_angular_z=0.000000 nearest_rung=(6.845053, 116.8994, -181.2) hand_distance=1.305145 faced_depth=0.718567
SCRAPERX_SWING_CATCH tick=25201 player=(8.043079, 116.3089, -180.5016) player_velocity=(-5.191221, 1.576006, -1.816928) grounded=false crouched=false traversal=0 view_yaw_rad=-0.000000 grip=false grip_point=(0.0, 0.0, 0.0) angle_z=-0.000697 origin=(6.000005, 124.0, -181.2) body_velocity=(0.0, -0.0, -0.0) observed_rung_midpoint_velocity=(0.0, 0.0, 0.0) observed_angular_z=0.000000 nearest_rung=(6.845053, 116.8994, -181.2) hand_distance=1.242590 faced_depth=0.698364
SCRAPERX_SWING_CATCH tick=25203 player=(7.927718, 116.3412, -180.542) player_velocity=(-5.191221, 1.358005, -1.816928) grounded=false crouched=false traversal=0 view_yaw_rad=-0.000000 grip=false grip_point=(0.0, 0.0, 0.0) angle_z=-0.000697 origin=(6.000005, 124.0, -181.2) body_velocity=(0.0, -0.0, -0.0) observed_rung_midpoint_velocity=(0.0, 0.0, 0.0) observed_angular_z=0.000000 nearest_rung=(6.845053, 116.8994, -181.2) hand_distance=1.118221 faced_depth=0.657959
SCRAPERX_SWING_CATCH tick=25204 player=(7.870038, 116.3556, -180.5622) player_velocity=(-5.191221, 1.249005, -1.816928) grounded=false crouched=false traversal=0 view_yaw_rad=-0.000000 grip=false grip_point=(0.0, 0.0, 0.0) angle_z=-0.000697 origin=(6.000005, 124.0, -181.2) body_velocity=(0.0, -0.0, -0.0) observed_rung_midpoint_velocity=(0.0, 0.0, 0.0) observed_angular_z=0.000000 nearest_rung=(6.845053, 116.8994, -181.2) hand_distance=1.056378 faced_depth=0.637756
SCRAPERX_SWING_CATCH tick=25206 player=(7.754678, 116.3806, -180.6026) player_velocity=(-5.191221, 1.031005, -1.816928) grounded=false crouched=false traversal=0 view_yaw_rad=-0.000000 grip=false grip_point=(0.0, 0.0, 0.0) angle_z=-0.000697 origin=(6.000005, 124.0, -181.2) body_velocity=(0.0, -0.0, -0.0) observed_rung_midpoint_velocity=(0.0, 0.0, 0.0) observed_angular_z=0.000000 nearest_rung=(6.845053, 116.8994, -181.2) hand_distance=0.933330 faced_depth=0.597351
SCRAPERX_SWING_CATCH tick=25207 player=(7.696998, 116.3913, -180.6228) player_velocity=(-5.191221, 0.922005, -1.816928) grounded=false crouched=false traversal=0 view_yaw_rad=-0.000000 grip=false grip_point=(0.0, 0.0, 0.0) angle_z=-0.000697 origin=(6.000005, 124.0, -181.2) body_velocity=(0.0, -0.0, -0.0) observed_rung_midpoint_velocity=(0.0, 0.0, 0.0) observed_angular_z=0.000000 nearest_rung=(6.845053, 116.8994, -181.2) hand_distance=0.872108 faced_depth=0.577148
SCRAPERX_SWING_CATCH tick=25209 player=(7.581637, 116.4091, -180.6633) player_velocity=(-5.191221, 0.704005, -1.816928) grounded=false crouched=false traversal=0 view_yaw_rad=-0.000000 grip=false grip_point=(0.0, 0.0, 0.0) angle_z=-0.000697 origin=(6.000005, 124.0, -181.2) body_velocity=(0.0, -0.0, -0.0) observed_rung_midpoint_velocity=(0.0, 0.0, 0.0) observed_angular_z=0.000000 nearest_rung=(6.845053, 116.8994, -181.2) hand_distance=0.750258 faced_depth=0.536743
SCRAPERX_SWING_CATCH tick=25210 player=(7.523957, 116.4161, -180.6835) player_velocity=(-5.191221, 0.595005, -1.816928) grounded=false crouched=false traversal=0 view_yaw_rad=-0.000000 grip=false grip_point=(0.0, 0.0, 0.0) angle_z=-0.000697 origin=(6.000005, 124.0, -181.2) body_velocity=(0.0, -0.0, -0.0) observed_rung_midpoint_velocity=(0.0, 0.0, 0.0) observed_angular_z=0.000000 nearest_rung=(6.845053, 116.8994, -181.2) hand_distance=0.689640 faced_depth=0.516541
SCRAPERX_SWING_CATCH tick=25212 player=(7.408597, 116.4266, -180.7239) player_velocity=(-5.191221, 0.377005, -1.816928) grounded=false crouched=false traversal=0 view_yaw_rad=-0.000000 grip=false grip_point=(0.0, 0.0, 0.0) angle_z=-0.000697 origin=(6.000005, 124.0, -181.2) body_velocity=(0.0, -0.0, -0.0) observed_rung_midpoint_velocity=(0.0, 0.0, 0.0) observed_angular_z=0.000000 nearest_rung=(6.845053, 116.8994, -181.2) hand_distance=0.569122 faced_depth=0.476135
SCRAPERX_SWING_CATCH tick=25213 player=(7.350917, 116.4301, -180.7441) player_velocity=(-5.191221, 0.268005, -1.816928) grounded=false crouched=false traversal=0 view_yaw_rad=-0.000000 grip=false grip_point=(0.0, 0.0, 0.0) angle_z=-0.000697 origin=(6.000005, 124.0, -181.2) body_velocity=(0.0, -0.0, -0.0) observed_rung_midpoint_velocity=(0.0, 0.0, 0.0) observed_angular_z=0.000000 nearest_rung=(6.845053, 116.8994, -181.2) hand_distance=0.509316 faced_depth=0.455933
SCRAPERX_SWING_CATCH tick=25215 player=(7.235557, 116.4333, -180.7845) player_velocity=(-5.191221, 0.050005, -1.816928) grounded=false crouched=false traversal=0 view_yaw_rad=-0.000000 grip=false grip_point=(0.0, 0.0, 0.0) angle_z=-0.000697 origin=(6.000005, 124.0, -181.2) body_velocity=(0.0, -0.0, -0.0) observed_rung_midpoint_velocity=(0.0, 0.0, 0.0) observed_angular_z=0.000000 nearest_rung=(6.845053, 116.8994, -181.2) hand_distance=0.391146 faced_depth=0.415527
SCRAPERX_SWING_CATCH tick=25216 player=(7.177876, 116.4331, -180.8047) player_velocity=(-5.191221, -0.058995, -1.816928) grounded=false crouched=false traversal=0 view_yaw_rad=-0.000000 grip=false grip_point=(0.0, 0.0, 0.0) angle_z=-0.000697 origin=(6.000005, 124.0, -181.2) body_velocity=(0.0, -0.0, -0.0) observed_rung_midpoint_velocity=(0.0, 0.0, 0.0) observed_angular_z=0.000000 nearest_rung=(6.845053, 116.8994, -181.2) hand_distance=0.333258 faced_depth=0.395325
SCRAPERX_SWING_CATCH tick=25218 player=(7.092893, 116.4291, -180.7941) player_velocity=(-3.332523, -0.269139, 1.119487) grounded=false crouched=false traversal=4 view_yaw_rad=-0.000000 grip=false grip_point=(0.0, 0.0, 0.0) angle_z=-0.002003 origin=(6.0, 124.0, -181.2) body_velocity=(-0.374314, 0.000666, 0.0) observed_rung_midpoint_velocity=(-0.459623, 0.000343, 0.0) observed_angular_z=-0.058746 nearest_rung=(6.835778, 116.8983, -181.2) hand_distance=0.257903 faced_depth=0.405930
SCRAPERX_UITEST_POSE swing_caught tick=25264 position=(6.530329, 116.312, -180.8175) elapsed_ms=313887
SCRAPERX_SWING_RELEASE_START player=(6.481901, 119.8106, -180.77) normal=(0.0, 0.0, -1.0) loaded_span=0.151717
SCRAPERX_SWING_RELEASE_PHASE tick=25786 player=(6.481901, 119.8106, -180.77) velocity=(0.328807, -0.031311, 0.0) angle=-0.094741 normal=(0.0, 0.0, -1.0) support=2960
SCRAPERX_UITEST_POSE swing_release_height tick=25786 position=(6.481901, 119.8106, -180.77) elapsed_ms=321002
SCRAPERX_UITEST_POSE swing_landing tick=25956 position=(10.31303, 119.9, -178.6885) elapsed_ms=323314
SCRAPERX_UITEST_POSE swing_tower_exit tick=26224 position=(9.002249, 121.9, -174.5659) elapsed_ms=327189
SCRAPERX_UITEST PASS touch_campaign_to_121 staging=ordinary_grade_spawn cargo_net=1 upper_route=1 loaded_swing=1 supported_height_m=121 support=11 deaths=0 slingshot_work_j=0 world=slingshot
