INFO AS-002 deployed hold: least_travel=0.907572 pack_drift=0.000419725
OLDHINGE approach-deck tick=19250 t=213.888888889 P=-8.98077487946,25.0872020721,-109.142219543 V=-0.649917304516,0,4.80771970749 supportV=0,0,0 ground=1 support=45 traversal=0 flightTravel=0.907572031021 packSlung=0 cradleY=2.71075415611 deaths=0
OLDHINGE flight-foot tick=21500 t=238.888888889 P=-6.01104831696,25.3431663513,-112.500205994 V=7.8938455772e-06,4.46743069915e-06,-0.0292819552124 supportV=-0.00966337230057,-0.115386098623,0.0460343025625 ground=1 support=47 traversal=0 flightTravel=0.907572031021 packSlung=0 cradleY=2.71074271202 deaths=0
OLDHINGE hinge-sample tick=21680 t=240.888888889 P=-5.73184871674,25.5050525665,-112.515182495 V=-2.2999369321e-05,-7.10328595233e-06,0.00302870757878 supportV=-0.0142528982833,-0.118386887014,5.65827576793e-05 ground=1 support=47 traversal=0 flightTravel=0.907572031021 packSlung=0 cradleY=2.71000599861 deaths=0
OLDHINGE hinge-sample tick=21860 t=242.888888889 P=-5.72931528091,25.5058498383,-112.506744385 V=5.88946568314e-05,1.86245815712e-05,0.00374706229195 supportV=-0.0142597490922,-0.11837760359,5.55447622901e-05 ground=1 support=47 traversal=0 flightTravel=0.907572031021 packSlung=0 cradleY=2.71065807343 deaths=0
OLDHINGE hinge-sample tick=22040 t=244.888888889 P=-5.72913408279,25.5059089661,-112.501754761 V=6.87997896875e-07,2.18997115553e-07,0.00143005338032 supportV=-0.0142501033843,-0.118391275406,2.30368823395e-05 ground=1 support=47 traversal=0 flightTravel=0.907572031021 packSlung=0 cradleY=2.71074843407 deaths=0
OLDHINGE hinge-sample tick=22220 t=246.888888889 P=-5.72913408279,25.5059089661,-112.500114441 V=1.25053645661e-07,3.5208334026e-08,0.000308272166876 supportV=-0.014250007458,-0.118391431868,6.53022107144e-06 ground=1 support=47 traversal=0 flightTravel=0.907572031021 packSlung=0 cradleY=2.710750103 deaths=0
OLDHINGE hinge-sample tick=22400 t=248.888888889 P=-5.72913408279,25.5059089661,-112.500114441 V=-3.35022676268e-10,-3.24463833579e-09,7.02293546055e-05 supportV=-0.0142500279471,-0.118391394615,4.03455806008e-06 ground=1 support=47 traversal=0 flightTravel=0.907572031021 packSlung=0 cradleY=2.710750103 deaths=0
OLDHINGE hinge-sample tick=22580 t=250.888888889 P=-5.72913408279,25.5059089661,-112.500114441 V=2.27242708206e-07,6.70552253723e-08,4.92240978929e-05 supportV=-0.0142500083894,-0.118391431868,3.81433710572e-06 ground=1 support=47 traversal=0 flightTravel=0.907572031021 packSlung=0 cradleY=2.710750103 deaths=0
OLDHINGE hinge-sample tick=22760 t=252.888888889 P=-5.72913408279,25.5059089661,-112.500114441 V=-2.90350243404e-07,-9.58089785286e-08,4.73705476907e-05 supportV=-0.0142500502989,-0.118391349912,3.79490461455e-06 ground=1 support=47 traversal=0 flightTravel=0.907572031021 packSlung=0 cradleY=2.710750103 deaths=0
OLDHINGE hinge-sample tick=22940 t=254.888888889 P=-5.72913408279,25.5059089661,-112.500114441 V=-1.12250091888e-07,-3.07110461506e-08,4.72069987154e-05 supportV=-0.0142500381917,-0.118391379714,3.79319021704e-06 ground=1 support=47 traversal=0 flightTravel=0.907572031021 packSlung=0 cradleY=2.710750103 deaths=0
OLDHINGE hinge-sample tick=23120 t=256.888888889 P=-5.72913408279,25.5059089661,-112.500114441 V=3.38626335861e-08,1.06952189327e-08,4.71925668535e-05 supportV=-0.0142500400543,-0.118391379714,3.79303787668e-06 ground=1 support=47 traversal=0 flightTravel=0.907572031021 packSlung=0 cradleY=2.710750103 deaths=0
OLDHINGE hinge-sample tick=23300 t=258.888888889 P=-5.72913408279,25.5059089661,-112.500114441 V=1.08408482191e-08,4.20594226114e-09,4.71913299407e-05 supportV=-0.014250036329,-0.118391379714,3.793024689e-06 ground=1 support=47 traversal=0 flightTravel=0.907572031021 packSlung=0 cradleY=2.710750103 deaths=0
OLDHINGE end-20s-hinge tick=23300 t=258.888888889 P=-5.72913408279,25.5059089661,-112.500114441 V=1.08408482191e-08,4.20594226114e-09,4.71913299407e-05 supportV=-0.014250036329,-0.118391379714,3.793024689e-06 ground=1 support=47 traversal=0 flightTravel=0.907572031021 packSlung=0 cradleY=2.710750103 deaths=0
OLDHINGE mid-pretarget tick=24200 t=268.888888889 P=-5.72913408279,25.5059089661,-112.500114441 V=-2.45869159698e-07,-8.19563865662e-08,4.27580562246e-05 supportV=-0.0142500530928,-0.118391349912,3.79302446163e-06 ground=1 support=47 traversal=0 flightTravel=0.907572031021 packSlung=0 cradleY=2.710750103 deaths=0
OLDHINGE final-braked-mid tick=24790 t=275.444444444 P=9.35117053986,0.900000035763,-115.799934387 V=0,0,0 supportV=0,0,0 ground=1 support=1 traversal=0 flightTravel=0.907572031021 packSlung=0 cradleY=2.71074271202 deaths=0
OLDHINGE RESULT original_mid_landing_oracle=0 deaths=0
INFO AS-002 deployed hold: least_travel=0.907572031021 pack_drift=0.000419725057309
PDHINGE approach-deck tick=19250 t=213.888888889 P=-8.98077487946,25.0872020721,-109.142219543 V=-0.649917304516,0,4.80771970749 supportV=0,0,0 ground=1 support=45 traversal=0 flightTravel=0.907572031021 packSlung=0 cradleY=2.71075415611 deaths=0
PDHINGE flight-foot tick=21500 t=238.888888889 P=-6.01104831696,25.3431663513,-112.500205994 V=7.8938455772e-06,4.46743069915e-06,-0.0292819552124 supportV=-0.00966337230057,-0.115386098623,0.0460343025625 ground=1 support=47 traversal=0 flightTravel=0.907572031021 packSlung=0 cradleY=2.71074271202 deaths=0
PDHINGE hinge-sample tick=21680 t=240.888888889 P=-5.7318444252,25.5050544739,-112.51448822 V=1.84454859209e-06,5.7379259033e-07,0.00296009634621 supportV=-0.0142502458766,-0.118391849101,5.68690702494e-05 ground=1 support=47 traversal=0 flightTravel=0.907572031021 packSlung=0 cradleY=2.71000528336 deaths=0
PDHINGE hinge-sample tick=21860 t=242.888888889 P=-5.72934818268,25.5058345795,-112.506729126 V=-0.000317376077874,-0.000100241435575,0.00342364655808 supportV=-0.014258434996,-0.11837657541,5.10279533046e-05 ground=1 support=47 traversal=0 flightTravel=0.907572031021 packSlung=0 cradleY=2.7106564045 deaths=0
PDHINGE hinge-sample tick=22040 t=244.888888889 P=-5.72912693024,25.5059051514,-112.502075195 V=1.57338490681e-05,4.99005273014e-06,0.00138061924372 supportV=-0.0142484102398,-0.118394397199,1.88649228221e-05 ground=1 support=47 traversal=0 flightTravel=0.907572031021 packSlung=0 cradleY=2.7107462883 deaths=0
PDHINGE hinge-sample tick=22220 t=246.888888889 P=-5.72912693024,25.5059051514,-112.500358582 V=-1.60522347414e-07,-5.53986545526e-08,0.000384954590118 supportV=-0.0142500502989,-0.118391357362,9.22681010707e-06 ground=1 support=47 traversal=0 flightTravel=0.907572031021 packSlung=0 cradleY=2.7107462883 deaths=0
PDHINGE hinge-sample tick=22400 t=248.888888889 P=-5.72912693024,25.5059051514,-112.500274658 V=2.66459096565e-07,8.96985454801e-08,0.000127196064568 supportV=-0.0142500093207,-0.118391431868,6.74148122926e-06 ground=1 support=47 traversal=0 flightTravel=0.907572031021 packSlung=0 cradleY=2.7107462883 deaths=0
PDHINGE hinge-sample tick=22580 t=250.888888889 P=-5.72912693024,25.5059051514,-112.500274658 V=2.45869159698e-07,8.19563865662e-08,0.000107443964225 supportV=-0.0142500046641,-0.118391439319,6.5213198468e-06 ground=1 support=47 traversal=0 flightTravel=0.907572031021 packSlung=0 cradleY=2.7107462883 deaths=0
PDHINGE hinge-sample tick=22760 t=252.888888889 P=-5.72912693024,25.5059051514,-112.500274658 V=2.45869159698e-07,8.19563865662e-08,0.000105947248812 supportV=-0.0142500046641,-0.118391439319,6.50463516649e-06 ground=1 support=47 traversal=0 flightTravel=0.907572031021 packSlung=0 cradleY=2.7107462883 deaths=0
PDHINGE hinge-sample tick=22940 t=254.888888889 P=-5.72912693024,25.5059051514,-112.500274658 V=2.45869159698e-07,8.19563865662e-08,0.000105833809357 supportV=-0.0142500046641,-0.118391439319,6.50337278785e-06 ground=1 support=47 traversal=0 flightTravel=0.907572031021 packSlung=0 cradleY=2.7107462883 deaths=0
PDHINGE hinge-sample tick=23120 t=256.888888889 P=-5.72912693024,25.5059051514,-112.500274658 V=2.45869159698e-07,8.19563865662e-08,0.000105825231003 supportV=-0.0142500046641,-0.118391439319,6.50327683616e-06 ground=1 support=47 traversal=0 flightTravel=0.907572031021 packSlung=0 cradleY=2.7107462883 deaths=0
PDHINGE hinge-sample tick=23300 t=258.888888889 P=-5.72912693024,25.5059051514,-112.500274658 V=2.45869159698e-07,8.19563865662e-08,0.000105824830825 supportV=-0.0142500046641,-0.118391439319,6.50327319818e-06 ground=1 support=47 traversal=0 flightTravel=0.907572031021 packSlung=0 cradleY=2.7107462883 deaths=0
PDHINGE end-20s-hinge tick=23300 t=258.888888889 P=-5.72912693024,25.5059051514,-112.500274658 V=2.45869159698e-07,8.19563865662e-08,0.000105824830825 supportV=-0.0142500046641,-0.118391439319,6.50327319818e-06 ground=1 support=47 traversal=0 flightTravel=0.907572031021 packSlung=0 cradleY=2.7107462883 deaths=0
PDHINGE mid-pretarget tick=24200 t=268.888888889 P=-5.72912693024,25.5059051514,-112.500274658 V=2.45869159698e-07,8.19563865662e-08,0.000101343241113 supportV=-0.0142500046641,-0.118391439319,6.50327183394e-06 ground=1 support=47 traversal=0 flightTravel=0.907572031021 packSlung=0 cradleY=2.7107462883 deaths=0
PDHINGE final-braked-mid tick=24799 t=275.544444444 P=9.35207939148,0.879999935627,-115.799980164 V=0,0,0 supportV=0,0,0 ground=1 support=1 traversal=0 flightTravel=0.907572031021 packSlung=0 cradleY=2.71074271202 deaths=0
PDHINGE RESULT original_mid_landing_oracle=0 deaths=0
COMPARISON old=0 pd=0
