OLD settled tick=45 t=0.5 target=0,0 P=3,2.28000020981,-100 V=0,0,0 supportV=0,0,0 d=100.04498988 ground=1 support=35 traversal=0 station=1 dogClear=0 packPins=1 packY=0.901643395424 deaths=0
OLD opened tick=473 t=5.25555555556 target=0,0 P=3,2.28000020981,-100 V=0,0,0 supportV=0,0,0 d=100.04498988 ground=1 support=35 traversal=0 station=1 dogClear=1 packPins=0 packY=4.54680871964 deaths=0
OLD throat-approach tick=1553 t=17.2555555556 target=0,-107.5 P=-0.454792052507,0.899999916553,-108.636421204 V=-0.622165024281,0,-1.55464613438 supportV=0,0,0 d=1.22404614417 ground=1 support=1 traversal=0 station=0 dogClear=1 packPins=0 packY=4.47568225861 deaths=0
OLD bay-entry tick=2273 t=25.2555555556 target=0,-113 P=-0.230558216572,0.899999916553,-111.559562683 V=0.184942856431,0,-1.15546047688 supportV=0,0,0 d=1.4587723452 ground=1 support=1 traversal=0 station=0 dogClear=1 packPins=0 packY=4.47470474243 deaths=0
OLD flight0-foot tick=2993 t=33.2555555556 target=-7.5,-116 P=-7.65130090714,1.0872027874,-115.072044373 V=0.371056646109,0,-1.87777471542 supportV=0,0,0 d=0.940209344242 ground=1 support=44 traversal=0 station=0 dogClear=1 packPins=0 packY=4.47549009323 deaths=0
OLD flight0-top tick=4253 t=47.2555555556 target=7.5,-116 P=6.77582168579,5.03715753555,-115.998817444 V=-2.09558343887,-0.67254024744,0.0035404113587 supportV=0,0,0 d=0.724179279743 ground=1 support=44 traversal=0 station=0 dogClear=1 packPins=0 packY=4.47537565231 deaths=0
OLD flight1-foot tick=4973 t=55.2555555556 target=7.5,-120 P=7.25010347366,5.08720302582,-120.717170715 V=-0.976870119572,0,-2.79850530624 supportV=0,0,0 d=0.759461723068 ground=1 support=44 traversal=0 station=0 dogClear=1 packPins=0 packY=4.47534799576 deaths=0
OLD flight1-top tick=6233 t=69.2555555556 target=-7.5,-120 P=-6.73087406158,9.02431583405,-120.006492615 V=2.01879644394,-0.576799035072,-0.0173223130405 supportV=0,0,0 d=0.769153341792 ground=1 support=44 traversal=0 station=0 dogClear=1 packPins=0 packY=4.47533130646 deaths=0
OLD flight2-foot tick=6953 t=77.2555555556 target=-7.5,-116 P=-7.21457338333,9.08720207214,-115.196090698 V=0.956233501434,0,2.68990826607 supportV=0,0,0 d=0.853075916291 ground=1 support=44 traversal=0 station=0 dogClear=1 packPins=0 packY=4.47530603409 deaths=0
OLD flight2-top tick=8213 t=91.2555555556 target=7.5,-116 P=6.62186670303,12.9931707382,-115.996498108 V=-1.19808351994,-0.34230953455,0.00417418777943 supportV=0,0,0 d=0.878140279505 ground=1 support=44 traversal=0 station=0 dogClear=1 packPins=0 packY=4.47518396378 deaths=0
OLD flight3-foot tick=8933 t=99.2555555556 target=7.5,-120 P=7.10645771027,13.0872020721,-121.287696838 V=0.0206684786826,0,0.067616507411 supportV=0,0,0 d=1.34649124816 ground=1 support=44 traversal=0 station=0 dogClear=1 packPins=0 packY=4.47521686554 deaths=0
OLD flight3-top tick=10193 t=113.255555556 target=-7.5,-120 P=-6.79044246674,17.0425338745,-120.005111694 V=2.17337584496,-0.838726460934,-0.0161256752908 supportV=0,0,0 d=0.709575945499 ground=1 support=44 traversal=0 station=0 dogClear=1 packPins=0 packY=4.47521209717 deaths=0
OLD flight4-foot tick=10913 t=121.255555556 target=-7.5,-116 P=-7.35799837112,17.0872020721,-115.547058105 V=1.14100503922,0,3.63940191269 supportV=0,0,0 d=0.474679705091 ground=1 support=44 traversal=0 station=0 dogClear=1 packPins=0 packY=4.47523450851 deaths=0
OLD flight4-top tick=12173 t=135.255555556 target=7.5,-116 P=7.58835458755,21.0872020721,-116.002624512 V=-3.88665485382,0,0.0953112021089 supportV=0,0,0 d=0.0883935586101 ground=1 support=44 traversal=0 station=0 dogClear=1 packPins=0 packY=4.47523641586 deaths=0
OLD flight5-foot tick=12893 t=143.255555556 target=7.5,-120 P=7.7857298851,21.0872020721,-119.184638977 V=-0.904065191746,0,-2.59085249901 supportV=0,0,0 d=0.863976368302 ground=1 support=44 traversal=0 station=0 dogClear=1 packPins=0 packY=4.47522497177 deaths=0
OLD flight5-top tick=14153 t=157.255555556 target=-7.5,-120 P=-6.90851736069,25.0757980347,-120.003486633 V=2.36415696144,-0.396617650986,-0.0146289169788 supportV=0,0,0 d=0.591492915613 ground=1 support=44 traversal=0 station=0 dogClear=1 packPins=0 packY=4.47522497177 deaths=0
OLD handoff tick=15233 t=169.255555556 target=-6,-112 P=-4.39277935028,24.3562812805,-118.685417175 V=-0.000731106265448,0.000208891156944,6.66133814775e-16 supportV=0,0,0 d=6.87589710689 ground=1 support=44 traversal=0 station=0 dogClear=1 packPins=0 packY=4.47522497177 deaths=0
OLD RESULT handoff_support=0 stable_height=0 deaths=0
PD settled tick=45 t=0.5 target=0,0 P=3,2.28000020981,-100 V=0,0,0 supportV=0,0,0 d=100.04498988 ground=1 support=35 traversal=0 station=1 dogClear=0 packPins=1 packY=0.901643395424 deaths=0
PD opened tick=473 t=5.25555555556 target=0,0 P=3,2.28000020981,-100 V=0,0,0 supportV=0,0,0 d=100.04498988 ground=1 support=35 traversal=0 station=1 dogClear=1 packPins=0 packY=4.54680871964 deaths=0
PD throat-approach tick=1553 t=17.2555555556 target=0,-107.5 P=0.00160988455173,0.899999976158,-107.49810791 V=-0.0295146405697,0,-0.0354893729091 supportV=0,0,0 d=0.00248429713334 ground=1 support=1 traversal=0 station=0 dogClear=1 packPins=0 packY=4.47568225861 deaths=0
PD bay-entry tick=2273 t=25.2555555556 target=0,-113 P=-3.92192350773e-06,0.899999916553,-112.9974823 V=7.27032311261e-05,0,-0.0463340356946 supportV=0,0,0 d=0.00251770324998 ground=1 support=1 traversal=0 station=0 dogClear=1 packPins=0 packY=4.47470474243 deaths=0
PD flight0-foot tick=2993 t=33.2555555556 target=-7.5,-116 P=-7.49919176102,1.0872027874,-116.002334595 V=-0.0148016698658,0,0.0436756238341 supportV=0,0,0 d=0.00247054301545 ground=1 support=44 traversal=0 station=0 dogClear=1 packPins=0 packY=4.47549009323 deaths=0
PD flight0-top tick=4253 t=47.2555555556 target=7.5,-116 P=7.4969625473,5.08720302582,-116.000099182 V=-0.0462802350521,0,-0.00220128661022 supportV=0,0,0 d=0.00303907156641 ground=1 support=44 traversal=0 station=0 dogClear=1 packPins=0 packY=4.47537565231 deaths=0
PD flight1-foot tick=4973 t=55.2555555556 target=7.5,-120 P=7.50078248978,5.08720302582,-119.99760437 V=-0.0144361071289,0,-0.0440438762307 supportV=0,0,0 d=0.00252018506978 ground=1 support=44 traversal=0 station=0 dogClear=1 packPins=0 packY=4.47534799576 deaths=0
PD flight1-top tick=6233 t=69.2555555556 target=-7.5,-120 P=-7.49696302414,9.08720207214,-119.999900818 V=0.0462825000286,0,0.00220129196532 supportV=0,0,0 d=0.0030385949833 ground=1 support=44 traversal=0 station=0 dogClear=1 packPins=0 packY=4.47533130646 deaths=0
PD flight2-foot tick=6953 t=77.2555555556 target=-7.5,-116 P=-7.50078248978,9.08720207214,-116.00239563 V=0.0144361071289,0,0.0440438762307 supportV=0,0,0 d=0.00252018506978 ground=1 support=44 traversal=0 station=0 dogClear=1 packPins=0 packY=4.47530603409 deaths=0
PD flight2-top tick=8213 t=91.2555555556 target=7.5,-116 P=7.49696350098,13.0872020721,-116.000114441 V=-0.0462838634849,0,-0.00214181188494 supportV=0,0,0 d=0.00303865480814 ground=1 support=44 traversal=0 station=0 dogClear=1 packPins=0 packY=4.47518396378 deaths=0
PD flight3-foot tick=8933 t=99.2555555556 target=7.5,-120 P=7.50078630447,13.0872020721,-119.997589111 V=-0.014433933422,0,-0.0440560206771 supportV=0,0,0 d=0.00253587438841 ground=1 support=44 traversal=0 station=0 dogClear=1 packPins=0 packY=4.47521686554 deaths=0
PD flight3-top tick=10193 t=113.255555556 target=-7.5,-120 P=-7.49696540833,17.0872020721,-119.999938965 V=0.0463210046291,0,0.00148663588334 supportV=0,0,0 d=0.00303520541695 ground=1 support=44 traversal=0 station=0 dogClear=1 packPins=0 packY=4.47521209717 deaths=0
PD flight4-foot tick=10913 t=121.255555556 target=-7.5,-116 P=-7.50068855286,17.0872020721,-116.002365112 V=0.0126419402659,0,0.0443255007267 supportV=0,0,0 d=0.00246330291477 ground=1 support=44 traversal=0 station=0 dogClear=1 packPins=0 packY=4.47523450851 deaths=0
PD flight4-top tick=12173 t=135.255555556 target=7.5,-116 P=7.49747991562,21.0872020721,-116.000045776 V=0.0462859645486,0,0.0012598313624 supportV=0,0,0 d=0.0025205001019 ground=1 support=44 traversal=0 station=0 dogClear=1 packPins=0 packY=4.47523641586 deaths=0
PD flight5-foot tick=12893 t=143.255555556 target=7.5,-120 P=7.50179767609,21.0872020721,-119.99822998 V=-0.0332154743373,0,-0.0323628634214 supportV=0,0,0 d=0.00252281756231 ground=1 support=44 traversal=0 station=0 dogClear=1 packPins=0 packY=4.47522497177 deaths=0
PD flight5-top tick=14153 t=157.255555556 target=-7.5,-120 P=-7.49752378464,25.0872020721,-120.000450134 V=-0.0454458147287,0,0.00878493208438 supportV=0,0,0 d=0.00251679625504 ground=1 support=44 traversal=0 station=0 dogClear=1 packPins=0 packY=4.47522497177 deaths=0
PD handoff tick=15233 t=169.255555556 target=-6,-112 P=-6.00082540512,25.0872020721,-112.00289917 V=-0.0125979464501,0,-0.0446447506547 supportV=0,0,0 d=0.00301437884969 ground=1 support=45 traversal=0 station=0 dogClear=1 packPins=0 packY=4.47522497177 deaths=0
PD RESULT handoff_support=1 stable_height=1 deaths=0
COMPARISON old=0 pd=1
