Godot Engine v4.7.stable.official.5b4e0cb0f - https://godotengine.org
WARNING: Could not set V-Sync mode, as changing V-Sync mode is not supported by the graphics driver.
     at: set_use_vsync (platform/linuxbsd/x11/gl_manager_x11.cpp:372)
OpenGL API 3.3 (Core Profile) Mesa 26.0.8-1ubuntu0.3 - Compatibility - Using Device: Mesa - softpipe

Movie Maker mode enabled, recording movie in 1296×1114 @ 60 FPS...
SCRAPERX_EXTENSION_LOADED api=4.7 authority=scraperx_sim scene=slingshot
SCRAPERX_VIEWPORT size=216x185 aspect=1.168 fov=82.0 far=2000
SCRAPERX_SLINGSHOT_CAPTURE_SETTINGS shadows=0 viewport=(216, 185)
SCRAPERX_SLINGSHOT_CAPTURE=/work/proof/candidate-motion-shadow0-small/wooden-launcher.png
SCRAPERX_AUDIO_BANK clips=28 msec=1240 driver=Dummy
SCRAPERX_SLINGSHOT_CAPTURE=/work/proof/candidate-motion-shadow0-small/leather-pouch.png
SCRAPERX_SLINGSHOT_CAPTURE=/work/proof/candidate-motion-shadow0-small/leather-pouch-loaded.png
SCRAPERX_SLINGSHOT_CAPTURE=/work/proof/candidate-motion-shadow0-small/cradled-rider-on-native-leather.png
SCRAPERX_SLINGSHOT_CAPTURE=/work/proof/candidate-motion-shadow0-small/charged-aim-interface.png
SCRAPERX_SLINGSHOT_CAPTURE=/work/proof/candidate-motion-shadow0-small/release-orbit-human-rider.png
SCRAPERX_SLINGSHOT_CAPTURE=/work/proof/candidate-motion-shadow0-small/release-orbit-front-human-rider.png
SCRAPERX_SLINGSHOT_CAPTURE=/work/proof/candidate-motion-shadow0-small/accelerating-clear-orbit.png
SCRAPERX_SLINGSHOT_CAPTURE=/work/proof/candidate-motion-shadow0-small/full-360-clear-finish.png
SCRAPERX_SLINGSHOT_CAPTURE=/work/proof/candidate-motion-shadow0-small/return-to-true-pov.png
SCRAPERX_SLINGSHOT_VISUAL_PROBE PASS draw_m=11.980 spring_kj=418.23 manual_kj=475.70 aim_deg=82.0
WARNING: 19 ObjectDB instances were leaked at exit (run with `--verbose` for details).
   at: cleanup (core/object/object.cpp:2535)
--------------------------------------------------------------------------------
Done recording movie at path: /work/proof/candidate-motion-shadow0-small/launch.avi
200 frames at 60 FPS (movie length: 00:00:03:20), recorded in 00:05:20 (0% of real-time speed).
CPU render time: 285.43 seconds (average: 1427.17 ms/frame)
GPU render time: 285.33 seconds (average: 1426.65 ms/frame)
Encoding time: 3.34 seconds (average: 16.68 ms/frame)
--------------------------------------------------------------------------------
