wide tick=0 p=27.99732971,77.90000153,-131.0003357 v=0,0,0 ground=1 support=1900 balance=0 slip=0,0,0 contact=27.99702835,77,-131.0003815 deaths=0
wide tick=900 p=27.99732971,77.90000153,-131.0003357 v=0,0,0 ground=1 support=1900 balance=0 slip=0,0,0 contact=27.99702835,77,-131.0003815 deaths=0
wide tick=1800 p=27.99732971,77.90000153,-131.0003357 v=0,0,0 ground=1 support=1900 balance=0 slip=0,0,0 contact=27.99702835,77,-131.0003815 deaths=0
wide tick=2700 p=27.99732971,77.90000153,-131.0003357 v=0,0,0 ground=1 support=1900 balance=0 slip=0,0,0 contact=27.99702835,77,-131.0003815 deaths=0
wide tick=3600 p=27.99732971,77.90000153,-131.0003357 v=0,0,0 ground=1 support=1900 balance=0 slip=0,0,0 contact=27.99702835,77,-131.0003815 deaths=0
wide tick=4500 p=27.99732971,77.90000153,-131.0003357 v=0,0,0 ground=1 support=1900 balance=0 slip=0,0,0 contact=27.99702835,77,-131.0003815 deaths=0
wide tick=5400 p=27.99732971,77.90000153,-131.0003357 v=0,0,0 ground=1 support=1900 balance=0 slip=0,0,0 contact=27.99702835,77,-131.0003815 deaths=0
slope_centre tick=0 p=27.99962425,80.20523071,-136.9957581 v=0,2.763456131e-09,4.642743967e-09 ground=1 support=1900 balance=1 slip=0,-1.275784756e-10,2.806724853e-10 contact=27.99961281,79.33625793,-137.1397705 deaths=0
slope_centre tick=900 p=27.99962425,80.20523071,-136.9957581 v=0,2.763456131e-09,4.642743967e-09 ground=1 support=1900 balance=1 slip=0,-1.275784756e-10,2.806724853e-10 contact=27.99961281,79.33625793,-137.1397705 deaths=0
slope_centre tick=1800 p=27.99962425,80.20523071,-136.9957581 v=0,2.763456131e-09,4.642743967e-09 ground=1 support=1900 balance=1 slip=0,-1.275784756e-10,2.806724853e-10 contact=27.99961281,79.33625793,-137.1397705 deaths=0
slope_centre tick=2700 p=27.99962425,80.20523071,-136.9957581 v=0,2.763456131e-09,4.642743967e-09 ground=1 support=1900 balance=1 slip=0,-1.275784756e-10,2.806724853e-10 contact=27.99961281,79.33625793,-137.1397705 deaths=0
slope_centre tick=3600 p=27.99962425,80.20523071,-136.9957581 v=0,2.763456131e-09,4.642743967e-09 ground=1 support=1900 balance=1 slip=0,-1.275784756e-10,2.806724853e-10 contact=27.99961281,79.33625793,-137.1397705 deaths=0
slope_centre tick=4500 p=27.99962425,80.20523071,-136.9957581 v=0,2.763456131e-09,4.642743967e-09 ground=1 support=1900 balance=1 slip=0,-1.275784756e-10,2.806724853e-10 contact=27.99961281,79.33625793,-137.1397705 deaths=0
slope_centre tick=5400 p=27.99962425,80.20523071,-136.9957581 v=0,2.763456131e-09,4.642743967e-09 ground=1 support=1900 balance=1 slip=0,-1.275784756e-10,2.806724853e-10 contact=27.99961281,79.33625793,-137.1397705 deaths=0
slope_offset tick=0 p=28.16989136,80.20648193,-136.9997864 v=0,-2.763456131e-09,-9.174536686e-10 ground=1 support=1900 balance=1 slip=0,-1.275784256e-09,2.806725741e-09 contact=28.1698513,79.33831024,-137.1442871 deaths=0
slope_offset tick=900 p=28.16989136,80.20648193,-136.9997864 v=0,-2.763456131e-09,-9.174536686e-10 ground=1 support=1900 balance=1 slip=0,-1.275784256e-09,2.806725741e-09 contact=28.1698513,79.33831024,-137.1442871 deaths=0
slope_offset tick=1800 p=28.16989136,80.20648193,-136.9997864 v=0,-2.763456131e-09,-9.174536686e-10 ground=1 support=1900 balance=1 slip=0,-1.275784256e-09,2.806725741e-09 contact=28.1698513,79.33831024,-137.1442871 deaths=0
slope_offset tick=2700 p=28.16989136,80.20648193,-136.9997864 v=0,-2.763456131e-09,-9.174536686e-10 ground=1 support=1900 balance=1 slip=0,-1.275784256e-09,2.806725741e-09 contact=28.1698513,79.33831024,-137.1442871 deaths=0
slope_offset tick=3600 p=28.16989136,80.20648193,-136.9997864 v=0,-2.763456131e-09,-9.174536686e-10 ground=1 support=1900 balance=1 slip=0,-1.275784256e-09,2.806725741e-09 contact=28.1698513,79.33831024,-137.1442871 deaths=0
slope_offset tick=4500 p=28.16989136,80.20648193,-136.9997864 v=0,-2.763456131e-09,-9.174536686e-10 ground=1 support=1900 balance=1 slip=0,-1.275784256e-09,2.806725741e-09 contact=28.1698513,79.33831024,-137.1442871 deaths=0
slope_offset tick=5400 p=28.16989136,80.20648193,-136.9997864 v=0,-2.763456131e-09,-9.174536686e-10 ground=1 support=1900 balance=1 slip=0,-1.275784256e-09,2.806725741e-09 contact=28.1698513,79.33831024,-137.1442871 deaths=0
level_centre tick=0 p=30,77.90000153,-132 v=0,0,0 ground=1 support=1900 balance=0 slip=0,0,0 contact=30,77,-132 deaths=0
level_centre tick=900 p=30,77.90000153,-132 v=0,0,0 ground=1 support=1900 balance=0 slip=0,0,0 contact=30,77,-132 deaths=0
level_centre tick=1800 p=30,77.90000153,-132 v=0,0,0 ground=1 support=1900 balance=0 slip=0,0,0 contact=30,77,-132 deaths=0
level_centre tick=2700 p=30,77.90000153,-132 v=0,0,0 ground=1 support=1900 balance=0 slip=0,0,0 contact=30,77,-132 deaths=0
level_centre tick=3600 p=30,77.90000153,-132 v=0,0,0 ground=1 support=1900 balance=0 slip=0,0,0 contact=30,77,-132 deaths=0
level_centre tick=4500 p=30,77.90000153,-132 v=0,0,0 ground=1 support=1900 balance=0 slip=0,0,0 contact=30,77,-132 deaths=0
level_centre tick=5400 p=30,77.90000153,-132 v=0,0,0 ground=1 support=1900 balance=0 slip=0,0,0 contact=30,77,-132 deaths=0
level_offset tick=0 p=30,77.90000153,-131.8300018 v=0,0,0 ground=1 support=1900 balance=0 slip=0,0,0 contact=30,77,-131.8300018 deaths=0
level_offset tick=900 p=30,77.90000153,-131.8300018 v=0,0,0 ground=1 support=1900 balance=0 slip=0,0,0 contact=30,77,-131.8300018 deaths=0
level_offset tick=1800 p=30,77.90000153,-131.8300018 v=0,0,0 ground=1 support=1900 balance=0 slip=0,0,0 contact=30,77,-131.8300018 deaths=0
level_offset tick=2700 p=30,77.90000153,-131.8300018 v=0,0,0 ground=1 support=1900 balance=0 slip=0,0,0 contact=30,77,-131.8300018 deaths=0
level_offset tick=3600 p=30,77.90000153,-131.8300018 v=0,0,0 ground=1 support=1900 balance=0 slip=0,0,0 contact=30,77,-131.8300018 deaths=0
level_offset tick=4500 p=30,77.90000153,-131.8300018 v=0,0,0 ground=1 support=1900 balance=0 slip=0,0,0 contact=30,77,-131.8300018 deaths=0
level_offset tick=5400 p=30,77.90000153,-131.8300018 v=0,0,0 ground=1 support=1900 balance=0 slip=0,0,0 contact=30,77,-131.8300018 deaths=0
