Godot Engine v4.7.stable.official.5b4e0cb0f - https://godotengine.org
error: expected absolute path: "--shm-helper"
error: expected absolute path: "--shm-helper"
error: expected absolute path: "--shm-helper"
WARNING: Could not set V-Sync mode, as changing V-Sync mode is not supported by the graphics driver.
     at: set_use_vsync (platform/linuxbsd/x11/gl_manager_x11.cpp:372)
OpenGL API 3.3 (Core Profile) Mesa 26.0.8-1ubuntu0.3 - Compatibility - Using Device: Mesa - softpipe
ALSA lib confmisc.c:855:(parse_card) [error.core] cannot find card '0'
ALSA lib conf.c:5211:(_snd_config_evaluate) [error.core] function snd_func_card_inum returned error: No such file or directory
ALSA lib confmisc.c:422:(snd_func_concat) [error.core] error evaluating strings
ALSA lib conf.c:5211:(_snd_config_evaluate) [error.core] function snd_func_concat returned error: No such file or directory
ALSA lib confmisc.c:1342:(snd_func_refer) [error.core] error evaluating name
ALSA lib conf.c:5211:(_snd_config_evaluate) [error.core] function snd_func_refer returned error: No such file or directory
ALSA lib conf.c:5734:(snd_config_expand) [error.core] Evaluate error: No such file or directory
ALSA lib pcm.c:2722:(snd_pcm_open_noupdate) [error.pcm] Unknown PCM default
ERROR: Condition "status < 0" is true. Returning: ERR_CANT_OPEN
   at: init_output_device (drivers/alsa/audio_driver_alsa.cpp:97)
WARNING: All audio drivers failed, falling back to the dummy driver.
     at: initialize (servers/audio/audio_server.cpp:258)

SCRAPERX_EXTENSION_LOADED api=4.7 authority=scraperx_sim scene=slingshot
SCRAPERX_VIEWPORT size=192x164 aspect=1.171 fov=82.0 far=2000
SCRAPERX_AUDIO_BANK clips=28 msec=1175 driver=Dummy
SCRAPERX_NET_AABB_DIAG knot=199 tick=12 process_frame=7 physics_frame=8
SCRAPERX_NET_AABB_DIAG batch_min=(17.937982559204,0.382053852081,-117.941246032715) batch_end=(22.062625885010,10.794439315796,-117.747749328613)
SCRAPERX_NET_AABB_DIAG knot_min=(18.443847656250,10.680306434631,-117.819511413574) knot_end=(18.556991577148,10.794440269470,-117.747947692871)
SCRAPERX_NET_AABB_DIAG min_undershoot=(-0.505865097046,-10.298252105713,-0.121734619141) end_undershoot=(-3.505634307861,0.000000953674,-0.000198364258) positive_is_outside=1
ERROR: SCRAPERX_KIT_VIEW FAIL net knot batch bounds contain transformed geometry
   at: push_error (core/variant/variant_utility.cpp:1023)
   GDScript backtrace (most recent call first):
       [0] _check (res://tests/kit_view_test.gd:26)
       [1] _sample (res://tests/kit_view_test.gd:335)
       [2] _run (res://tests/kit_view_test.gd:488)
SCRAPERX_KIT_VIEW FAIL checks=48820 rigid_bodies=212 renderer=X11
