sample 0 -0.1800000072 0.001021389151 3.799991131 1.174952507 0 -1.430511476e-06
sample 0.1 -0.1800792366 0.002708373591 3.790750265 1.123381615 0 8.874545937
sample 0.2 -0.1769874096 0.0780787915 3.800353527 1.065723419 0 282.231304
sample 0.3 -0.1681697667 0.09941210598 3.802103281 1.066935539 0 313.046064
sample 0.4 -0.1564406157 0.1274321824 3.796341419 1.068035841 0 323.6033699
sample 0.5 -0.142212227 0.1582670808 3.799553394 1.065790176 0 329.2818695
sample 0.6 -0.1250222772 0.186259836 3.800001144 1.065475464 0 330.1081256
sample 0.7 -0.104950577 0.2150314748 3.800003529 1.065475225 0 330.2238917
sample 0.8 -0.08198348433 0.2441664338 3.800005436 1.065473318 0 330.2988392
sample 0.9 -0.05609531328 0.2716273665 3.800006866 1.065471888 0 327.0390721
sample 1 -0.03021837398 0.2367026061 3.800009489 1.065470695 0.06489912878 320.7611441
sample 1.1 -0.008981595747 0.1886603981 3.800011873 1.06546855 0.1846110047 321.4326694
sample 1.2 0.00753795635 0.1423310637 3.800011873 1.065467596 0.2778431595 321.9787984
sample 1.3 0.01950657181 0.09761103243 3.800013065 1.065466881 0.3455340089 322.4264713
sample 1.4 0.02707958966 0.05438955128 3.80001235 1.065466881 0.3885761918 322.7677802
sample 1.5 0.03040121682 0.0125558963 3.800011635 1.065467119 0.4078041733 323.0120018
sample 1.6 0.02965159342 0.02626593411 3.800011158 1.065466642 0.4090429963 323.1079655
sample 1.7 0.0255113598 0.05340920761 3.800011396 1.065467834 0.4090429963 322.8568379
sample 1.8 0.01968373917 0.05909842625 3.80001092 1.065467834 0.4090429963 322.2218018
sample 1.9 0.01447716262 0.04166929424 3.800009489 1.065465927 0.4090429963 321.8470281
sample 2 0.01185212471 0.01044391561 3.800009489 1.065466881 0.4090429963 321.9146504
sample 2.1 0.01238422282 0.02046856098 3.800004482 1.065461874 0.4090429963 322.0088384
sample 2.2 0.01584406942 0.04640436918 3.800004005 1.065462828 0.4090429963 321.8598664
sample 2.3 0.02104731463 0.05401870981 3.80000329 1.065461159 0.4090429963 321.4239081
sample 2.4 0.02592941001 0.04044198245 3.800004244 1.065458059 0.4090429963 321.0280724
sample 2.5 0.02860210091 0.01151022594 3.800004005 1.065459251 0.4090429963 321.0226522
sample 2.6 0.02811360545 0.02030849829 3.800002813 1.065462112 0.4090429963 321.1086725
sample 2.7 0.02482401952 0.0429841727 3.800002813 1.065457344 0.4090429963 320.9480059
sample 2.8 0.02009169944 0.0483697243 3.800003767 1.065459251 0.4090429963 320.4924577
sample 2.9 0.01579318941 0.03481479362 3.800003767 1.065462112 0.4090429963 320.2558071
sample 3 0.01358813979 0.008077268489 3.800002575 1.065458298 0.4090429963 320.2543359
sample 3.1 0.01424479857 0.02018483169 3.800002098 1.065457344 0.4090429963 320.3031532
sample 3.2 0.01734724455 0.03952709958 3.800002813 1.065461159 0.4090429963 320.1296947
sample 3.3 0.02162156254 0.0429996103 3.800002575 1.06545639 0.4090429963 319.8874033
sample 3.4 0.02537587285 0.0296709165 3.800002813 1.065453768 0.4090429963 319.634447
sample 3.5 0.02716505155 0.005164265167 3.800003529 1.065454483 0.4090429963 319.6698062
sample 3.6 0.02638749219 0.01970452815 3.800003529 1.065457106 0.4090429963 319.6972915
sample 3.7 0.02349254116 0.03603598103 3.800002813 1.065461159 0.4090429963 319.5717257
sample 3.8 0.01966185495 0.03794194385 3.80000186 1.065469742 0.4090429963 319.2914236
sample 3.9 0.01640830003 0.02504956722 3.800002337 1.065467834 0.4090429963 319.0676878
sample 4 0.01498179138 0.002754255896 3.800002575 1.065470457 0.4090429963 319.1021106
sample 4.1 0.01583912224 0.01894200407 3.800005913 1.065458298 0.4090429963 319.2190705
sample 4.2 0.01851367205 0.03256858885 3.800005913 1.06545639 0.4090429963 319.0936297
sample 4.3 0.02191773802 0.03317913786 3.800007582 1.065466642 0.4090429963 318.8656668
sample 4.4 0.02470925823 0.02088110521 3.800006628 1.065467119 0.4090429963 318.7254611
sample 4.5 0.0258157514 0.0007911779685 3.800012112 1.065451622 0.4090429963 318.7808268
sample 4.6 0.02492015064 0.01791433059 3.800008297 1.065468788 0.4090429963 318.768292
sample 4.7 0.02247817256 0.02913133614 3.800005913 1.065470695 0.4090429963 318.6277576
sample 4.8 0.01948258653 0.02873635292 3.800001144 1.065468788 0.4090429963 318.4508889
sample 4.9 0.01711221784 0.01718102582 3.800000906 1.065470695 0.4090429963 318.4055819
sample 5 0.01627557352 0.0006967193913 3.800002813 1.065471649 0.4090429963 318.4786012
sample 5.1 0.01717988029 0.01668364927 3.800008535 1.06545043 0.4090429963 318.5158681
sample 5.2 0.01938284375 0.02576928213 3.800007105 1.065450907 0.4090429963 318.4317627
sample 5.3 0.02198982239 0.02460012399 3.800004482 1.065446854 0.4090429963 318.3580888
sample 5.4 0.02397686429 0.01390276663 3.800004959 1.065447807 0.4090429963 318.3206181
sample 5.5 0.02458931506 0.001760308631 3.800004482 1.065446854 0.4090429963 318.3070699
sample 5.6 0.02370042726 0.01525975391 3.800004721 1.065446615 0.4090429963 318.3121197
sample 5.7 0.02174267732 0.02247927152 3.800004482 1.065451384 0.4090429963 318.2741043
sample 5.8 0.01950456761 0.02077465132 3.800002098 1.06545639 0.4090429963 318.1622566
sample 5.9 0.01786320657 0.01103962492 3.800002337 1.065455198 0.4090429963 318.072084
sample 6 0.01743754745 0.002476973226 3.800009727 1.065442801 0.4090429963 318.1349522
sample 6.1 0.01828126609 0.01369546354 3.800009966 1.065441132 0.4090429963 318.147467
sample 6.2 0.01999255829 0.01929814182 3.800009012 1.065442085 0.4090429963 318.0812162
sample 6.3 0.02188366652 0.01725459658 3.800009251 1.065452576 0.4090429963 318.0635681
sample 6.4 0.02321493253 0.008557830937 3.800009727 1.065452337 0.4090429963 318.0567642
sample 6.5 0.02348943241 0.002881103661 3.800008297 1.065455437 0.4090429963 318.0380632
sample 6.6 0.02271335945 0.01200898923 3.800008059 1.065452576 0.4090429963 318.0222969
sample 6.7 0.0212488845 0.01623315923 3.800008297 1.065456629 0.4090429963 317.9953022
sample 6.8 0.01968299225 0.01403859071 3.800006628 1.065438271 0.4090429963 317.9272344
sample 6.9 0.01862702519 0.006443825085 3.80000639 1.065442324 0.4090429963 317.9445497
sample 7 0.01846857555 0.00300332834 3.800013304 1.065426826 0.4090429963 318.0012528
sample 7.1 0.01915810443 0.0102355713 3.800013781 1.065428734 0.4090429963 318.0087341
sample 7.2 0.0203784164 0.01330135018 3.800013065 1.065425158 0.4090429963 317.9707449
sample 7.3 0.0216413606 0.01111720502 3.800012112 1.065427542 0.4090429963 318.0191484
sample 7.4 0.02245490439 0.004668653943 3.800011635 1.065424681 0.4090429963 317.9981833
sample 7.5 0.02252927981 0.002871441189 3.800009251 1.065436125 0.4090429963 317.9877803
sample 7.6 0.02194277197 0.008397981524 3.800008535 1.065436363 0.4090429963 317.9642162
sample 7.7 0.02096227743 0.01051772106 3.800009012 1.065434456 0.4090429963 317.9599444
sample 7.8 0.01997912675 0.008494456299 3.800009489 1.06542778 0.4090429963 317.9006657
sample 7.9 0.01937576383 0.00322141638 3.800009489 1.065429688 0.4090429963 317.8922901
sample 8 0.01935439371 0.002515740227 3.800023079 1.065393448 0.4090429963 318.0699026
sample 8.1 0.01982489042 0.006528620608 3.800023317 1.065397263 0.4090429963 318.1281445
sample 8.2 0.02057257853 0.007900503464 3.800025463 1.065389633 0.4090429963 318.0638976
sample 8.3 0.02129977383 0.006166473031 3.800026417 1.065392256 0.4090429963 318.1380085
sample 8.4 0.02172429487 0.00208012783 3.80002594 1.065386772 0.4090429963 318.1044701
sample 8.5 0.02172123827 0.00195626216 3.800017118 1.065424681 0.4090429963 317.9735913
sample 8.6 0.02137778513 0.004649030045 3.800017118 1.065426588 0.4090429963 317.9731701
sample 8.7 0.02085373178 0.00546680158 3.800013542 1.06541729 0.4090429963 317.9917997
sample 8.8 0.02035728097 0.004139482509 3.800013304 1.065418243 0.4090429963 317.9836357
sample 8.9 0.02008901909 0.001237525139 3.800004244 1.065450668 0.4090429963 317.9065054
sample 9 0.02008901909 0.001205382403 3.800040722 1.06533432 0.4090429963 318.3584751
sample 9.1 0.02028149553 0.00280177081 3.800057888 1.065267801 0.4090429963 318.6293373
sample 9.2 0.02059614286 0.003271024907 3.800051212 1.065275192 0.4090429963 318.6783791
sample 9.3 0.02089214697 0.002456245711 3.800049067 1.06526947 0.4090429963 318.6596138
sample 9.4 0.02101393603 0.0007442492642 3.800093412 1.065110207 0.4090429963 319.3547295
sample 9.5 0.02101393603 0.0002939562546 3.800100327 1.065086365 0.4090429963 319.5332514
sample 9.6 0.02101393603 0.0007802848122 3.800043583 1.065290451 0.4090429963 318.5685998
sample 9.7 0.02098665945 0.001543496037 3.799999714 1.065477133 0.4090429963 317.7049259
sample 9.8 0.02089630812 0.001695356099 3.800000191 1.065477371 0.4090429963 317.700785
sample 9.9 0.02080769092 0.001556447241 3.800000906 1.065477371 0.4090429963 317.7083373
sample 10 0.02078793012 0.001035383902 3.799999475 1.065479279 0.4090429963 317.7219568
sample 10.1 0.02078793012 0.0004372355179 3.800000191 1.065477371 0.4090429963 317.7406828
sample 10.2 0.02078793012 6.406554025e-14 3.800000429 1.065476418 0.4090429963 317.7478533
sample 10.3 0.02078793012 2.882007919e-14 3.800000429 1.065476418 0.4090429963 317.7478533
sample 10.4 0.02078793012 1.454641962e-12 3.800000429 1.065476418 0.4090429963 317.7478533
sample 10.5 0.02078793012 6.573122716e-14 3.800000429 1.065476418 0.4090429963 317.7478533
sample 10.6 0.02078793012 4.975352948e-15 3.800000429 1.065476418 0.4090429963 317.7478533
sample 10.7 0.02078793012 3.259326877e-14 3.800000429 1.065476418 0.4090429963 317.7478533
sample 10.8 0.02078793012 3.917764211e-14 3.800000429 1.065476418 0.4090429963 317.7478533
sample 10.9 0.02078793012 1.645877343e-14 3.800000429 1.065476418 0.4090429963 317.7478533
sample 11 0.02078793012 8.644800472e-15 3.800000429 1.065476418 0.4090429963 317.7478533
sample 11.1 0.02078793012 3.418892299e-14 3.800000429 1.065476418 0.4090429963 317.7478533
sample 11.2 0.02078793012 3.805050892e-14 3.800000429 1.065476418 0.4090429963 317.7478533
sample 11.3 0.02078793012 5.976195558e-14 3.800000429 1.065476418 0.4090429963 317.7478533
sample 11.4 0.02078793012 5.060496361e-14 3.800000429 1.065476418 0.4090429963 317.7478533
sample 11.5 0.02078793012 5.878074923e-15 3.800000429 1.065476418 0.4090429963 317.7478533
sample 11.6 0.02078793012 1.163880868e-14 3.800000429 1.065476418 0.4090429963 317.7478533
sample 11.7 0.02078793012 7.468491429e-14 3.800000429 1.065476418 0.4090429963 317.7478533
sample 11.8 0.02078793012 3.938705915e-14 3.800000429 1.065476418 0.4090429963 317.7478533
sample 11.9 0.02078793012 1.012025967e-12 3.800000429 1.065476418 0.4090429963 317.7478533
RESULT h=0.002777777778 mass=360 mu=0.6000000238 rider_x=5.699999809 drop=0.1000000015 end_q=0.02078793012 max_w=0.2718454301 q_min=-0.1802124232 q_max=0.03058682196 drum_local_x=3.800000429 drum_local_y=1.065476418 front=0.4090429963 plastic_j=1606.954628 damping_j=201.271795 dry_friction_j=69.66246025 max_pad_n=4365.49591 peak_ke=1036.362473 end_w=5.389679675e-11 energy_delta=2195.636737 max_residual_j=330.3888068 rider_end_y=10.93502617
