sample 0 -0.1800283939 0.004085553344 3.799898148 1.174147606 0 -0.005678772926
sample 0.1 -0.1802122891 6.571949582e-12 3.789124012 1.113129616 0 14.70529928
sample 0.2 -0.1767446995 0.06427743286 3.802354336 1.067122459 0 310.0133854
sample 0.3 -0.1703999788 0.07099418342 3.799506187 1.065824509 0 319.0399947
sample 0.4 -0.1637102515 0.06934767962 3.800316811 1.065698385 0 330.3310512
sample 0.5 -0.15664877 0.072445862 3.800001621 1.065476418 0 335.3536613
sample 0.6 -0.1492121369 0.07620321214 3.800003052 1.065476179 0 335.3510424
sample 0.7 -0.1413937211 0.08007931709 3.800004005 1.065476418 0 335.3498761
sample 0.8 -0.1331812888 0.08408046514 3.800004482 1.06547451 0 335.3805109
sample 0.9 -0.1245621815 0.08821101487 3.800007343 1.065473557 0 335.3735523
sample 1 -0.1155229807 0.09247814119 3.800007343 1.065472603 0 335.3896108
sample 1.1 -0.1060498059 0.0968869105 3.800009251 1.065469742 0 335.3925082
sample 1.2 -0.09612803161 0.1014463529 3.800012827 1.065469742 0 335.4004918
sample 1.3 -0.08574252576 0.1061599925 3.800014496 1.065468788 0 335.3940435
sample 1.4 -0.07487744093 0.1110340282 3.800014973 1.065466881 0 335.4234122
sample 1.5 -0.06351619959 0.116079025 3.80001688 1.065465689 0 335.4506659
sample 1.6 -0.05197037011 0.1084071174 3.800019264 1.065464973 0 328.8972267
sample 1.7 -0.04341176897 0.05813128874 3.800020695 1.065461874 0 324.5733627
sample 1.8 -0.04120243341 0.01191314962 3.800019503 1.065462112 0.007711094727 326.2982635
sample 1.9 -0.0456667468 0.07242362201 3.800020695 1.065464973 0.007711094727 326.2014744
sample 2 -0.05476894602 0.1022582278 3.800017118 1.065464258 0.007711094727 320.8746349
sample 2.1 -0.06490440667 0.09847971797 3.800019503 1.06546402 0.007711094727 318.2197552
sample 2.2 -0.07442158461 0.09206471592 3.800021172 1.065460443 0.007711094727 318.2698187
sample 2.3 -0.08330444247 0.08578910679 3.800025225 1.065461159 0.007711094727 318.3178178
sample 2.4 -0.0915665701 0.07964451611 3.800026894 1.065458059 0.007711094727 318.3407571
sample 2.5 -0.0992205441 0.07362305373 3.80002594 1.065459251 0.007711094727 318.3795339
sample 2.6 -0.1062779576 0.06770933419 3.800026655 1.065459251 0.007711094727 318.422076
sample 2.7 -0.1127496511 0.06190186739 3.800026655 1.065458298 0.007711094727 318.4521365
sample 2.8 -0.1186455414 0.05618958548 3.800027609 1.065458298 0.007711094727 318.4638889
sample 2.9 -0.123974748 0.05056400225 3.80002737 1.065458059 0.007711094727 318.4990442
sample 3 -0.1287454963 0.04501779377 3.800028324 1.065458059 0.007711094727 318.5222942
sample 3.1 -0.1329651624 0.03953883052 3.800027847 1.065457344 0.007711094727 318.5554609
sample 3.2 -0.1366402209 0.03412146866 3.800027609 1.065458536 0.007711094727 318.5900869
sample 3.3 -0.1397763342 0.02875757031 3.800026894 1.065458298 0.007711094727 318.6015011
sample 3.4 -0.1423784792 0.02344023436 3.800026655 1.065459251 0.007711094727 318.6323723
sample 3.5 -0.1444505602 0.01815529168 3.800026178 1.065457344 0.007711094727 318.6428156
sample 3.6 -0.1459959 0.01290061511 3.800026655 1.065459251 0.007711094727 318.6477081
sample 3.7 -0.1470167786 0.007665939629 3.800026417 1.065458298 0.007711094727 318.6614156
sample 3.8 -0.1475149095 0.002443258185 3.80002594 1.065459251 0.007711094727 318.6924032
sample 3.9 -0.1475127786 0.002035250654 3.800024748 1.065455198 0.007711094727 318.7035134
sample 4 -0.1471115351 0.005883631296 3.80002141 1.06545639 0.007711094727 318.7014037
sample 4.1 -0.1463250518 0.009741751477 3.800022125 1.06545639 0.007711094727 318.6924967
sample 4.2 -0.145151943 0.01361499354 3.800023079 1.065455437 0.007711094727 318.66316
sample 4.3 -0.1435905248 0.01750927605 3.800020218 1.065455437 0.007711094727 318.6725523
sample 4.4 -0.1416383386 0.02143088728 3.800021648 1.065458298 0.007711094727 318.6672038
sample 4.5 -0.1392923445 0.02538580447 3.800021648 1.065458298 0.007711094727 318.6604001
sample 4.6 -0.1365488619 0.02938018925 3.800022125 1.065457344 0.007711094727 318.6477609
sample 4.7 -0.1334036887 0.03342007101 3.800023317 1.065458059 0.007711094727 318.6594756
sample 4.8 -0.1298518926 0.03751168773 3.800023556 1.065459251 0.007711094727 318.6562389
sample 4.9 -0.1258880198 0.04166144133 3.800024271 1.065458536 0.007711094727 318.639511
sample 5 -0.1215058863 0.04587554559 3.800025463 1.065459251 0.007711094727 318.6292858
sample 5.1 -0.1166987792 0.05016057566 3.800025702 1.065459967 0.007711094727 318.6359328
sample 5.2 -0.1114592329 0.05452279747 3.80002594 1.065459251 0.007711094727 318.6500613
sample 5.3 -0.1057792157 0.05896914005 3.800028086 1.065459013 0.007711094727 318.6415061
sample 5.4 -0.09964995086 0.06350581348 3.800028801 1.065457344 0.007711094727 318.6318439
sample 5.5 -0.09306216985 0.0681367591 3.800027609 1.065459013 0.007711094727 318.646069
sample 5.6 -0.08600568771 0.07287712395 3.80002737 1.065458298 0.007711094727 318.6615633
sample 5.7 -0.07846977562 0.07772600651 3.800029278 1.06545639 0.007711094727 318.665339
sample 5.8 -0.07044298947 0.08269007504 3.800029755 1.065458298 0.007711094727 318.6850961
sample 5.9 -0.0619131662 0.08778458834 3.800029039 1.065459251 0.007711094727 318.7061298
sample 6 -0.05308884755 0.08448851109 3.800028324 1.065457344 0.007711094727 315.2389057
sample 6.1 -0.04620767012 0.04925626889 3.800029755 1.065457106 0.007711094727 312.3601952
sample 6.2 -0.0440338701 0.005594399758 3.800028801 1.065454483 0.007711094727 313.1121861
sample 6.3 -0.04731523618 0.05621576309 3.800028801 1.06545639 0.007711094727 313.2479047
sample 6.4 -0.05457248539 0.08297406137 3.800031662 1.065455437 0.007711094727 309.8429679
sample 6.5 -0.06286208332 0.0802641511 3.800033331 1.065453291 0.007711094727 307.5946126
sample 6.6 -0.07055558264 0.07380495965 3.800031424 1.065457344 0.007711094727 307.6224816
sample 6.7 -0.07760890573 0.06745509803 3.800031424 1.06545639 0.007711094727 307.6387614
sample 6.8 -0.08403265476 0.06120857596 3.800032616 1.065455437 0.007711094727 307.6881702
sample 6.9 -0.08983661234 0.05505529791 3.800032139 1.065455437 0.007711094727 307.7014448
sample 7 -0.09502958506 0.04898552597 3.800032377 1.065453768 0.007711094727 307.7393375
sample 7.1 -0.09961947799 0.04299066588 3.800034046 1.065454483 0.007711094727 307.7629588
sample 7.2 -0.1036133543 0.03706161678 3.800033092 1.065454483 0.007711094727 307.7999246
sample 7.3 -0.1070173308 0.03118926659 3.800034046 1.065454245 0.007711094727 307.8305982
sample 7.4 -0.1098366007 0.02536494844 3.800034046 1.065452576 0.007711094727 307.8553666
sample 7.5 -0.1120754778 0.01957942918 3.800034523 1.065453529 0.007711094727 307.8972509
sample 7.6 -0.1137374789 0.01382403169 3.800034046 1.065454245 0.007711094727 307.9282313
sample 7.7 -0.1148250625 0.008089907467 3.800033569 1.065453529 0.007711094727 307.9429816
sample 7.8 -0.1153399795 0.002368209884 3.800033569 1.065454483 0.007711094727 307.9744325
sample 7.9 -0.1153074801 0.002545194933 3.800030708 1.065451622 0.007711094727 307.9786203
sample 8 -0.1148295477 0.00689379964 3.800030947 1.065454483 0.007711094727 307.97484
sample 8.1 -0.1139162779 0.01125358604 3.800031185 1.065453291 0.007711094727 307.9780785
sample 8.2 -0.1125661433 0.01563056372 3.800031185 1.065455437 0.007711094727 307.9738143
sample 8.3 -0.1107771546 0.02003167011 3.800031424 1.065455437 0.007711094727 307.9706324
sample 8.4 -0.1085465476 0.0244635269 3.8000319 1.065455198 0.007711094727 307.9735897
sample 8.5 -0.1058708504 0.02893291414 3.800031662 1.065452576 0.007711094727 307.9748965
sample 8.6 -0.1027459949 0.03344686702 3.800032616 1.06545186 0.007711094727 307.9674348
sample 8.7 -0.09916720539 0.03801196441 3.800034046 1.065453529 0.007711094727 307.9915485
sample 8.8 -0.09512889385 0.04263514653 3.800035715 1.065453291 0.007711094727 307.9995803
sample 8.9 -0.09062504023 0.04732375219 3.800034523 1.065453529 0.007711094727 308.0023187
sample 9 -0.08564867079 0.05208446458 3.800036669 1.065451384 0.007711094727 307.9953686
sample 9.1 -0.08019223809 0.05692471564 3.800036907 1.065452337 0.007711094727 307.9954661
sample 9.2 -0.07424741238 0.0618487373 3.800035477 1.065452576 0.007711094727 308.0025756
sample 9.3 -0.06780514121 0.06687161326 3.800037146 1.065451622 0.007711094727 307.9876524
sample 9.4 -0.06085566804 0.07199257612 3.800038815 1.065451384 0.007711094727 308.0093177
sample 9.5 -0.05360962078 0.06899410486 3.800037622 1.065450668 0.007711094727 305.4543992
sample 9.6 -0.04804787785 0.03914796934 3.80003643 1.065452576 0.007711094727 303.5989296
sample 9.7 -0.04641713947 0.006196351256 3.800036669 1.065450668 0.007711094727 304.2065021
sample 9.8 -0.04924918339 0.04722788557 3.800036192 1.065447807 0.007711094727 304.1914696
sample 9.9 -0.05526741222 0.06823373586 3.800038099 1.065450668 0.007711094727 301.8216756
sample 10 -0.06202851236 0.0648893863 3.800036907 1.065449715 0.007711094727 300.2933884
sample 10.1 -0.06818349659 0.05840433389 3.800038099 1.06544137 0.007711094727 300.3680676
sample 10.2 -0.07369452715 0.05200760067 3.800040483 1.065443993 0.007711094727 300.3825001
sample 10.3 -0.07856998593 0.04568945244 3.800042391 1.065440178 0.007711094727 300.3724143
sample 10.4 -0.0828172788 0.03944051266 3.800043583 1.065441132 0.007711094727 300.3978328
sample 10.5 -0.08644283563 0.03325147182 3.800044537 1.065442085 0.007711094727 300.4525741
sample 10.6 -0.08945214748 0.02711323462 3.80004549 1.065441132 0.007711094727 300.4620644
sample 10.7 -0.09184986353 0.02101614326 3.800045967 1.065441132 0.007711094727 300.4952607
sample 10.8 -0.09363958985 0.01495103445 3.800046444 1.065440893 0.007711094727 300.525588
sample 10.9 -0.09482406825 0.008908910677 3.800046921 1.065442801 0.007711094727 300.5502179
sample 11 -0.09540507942 0.00288028433 3.800045967 1.065442085 0.007711094727 300.5791745
sample 11.1 -0.09540484846 0.002419023309 3.800047398 1.065437317 0.007711094727 300.5756998
sample 11.2 -0.09492381662 0.007073593792 3.800047398 1.065438271 0.007711094727 300.5954948
sample 11.3 -0.09397680312 0.0117396852 3.800047398 1.065438271 0.007711094727 300.578556
sample 11.4 -0.0925623104 0.01642354392 3.800047874 1.065440178 0.007711094727 300.5786312
sample 11.5 -0.09067822248 0.0211326275 3.800048113 1.065438271 0.007711094727 300.5786331
sample 11.6 -0.08832164854 0.02587393299 3.800049067 1.065440893 0.007711094727 300.5819249
sample 11.7 -0.08548896015 0.0306545943 3.800049543 1.065440178 0.007711094727 300.571046
sample 11.8 -0.08217581362 0.03548192978 3.800050259 1.065441132 0.007711094727 300.5733068
sample 11.9 -0.07837726921 0.04036324844 3.800051212 1.065440178 0.007711094727 300.5770206
RESULT h=0.01111111111 mass=360 mu=0.6000000238 rider_x=-3.400000095 drop=0.1000000015 end_q=-0.07458861172 max_w=0.1177989542 q_min=-0.1802122891 q_max=-0.04108580202 drum_local_x=3.800051928 drum_local_y=1.065439224 front=0.007711094727 plastic_j=30.29358643 damping_j=64.83638774 dry_friction_j=111.9545161 max_pad_n=4000.476293 peak_ke=307.955719 end_w=0.04475342855 energy_delta=507.6681102 max_residual_j=335.4606802 rider_end_y=11.03424644
