sample 0 -0.1800000072 0.001021389151 98.3843689 -17.90295792 0 -1.430511476e-06
sample 0.1 -0.1802124232 2.424488019e-13 98.38056946 -17.92385483 0 1.75228312
sample 0.2 -0.1802124232 2.424488019e-13 98.38056946 -17.92385483 0 1.75228312
sample 0.3 -0.1802124232 2.424488019e-13 98.38056946 -17.92385483 0 1.75228312
sample 0.4 -0.1802124232 2.424488019e-13 98.38056946 -17.92385483 0 1.75228312
sample 0.5 -0.1802124232 2.424488019e-13 98.38056946 -17.92385483 0 1.75228312
sample 0.6 -0.1802124232 2.424488019e-13 98.38056946 -17.92385483 0 1.75228312
sample 0.7 -0.1802124232 2.246907494e-13 98.38056946 -17.92385483 0 1.75228312
sample 0.8 -0.1802124232 2.246907494e-13 98.38056946 -17.92385483 0 1.75228312
sample 0.9 -0.1802124232 2.246907494e-13 98.38056946 -17.92385483 0 1.75228312
sample 1 -0.1802124232 2.246907494e-13 98.38056946 -17.92385483 0 1.75228312
sample 1.1 -0.1802124232 2.246907494e-13 98.38056946 -17.92385483 0 1.75228312
sample 1.2 -0.1802124232 2.91460134e-13 98.38056946 -17.92385483 0 1.75228312
sample 1.3 -0.1802124232 2.91460134e-13 98.38056946 -17.92385483 0 1.75228312
sample 1.4 -0.1802124232 2.91460134e-13 98.38056946 -17.92385483 0 1.75228312
sample 1.5 -0.1802124232 2.91460134e-13 98.38056946 -17.92385483 0 1.75228312
sample 1.6 -0.1802124232 2.91460134e-13 98.38056946 -17.92385483 0 1.75228312
sample 1.7 -0.1802124232 2.91460134e-13 98.38056946 -17.92385483 0 1.75228312
sample 1.8 -0.1802124232 2.91460134e-13 98.38056946 -17.92385483 0 1.75228312
sample 1.9 -0.1802124232 2.91460134e-13 98.38056946 -17.92385483 0 1.75228312
sample 2 -0.1802124232 2.91460134e-13 98.38056946 -17.92385483 0 1.75228312
sample 2.1 -0.1802124232 2.91460134e-13 98.38056946 -17.92385483 0 1.75228312
sample 2.2 -0.1802124232 2.91460134e-13 98.38056946 -17.92385483 0 1.75228312
sample 2.3 -0.1802124232 2.91460134e-13 98.38056946 -17.92385483 0 1.75228312
sample 2.4 -0.1802124232 2.91460134e-13 98.38056946 -17.92385483 0 1.75228312
sample 2.5 -0.1802124232 2.91460134e-13 98.38056946 -17.92385483 0 1.75228312
sample 2.6 -0.1802124232 2.91460134e-13 98.38056946 -17.92385483 0 1.75228312
sample 2.7 -0.1802124232 2.91460134e-13 98.38056946 -17.92385483 0 1.75228312
sample 2.8 -0.1802124232 2.91460134e-13 98.38056946 -17.92385483 0 1.75228312
sample 2.9 -0.1802124232 2.91460134e-13 98.38056946 -17.92385483 0 1.75228312
sample 3 -0.1802124232 2.91460134e-13 98.38056946 -17.92385483 0 1.75228312
sample 3.1 -0.1802124232 2.91460134e-13 98.38056946 -17.92385483 0 1.75228312
sample 3.2 -0.1802124232 2.91460134e-13 98.38056946 -17.92385483 0 1.75228312
sample 3.3 -0.1802124232 2.91460134e-13 98.38056946 -17.92385483 0 1.75228312
sample 3.4 -0.1802124232 2.91460134e-13 98.38056946 -17.92385483 0 1.75228312
sample 3.5 -0.1802124232 1.437827796e-28 98.38056946 -17.92385483 0 1.75228312
sample 3.6 -0.1802124232 1.437827796e-28 98.38056946 -17.92385483 0 1.75228312
sample 3.7 -0.1802124232 1.437827796e-28 98.38056946 -17.92385483 0 1.75228312
sample 3.8 -0.1802124232 1.437827796e-28 98.38056946 -17.92385483 0 1.75228312
sample 3.9 -0.1802124232 1.437827796e-28 98.38056946 -17.92385483 0 1.75228312
sample 4 -0.1802124232 1.437827796e-28 98.38056946 -17.92385483 0 1.75228312
sample 4.1 -0.1802124232 1.437827796e-28 98.38056946 -17.92385483 0 1.75228312
sample 4.2 -0.1802124232 1.437827796e-28 98.38056946 -17.92385483 0 1.75228312
sample 4.3 -0.1802124232 1.457915486e-27 98.38056946 -17.92385483 0 1.75228312
sample 4.4 -0.1802124232 1.457915486e-27 98.38056946 -17.92385483 0 1.75228312
sample 4.5 -0.1802124232 1.457915486e-27 98.38056946 -17.92385483 0 1.75228312
sample 4.6 -0.1802124232 1.457915486e-27 98.38056946 -17.92385483 0 1.75228312
sample 4.7 -0.1802124232 1.457915486e-27 98.38056946 -17.92385483 0 1.75228312
sample 4.8 -0.1802124232 3.298452345e-29 98.38056946 -17.92385483 0 1.75228312
sample 4.9 -0.1802124232 3.298452345e-29 98.38056946 -17.92385483 0 1.75228312
sample 5 -0.1802124232 3.298452345e-29 98.38056946 -17.92385483 0 1.75228312
sample 5.1 -0.1802124232 3.298452345e-29 98.38056946 -17.92385483 0 1.75228312
sample 5.2 -0.1802124232 3.298452345e-29 98.38056946 -17.92385483 0 1.75228312
sample 5.3 -0.1802124232 3.298452345e-29 98.38056946 -17.92385483 0 1.75228312
sample 5.4 -0.1802124232 3.298452345e-29 98.38056946 -17.92385483 0 1.75228312
sample 5.5 -0.1802124232 3.298452345e-29 98.38056946 -17.92385483 0 1.75228312
sample 5.6 -0.1802124232 3.298452345e-29 98.38056946 -17.92385483 0 1.75228312
sample 5.7 -0.1802124232 3.298452345e-29 98.38056946 -17.92385483 0 1.75228312
sample 5.8 -0.1802124232 3.298452345e-29 98.38056946 -17.92385483 0 1.75228312
sample 5.9 -0.1802124232 3.298452345e-29 98.38056946 -17.92385483 0 1.75228312
sample 6 -0.1802124232 3.298452345e-29 98.38056946 -17.92385483 0 1.75228312
sample 6.1 -0.1802124232 3.298452345e-29 98.38056946 -17.92385483 0 1.75228312
sample 6.2 -0.1802124232 3.298452345e-29 98.38056946 -17.92385483 0 1.75228312
sample 6.3 -0.1802124232 3.298452345e-29 98.38056946 -17.92385483 0 1.75228312
sample 6.4 -0.1802124232 3.298452345e-29 98.38056946 -17.92385483 0 1.75228312
sample 6.5 -0.1802124232 3.298452345e-29 98.38056946 -17.92385483 0 1.75228312
sample 6.6 -0.1802124232 3.298452345e-29 98.38056946 -17.92385483 0 1.75228312
sample 6.7 -0.1802124232 3.298452345e-29 98.38056946 -17.92385483 0 1.75228312
sample 6.8 -0.1802124232 3.298452345e-29 98.38056946 -17.92385483 0 1.75228312
sample 6.9 -0.1802124232 3.298452345e-29 98.38056946 -17.92385483 0 1.75228312
sample 7 -0.1802124232 3.298452345e-29 98.38056946 -17.92385483 0 1.75228312
sample 7.1 -0.1802124232 3.298452345e-29 98.38056946 -17.92385483 0 1.75228312
sample 7.2 -0.1802124232 3.298452345e-29 98.38056946 -17.92385483 0 1.75228312
sample 7.3 -0.1802124232 3.298452345e-29 98.38056946 -17.92385483 0 1.75228312
sample 7.4 -0.1802124232 3.298452345e-29 98.38056946 -17.92385483 0 1.75228312
sample 7.5 -0.1802124232 3.298452345e-29 98.38056946 -17.92385483 0 1.75228312
sample 7.6 -0.1802124232 3.298452345e-29 98.38056946 -17.92385483 0 1.75228312
sample 7.7 -0.1802124232 3.298452345e-29 98.38056946 -17.92385483 0 1.75228312
sample 7.8 -0.1802124232 3.298452345e-29 98.38056946 -17.92385483 0 1.75228312
sample 7.9 -0.1802124232 2.630354951e-28 98.38056946 -17.92385483 0 1.75228312
sample 8 -0.1802124232 2.630354951e-28 98.38056946 -17.92385483 0 1.75228312
sample 8.1 -0.1802124232 2.630354951e-28 98.38056946 -17.92385483 0 1.75228312
sample 8.2 -0.1802124232 2.630354951e-28 98.38056946 -17.92385483 0 1.75228312
sample 8.3 -0.1802124232 2.630354951e-28 98.38056946 -17.92385483 0 1.75228312
sample 8.4 -0.1802124232 2.424488019e-13 98.38056946 -17.92385483 0 1.75228312
sample 8.5 -0.1802124232 2.424488019e-13 98.38056946 -17.92385483 0 1.75228312
sample 8.6 -0.1802124232 2.424488019e-13 98.38056946 -17.92385483 0 1.75228312
sample 8.7 -0.1802124232 2.424488019e-13 98.38056946 -17.92385483 0 1.75228312
sample 8.8 -0.1802124232 2.424488019e-13 98.38056946 -17.92385483 0 1.75228312
sample 8.9 -0.1802124232 2.424488019e-13 98.38056946 -17.92385483 0 1.75228312
sample 9 -0.1802124232 2.424488019e-13 98.38056946 -17.92385483 0 1.75228312
sample 9.1 -0.1802124232 2.424488019e-13 98.38056946 -17.92385483 0 1.75228312
sample 9.2 -0.1802124232 2.246907494e-13 98.38056946 -17.92385483 0 1.75228312
sample 9.3 -0.1802124232 2.246907494e-13 98.38056946 -17.92385483 0 1.75228312
sample 9.4 -0.1802124232 2.246907494e-13 98.38056946 -17.92385483 0 1.75228312
sample 9.5 -0.1802124232 2.246907494e-13 98.38056946 -17.92385483 0 1.75228312
sample 9.6 -0.1802124232 2.246907494e-13 98.38056946 -17.92385483 0 1.75228312
sample 9.7 -0.1802124232 2.91460134e-13 98.38056946 -17.92385483 0 1.75228312
sample 9.8 -0.1802124232 2.91460134e-13 98.38056946 -17.92385483 0 1.75228312
sample 9.9 -0.1802124232 2.91460134e-13 98.38056946 -17.92385483 0 1.75228312
sample 10 -0.1802124232 2.91460134e-13 98.38056946 -17.92385483 0 1.75228312
sample 10.1 -0.1802124232 2.91460134e-13 98.38056946 -17.92385483 0 1.75228312
sample 10.2 -0.1802124232 2.91460134e-13 98.38056946 -17.92385483 0 1.75228312
sample 10.3 -0.1802124232 2.91460134e-13 98.38056946 -17.92385483 0 1.75228312
sample 10.4 -0.1802124232 2.91460134e-13 98.38056946 -17.92385483 0 1.75228312
sample 10.5 -0.1802124232 2.91460134e-13 98.38056946 -17.92385483 0 1.75228312
sample 10.6 -0.1802124232 2.91460134e-13 98.38056946 -17.92385483 0 1.75228312
sample 10.7 -0.1802124232 2.91460134e-13 98.38056946 -17.92385483 0 1.75228312
sample 10.8 -0.1802124232 2.91460134e-13 98.38056946 -17.92385483 0 1.75228312
sample 10.9 -0.1802124232 2.91460134e-13 98.38056946 -17.92385483 0 1.75228312
sample 11 -0.1802124232 2.91460134e-13 98.38056946 -17.92385483 0 1.75228312
sample 11.1 -0.1802124232 2.91460134e-13 98.38056946 -17.92385483 0 1.75228312
sample 11.2 -0.1802124232 2.91460134e-13 98.38056946 -17.92385483 0 1.75228312
sample 11.3 -0.1802124232 2.91460134e-13 98.38056946 -17.92385483 0 1.75228312
sample 11.4 -0.1802124232 2.91460134e-13 98.38056946 -17.92385483 0 1.75228312
sample 11.5 -0.1802124232 2.91460134e-13 98.38056946 -17.92385483 0 1.75228312
sample 11.6 -0.1802124232 2.91460134e-13 98.38056946 -17.92385483 0 1.75228312
sample 11.7 -0.1802124232 2.91460134e-13 98.38056946 -17.92385483 0 1.75228312
sample 11.8 -0.1802124232 2.91460134e-13 98.38056946 -17.92385483 0 1.75228312
sample 11.9 -0.1802124232 2.91460134e-13 98.38056946 -17.92385483 0 1.75228312
RESULT h=0.002777777778 mass=0 mu=0.6000000238 rider_x=-100 drop=0.1000000015 end_q=-0.1802124232 max_w=0.01225657109 q_min=-0.1802124232 q_max=-0.18 drum_local_x=98.38056946 drum_local_y=-17.92385483 front=0 plastic_j=0 damping_j=0 dry_friction_j=0.04248464108 max_pad_n=0 peak_ke=1.680687528 end_w=2.246907494e-13 energy_delta=1.794767761 max_residual_j=1.75228312
