sample 0 -0.1800283939 0.004085553344 98.38386536 -17.90575027 0 -0.005678772926
sample 0.1 -0.1802122891 3.193155115e-11 98.38056946 -17.92383957 0 1.752309942
sample 0.2 -0.1802122891 3.079626484e-11 98.38056946 -17.92383957 0 1.752309942
sample 0.3 -0.1802122891 3.268443155e-11 98.38056946 -17.92383957 0 1.752309942
sample 0.4 -0.1802122891 3.097266194e-11 98.38056946 -17.92383957 0 1.752309942
sample 0.5 -0.1802122891 3.108449262e-11 98.38056946 -17.92383957 0 1.752309942
sample 0.6 -0.1802122891 2.119627911e-11 98.38056946 -17.92383957 0 1.752309942
sample 0.7 -0.1802122891 2.719487829e-11 98.38056946 -17.92383957 0 1.752309942
sample 0.8 -0.1802122891 3.244180619e-11 98.38056946 -17.92383957 0 1.752309942
sample 0.9 -0.1802122891 2.07365531e-11 98.38056946 -17.92383957 0 1.752309942
sample 1 -0.1802122891 3.191250736e-11 98.38056946 -17.92383957 0 1.752309942
sample 1.1 -0.1802122891 3.154838196e-11 98.38056946 -17.92383957 0 1.752309942
sample 1.2 -0.1802122891 2.133266307e-11 98.38056946 -17.92383957 0 1.752309942
sample 1.3 -0.1802122891 2.225743027e-11 98.38056946 -17.92383957 0 1.752309942
sample 1.4 -0.1802122891 3.084729347e-11 98.38056946 -17.92383957 0 1.752309942
sample 1.5 -0.1802122891 3.086534847e-11 98.38056946 -17.92383957 0 1.752309942
sample 1.6 -0.1802122891 3.130986442e-11 98.38056946 -17.92383957 0 1.752309942
sample 1.7 -0.1802122891 2.007953005e-11 98.38056946 -17.92383957 0 1.752309942
sample 1.8 -0.1802122891 3.298338339e-11 98.38056946 -17.92383957 0 1.752309942
sample 1.9 -0.1802122891 3.188844327e-11 98.38056946 -17.92383957 0 1.752309942
sample 2 -0.1802122891 3.144789637e-11 98.38056946 -17.92383957 0 1.752309942
sample 2.1 -0.1802122891 3.260379119e-11 98.38056946 -17.92383957 0 1.752309942
sample 2.2 -0.1802122891 3.252274491e-11 98.38056946 -17.92383957 0 1.752309942
sample 2.3 -0.1802122891 3.105271595e-11 98.38056946 -17.92383957 0 1.752309942
sample 2.4 -0.1802122891 2.726498888e-11 98.38056946 -17.92383957 0 1.752309942
sample 2.5 -0.1802122891 2.636198898e-11 98.38056946 -17.92383957 0 1.752309942
sample 2.6 -0.1802122891 1.518556114e-11 98.38056946 -17.92383957 0 1.752309942
sample 2.7 -0.1802122891 2.764736357e-11 98.38056946 -17.92383957 0 1.752309942
sample 2.8 -0.1802122891 3.148332983e-11 98.38056946 -17.92383957 0 1.752309942
sample 2.9 -0.1802122891 3.123802259e-11 98.38056946 -17.92383957 0 1.752309942
sample 3 -0.1802122891 3.073854712e-11 98.38056946 -17.92383957 0 1.752309942
sample 3.1 -0.1802122891 2.694628895e-11 98.38056946 -17.92383957 0 1.752309942
sample 3.2 -0.1802122891 3.136509108e-11 98.38056946 -17.92383957 0 1.752309942
sample 3.3 -0.1802122891 2.530095924e-11 98.38056946 -17.92383957 0 1.752309942
sample 3.4 -0.1802122891 3.153535766e-11 98.38056946 -17.92383957 0 1.752309942
sample 3.5 -0.1802122891 2.695417153e-11 98.38056946 -17.92383957 0 1.752309942
sample 3.6 -0.1802122891 2.540165647e-11 98.38056946 -17.92383957 0 1.752309942
sample 3.7 -0.1802122891 3.156921599e-11 98.38056946 -17.92383957 0 1.752309942
sample 3.8 -0.1802122891 1.392486213e-11 98.38056946 -17.92383957 0 1.752309942
sample 3.9 -0.1802122891 3.136523333e-11 98.38056946 -17.92383957 0 1.752309942
sample 4 -0.1802122891 3.161726089e-11 98.38056946 -17.92383957 0 1.752309942
sample 4.1 -0.1802122891 3.183874692e-11 98.38056946 -17.92383957 0 1.752309942
sample 4.2 -0.1802122891 3.252934727e-11 98.38056946 -17.92383957 0 1.752309942
sample 4.3 -0.1802122891 3.130279369e-11 98.38056946 -17.92383957 0 1.752309942
sample 4.4 -0.1802122891 3.174186261e-11 98.38056946 -17.92383957 0 1.752309942
sample 4.5 -0.1802122891 3.307611476e-11 98.38056946 -17.92383957 0 1.752309942
sample 4.6 -0.1802122891 3.29941699e-11 98.38056946 -17.92383957 0 1.752309942
sample 4.7 -0.1802122891 3.228370002e-11 98.38056946 -17.92383957 0 1.752309942
sample 4.8 -0.1802122891 3.055854181e-11 98.38056946 -17.92383957 0 1.752309942
sample 4.9 -0.1802122891 3.249931921e-11 98.38056946 -17.92383957 0 1.752309942
sample 5 -0.1802122891 2.183738433e-11 98.38056946 -17.92383957 0 1.752309942
sample 5.1 -0.1802122891 3.25456502e-11 98.38056946 -17.92383957 0 1.752309942
sample 5.2 -0.1802122891 3.068031246e-11 98.38056946 -17.92383957 0 1.752309942
sample 5.3 -0.1802122891 2.748892433e-11 98.38056946 -17.92383957 0 1.752309942
sample 5.4 -0.1802122891 3.171864854e-11 98.38056946 -17.92383957 0 1.752309942
sample 5.5 -0.1802122891 3.176932328e-11 98.38056946 -17.92383957 0 1.752309942
sample 5.6 -0.1802122891 3.223470796e-11 98.38056946 -17.92383957 0 1.752309942
sample 5.7 -0.1802122891 2.639312033e-11 98.38056946 -17.92383957 0 1.752309942
sample 5.8 -0.1802122891 3.177063473e-11 98.38056946 -17.92383957 0 1.752309942
sample 5.9 -0.1802122891 2.624572087e-11 98.38056946 -17.92383957 0 1.752309942
sample 6 -0.1802122891 2.621453402e-11 98.38056946 -17.92383957 0 1.752309942
sample 6.1 -0.1802122891 3.172792584e-11 98.38056946 -17.92383957 0 1.752309942
sample 6.2 -0.1802122891 3.248330424e-11 98.38056946 -17.92383957 0 1.752309942
sample 6.3 -0.1802122891 3.195982021e-11 98.38056946 -17.92383957 0 1.752309942
sample 6.4 -0.1802122891 3.145807573e-11 98.38056946 -17.92383957 0 1.752309942
sample 6.5 -0.1802122891 3.239230065e-11 98.38056946 -17.92383957 0 1.752309942
sample 6.6 -0.1802122891 3.156402917e-11 98.38056946 -17.92383957 0 1.752309942
sample 6.7 -0.1802122891 3.249317829e-11 98.38056946 -17.92383957 0 1.752309942
sample 6.8 -0.1802122891 2.621323991e-11 98.38056946 -17.92383957 0 1.752309942
sample 6.9 -0.1802122891 3.208906058e-11 98.38056946 -17.92383957 0 1.752309942
sample 7 -0.1802122891 2.076010024e-11 98.38056946 -17.92383957 0 1.752309942
sample 7.1 -0.1802122891 3.135772197e-11 98.38056946 -17.92383957 0 1.752309942
sample 7.2 -0.1802122891 2.607651942e-11 98.38056946 -17.92383957 0 1.752309942
sample 7.3 -0.1802122891 2.719082945e-11 98.38056946 -17.92383957 0 1.752309942
sample 7.4 -0.1802122891 3.13756035e-11 98.38056946 -17.92383957 0 1.752309942
sample 7.5 -0.1802122891 3.22697459e-11 98.38056946 -17.92383957 0 1.752309942
sample 7.6 -0.1802122891 2.618136263e-11 98.38056946 -17.92383957 0 1.752309942
sample 7.7 -0.1802122891 3.210005525e-11 98.38056946 -17.92383957 0 1.752309942
sample 7.8 -0.1802122891 3.248947292e-11 98.38056946 -17.92383957 0 1.752309942
sample 7.9 -0.1802122891 3.136367902e-11 98.38056946 -17.92383957 0 1.752309942
sample 8 -0.1802122891 2.6023593e-11 98.38056946 -17.92383957 0 1.752309942
sample 8.1 -0.1802122891 3.225525749e-11 98.38056946 -17.92383957 0 1.752309942
sample 8.2 -0.1802122891 2.648460271e-11 98.38056946 -17.92383957 0 1.752309942
sample 8.3 -0.1802122891 2.717542164e-11 98.38056946 -17.92383957 0 1.752309942
sample 8.4 -0.1802122891 3.151073499e-11 98.38056946 -17.92383957 0 1.752309942
sample 8.5 -0.1802122891 3.23254444e-11 98.38056946 -17.92383957 0 1.752309942
sample 8.6 -0.1802122891 3.136401555e-11 98.38056946 -17.92383957 0 1.752309942
sample 8.7 -0.1802122891 2.699191912e-11 98.38056946 -17.92383957 0 1.752309942
sample 8.8 -0.1802122891 3.150147851e-11 98.38056946 -17.92383957 0 1.752309942
sample 8.9 -0.1802122891 2.1876655e-11 98.38056946 -17.92383957 0 1.752309942
sample 9 -0.1802122891 3.244731567e-11 98.38056946 -17.92383957 0 1.752309942
sample 9.1 -0.1802122891 3.212484445e-11 98.38056946 -17.92383957 0 1.752309942
sample 9.2 -0.1802122891 3.202635379e-11 98.38056946 -17.92383957 0 1.752309942
sample 9.3 -0.1802122891 3.18548278e-11 98.38056946 -17.92383957 0 1.752309942
sample 9.4 -0.1802122891 3.146079924e-11 98.38056946 -17.92383957 0 1.752309942
sample 9.5 -0.1802122891 1.581294123e-11 98.38056946 -17.92383957 0 1.752309942
sample 9.6 -0.1802122891 2.685062936e-11 98.38056946 -17.92383957 0 1.752309942
sample 9.7 -0.1802122891 3.152806488e-11 98.38056946 -17.92383957 0 1.752309942
sample 9.8 -0.1802122891 3.216575964e-11 98.38056946 -17.92383957 0 1.752309942
sample 9.9 -0.1802122891 2.636627722e-11 98.38056946 -17.92383957 0 1.752309942
sample 10 -0.1802122891 3.238984428e-11 98.38056946 -17.92383957 0 1.752309942
sample 10.1 -0.1802122891 2.689666198e-11 98.38056946 -17.92383957 0 1.752309942
sample 10.2 -0.1802122891 3.138534571e-11 98.38056946 -17.92383957 0 1.752309942
sample 10.3 -0.1802122891 3.156699555e-11 98.38056946 -17.92383957 0 1.752309942
sample 10.4 -0.1802122891 2.176314857e-11 98.38056946 -17.92383957 0 1.752309942
sample 10.5 -0.1802122891 3.207295193e-11 98.38056946 -17.92383957 0 1.752309942
sample 10.6 -0.1802122891 3.152376277e-11 98.38056946 -17.92383957 0 1.752309942
sample 10.7 -0.1802122891 3.240003058e-11 98.38056946 -17.92383957 0 1.752309942
sample 10.8 -0.1802122891 3.182736366e-11 98.38056946 -17.92383957 0 1.752309942
sample 10.9 -0.1802122891 3.129781503e-11 98.38056946 -17.92383957 0 1.752309942
sample 11 -0.1802122891 2.665054982e-11 98.38056946 -17.92383957 0 1.752309942
sample 11.1 -0.1802122891 3.20934182e-11 98.38056946 -17.92383957 0 1.752309942
sample 11.2 -0.1802122891 3.190567255e-11 98.38056946 -17.92383957 0 1.752309942
sample 11.3 -0.1802122891 3.183931591e-11 98.38056946 -17.92383957 0 1.752309942
sample 11.4 -0.1802122891 3.13942379e-11 98.38056946 -17.92383957 0 1.752309942
sample 11.5 -0.1802122891 3.234090773e-11 98.38056946 -17.92383957 0 1.752309942
sample 11.6 -0.1802122891 3.255086478e-11 98.38056946 -17.92383957 0 1.752309942
sample 11.7 -0.1802122891 3.239601643e-11 98.38056946 -17.92383957 0 1.752309942
sample 11.8 -0.1802122891 3.22318075e-11 98.38056946 -17.92383957 0 1.752309942
sample 11.9 -0.1802122891 3.179175673e-11 98.38056946 -17.92383957 0 1.752309942
RESULT h=0.01111111111 mass=0 mu=0.6000000238 rider_x=-100 drop=0.1000000015 end_q=-0.1802122891 max_w=0.008997939527 q_min=-0.1802122891 q_max=-0.18 drum_local_x=98.38056946 drum_local_y=-17.92383957 front=0 plastic_j=0 damping_j=0 dry_friction_j=0.04245781898 max_pad_n=0 peak_ke=0.9058056064 end_w=1.590513277e-10 energy_delta=1.794767761 max_residual_j=1.752309942
