sample 0 -0.1800000072 0.001021389151 3.799991131 1.174952507 0 -1.430511476e-06
sample 0.1 -0.1802124232 1.880904693e-13 3.790899754 1.12287426 0 11.12026937
sample 0.2 -0.1772951186 0.06546021998 3.800688267 1.065958977 0 313.3067326
sample 0.3 -0.1708685011 0.06315071136 3.80207324 1.066919327 0 315.5769452
sample 0.4 -0.164015919 0.06516632438 3.797547817 1.06718564 0 327.1330293
sample 0.5 -0.1570223272 0.0707500428 3.799952984 1.065505981 0 333.2551043
sample 0.6 -0.1495405585 0.07672069967 3.800000191 1.065472603 0 334.0442262
sample 0.7 -0.1416752934 0.0805933997 3.800001144 1.065467596 0 333.9898312
sample 0.8 -0.1334159374 0.08459138125 3.800002337 1.065471649 0 334.0168942
sample 0.9 -0.1247500181 0.08872099221 3.80000329 1.065467834 0 333.9866788
sample 1 -0.1156642884 0.09298727661 3.800004482 1.065470457 0 334.0170645
sample 1.1 -0.1061448157 0.0973969698 3.800005436 1.065465927 0 333.9905523
sample 1.2 -0.09617679566 0.1019560397 3.800007343 1.06546855 0 334.0570392
sample 1.3 -0.08574523777 0.1066709831 3.800008297 1.065466881 0 334.0087504
sample 1.4 -0.07483404875 0.1115481928 3.800008774 1.06546402 0 333.9925071
sample 1.5 -0.06342662871 0.1165948585 3.800011396 1.065464735 0 334.0024676
sample 1.6 -0.05188327655 0.107147783 3.800012112 1.065464973 0 332.1987503
sample 1.7 -0.04348442331 0.05536333099 3.800012589 1.065466881 0 331.3571668
sample 1.8 -0.04147836566 0.01454974059 3.800010681 1.065467834 0.006404560913 331.8216171
sample 1.9 -0.04608625546 0.0736142844 3.800010204 1.065465927 0.006404560913 331.6631077
sample 2 -0.05515832826 0.1009807512 3.800012827 1.065465927 0.006404560913 330.2406986
sample 2.1 -0.06510670483 0.09644757956 3.800012589 1.065466642 0.006404560913 329.8056593
sample 2.2 -0.07442654669 0.09002661705 3.80001235 1.065462112 0.006404560913 329.7410521
sample 2.3 -0.08311234415 0.08375197649 3.800013304 1.065462112 0.006404560913 329.756948
sample 2.4 -0.0911770016 0.07760416716 3.800014019 1.065463066 0.006404560913 329.7892419
sample 2.5 -0.09863333404 0.0715746507 3.800015688 1.065463781 0.006404560913 329.8349686
sample 2.6 -0.1054916754 0.0656548366 3.800014257 1.065463066 0.006404560913 329.8430936
sample 2.7 -0.1117635369 0.05983523652 3.800011158 1.065462112 0.006404560913 329.8077254
sample 2.8 -0.1174579561 0.05410731584 3.800011158 1.065461397 0.006404560913 329.8041345
sample 2.9 -0.1225837544 0.04846274853 3.800011635 1.065460205 0.006404560913 329.796075
sample 3 -0.1271490604 0.04289292172 3.80001235 1.065462112 0.006404560913 329.8038627
sample 3.1 -0.1311609298 0.03738941252 3.800013542 1.065461159 0.006404560913 329.8227895
sample 3.2 -0.1346254647 0.03194352239 3.800013065 1.065461159 0.006404560913 329.8615789
sample 3.3 -0.1375478506 0.02654743381 3.800012827 1.065460443 0.006404560913 329.9066022
sample 3.4 -0.1399328262 0.02119242586 3.800011635 1.065460205 0.006404560913 329.9109174
sample 3.5 -0.1417839974 0.01587033086 3.800012589 1.065458298 0.006404560913 329.9065061
sample 3.6 -0.1431042701 0.01057290193 3.800011635 1.06545639 0.006404560913 329.8831813
sample 3.7 -0.1438956857 0.005291860085 3.80001235 1.065454245 0.006404560913 329.8695094
sample 3.8 -0.1441401243 1.941032679e-05 3.79999876 1.065476418 0.006404560913 329.966865
sample 3.9 -0.1439720243 0.003880050499 3.800026178 1.06537652 0.006404560913 330.1965156
sample 4 -0.1433875263 0.007785619237 3.800026178 1.065375328 0.006404560913 330.1407624
sample 4.1 -0.1424120069 0.01170348004 3.800027132 1.065376043 0.006404560913 330.1457354
sample 4.2 -0.1410438716 0.01563958451 3.80002594 1.065373421 0.006404560913 330.1558188
sample 4.3 -0.1392808259 0.01959989034 3.800027132 1.065371513 0.006404560913 330.1312798
sample 4.4 -0.1371204555 0.02359074354 3.800028086 1.06537509 0.006404560913 330.2092903
sample 4.5 -0.1345590353 0.02761813626 3.800027847 1.065372467 0.006404560913 330.1192828
sample 4.6 -0.1315927655 0.03168830276 3.800028324 1.065376282 0.006404560913 330.1955986
sample 4.7 -0.1282172501 0.03580744937 3.800028801 1.065372467 0.006404560913 330.1304457
sample 4.8 -0.1244270056 0.03998206928 3.800029755 1.065374136 0.006404560913 330.1802891
sample 4.9 -0.1202160269 0.0442183651 3.800029755 1.065372467 0.006404560913 330.1322508
sample 5 -0.1155780181 0.04852296785 3.800029755 1.065375328 0.006404560913 330.1957694
sample 5.1 -0.1105058119 0.05290234834 3.80003047 1.065373182 0.006404560913 330.1315972
sample 5.2 -0.1049919277 0.05736294761 3.800031185 1.065375328 0.006404560913 330.2038034
sample 5.3 -0.09902703762 0.06191169843 3.800030708 1.065372705 0.006404560913 330.1392998
sample 5.4 -0.09260289371 0.06655526161 3.8000319 1.065373421 0.006404560913 330.1354663
sample 5.5 -0.08570929617 0.07130103558 3.800033569 1.065372229 0.006404560913 330.2069543
sample 5.6 -0.07833569497 0.0761552006 3.800033331 1.065374374 0.006404560913 330.1744304
sample 5.7 -0.07047104836 0.08112514764 3.800034046 1.06537056 0.006404560913 330.1384493
sample 5.8 -0.06210322678 0.08621804416 3.800035715 1.065371275 0.006404560913 330.1338925
sample 5.9 -0.05344731361 0.08227825165 3.800035477 1.065371513 0.006404560913 329.2143165
sample 6 -0.04676872492 0.04688585177 3.800036192 1.06537056 0.006404560913 328.641864
sample 6.1 -0.04471491277 0.00652061915 3.800035954 1.065365553 0.006404560913 328.8867945
sample 6.2 -0.04791757092 0.05467652902 3.800035954 1.065365791 0.006404560913 328.8335832
sample 6.3 -0.05487444252 0.07917214185 3.800037861 1.065366745 0.006404560913 327.9941928
sample 6.4 -0.06274162978 0.07588332891 3.800038099 1.065368652 0.006404560913 327.5344833
sample 6.5 -0.07000359893 0.06941920519 3.800038338 1.065367699 0.006404560913 327.5571421
sample 6.6 -0.07662450522 0.0630602017 3.800039291 1.06537056 0.006404560913 327.6179066
sample 6.7 -0.0826145038 0.0567959249 3.800039768 1.065363884 0.006404560913 327.5808694
sample 6.8 -0.08798234165 0.05061805993 3.800040245 1.065363884 0.006404560913 327.5770462
sample 6.9 -0.09273649752 0.04451718926 3.800040483 1.065365791 0.006404560913 327.58694
sample 7 -0.09688395262 0.03848427534 3.800040722 1.065365791 0.006404560913 327.5920292
sample 7.1 -0.1004312411 0.03251015395 3.800041437 1.06537056 0.006404560913 327.6464033
sample 7.2 -0.1033835188 0.02658593096 3.800043344 1.065370321 0.006404560913 327.6598985
sample 7.3 -0.1057456657 0.02070237137 3.800042629 1.065367699 0.006404560913 327.6500076
sample 7.4 -0.1075210273 0.01485054474 3.800042629 1.065366745 0.006404560913 327.6178378
sample 7.5 -0.1087124273 0.009021542035 3.800042629 1.065365791 0.006404560913 327.6202577
sample 7.6 -0.1093217358 0.003206143389 3.800042391 1.065365076 0.006404560913 327.6303287
sample 7.7 -0.1093694493 0.001984015107 3.800048351 1.06534481 0.006404560913 327.6873262
sample 7.8 -0.1089475378 0.006423749495 3.800049067 1.065348625 0.006404560913 327.7339472
sample 7.9 -0.1080812663 0.01087402832 3.800048828 1.065344572 0.006404560913 327.6823558
sample 8 -0.1067690626 0.0153413685 3.800049067 1.065348625 0.006404560913 327.7537941
sample 8.1 -0.1050090417 0.01983216591 3.800048828 1.065343857 0.006404560913 327.6960589
sample 8.2 -0.1027985141 0.0243534185 3.80004859 1.065343857 0.006404560913 327.6831703
sample 8.3 -0.1001340225 0.02891209535 3.800049067 1.065346718 0.006404560913 327.7538124
sample 8.4 -0.09701152891 0.03351486474 3.800048828 1.065341949 0.006404560913 327.6840245
sample 8.5 -0.09342622012 0.03816893697 3.800049067 1.065343857 0.006404560913 327.6855815
sample 8.6 -0.08937259763 0.04288111627 3.800049782 1.065346718 0.006404560913 327.7556177
sample 8.7 -0.08484460413 0.04765878618 3.800049543 1.065341949 0.006404560913 327.6935577
sample 8.8 -0.07983522117 0.05250908434 3.800050497 1.065342665 0.006404560913 327.6984712
sample 8.9 -0.07433717698 0.05743898824 3.800051212 1.065341949 0.006404560913 327.7597278
sample 9 -0.06834193319 0.06245619059 3.800052404 1.065340757 0.006404560913 327.7790481
sample 9.1 -0.06184013188 0.06756799668 3.800052881 1.065339804 0.006404560913 327.714057
sample 9.2 -0.05496585369 0.06663542241 3.800055981 1.065345526 0.006404560913 327.2009239
sample 9.3 -0.04940802604 0.04081285 3.800055981 1.065340757 0.006404560913 326.7385019
sample 9.4 -0.04736691341 0.0009359865799 3.800056934 1.065338135 0.006404560913 326.8877464
sample 9.5 -0.04950866103 0.03992852569 3.80005455 1.065339088 0.006404560913 326.8813957
sample 9.6 -0.05478434637 0.06153948978 3.800055027 1.065339088 0.006404560913 326.4575161
sample 9.7 -0.06098349765 0.05962535739 3.800058126 1.065339088 0.006404560913 326.0342717
sample 9.8 -0.06661788374 0.05312095582 3.80005765 1.065336466 0.006404560913 326.0249841
sample 9.9 -0.07160590589 0.0466969423 3.80005908 1.065340996 0.006404560913 326.0655143
sample 10 -0.07595523447 0.04034323618 3.800060034 1.065339088 0.006404560913 326.1129354
sample 10.1 -0.07967235148 0.03405083343 3.800060034 1.065337181 0.006404560913 326.0501208
sample 10.2 -0.08276293427 0.02781009488 3.800060272 1.065337181 0.006404560913 326.053512
sample 10.3 -0.08523187041 0.02161161974 3.800060987 1.065338135 0.006404560913 326.0889779
sample 10.4 -0.08708252758 0.0154461246 3.800061464 1.065339804 0.006404560913 326.1428993
sample 10.5 -0.08831783384 0.009304068051 3.800061464 1.065333366 0.006404560913 326.0910174
sample 10.6 -0.08893965185 0.00317599019 3.800061703 1.06533432 0.006404560913 326.095664
sample 10.7 -0.08897003531 0.002279191045 3.80006671 1.065317869 0.006404560913 326.152548
sample 10.8 -0.08850286901 0.007032223977 3.80006671 1.065319061 0.006404560913 326.2145506
sample 10.9 -0.08755996078 0.01179671753 3.800066948 1.065318108 0.006404560913 326.1684562
sample 11 -0.08613973111 0.01657962427 3.800065994 1.065315485 0.006404560913 326.1433271
sample 11.1 -0.08424002677 0.02138766833 3.80006671 1.065316916 0.006404560913 326.1476572
sample 11.2 -0.08185791969 0.02622833289 3.800067425 1.065322876 0.006404560913 326.2037131
sample 11.3 -0.07898979634 0.03110875562 3.800067186 1.065319777 0.006404560913 326.1454939
sample 11.4 -0.07563133538 0.03603639081 3.800067902 1.065317869 0.006404560913 326.1380391
sample 11.5 -0.07177750021 0.04101879895 3.800068617 1.065316916 0.006404560913 326.1378341
sample 11.6 -0.06742212176 0.04606328532 3.800068378 1.065319061 0.006404560913 326.2109375
sample 11.7 -0.06255915761 0.0511774309 3.800069332 1.065318108 0.006404560913 326.1987323
sample 11.8 -0.05721271038 0.05452347174 3.800070286 1.065307617 0.006404560913 325.9570723
sample 11.9 -0.05230145156 0.0403271094 3.800070286 1.065313339 0.006404560913 325.6062959
RESULT h=0.002777777778 mass=360 mu=0.6000000238 rider_x=-3.400000095 drop=0.1000000015 end_q=-0.04973545671 max_w=0.1181909516 q_min=-0.1802124232 q_max=-0.04131957516 drum_local_x=3.800071716 drum_local_y=1.065315247 front=0.006404560913 plastic_j=25.16077502 damping_j=65.14219753 dry_friction_j=109.8071232 max_pad_n=3995.707549 peak_ke=334.1525879 end_w=0.0109986281 energy_delta=525.7175582 max_residual_j=334.0725536 rider_end_y=11.12277794
