sample 0 -0.1800283939 0.004085553344 3.799898148 1.174147606 0 -0.005678772926
sample 0.1 -0.1802122891 3.218105643e-11 3.789124012 1.113129616 0 13.91803006
sample 0.2 -0.1762789488 0.07595822215 3.801948786 1.066839933 0 284.1279341
sample 0.3 -0.1681146175 0.09329169244 3.799757957 1.065645456 0 313.6886074
sample 0.4 -0.1582353562 0.1011796668 3.799248219 1.066000938 0 324.1559909
sample 0.5 -0.1467437744 0.1235434338 3.800001621 1.065475464 0 329.4820402
sample 0.6 -0.1335116476 0.140659377 3.800003529 1.065473557 0 329.5832007
sample 0.7 -0.1185550764 0.1580293924 3.800006151 1.065471888 0 329.6612443
sample 0.8 -0.1018485725 0.1756612509 3.800010443 1.065469742 0 329.7508981
sample 0.9 -0.08336415142 0.193580091 3.800016165 1.065466642 0 329.8729093
sample 1 -0.06307145208 0.2118193805 3.800024271 1.06546092 0 329.9887787
sample 1.1 -0.04203087837 0.1943152249 3.800029755 1.065457344 0 303.3273274
sample 1.2 -0.02595751174 0.129356727 3.800033092 1.065452576 0.08424155127 303.780352
sample 1.3 -0.01625881344 0.06672910601 3.800034285 1.065449715 0.1424767197 306.4396406
sample 1.4 -0.01271002647 0.006269557402 3.800034523 1.065450668 0.1661259354 308.4041251
sample 1.5 -0.01498144772 0.0483177267 3.800034285 1.065447569 0.1668097199 308.9736734
sample 1.6 -0.02176556177 0.08138153702 3.800034761 1.065451622 0.1668097199 306.22441
sample 1.7 -0.03010386787 0.0792792365 3.800034761 1.065452337 0.1668097199 301.3920551
sample 1.8 -0.03698864952 0.05899653956 3.800035238 1.06545043 0.1668097199 301.6894735
sample 1.9 -0.04185006768 0.03880475089 3.800034523 1.065449715 0.1668097199 301.8770398
sample 2 -0.04469563067 0.0186727792 3.800035 1.065451622 0.1668097199 302.0949993
sample 2.1 -0.04553047568 0.001311740372 3.800035238 1.065450668 0.1668097199 302.2963208
sample 2.2 -0.04445068911 0.01967531629 3.800035715 1.065450668 0.1668097199 302.3534182
sample 2.3 -0.0415644981 0.03746329993 3.800034761 1.065451622 0.1668097199 302.3841878
sample 2.4 -0.03692708164 0.05472197011 3.800035 1.065449953 0.1668097199 302.3344033
sample 2.5 -0.03058923222 0.07149323821 3.800035715 1.065450668 0.1668097199 302.2776054
sample 2.6 -0.02301512845 0.07446690649 3.800037146 1.065448761 0.1668097199 298.9359643
sample 2.7 -0.01681200229 0.04584657773 3.800035715 1.065450668 0.1668097199 296.5520757
sample 2.8 -0.01460177545 0.00180709979 3.800034523 1.065452337 0.1668097199 297.0320691
sample 2.9 -0.01719034649 0.04673685506 3.800035477 1.065451384 0.1668097199 297.1838502
sample 3 -0.02334471233 0.07108728588 3.800035715 1.065451622 0.1668097199 294.7561914
sample 3.1 -0.03038963862 0.06478519738 3.800034285 1.065452337 0.1668097199 291.346902
sample 3.2 -0.03582488 0.04449648038 3.800034046 1.065452576 0.1668097199 291.6991559
sample 3.3 -0.03923497722 0.02427593805 3.800035 1.065453291 0.1668097199 291.8938204
sample 3.4 -0.04062522203 0.004092830699 3.800033808 1.065451384 0.1668097199 292.1133497
sample 3.5 -0.04005045444 0.01476718113 3.800034523 1.065447807 0.1668097199 292.2309072
sample 3.6 -0.03764338046 0.03278040513 3.800035238 1.0654459 0.1668097199 292.2535088
sample 3.7 -0.03346337751 0.05024881661 3.80003643 1.065444708 0.1668097199 292.236186
sample 3.8 -0.02758707851 0.06543317437 3.800038099 1.065445662 0.1668097199 291.3898192
sample 3.9 -0.02121234685 0.05757781118 3.80003953 1.065445185 0.1668097199 288.5551218
sample 4 -0.01695818268 0.02530387044 3.800040483 1.065444946 0.1668097199 287.6514025
sample 4.1 -0.01659289002 0.01669049263 3.800040722 1.065444708 0.1668097199 288.2489061
sample 4.2 -0.02011403069 0.05015072227 3.80004096 1.0654459 0.1668097199 287.7832662
sample 4.3 -0.02594137937 0.06174826995 3.800042629 1.065443039 0.1668097199 285.4888349
sample 4.4 -0.03156832606 0.0477932021 3.800044537 1.065440178 0.1668097199 283.8329741
sample 4.5 -0.0353048332 0.02750977874 3.80004549 1.065440178 0.1668097199 284.0370131
sample 4.6 -0.03701543063 0.007268537302 3.800045729 1.065442085 0.1668097199 284.2480017
sample 4.7 -0.03673770279 0.01190937776 3.80004549 1.065442324 0.1668097199 284.4104416
sample 4.8 -0.03460906446 0.0300646387 3.800046682 1.065439224 0.1668097199 284.4640258
sample 4.9 -0.03069370426 0.04766637087 3.800047636 1.065440178 0.1668097199 284.4624589
sample 5 -0.02529322542 0.05630813166 3.800049305 1.065436363 0.1668097199 282.8051378
sample 5.1 -0.02026098594 0.04106125981 3.80005002 1.065437555 0.1668097199 281.1002109
sample 5.2 -0.01773489639 0.008543666452 3.800050735 1.065441132 0.1668097199 281.0341203
sample 5.3 -0.01871157251 0.02607717738 3.800050735 1.065436363 0.1668097199 281.3693726
sample 5.4 -0.02263170108 0.04876400903 3.800051928 1.065439224 0.1668097199 280.5131299
sample 5.5 -0.02777935378 0.05033673719 3.800053596 1.065438271 0.1668097199 278.6730732
sample 5.6 -0.0319811441 0.03251992911 3.800054073 1.065438271 0.1668097199 278.0302277
sample 5.7 -0.03419019654 0.01223087218 3.800054312 1.065437317 0.1668097199 278.2384385
sample 5.8 -0.03438560292 0.007409533951 3.80005455 1.065436602 0.1668097199 278.4008913
sample 5.9 -0.03269756213 0.02574536391 3.800054312 1.065437317 0.1668097199 278.448493
sample 6 -0.02920796908 0.0432083793 3.800054789 1.065436363 0.1668097199 278.320279
sample 6.1 -0.02452240326 0.04692999274 3.800055265 1.065433502 0.1668097199 276.7982546
sample 6.2 -0.02052196302 0.03059855662 3.800055742 1.065433502 0.1668097199 275.7738025
sample 6.3 -0.0189011842 0.001470356598 3.800055265 1.065434456 0.1668097199 275.9145063
sample 6.4 -0.02024850249 0.02657501772 3.800055027 1.065436363 0.1668097199 276.0078732
sample 6.5 -0.02387741767 0.04284386709 3.800055027 1.065438271 0.1668097199 275.1930586
sample 6.6 -0.02820720151 0.04061493278 3.800055265 1.065436363 0.1668097199 273.8895022
sample 6.7 -0.03140651807 0.02246793546 3.800056458 1.065436125 0.1668097199 273.5350088
sample 6.8 -0.03260972723 0.002163478406 3.800055742 1.065437078 0.1668097199 273.7481283
sample 6.9 -0.03185108677 0.01661447622 3.800055981 1.06543541 0.1668097199 273.8644671
sample 7 -0.02926006727 0.03428940102 3.800056219 1.065434456 0.1668097199 273.75888
sample 7.1 -0.02538351901 0.040202301 3.800056458 1.065433502 0.1668097199 272.7256479
sample 7.2 -0.02181318216 0.0288955383 3.800055742 1.06543541 0.1668097199 271.9092714
sample 7.3 -0.02006595396 0.005443066824 3.800055265 1.065432787 0.1668097199 271.918687
sample 7.4 -0.02081370167 0.01889313757 3.800056696 1.06542778 0.1668097199 272.1132265
sample 7.5 -0.02361199073 0.03454581276 3.800056696 1.065427542 0.1668097199 271.6336935
sample 7.6 -0.02723656967 0.03524554148 3.800058126 1.065428495 0.1668097199 270.7172083
sample 7.7 -0.03013066389 0.02091553621 3.800057888 1.065428734 0.1668097199 270.1985207
sample 7.8 -0.03117758781 0.0005903752754 3.800058126 1.065428734 0.1668097199 270.4265584
sample 7.9 -0.03026985563 0.01808741875 3.800058365 1.065429688 0.1668097199 270.5196646
sample 8 -0.02766477875 0.03171286359 3.800059557 1.065431356 0.1668097199 270.1144791
sample 8.1 -0.02437520772 0.03164871782 3.800060034 1.065429449 0.1668097199 269.3501076
sample 8.2 -0.02181285433 0.01810017414 3.800060034 1.065428734 0.1668097199 268.9503144
sample 8.3 -0.02105738036 0.002763172146 3.800059557 1.065427065 0.1668097199 269.1063833
sample 8.4 -0.02231830359 0.0209903717 3.800061226 1.065428734 0.1668097199 269.1037022
sample 8.5 -0.0249795597 0.03000350855 3.800062418 1.065430641 0.1668097199 268.6184718
sample 8.6 -0.02788637578 0.02609709464 3.800063133 1.06542778 0.1668097199 268.0157593
sample 8.7 -0.02979636192 0.01112820674 3.800062895 1.065428734 0.1668097199 267.8937043
sample 8.8 -0.02992492914 0.007737367414 3.800061464 1.065432549 0.1668097199 268.0031975
sample 8.9 -0.02834537812 0.02226178907 3.800060272 1.065433741 0.1668097199 267.8644171
sample 9 -0.02577598579 0.02708587982 3.800059795 1.065430641 0.1668097199 267.4091983
sample 9.1 -0.02332621813 0.02029653639 3.800060272 1.065432549 0.1668097199 267.0109743
sample 9.2 -0.02203825675 0.004959023092 3.800060034 1.06542778 0.1668097199 266.9966566
sample 9.3 -0.02240613103 0.01127991453 3.800060034 1.065430641 0.1668097199 267.0875829
sample 9.4 -0.02415478975 0.02208412252 3.800060034 1.065429688 0.1668097199 266.8944353
sample 9.5 -0.02651389875 0.02331744134 3.800060749 1.065430403 0.1668097199 266.4980585
sample 9.6 -0.02846912481 0.01459629461 3.800060272 1.065429926 0.1668097199 266.2756667
sample 9.7 -0.02919323556 0.0001764215704 3.800060272 1.065430403 0.1668097199 266.3158091
sample 9.8 -0.02846969105 0.01337337866 3.800060749 1.065433502 0.1668097199 266.3711122
sample 9.9 -0.02669076808 0.02067665383 3.800060987 1.065434217 0.1668097199 266.144714
sample 10 -0.02463012375 0.01906071045 3.800059795 1.065434456 0.1668097199 265.8710712
sample 10.1 -0.02317000739 0.009346221574 3.800059319 1.065432549 0.1668097199 265.7773631
sample 10.2 -0.02291553468 0.003773414763 3.80005765 1.065433502 0.1668097199 265.8060398
sample 10.3 -0.02386187203 0.01415069029 3.800056696 1.065437317 0.1668097199 265.7507961
sample 10.4 -0.02555542439 0.01834506355 3.800054789 1.065436363 0.1668097199 265.5465252
sample 10.5 -0.02726339921 0.01465959754 3.800055504 1.065435171 0.1668097199 265.3524214
sample 10.6 -0.02825778909 0.004781613126 3.800055504 1.065434456 0.1668097199 265.3140103
sample 10.7 -0.02815268748 0.006144344807 3.800055265 1.065436363 0.1668097199 265.3732385
sample 10.8 -0.0271082297 0.01374884136 3.800055027 1.065438271 0.1668097199 265.3144568
sample 10.9 -0.02559324168 0.01538117975 3.800052881 1.065439224 0.1668097199 265.181192
sample 11 -0.02426034585 0.01043498609 3.800052404 1.065439224 0.1668097199 265.068593
sample 11.1 -0.02367485873 0.001114181592 3.800051451 1.065439939 0.1668097199 265.0810588
sample 11.2 -0.02401714027 0.007337015588 3.800051451 1.065438032 0.1668097199 265.0508785
sample 11.3 -0.02504981682 0.01240490843 3.800051689 1.065439939 0.1668097199 264.9887247
sample 11.4 -0.02632226981 0.01211146265 3.800050497 1.065439224 0.1668097199 264.8754609
sample 11.5 -0.02728865296 0.006660839077 3.800050497 1.065439224 0.1668097199 264.8276097
sample 11.6 -0.0275445953 0.001271208166 3.800047398 1.065439224 0.1668097199 264.8650646
sample 11.7 -0.02708190121 0.007459701505 3.800047159 1.065437317 0.1668097199 264.851585
sample 11.8 -0.02615133673 0.01037840545 3.800046921 1.065436125 0.1668097199 264.7925359
sample 11.9 -0.0251562465 0.00883267913 3.800045967 1.065434456 0.1668097199 264.7276633
RESULT h=0.01111111111 mass=360 mu=0.6000000238 rider_x=1 drop=0.1000000015 end_q=-0.02456395328 max_w=0.2163342983 q_min=-0.1802122891 q_max=-0.01268524211 drum_local_x=3.800044775 drum_local_y=1.065432549 front=0.1668097199 plastic_j=655.3238996 damping_j=164.4806111 dry_friction_j=90.06902048 max_pad_n=4255.09987 peak_ke=656.3270471 end_w=0.004255298525 energy_delta=1174.585841 max_residual_j=330.0213138 rider_end_y=11.07053566
