sample 0 -0.1800283939 0.004085553344 98.38386536 -17.90575027 0 -0.005678772926
sample 0.1 -0.1802122891 2.528100645e-11 98.38056946 -17.92383957 0 1.752309942
sample 0.2 -0.1802122891 3.20160079e-11 98.38056946 -17.92383957 0 1.752309942
sample 0.3 -0.1802122891 2.244734433e-11 98.38056946 -17.92383957 0 1.752309942
sample 0.4 -0.1802122891 3.069101223e-11 98.38056946 -17.92383957 0 1.752309942
sample 0.5 -0.1802122891 2.591602974e-11 98.38056946 -17.92383957 0 1.752309942
sample 0.6 -0.1802122891 3.117978098e-11 98.38056946 -17.92383957 0 1.752309942
sample 0.7 -0.1802122891 3.157653305e-11 98.38056946 -17.92383957 0 1.752309942
sample 0.8 -0.1802122891 2.63443295e-11 98.38056946 -17.92383957 0 1.752309942
sample 0.9 -0.1802122891 3.20011205e-11 98.38056946 -17.92383957 0 1.752309942
sample 1 -0.1802122891 2.555615095e-11 98.38056946 -17.92383957 0 1.752309942
sample 1.1 -0.1802122891 2.660984627e-11 98.38056946 -17.92383957 0 1.752309942
sample 1.2 -0.1802122891 3.084542344e-11 98.38056946 -17.92383957 0 1.752309942
sample 1.3 -0.1802122891 3.096248952e-11 98.38056946 -17.92383957 0 1.752309942
sample 1.4 -0.1802122891 2.724917167e-11 98.38056946 -17.92383957 0 1.752309942
sample 1.5 -0.1802122891 3.063850562e-11 98.38056946 -17.92383957 0 1.752309942
sample 1.6 -0.1802122891 3.179958033e-11 98.38056946 -17.92383957 0 1.752309942
sample 1.7 -0.1802122891 2.703698029e-11 98.38056946 -17.92383957 0 1.752309942
sample 1.8 -0.1802122891 3.295256082e-11 98.38056946 -17.92383957 0 1.752309942
sample 1.9 -0.1802122891 3.136483434e-11 98.38056946 -17.92383957 0 1.752309942
sample 2 -0.1802122891 3.147490948e-11 98.38056946 -17.92383957 0 1.752309942
sample 2.1 -0.1802122891 3.28680555e-11 98.38056946 -17.92383957 0 1.752309942
sample 2.2 -0.1802122891 3.207103333e-11 98.38056946 -17.92383957 0 1.752309942
sample 2.3 -0.1802122891 3.144950966e-11 98.38056946 -17.92383957 0 1.752309942
sample 2.4 -0.1802122891 3.169843901e-11 98.38056946 -17.92383957 0 1.752309942
sample 2.5 -0.1802122891 3.25009776e-11 98.38056946 -17.92383957 0 1.752309942
sample 2.6 -0.1802122891 3.17956772e-11 98.38056946 -17.92383957 0 1.752309942
sample 2.7 -0.1802122891 2.165052686e-11 98.38056946 -17.92383957 0 1.752309942
sample 2.8 -0.1802122891 3.283056119e-11 98.38056946 -17.92383957 0 1.752309942
sample 2.9 -0.1802122891 3.071523591e-11 98.38056946 -17.92383957 0 1.752309942
sample 3 -0.1802122891 3.116848099e-11 98.38056946 -17.92383957 0 1.752309942
sample 3.1 -0.1802122891 3.16844051e-11 98.38056946 -17.92383957 0 1.752309942
sample 3.2 -0.1802122891 3.115267072e-11 98.38056946 -17.92383957 0 1.752309942
sample 3.3 -0.1802122891 3.179288777e-11 98.38056946 -17.92383957 0 1.752309942
sample 3.4 -0.1802122891 3.135080737e-11 98.38056946 -17.92383957 0 1.752309942
sample 3.5 -0.1802122891 3.168753801e-11 98.38056946 -17.92383957 0 1.752309942
sample 3.6 -0.1802122891 3.064674209e-11 98.38056946 -17.92383957 0 1.752309942
sample 3.7 -0.1802122891 3.066173357e-11 98.38056946 -17.92383957 0 1.752309942
sample 3.8 -0.1802122891 3.068628684e-11 98.38056946 -17.92383957 0 1.752309942
sample 3.9 -0.1802122891 3.310472035e-11 98.38056946 -17.92383957 0 1.752309942
sample 4 -0.1802122891 3.102057153e-11 98.38056946 -17.92383957 0 1.752309942
sample 4.1 -0.1802122891 3.164424278e-11 98.38056946 -17.92383957 0 1.752309942
sample 4.2 -0.1802122891 3.072977289e-11 98.38056946 -17.92383957 0 1.752309942
sample 4.3 -0.1802122891 2.733223023e-11 98.38056946 -17.92383957 0 1.752309942
sample 4.4 -0.1802122891 2.695571197e-11 98.38056946 -17.92383957 0 1.752309942
sample 4.5 -0.1802122891 3.098259843e-11 98.38056946 -17.92383957 0 1.752309942
sample 4.6 -0.1802122891 2.059830605e-11 98.38056946 -17.92383957 0 1.752309942
sample 4.7 -0.1802122891 2.63117271e-11 98.38056946 -17.92383957 0 1.752309942
sample 4.8 -0.1802122891 3.293404785e-11 98.38056946 -17.92383957 0 1.752309942
sample 4.9 -0.1802122891 3.135034246e-11 98.38056946 -17.92383957 0 1.752309942
sample 5 -0.1802122891 3.127308482e-11 98.38056946 -17.92383957 0 1.752309942
sample 5.1 -0.1802122891 3.059599449e-11 98.38056946 -17.92383957 0 1.752309942
sample 5.2 -0.1802122891 3.145084193e-11 98.38056946 -17.92383957 0 1.752309942
sample 5.3 -0.1802122891 3.112999789e-11 98.38056946 -17.92383957 0 1.752309942
sample 5.4 -0.1802122891 3.154812175e-11 98.38056946 -17.92383957 0 1.752309942
sample 5.5 -0.1802122891 3.188930717e-11 98.38056946 -17.92383957 0 1.752309942
sample 5.6 -0.1802122891 2.661785722e-11 98.38056946 -17.92383957 0 1.752309942
sample 5.7 -0.1802122891 3.134245988e-11 98.38056946 -17.92383957 0 1.752309942
sample 5.8 -0.1802122891 2.612906419e-11 98.38056946 -17.92383957 0 1.752309942
sample 5.9 -0.1802122891 3.246635252e-11 98.38056946 -17.92383957 0 1.752309942
sample 6 -0.1802122891 3.177230007e-11 98.38056946 -17.92383957 0 1.752309942
sample 6.1 -0.1802122891 2.696713339e-11 98.38056946 -17.92383957 0 1.752309942
sample 6.2 -0.1802122891 3.122409623e-11 98.38056946 -17.92383957 0 1.752309942
sample 6.3 -0.1802122891 2.113958834e-11 98.38056946 -17.92383957 0 1.752309942
sample 6.4 -0.1802122891 3.226727566e-11 98.38056946 -17.92383957 0 1.752309942
sample 6.5 -0.1802122891 3.242203034e-11 98.38056946 -17.92383957 0 1.752309942
sample 6.6 -0.1802122891 3.155834274e-11 98.38056946 -17.92383957 0 1.752309942
sample 6.7 -0.1802122891 3.206396607e-11 98.38056946 -17.92383957 0 1.752309942
sample 6.8 -0.1802122891 2.631090484e-11 98.38056946 -17.92383957 0 1.752309942
sample 6.9 -0.1802122891 3.178494273e-11 98.38056946 -17.92383957 0 1.752309942
sample 7 -0.1802122891 3.21328103e-11 98.38056946 -17.92383957 0 1.752309942
sample 7.1 -0.1802122891 3.199479917e-11 98.38056946 -17.92383957 0 1.752309942
sample 7.2 -0.1802122891 3.156879272e-11 98.38056946 -17.92383957 0 1.752309942
sample 7.3 -0.1802122891 2.722413267e-11 98.38056946 -17.92383957 0 1.752309942
sample 7.4 -0.1802122891 3.199218321e-11 98.38056946 -17.92383957 0 1.752309942
sample 7.5 -0.1802122891 2.674149444e-11 98.38056946 -17.92383957 0 1.752309942
sample 7.6 -0.1802122891 2.12522968e-11 98.38056946 -17.92383957 0 1.752309942
sample 7.7 -0.1802122891 3.165409948e-11 98.38056946 -17.92383957 0 1.752309942
sample 7.8 -0.1802122891 3.231248602e-11 98.38056946 -17.92383957 0 1.752309942
sample 7.9 -0.1802122891 3.221599376e-11 98.38056946 -17.92383957 0 1.752309942
sample 8 -0.1802122891 2.694866552e-11 98.38056946 -17.92383957 0 1.752309942
sample 8.1 -0.1802122891 3.171764934e-11 98.38056946 -17.92383957 0 1.752309942
sample 8.2 -0.1802122891 3.157640815e-11 98.38056946 -17.92383957 0 1.752309942
sample 8.3 -0.1802122891 2.609704466e-11 98.38056946 -17.92383957 0 1.752309942
sample 8.4 -0.1802122891 2.685671824e-11 98.38056946 -17.92383957 0 1.752309942
sample 8.5 -0.1802122891 2.189768332e-11 98.38056946 -17.92383957 0 1.752309942
sample 8.6 -0.1802122891 3.256250131e-11 98.38056946 -17.92383957 0 1.752309942
sample 8.7 -0.1802122891 3.124625211e-11 98.38056946 -17.92383957 0 1.752309942
sample 8.8 -0.1802122891 3.128157455e-11 98.38056946 -17.92383957 0 1.752309942
sample 8.9 -0.1802122891 3.155423839e-11 98.38056946 -17.92383957 0 1.752309942
sample 9 -0.1802122891 3.146198926e-11 98.38056946 -17.92383957 0 1.752309942
sample 9.1 -0.1802122891 2.647684502e-11 98.38056946 -17.92383957 0 1.752309942
sample 9.2 -0.1802122891 3.195812018e-11 98.38056946 -17.92383957 0 1.752309942
sample 9.3 -0.1802122891 2.649721415e-11 98.38056946 -17.92383957 0 1.752309942
sample 9.4 -0.1802122891 3.22696557e-11 98.38056946 -17.92383957 0 1.752309942
sample 9.5 -0.1802122891 3.235820292e-11 98.38056946 -17.92383957 0 1.752309942
sample 9.6 -0.1802122891 2.599803706e-11 98.38056946 -17.92383957 0 1.752309942
sample 9.7 -0.1802122891 3.141396865e-11 98.38056946 -17.92383957 0 1.752309942
sample 9.8 -0.1802122891 3.14625305e-11 98.38056946 -17.92383957 0 1.752309942
sample 9.9 -0.1802122891 3.159697504e-11 98.38056946 -17.92383957 0 1.752309942
sample 10 -0.1802122891 2.702102431e-11 98.38056946 -17.92383957 0 1.752309942
sample 10.1 -0.1802122891 3.193007664e-11 98.38056946 -17.92383957 0 1.752309942
sample 10.2 -0.1802122891 3.216145406e-11 98.38056946 -17.92383957 0 1.752309942
sample 10.3 -0.1802122891 2.1685485e-11 98.38056946 -17.92383957 0 1.752309942
sample 10.4 -0.1802122891 3.1563481e-11 98.38056946 -17.92383957 0 1.752309942
sample 10.5 -0.1802122891 2.70706027e-11 98.38056946 -17.92383957 0 1.752309942
sample 10.6 -0.1802122891 3.250207395e-11 98.38056946 -17.92383957 0 1.752309942
sample 10.7 -0.1802122891 3.224785716e-11 98.38056946 -17.92383957 0 1.752309942
sample 10.8 -0.1802122891 3.16674395e-11 98.38056946 -17.92383957 0 1.752309942
sample 10.9 -0.1802122891 3.151801389e-11 98.38056946 -17.92383957 0 1.752309942
sample 11 -0.1802122891 3.228873419e-11 98.38056946 -17.92383957 0 1.752309942
sample 11.1 -0.1802122891 3.133647855e-11 98.38056946 -17.92383957 0 1.752309942
sample 11.2 -0.1802122891 3.200719897e-11 98.38056946 -17.92383957 0 1.752309942
sample 11.3 -0.1802122891 3.196908016e-11 98.38056946 -17.92383957 0 1.752309942
sample 11.4 -0.1802122891 3.187893005e-11 98.38056946 -17.92383957 0 1.752309942
sample 11.5 -0.1802122891 3.220514133e-11 98.38056946 -17.92383957 0 1.752309942
sample 11.6 -0.1802122891 3.153581563e-11 98.38056946 -17.92383957 0 1.752309942
sample 11.7 -0.1802122891 3.142639274e-11 98.38056946 -17.92383957 0 1.752309942
sample 11.8 -0.1802122891 2.684244493e-11 98.38056946 -17.92383957 0 1.752309942
sample 11.9 -0.1802122891 3.165251741e-11 98.38056946 -17.92383957 0 1.752309942
RESULT h=0.01111111111 mass=0 mu=0.6000000238 rider_x=-100 drop=0.1000000015 end_q=-0.1802122891 max_w=0.008997939527 q_min=-0.1802122891 q_max=0 drum_local_x=98.38056946 drum_local_y=-17.92383957 front=0 plastic_j=0 damping_j=0 dry_friction_j=0.04245781898 max_pad_n=0 peak_ke=0.9058056064 end_w=1.594000348e-10 energy_delta=1.794767761 max_residual_j=1.752309942
