sample 0 -0.1800283939 0.004085553344 3.799902439 1.324148178 0 -0.005678772926
sample 0.1 -0.1802122891 3.288553457e-11 3.78915596 1.263131142 0 6.963922548
sample 0.2 -0.1802122891 3.234707294e-11 3.760583401 1.1062994 0 12.1766542
sample 0.3 -0.1721267253 0.08780884743 3.799716949 1.06567502 0 703.7283162
sample 0.4 -0.1592679173 0.1341230869 3.812281132 1.07407093 0 776.6932631
sample 0.5 -0.1447779089 0.158409521 3.795648813 1.068520308 0 805.717661
sample 0.6 -0.1286931336 0.1630760133 3.799256086 1.065995932 0 806.4799167
sample 0.7 -0.1106249541 0.1900668591 3.800003052 1.065475464 0 816.5111384
sample 0.8 -0.09064882994 0.2089447975 3.800009251 1.065471649 0 817.3822483
sample 0.9 -0.06877087802 0.228144154 3.800014496 1.065467834 0 817.5275514
sample 1 -0.04542285949 0.2267583758 3.80002141 1.065463066 0 793.3099825
sample 1.1 -0.02588507906 0.1646695584 3.800029993 1.065455437 0.08245245825 787.4150278
sample 1.2 -0.01259427425 0.1032281816 3.800032616 1.065455198 0.1607367219 790.3255428
sample 1.3 -0.005334379617 0.04396166652 3.800031662 1.065454245 0.2050940217 792.5362001
sample 1.4 -0.00389161869 0.01292594802 3.800031185 1.065453529 0.2170044602 794.072845
sample 1.5 -0.007769945543 0.06043267623 3.800030947 1.065453529 0.2170044602 793.8154243
sample 1.6 -0.01518600248 0.08186511695 3.800032616 1.065454483 0.2170044602 790.1979366
sample 1.7 -0.02298469096 0.06966242194 3.800034761 1.065452576 0.2170044602 786.9802357
sample 1.8 -0.02884348109 0.0481277369 3.800035715 1.065450668 0.2170044602 787.2034651
sample 1.9 -0.03255322576 0.02667313442 3.800035477 1.065452576 0.2170044602 787.4316915
sample 2 -0.03412012011 0.005263186526 3.800034046 1.065451622 0.2170044602 787.6580785
sample 2.1 -0.0335947834 0.01488791686 3.800033569 1.065454245 0.2170044602 787.7808037
sample 2.2 -0.03111197054 0.0341356732 3.800033569 1.065452576 0.2170044602 787.8154639
sample 2.3 -0.02673410811 0.05281347409 3.800034046 1.065452576 0.2170044602 787.7900453
sample 2.4 -0.0205156561 0.07096993178 3.800035715 1.065452337 0.2170044602 787.7170893
sample 2.5 -0.01314239018 0.07112246752 3.800032616 1.065454483 0.2170044602 784.0332657
sample 2.6 -0.007348891348 0.04139851779 3.800033331 1.065453529 0.2170044602 781.970117
sample 2.7 -0.00554458797 0.005118749104 3.800033092 1.065447807 0.2170044602 782.5574722
sample 2.8 -0.008346592076 0.04763909429 3.800033569 1.065448761 0.2170044602 782.5732641
sample 2.9 -0.01445979625 0.06953407824 3.800035715 1.065451622 0.2170044602 780.188338
sample 3 -0.02126853727 0.06190378219 3.800035715 1.065450907 0.2170044602 776.9994134
sample 3.1 -0.02634979784 0.04033440724 3.800037384 1.065450668 0.2170044602 777.3343728
sample 3.2 -0.02927784622 0.01883262768 3.80003643 1.065452576 0.2170044602 777.5397395
sample 3.3 -0.03005885333 0.002443494275 3.800034523 1.065452337 0.2170044602 777.765844
sample 3.4 -0.02879691683 0.02214432135 3.800033808 1.065448761 0.2170044602 777.8699115
sample 3.5 -0.02559639327 0.04124056548 3.800033808 1.065448761 0.2170044602 777.8913656
sample 3.6 -0.02051540464 0.05974095315 3.800035 1.065447092 0.2170044602 777.8397057
sample 3.7 -0.01417648699 0.06234421581 3.800036192 1.065452576 0.2170044602 775.0853586
sample 3.8 -0.008968073875 0.03872219846 3.800036192 1.065449476 0.2170044602 773.3813649
sample 3.9 -0.007062038872 0.0007778221043 3.800037622 1.065443993 0.2170044602 773.7023624
sample 4 -0.009136274457 0.03810598701 3.800038338 1.065443039 0.2170044602 773.8502289
sample 4.1 -0.01420071907 0.05888828263 3.80004096 1.065444708 0.2170044602 772.2744411
sample 4.2 -0.02008482814 0.0546323061 3.800042152 1.065443039 0.2170044602 769.8559916
sample 4.3 -0.02448112704 0.03350108117 3.800042629 1.065444231 0.2170044602 769.692832
sample 4.4 -0.02672406286 0.01196203753 3.800043821 1.065444708 0.2170044602 769.955734
sample 4.5 -0.02682980709 0.008884066716 3.800043344 1.0654459 0.2170044602 770.132892
sample 4.6 -0.02493165061 0.02843413688 3.800043344 1.065441132 0.2170044602 770.2092119
sample 4.7 -0.02110928297 0.04739394784 3.800044775 1.065441132 0.2170044602 770.2135229
sample 4.8 -0.01577924751 0.05509920418 3.800046921 1.065439939 0.2170044602 768.4402631
sample 4.9 -0.01089175884 0.03954581544 3.800048113 1.065441132 0.2170044602 766.8597288
sample 5 -0.008493284695 0.007610777393 3.800047398 1.065441132 0.2170044602 766.8188352
sample 5.1 -0.009508977644 0.02598239854 3.800047159 1.065441132 0.2170044602 767.1345943
sample 5.2 -0.01337617822 0.0479044728 3.800048113 1.065438271 0.2170044602 766.2172227
sample 5.3 -0.01842671447 0.04938499629 3.800049067 1.065442085 0.2170044602 764.4522538
sample 5.4 -0.02253889851 0.03126789257 3.800050259 1.065438271 0.2170044602 763.718158
sample 5.5 -0.02455678955 0.009694843553 3.800049067 1.065438509 0.2170044602 763.9465373
sample 5.6 -0.02444235049 0.01100274269 3.800049305 1.065440178 0.2170044602 764.1269488
sample 5.7 -0.02233390324 0.03052398376 3.800048351 1.065441132 0.2170044602 764.1918317
sample 5.8 -0.0183800254 0.04600567743 3.800049543 1.065441847 0.2170044602 763.5063347
sample 5.9 -0.01376787014 0.04296498746 3.800048351 1.065443993 0.2170044602 762.0031203
sample 6 -0.0104324948 0.02192600071 3.800048113 1.065439224 0.2170044602 761.4091164
sample 6.1 -0.009749354795 0.007631035056 3.80004549 1.065444946 0.2170044602 761.681734
sample 6.2 -0.01187412068 0.03258778155 3.800046206 1.065440893 0.2170044602 761.56228
sample 6.3 -0.0158385057 0.04349428788 3.800047159 1.065443039 0.2170044602 760.529161
sample 6.4 -0.01995052211 0.03597074375 3.800047398 1.065443039 0.2170044602 759.3501522
sample 6.5 -0.02252412029 0.01534543466 3.800047398 1.065444708 0.2170044602 759.2590556
sample 6.6 -0.02295625955 0.005794070195 3.800042868 1.065445662 0.2170044602 759.493753
sample 6.7 -0.02135879546 0.02550471202 3.800042629 1.065441132 0.2170044602 759.5763194
sample 6.8 -0.01799544878 0.03896351531 3.800043344 1.065442085 0.2170044602 758.8994393
sample 6.9 -0.01411505695 0.03590749204 3.800043344 1.065443993 0.2170044602 757.8678399
sample 7 -0.01135498844 0.01781261712 3.800043821 1.065443754 0.2170044602 757.4653426
sample 7.1 -0.01085025165 0.007074549329 3.800043106 1.065444708 0.2170044602 757.6497047
sample 7.2 -0.0126858037 0.02769725956 3.800042868 1.065443993 0.2170044602 757.538697
sample 7.3 -0.01602425799 0.0363865681 3.800044298 1.065443039 0.2170044602 756.7986477
sample 7.4 -0.01944143325 0.02966427244 3.800045013 1.065441847 0.2170044602 756.0088315
sample 7.5 -0.02150205895 0.01072020456 3.800044775 1.065443039 0.2170044602 755.8773356
sample 7.6 -0.02148554102 0.01007980481 3.800045967 1.065443039 0.2170044602 756.064604
sample 7.7 -0.01952508464 0.02733111009 3.800044537 1.065444946 0.2170044602 755.8928575
sample 7.8 -0.01638551243 0.03300517052 3.800043106 1.065446854 0.2170044602 755.2277945
sample 7.9 -0.01340177003 0.024735488 3.800043583 1.065446615 0.2170044602 754.650601
sample 8 -0.01182499994 0.006193570327 3.800042868 1.065444946 0.2170044602 754.627713
sample 8.1 -0.01225960813 0.01370863523 3.800042152 1.065447569 0.2170044602 754.7399791
sample 8.2 -0.01440171711 0.02717958763 3.800040483 1.065447807 0.2170044602 754.4448447
sample 8.3 -0.01732164621 0.02903753147 3.800039768 1.065449476 0.2170044602 753.8738899
sample 8.4 -0.01978152618 0.01867103018 3.800039053 1.065448046 0.2170044602 753.496072
sample 8.5 -0.02075470984 0.0006114328862 3.800038576 1.065449715 0.2170044602 753.6032073
sample 8.6 -0.01991945133 0.01617604867 3.800038338 1.065448046 0.2170044602 753.6095288
sample 8.7 -0.01772222482 0.02588450722 3.800039291 1.065446615 0.2170044602 753.3265289
sample 8.8 -0.01510571688 0.02457810752 3.800040245 1.065443993 0.2170044602 752.8511628
sample 8.9 -0.0131751718 0.01296618767 3.800040483 1.065443039 0.2170044602 752.6399045
sample 9 -0.01272653323 0.003573165974 3.800040483 1.065441847 0.2170044602 752.7579347
sample 9.1 -0.01383412816 0.01736920141 3.800040245 1.065442085 0.2170044602 752.7231588
sample 9.2 -0.015973147 0.02366902493 3.800040722 1.065442085 0.2170044602 752.4044287
sample 9.3 -0.01823006198 0.01993423514 3.80004096 1.065438032 0.2170044602 752.0480195
sample 9.4 -0.01965500042 0.007878732868 3.80004096 1.065437317 0.2170044602 751.9720192
sample 9.5 -0.01967933401 0.006623057649 3.800040245 1.065442085 0.2170044602 752.0410633
sample 9.6 -0.01841386221 0.017448714 3.800040722 1.065439224 0.2170044602 751.9203924
sample 9.7 -0.01642477699 0.02078689821 3.800040722 1.065436363 0.2170044602 751.6612222
sample 9.8 -0.01455821469 0.01534396783 3.800040483 1.065438271 0.2170044602 751.4448977
sample 9.9 -0.01359649096 0.00353522948 3.800040483 1.065440893 0.2170044602 751.4411785
sample 10 -0.01389034465 0.0085815005 3.800040245 1.065442085 0.2170044602 751.4848474
sample 10.1 -0.01520767529 0.01657229476 3.800040007 1.065441132 0.2170044602 751.3875678
sample 10.2 -0.01697632484 0.01748618856 3.800040007 1.065441847 0.2170044602 751.177742
sample 10.3 -0.01844680868 0.01104102563 3.80003953 1.065443993 0.2170044602 751.0537457
sample 10.4 -0.01900562271 5.191559103e-05 3.800039053 1.065443039 0.2170044602 751.0908485
sample 10.5 -0.01850122772 0.009506182745 3.800039768 1.065439224 0.2170044602 751.0850279
sample 10.6 -0.01722487994 0.01493268367 3.80004096 1.065439939 0.2170044602 750.9399514
sample 10.7 -0.0157245677 0.01400791295 3.800041199 1.065438271 0.2170044602 750.7798081
sample 10.8 -0.01463376451 0.007212393917 3.800041199 1.065437317 0.2170044602 750.7268993
sample 10.9 -0.01439906843 0.002136253519 3.800041199 1.065438271 0.2170044602 750.7696975
sample 11 -0.01501271315 0.009475453757 3.80004096 1.065438032 0.2170044602 750.779916
sample 11.1 -0.01616978273 0.01272835769 3.80004096 1.065437317 0.2170044602 750.6967367
sample 11.2 -0.01737631671 0.01058605686 3.800042152 1.065433264 0.2170044602 750.5683921
sample 11.3 -0.01812472194 0.004028799478 3.800042391 1.065438032 0.2170044602 750.5891271
sample 11.4 -0.01812791452 0.003401477821 3.800043821 1.065440893 0.2170044602 750.6171731
sample 11.5 -0.01749464497 0.00864938274 3.800043821 1.065440178 0.2170044602 750.5734899
sample 11.6 -0.01651487313 0.0101877721 3.80004406 1.065439939 0.2170044602 750.4531907
sample 11.7 -0.01560513768 0.00742481323 3.800044298 1.065439939 0.2170044602 750.4443895
sample 11.8 -0.01514660008 0.001582552795 3.800044537 1.065443993 0.2170044602 750.4471396
sample 11.9 -0.01528213639 0.003801013576 3.800039053 1.065448761 0.2170044602 750.4549997
RESULT h=0.01111111111 mass=390 mu=0.3000000119 rider_x=-100 drop=0.25 end_q=-0.01577930152 max_w=0.2373479158 q_min=-0.1802122891 q_max=0 drum_local_x=3.800039768 drum_local_y=1.065449715 front=0.2170044602 plastic_j=852.5175222 damping_j=181.2760787 dry_friction_j=89.67920834 max_pad_n=4288.302078 peak_ke=836.3643799 end_w=0.006961897481 energy_delta=1873.883276 max_residual_j=817.6005461
