sample 0 -0.1800283939 0.004085553344 3.799898148 1.174147606 0 -0.005678772926
sample 0.1 -0.1801868379 0.004865674302 3.789095879 1.113226891 0 12.63263754
sample 0.2 -0.1762616187 0.07882550359 3.801917553 1.066819191 0 286.5245027
sample 0.3 -0.1672395021 0.1086696386 3.799718857 1.065673828 0 315.7524005
sample 0.4 -0.1553376913 0.1278806031 3.798280239 1.066681623 0 325.7720979
sample 0.5 -0.1407856196 0.1600664556 3.80000329 1.065477133 0 331.2784648
sample 0.6 -0.1233185828 0.1885333806 3.800007343 1.065473557 0 331.6023235
sample 0.7 -0.1029879898 0.2173339427 3.800014973 1.065468788 0 331.9541462
sample 0.8 -0.0797585547 0.2465041578 3.800022602 1.065463066 0 332.3202541
sample 0.9 -0.05362764373 0.2725646496 3.800034046 1.065455437 0 319.2240273
sample 1 -0.02790702693 0.2349075675 3.800047159 1.065446854 0.06678931128 293.3355161
sample 1.1 -0.006898626219 0.1868875325 3.800055265 1.065439224 0.1874663056 295.9850892
sample 1.2 0.008330565877 0.001226155553 3.800057411 1.065438271 0.2816073121 298.4079826
sample 1.3 0.006248342805 0.03794039413 3.80005765 1.065436125 0.2845026673 617.1494261
sample 1.4 0.001184202731 0.05929258838 3.800056934 1.065438271 0.2845026673 615.540169
sample 1.5 -0.004837110639 0.05711931363 3.800055742 1.065437317 0.2845026673 613.0312262
sample 1.6 -0.009442998096 0.03264440224 3.800057173 1.065433502 0.2845026673 611.8003973
sample 1.7 -0.01107867993 0.0009535451536 3.800057888 1.065433264 0.2845026673 612.3185579
sample 1.8 -0.009621350095 0.02908101119 3.800058126 1.065435171 0.2845026673 612.598344
sample 1.9 -0.005359393544 0.05277087912 3.800058126 1.065436363 0.2845026673 611.7145892
sample 2 0.0002570928482 0.05567174405 3.800060272 1.065434217 0.2845026673 609.5032269
sample 2.1 0.005009698216 0.03671553358 3.800059795 1.065435171 0.2845026673 608.0671422
sample 2.2 0.007047827356 0.00363097759 3.800060034 1.065438032 0.2845026673 608.2198351
sample 2.3 0.00566516351 0.02930733375 3.800053835 1.065441132 0.2845026673 608.4439252
sample 2.4 0.001518510049 0.05021018162 3.800051451 1.065442085 0.2845026673 607.4449987
sample 2.5 -0.003728716401 0.05115393177 3.800053358 1.065439939 0.2845026673 605.5151245
sample 2.6 -0.00800505653 0.03203402087 3.800053835 1.065439939 0.2845026673 604.4024054
sample 2.7 -0.009662244469 0.001290583285 3.800051689 1.065440178 0.2845026673 604.6649378
sample 2.8 -0.008244894445 0.02821945399 3.800050974 1.065441132 0.2845026673 604.8509853
sample 2.9 -0.00432120217 0.04704973102 3.800050735 1.065442801 0.2845026673 603.9216462
sample 3 0.0005557176773 0.047183346 3.800052166 1.065438032 0.2845026673 602.2564624
sample 3.1 0.004461596254 0.02882488072 3.80005312 1.065440178 0.2845026673 601.3116318
sample 3.2 0.005878353491 0.0005424849223 3.80005312 1.06543541 0.2845026673 601.5411373
sample 3.3 0.004353793338 0.02811416984 3.80005312 1.065434456 0.2845026673 601.6258723
sample 3.4 0.0005820884835 0.04429570958 3.800054073 1.065439224 0.2845026673 600.7321212
sample 3.5 -0.003928346559 0.04289958254 3.800053596 1.065438271 0.2845026673 599.3647428
sample 3.6 -0.007399758324 0.02470754832 3.800054073 1.06543541 0.2845026673 598.6493012
sample 3.7 -0.008485688828 0.002778733615 3.800053358 1.065438271 0.2845026673 598.8727012
sample 3.8 -0.006870359182 0.02770855464 3.800053358 1.065438271 0.2845026673 598.875881
sample 3.9 -0.00327113946 0.04143914953 3.800053596 1.065440178 0.2845026673 598.0286969
sample 4 0.0008742413484 0.03874094039 3.80005312 1.065440178 0.2845026673 596.8453336
sample 4.1 0.003933731001 0.02089742944 3.800053358 1.065437317 0.2845026673 596.3202419
sample 4.2 0.004725226667 0.004638739862 3.800053358 1.065437317 0.2845026673 596.5931463
sample 4.3 0.00305355154 0.02701185644 3.80005312 1.065436363 0.2845026673 596.5695505
sample 4.4 -0.0003539487079 0.03849679977 3.800052881 1.065439224 0.2845026673 595.7839762
sample 4.5 -0.004138367716 0.0347385779 3.800053835 1.065439939 0.2845026673 594.8083929
sample 4.6 -0.006811403669 0.0174160134 3.800053596 1.065439224 0.2845026673 594.4403746
sample 4.7 -0.007345130667 0.006138243247 3.800051928 1.065439939 0.2845026673 594.644466
sample 4.8 -0.005648675375 0.02606192604 3.800051689 1.065439939 0.2845026673 594.5879651
sample 4.9 -0.002448564162 0.03549908102 3.800051451 1.065438271 0.2845026673 593.9051642
sample 5 0.0009805785958 0.03089615516 3.800051212 1.065438271 0.2845026673 593.0652156
sample 5.1 0.003291794797 0.01424842328 3.800051212 1.065438271 0.2845026673 592.8059186
sample 5.2 0.003603865625 0.00729048904 3.800051451 1.065439224 0.2845026673 592.977146
sample 5.3 0.001912634005 0.02487729862 3.800052166 1.065438986 0.2845026673 592.8818707
sample 5.4 -0.0010670349 0.03247766942 3.800051689 1.065438986 0.2845026673 592.2878971
sample 5.5 -0.004149919841 0.02724497207 3.800052166 1.065436363 0.2845026673 591.6130378
sample 5.6 -0.006126240361 0.0114043802 3.800052166 1.065439224 0.2845026673 591.4667076
sample 5.7 -0.006250004284 0.00811974518 3.80005312 1.065438032 0.2845026673 591.626501
sample 5.8 -0.004590836354 0.0234926641 3.800051928 1.065438271 0.2845026673 591.4986345
sample 5.9 -0.001841980731 0.02944982238 3.800052404 1.065437317 0.2845026673 590.9566496
sample 6 0.0009044304607 0.02378387935 3.800051928 1.065440178 0.2845026673 590.4682675
sample 6.1 0.002572051948 0.008873869665 3.800051928 1.065439224 0.2845026673 590.3807544
sample 6.2 0.002540849149 0.008636972867 3.800052166 1.065441132 0.2845026673 590.4925781
sample 6.3 0.0009392102947 0.02192492597 3.800051451 1.065441132 0.2845026673 590.3726702
sample 6.4 -0.00157065352 0.02644098736 3.80005002 1.065443754 0.2845026673 589.934149
sample 6.5 -0.003992786165 0.0205332078 3.800049067 1.065441847 0.2845026673 589.5617053
sample 6.6 -0.005379057024 0.006657625549 3.800049067 1.065442801 0.2845026673 589.5411284
sample 6.7 -0.005225165281 0.008862759918 3.800046921 1.065441132 0.2845026673 589.6324526
sample 6.8 -0.003703925991 0.02020206489 3.800046682 1.065443993 0.2845026673 589.481671
sample 6.9 -0.001438921201 0.02346993797 3.800045252 1.065441132 0.2845026673 589.1045522
sample 7 0.0006721355021 0.01749581099 3.800045252 1.065443039 0.2845026673 588.8072865
sample 7.1 0.001804005238 0.004746723454 3.800045252 1.065444946 0.2845026673 588.785756
sample 7.2 0.001558271819 0.008814751171 3.800044775 1.065446854 0.2845026673 588.8690263
sample 7.3 0.0001382491319 0.01834669709 3.800043583 1.065444946 0.2845026673 588.7534971
sample 7.4 -0.001878538751 0.02055948973 3.800043583 1.065445662 0.2845026673 588.5088318
sample 7.5 -0.003693656763 0.01468474977 3.80004406 1.065440178 0.2845026673 588.279651
sample 7.6 -0.004598381463 0.003133605234 3.800043821 1.065442085 0.2845026673 588.3141525
sample 7.7 -0.004289999604 0.008518193848 3.800043821 1.065443039 0.2845026673 588.3100035
sample 7.8 -0.002989211818 0.01638750918 3.800043821 1.065444946 0.2845026673 588.2115255
sample 7.9 -0.00122173538 0.01772678271 3.800044298 1.065446615 0.2845026673 587.9616825
sample 8 0.0003134188009 0.01210065093 3.800044298 1.0654459 0.2845026673 587.8326538
sample 8.1 0.001017743023 0.001807530061 3.800044298 1.065446615 0.2845026673 587.8669368
sample 8.2 0.0006753571215 0.007990367711 3.800042629 1.065444946 0.2845026673 587.871279
sample 8.3 -0.0004901866196 0.01434653159 3.800042152 1.065443993 0.2845026673 587.7813797
sample 8.4 -0.002009635558 0.01499477308 3.800042152 1.065443993 0.2845026673 587.6177444
sample 8.5 -0.003282707883 0.009757110849 3.800042629 1.065441132 0.2845026673 587.5111829
sample 8.6 -0.003813720308 0.0007654309156 3.800042391 1.065438271 0.2845026673 587.5553665
sample 8.7 -0.003462510882 0.007251277566 3.800043344 1.065437078 0.2845026673 587.5727896
sample 8.8 -0.002446005354 0.01224522851 3.800043344 1.065439224 0.2845026673 587.5110243
sample 8.9 -0.001171844662 0.01237151586 3.80004406 1.065439939 0.2845026673 587.4303107
sample 9 -0.0001429912663 0.00764651224 3.800042868 1.065442085 0.2845026673 587.3749919
sample 9.1 0.0002400453814 6.622785951e-14 3.800043821 1.065441132 0.2845026673 587.3861979
sample 9.2 -9.706855053e-05 0.006339901127 3.800043106 1.065442085 0.2845026673 587.3847908
sample 9.3 -0.00095403468 0.01010948792 3.800043821 1.065439939 0.2845026673 587.3272419
sample 9.4 -0.001987430267 0.009866211563 3.800044298 1.065438271 0.2845026673 587.2856607
sample 9.5 -0.002789907157 0.005759602413 3.80004406 1.065439224 0.2845026673 587.2584005
sample 9.6 -0.003051397856 0.0004390465328 3.800045252 1.065433502 0.2845026673 587.2885868
sample 9.7 -0.002749080537 0.00526232738 3.80004549 1.065431595 0.2845026673 587.2706456
sample 9.8 -0.002060818719 0.007958379574 3.800045967 1.065434217 0.2845026673 587.2361256
sample 9.9 -0.001261515426 0.007500075269 3.800046206 1.06543541 0.2845026673 587.1891225
sample 10 -0.0006658945349 0.00410793582 3.800047159 1.065434217 0.2845026673 587.1544853
sample 10.1 -0.0005020346143 0.0006300276727 3.800045967 1.06543541 0.2845026673 587.1866069
sample 10.2 -0.0007482979563 0.004029725213 3.800046921 1.06543231 0.2845026673 587.1968864
sample 10.3 -0.0012599068 0.005804467015 3.800046682 1.065429688 0.2845026673 587.1813449
sample 10.4 -0.001832694863 0.005278644618 3.800045967 1.065429688 0.2845026673 587.1105898
sample 10.5 -0.002241286915 0.002691797214 3.800045967 1.065428734 0.2845026673 587.1107562
sample 10.6 -0.002333210781 0.0005904738209 3.800047398 1.065425634 0.2845026673 587.144606
sample 10.7 -0.002161560347 0.002665777225 3.800046921 1.065424919 0.2845026673 587.148663
sample 10.8 -0.001832250273 0.003668234218 3.800046921 1.06542778 0.2845026673 587.1269364
sample 10.9 -0.001476565143 0.003217626596 3.800047159 1.065424919 0.2845026673 587.1624727
sample 11 -0.001234312775 0.001513009891 3.800047159 1.065425873 0.2845026673 587.1543679
sample 11.1 -0.001187898801 0.0003271330788 3.800043821 1.065436363 0.2845026673 587.1609916
sample 11.2 -0.001266952255 0.001194401761 3.800043344 1.065441132 0.2845026673 587.0847553
sample 11.3 -0.001411268488 0.001582619734 3.800043344 1.065438032 0.2845026673 587.0663116
sample 11.4 -0.001562316669 0.001343060634 3.800042868 1.065436363 0.2845026673 587.0349468
sample 11.5 -0.001660768525 0.0005816912744 3.800042629 1.065438271 0.2845026673 587.0504127
sample 11.6 -0.001671054284 3.883826594e-11 3.800026417 1.065460205 0.2845026673 587.0128325
sample 11.7 -0.001671054284 6.365198146e-09 3.800026417 1.065460205 0.2845026673 587.0128324
sample 11.8 -0.001671054284 5.10642906e-13 3.800026417 1.065460205 0.2845026673 587.0128326
sample 11.9 -0.001671054284 4.860423045e-13 3.800026417 1.065460205 0.2845026673 587.0128326
RESULT h=0.01111111111 mass=360 mu=0.6000000238 rider_x=5.699999809 drop=0.1000000015 end_q=-0.001671054284 max_w=0.2725646496 q_min=-0.1802122891 q_max=0.008330565877 drum_local_x=3.800026417 drum_local_y=1.065460205 front=0.2845026673 plastic_j=1117.68905 damping_j=202.4332621 dry_friction_j=75.05398846 max_pad_n=4369.442906 peak_ke=1041.89959 end_w=9.2029364e-14 energy_delta=1982.189133 max_residual_j=617.2656597 rider_end_y=11.05924511
