sample 0 -0.18279998 1.926448096e-13 3.803137064 1.163688421 0 -0.5599960089
sample 0.1 -0.18279998 2.917025345e-13 3.791992188 1.103323698 0 -145.4664394
sample 0.2 -0.1789663285 0.06099161506 3.803807735 1.068139076 0 131.9362647
sample 0.3 -0.1727727205 0.06569167227 3.797764301 1.067040443 0 141.9215652
sample 0.4 -0.1663991958 0.06629414856 3.799978256 1.06549263 0 145.5946793
sample 0.5 -0.1595593542 0.07017567754 3.800000906 1.06547451 0 146.9912815
sample 0.6 -0.152351439 0.07389673591 3.800001621 1.065476418 0 146.9819506
sample 0.7 -0.1447654068 0.07773703337 3.800002575 1.065473795 0 146.9741924
sample 0.8 -0.1367893666 0.08169347048 3.800002813 1.06547451 0 146.9739698
sample 0.9 -0.1284109503 0.08578226715 3.800004482 1.065473557 0 146.9913733
sample 1 -0.1196170598 0.09000100195 3.800005436 1.065471649 0 147.0018979
sample 1.1 -0.1103942245 0.09435866773 3.800008297 1.065469742 0 147.0071741
sample 1.2 -0.1007282063 0.0988618508 3.800010204 1.065469742 0 147.0060537
sample 1.3 -0.09060411155 0.1035159677 3.800014973 1.065465689 0 147.0339331
sample 1.4 -0.08000656217 0.1083292291 3.800016642 1.06546402 0 147.0336609
sample 1.5 -0.06891936809 0.1133050621 3.800018549 1.065463066 0 147.0564667
sample 1.6 -0.05734117329 0.116936408 3.800021887 1.065463066 0 144.5393724
sample 1.7 -0.04685745016 0.08616218716 3.800023079 1.065461874 0 137.142616
sample 1.8 -0.04142817855 0.02092045173 3.800021648 1.065460205 0.004310292115 136.7926661
sample 1.9 -0.04287635535 0.04645845667 3.800021887 1.065461159 0.007324856629 138.3300675
sample 2 -0.05018807575 0.09319698811 3.800023794 1.065458298 0.007324856629 135.4431126
sample 2.1 -0.06026822329 0.1015210226 3.800023079 1.065460205 0.007324856629 129.6822305
sample 2.2 -0.07008530945 0.09502531588 3.800026178 1.065458059 0.007324856629 129.6997732
sample 2.3 -0.07926025242 0.08867278695 3.800028801 1.065452576 0.007324856629 129.7638867
sample 2.4 -0.08780691028 0.08245476335 3.800032139 1.065453529 0.007324856629 129.7670039
sample 2.5 -0.0957384035 0.07636290044 3.800033569 1.065452576 0.007324856629 129.8076129
sample 2.6 -0.1030667573 0.07038743049 3.800033808 1.065452576 0.007324856629 129.8559097
sample 2.7 -0.1098031923 0.06451945007 3.800034046 1.065452337 0.007324856629 129.866601
sample 2.8 -0.1159579307 0.05875125527 3.800034285 1.065452576 0.007324856629 129.9111019
sample 2.9 -0.1215405241 0.05307421088 3.800035477 1.065450668 0.007324856629 129.9433407
sample 3 -0.1265595704 0.04747654125 3.800036192 1.06545043 0.007324856629 129.98302
sample 3.1 -0.1310228407 0.04195350036 3.800035954 1.065449715 0.007324856629 130.003704
sample 3.2 -0.1349371672 0.03649515659 3.80003643 1.065447807 0.007324856629 130.0141649
sample 3.3 -0.1383087039 0.0310935881 3.800037146 1.065447569 0.007324856629 130.0380642
sample 3.4 -0.141142562 0.02574029565 3.800037384 1.065446854 0.007324856629 130.060242
sample 3.5 -0.1434432864 0.02042693831 3.800036907 1.065446854 0.007324856629 130.0750535
sample 3.6 -0.145214349 0.01514538191 3.800036907 1.065447807 0.007324856629 130.0995452
sample 3.7 -0.1464585364 0.009887346998 3.800037861 1.065446854 0.007324856629 130.1194036
sample 3.8 -0.1471777856 0.004644910339 3.800037384 1.0654459 0.007324856629 130.1394323
sample 3.9 -0.1473750025 0.0004289573699 3.800038099 1.065442801 0.007324856629 130.1538714
sample 4 -0.1471336782 0.004291008227 3.800035715 1.065440178 0.007324856629 130.154743
sample 4.1 -0.1465058774 0.008160191588 3.800037861 1.065441132 0.007324856629 130.1601347
sample 4.2 -0.1454905272 0.0120422123 3.800036907 1.065443039 0.007324856629 130.181906
sample 4.3 -0.144086048 0.01594303921 3.800035 1.065441132 0.007324856629 130.1865232
sample 4.4 -0.1422902793 0.01986847632 3.800034523 1.065443039 0.007324856629 130.1855414
sample 4.5 -0.1401004046 0.0238249395 3.800035 1.06544137 0.007324856629 130.1944047
sample 4.6 -0.1375130564 0.02781840414 3.800035954 1.065443039 0.007324856629 130.1914645
sample 4.7 -0.1345241964 0.03185518831 3.80003643 1.065442801 0.007324856629 130.1842331
sample 4.8 -0.1311291903 0.03594106808 3.800036669 1.065440416 0.007324856629 130.192188
sample 4.9 -0.1273227632 0.0400826335 3.800037622 1.065440893 0.007324856629 130.1934593
sample 5 -0.1230990365 0.04428635538 3.800038099 1.065442085 0.007324856629 130.2055776
sample 5.1 -0.1184514612 0.04855847359 3.800039768 1.065442085 0.007324856629 130.1708861
sample 5.2 -0.1133728698 0.05290557817 3.800041676 1.065441847 0.007324856629 130.1772641
sample 5.3 -0.1078554615 0.05733398721 3.800043344 1.065442085 0.007324856629 130.190401
sample 5.4 -0.1018907502 0.0618506223 3.800045013 1.065442085 0.007324856629 130.1786065
sample 5.5 -0.09546947479 0.06646200269 3.800046921 1.065441132 0.007324856629 130.1720671
sample 5.6 -0.08858194202 0.07117480785 3.800049067 1.065441132 0.007324856629 130.1597561
sample 5.7 -0.0812176913 0.07599638402 3.800049543 1.065440178 0.007324856629 130.1704951
sample 5.8 -0.07336533815 0.08093380928 3.800050259 1.065440178 0.007324856629 130.1526717
sample 5.9 -0.06501306593 0.08599369228 3.800051689 1.065440893 0.007324856629 130.1402551
sample 6 -0.05617522448 0.08923805505 3.800050259 1.065440893 0.007324856629 128.5691545
sample 6.1 -0.04821624234 0.06497622281 3.800051689 1.065439224 0.007324856629 124.331146
sample 6.2 -0.04418195412 0.01431202982 3.800052166 1.065439224 0.007324856629 124.0822032
sample 6.3 -0.04563514888 0.0405071713 3.800051212 1.065440893 0.007324856629 125.0255493
sample 6.4 -0.05181281269 0.07756216824 3.800052881 1.065436125 0.007324856629 122.8534964
sample 6.5 -0.06010657921 0.08279031515 3.800055265 1.065433502 0.007324856629 118.9658368
sample 6.6 -0.06804988533 0.07627639174 3.800057411 1.065432549 0.007324856629 119.0209715
sample 6.7 -0.07534781843 0.06987794489 3.800060034 1.065430641 0.007324856629 119.0582043
sample 6.8 -0.08201146126 0.06358542293 3.800060987 1.065431595 0.007324856629 119.1312664
sample 6.9 -0.08805088699 0.05739045888 3.800060987 1.065434217 0.007324856629 119.1688656
sample 7 -0.09347529709 0.05128128082 3.800061226 1.065433502 0.007324856629 119.2091616
sample 7.1 -0.09829296172 0.04525132477 3.800060749 1.065432549 0.007324856629 119.2375428
sample 7.2 -0.1025112569 0.03929034993 3.800061703 1.065430641 0.007324856629 119.2667831
sample 7.3 -0.1061365977 0.033389505 3.800062656 1.06543231 0.007324856629 119.3064439
sample 7.4 -0.1091746017 0.0275400877 3.800061226 1.065432549 0.007324856629 119.3086362
sample 7.5 -0.1116298735 0.02173286118 3.800060749 1.065433502 0.007324856629 119.3270909
sample 7.6 -0.1135062128 0.01595905609 3.800059557 1.065434456 0.007324856629 119.3455195
sample 7.7 -0.1148065254 0.01020987798 3.800059557 1.065434456 0.007324856629 119.3829615
sample 7.8 -0.1155327782 0.004476309288 3.800058603 1.065433502 0.007324856629 119.3994459
sample 7.9 -0.1156902611 0.0009445943288 3.800056934 1.065431595 0.007324856629 119.416888
sample 8 -0.115372017 0.005298241973 3.800056934 1.065432549 0.007324856629 119.3917264
sample 8.1 -0.11461813 0.009660605341 3.800056934 1.065431595 0.007324856629 119.3934227
sample 8.2 -0.1134272441 0.01403866801 3.800056458 1.065430641 0.007324856629 119.3948149
sample 8.3 -0.1117974818 0.01843828522 3.800057411 1.065432549 0.007324856629 119.3942564
sample 8.4 -0.1097263545 0.02286627702 3.800056696 1.06543088 0.007324856629 119.3946867
sample 8.5 -0.1072107032 0.02732944861 3.800058126 1.065432549 0.007324856629 119.4040725
sample 8.6 -0.1042466164 0.03183462471 3.800059319 1.065434456 0.007324856629 119.3981507
sample 8.7 -0.1008295864 0.03638869524 3.800059319 1.065432787 0.007324856629 119.3968604
sample 8.8 -0.09695433825 0.04099822789 3.800060272 1.065432549 0.007324856629 119.3851468
sample 8.9 -0.09261494875 0.04567080736 3.800060749 1.065433502 0.007324856629 119.3909735
sample 9 -0.08780480921 0.05041306838 3.80006218 1.065432549 0.007324856629 119.3844345
sample 9.1 -0.08251656592 0.05523203313 3.800062656 1.065430641 0.007324856629 119.3700238
sample 9.2 -0.07674213499 0.06013518944 3.800064564 1.065426826 0.007324856629 119.3849651
sample 9.3 -0.07047270983 0.0651294589 3.80006671 1.065428734 0.007324856629 119.4285009
sample 9.4 -0.06369893998 0.07022245228 3.800067425 1.065428495 0.007324856629 119.4239101
sample 9.5 -0.05644536391 0.0733903423 3.800068617 1.06542778 0.007324856629 118.1913311
sample 9.6 -0.04989141598 0.05359577015 3.800067425 1.06542778 0.007324856629 115.3262438
sample 9.7 -0.04655224457 0.01202006452 3.800067663 1.065426826 0.007324856629 115.2236269
sample 9.8 -0.04771808535 0.03292514011 3.800068855 1.065425873 0.007324856629 115.840551
sample 9.9 -0.05275509134 0.06333610415 3.800070763 1.065427542 0.007324856629 114.4117986
sample 10 -0.05953329802 0.06753620505 3.800070763 1.065426826 0.007324856629 111.7118033
sample 10.1 -0.06594982743 0.06099658087 3.800070524 1.065419197 0.007324856629 111.7658556
sample 10.2 -0.07171773911 0.0545546189 3.800072193 1.06541729 0.007324856629 111.7898483
sample 10.3 -0.07684575766 0.04819501564 3.800074339 1.065418005 0.007324856629 111.8498384
sample 10.4 -0.08134163171 0.04190844297 3.800075054 1.065419197 0.007324856629 111.8859708
sample 10.5 -0.08521220833 0.03568550199 3.800075769 1.065416336 0.007324856629 111.9037248
sample 10.6 -0.08846335113 0.02951695584 3.800076008 1.065418482 0.007324856629 111.9091029
sample 10.7 -0.09110004455 0.02339340374 3.8000772 1.065419912 0.007324856629 111.9525925
sample 10.8 -0.09312625974 0.01730539463 3.8000772 1.065419912 0.007324856629 111.9785507
sample 10.9 -0.09454511851 0.01124399435 3.800076485 1.065419197 0.007324856629 112.0081526
sample 11 -0.09535879642 0.005199558567 3.800077438 1.065421104 0.007324856629 112.0345466
sample 11.1 -0.09556979686 0.0006456066039 3.800073385 1.065419912 0.007324856629 112.0525288
sample 11.2 -0.09526565671 0.005308614112 3.800073624 1.065419912 0.007324856629 112.0526239
sample 11.3 -0.09449481964 0.009980286472 3.800073624 1.065420151 0.007324856629 112.0586862
sample 11.4 -0.09325606376 0.01466806885 3.800073624 1.065420151 0.007324856629 112.0488423
sample 11.5 -0.09154744446 0.01937828772 3.800074577 1.065421104 0.007324856629 112.054388
sample 11.6 -0.08936632425 0.0241180975 3.800074577 1.065420866 0.007324856629 112.052242
sample 11.7 -0.08670940995 0.02889478207 3.800074339 1.065422297 0.007324856629 112.0509501
sample 11.8 -0.08357264847 0.03371533751 3.800075531 1.065421104 0.007324856629 112.0388196
sample 11.9 -0.07995122671 0.03858720511 3.800075531 1.065421104 0.007324856629 112.0329986
RESULT h=0.01111111111 mass=360 mu=0.6000000238 rider_x=-3.400000095 drop=0.1000000015 end_q=-0.07632088661 max_w=0.1174277291 q_min=-0.18279998 q_max=0 drum_local_x=3.800076723 drum_local_y=1.065420151 front=0.007324856629 plastic_j=28.77622247 damping_j=64.95265147 dry_friction_j=112.6775786 max_pad_n=3998.114127 peak_ke=307.955719 end_w=0.04296678677 energy_delta=318.4316826 max_residual_j=149.2091137 rider_end_y=11.00850105
