sample 0 -0.1800283939 0.004085553344 3.799898148 1.174147606 0 -0.005678772926
sample 0.1 -0.1801868379 0.004865674302 3.789095879 1.113226891 0 12.63263754
sample 0.2 -0.1762616187 0.07882554829 3.801917076 1.066819191 0 286.5244631
sample 0.3 -0.167239517 0.108668372 3.799719334 1.065673828 0 315.751409
sample 0.4 -0.1553377211 0.1278824061 3.798280001 1.066681623 0 325.7709939
sample 0.5 -0.1407857537 0.1600675881 3.800003529 1.065477371 0 331.2763516
sample 0.6 -0.1233187914 0.1885324866 3.80000639 1.065473795 0 331.6082696
sample 0.7 -0.1029883102 0.2173320055 3.800013065 1.065467834 0 331.9520101
sample 0.8 -0.07975900173 0.246505782 3.800020218 1.065464973 0 332.3200966
sample 0.9 -0.05362833664 0.2725639343 3.800030947 1.065457344 0 319.2275871
sample 1 -0.0279079359 0.2349038124 3.800040245 1.065450668 0.06678263556 293.3382105
sample 1.1 -0.006899789907 0.1868808568 3.800045013 1.065446854 0.1874596299 295.9955639
sample 1.2 0.009395347908 0.1405800283 3.800050259 1.065443993 0.2815996827 298.2101222
sample 1.3 0.02114343643 0.09588167816 3.800051451 1.065441132 0.3501412095 299.9757428
sample 1.4 0.02849969268 0.05268211663 3.800049782 1.065441132 0.3939873398 301.3658861
sample 1.5 0.03160824999 0.01087019686 3.800050974 1.065439224 0.4139753998 302.4292588
sample 1.6 0.03065665998 0.02782322466 3.800052404 1.065437317 0.4154698075 302.93056
sample 1.7 0.02634476684 0.0547186397 3.800053835 1.065435171 0.4154698075 301.9020593
sample 1.8 0.02040846273 0.0598452948 3.800054073 1.065439224 0.4154698075 299.4898049
sample 1.9 0.01519261673 0.04147824273 3.80005455 1.065438271 0.4154698075 297.7521032
sample 2 0.01264914125 0.009904999286 3.800055504 1.065439224 0.4154698075 297.970538
sample 2.1 0.01326669473 0.02100751549 3.800053596 1.065440178 0.4154698075 298.3445123
sample 2.2 0.01684292965 0.04796381295 3.800054073 1.065436125 0.4154698075 297.8944871
sample 2.3 0.02227018028 0.05665825307 3.800054312 1.065436363 0.4154698075 295.8508442
sample 2.4 0.02741000615 0.04305877537 3.800054073 1.065441132 0.4154698075 294.1068741
sample 2.5 0.03025525436 0.01280366443 3.80005312 1.065439224 0.4154698075 293.930407
sample 2.6 0.02975154854 0.02124169096 3.800052404 1.065439939 0.4154698075 294.3160218
sample 2.7 0.02623158321 0.04605733231 3.80005312 1.065439224 0.4154698075 293.6911765
sample 2.8 0.02112057991 0.05251985416 3.800054312 1.065438271 0.4154698075 291.8961841
sample 2.9 0.01644005813 0.03833812475 3.800053596 1.065439224 0.4154698075 290.4379142
sample 3 0.01401593257 0.009407943115 3.800051689 1.065442085 0.4154698075 290.4299334
sample 3.1 0.01467836555 0.02131446265 3.800051451 1.065437317 0.4154698075 290.7678664
sample 3.2 0.0180724021 0.04362088442 3.800052881 1.065438986 0.4154698075 290.1272091
sample 3.3 0.02284945361 0.0485467203 3.800054073 1.065438271 0.4154698075 288.5737936
sample 3.4 0.02712093107 0.03440794721 3.800055265 1.065436125 0.4154698075 287.3842537
sample 3.5 0.02922254428 0.007002899423 3.800055027 1.065438271 0.4154698075 287.3685421
sample 3.6 0.02840139903 0.0217970442 3.800055265 1.065439224 0.4154698075 287.6321514
sample 3.7 0.02510163747 0.04139821976 3.800054789 1.065437317 0.4154698075 287.0229786
sample 3.8 0.02064981125 0.04453763738 3.800055027 1.065439224 0.4154698075 285.6574607
sample 3.9 0.0168036446 0.03020194359 3.800056696 1.065436125 0.4154698075 284.7131982
sample 4 0.01506066602 0.004234644119 3.800057411 1.065436125 0.4154698075 284.7886432
sample 4.1 0.01602700353 0.02197412029 3.800055504 1.065435171 0.4154698075 284.8993864
sample 4.2 0.01921049133 0.03904553875 3.800054789 1.065437317 0.4154698075 284.2881921
sample 4.3 0.02333443426 0.04059978575 3.800055981 1.065436363 0.4154698075 283.1261611
sample 4.4 0.02677197754 0.02624572068 3.800056219 1.065436363 0.4154698075 282.4127782
sample 4.5 0.02818749472 0.00181981374 3.800055981 1.06543541 0.4154698075 282.4992591
sample 4.6 0.02711262181 0.02183320746 3.800055981 1.065434456 0.4154698075 282.6115181
sample 4.7 0.02406898886 0.0365543738 3.800056219 1.065433502 0.4154698075 282.0614265
sample 4.8 0.02027401142 0.03677353263 3.800057173 1.06543541 0.4154698075 281.0466819
sample 4.9 0.01722300984 0.02259617858 3.800056934 1.065436363 0.4154698075 280.5156105
sample 5 0.01609958895 0.0001996060455 3.800057173 1.065434456 0.4154698075 280.6342857
sample 5.1 0.01725083776 0.0214286875 3.800057411 1.065433502 0.4154698075 280.6853957
sample 5.2 0.02013718709 0.03398076817 3.80005765 1.065430403 0.4154698075 280.1778197
sample 5.3 0.023605166 0.03306046128 3.800058126 1.065433502 0.4154698075 279.3826962
sample 5.4 0.02628950216 0.01921530627 3.800058603 1.065432549 0.4154698075 278.9615723
sample 5.5 0.02715178952 0.001814174233 3.800058603 1.065437078 0.4154698075 279.096246
sample 5.6 0.02595516667 0.0207585562 3.800057888 1.065434456 0.4154698075 279.1032012
sample 5.7 0.02324398607 0.03132518381 3.800058842 1.065434456 0.4154698075 278.629451
sample 5.8 0.02009953931 0.02949125879 3.80005908 1.065432549 0.4154698075 277.9528889
sample 5.9 0.01775832847 0.01613818109 3.800058842 1.065430641 0.4154698075 277.6465871
sample 6 0.01712398417 0.00313635217 3.800058603 1.065431356 0.4154698075 277.7759847
sample 6.1 0.0183408726 0.01989052072 3.80005908 1.065429449 0.4154698075 277.767164
sample 6.2 0.02086500823 0.0286308527 3.800058126 1.065431595 0.4154698075 277.3446463
sample 6.3 0.02369060367 0.0260463357 3.800059557 1.065430403 0.4154698075 276.8069816
sample 6.4 0.02570777573 0.0133051835 3.800059795 1.065431356 0.4154698075 276.5869203
sample 6.5 0.02614262514 0.004143224563 3.800059557 1.065430641 0.4154698075 276.7060955
sample 6.6 0.02493332513 0.01879912242 3.800059319 1.065431595 0.4154698075 276.6409799
sample 6.7 0.02260944992 0.0259009935 3.80005908 1.065434456 0.4154698075 276.2705666
sample 6.8 0.02009546384 0.02276995219 3.800058842 1.065429926 0.4154698075 275.8148332
sample 6.9 0.01837797835 0.01076809689 3.800059795 1.065434456 0.4154698075 275.6934416
sample 7 0.01811018214 0.004854700528 3.800060034 1.065432549 0.4154698075 275.7823014
sample 7.1 0.01928768121 0.01753005199 3.800059319 1.06543541 0.4154698075 275.7096118
sample 7.2 0.02140250988 0.02317215316 3.800060034 1.065433502 0.4154698075 275.4126489
sample 7.3 0.02361417003 0.01966812089 3.800059557 1.065435171 0.4154698075 275.0730105
sample 7.4 0.02505582385 0.008515705355 3.800058603 1.06543541 0.4154698075 275.0134783
sample 7.5 0.02518588863 0.005280538928 3.80005908 1.06543541 0.4154698075 275.0734176
sample 7.6 0.02406386472 0.01608725451 3.800058842 1.065436363 0.4154698075 275.0423068
sample 7.7 0.02216631919 0.02045365982 3.800060034 1.065434217 0.4154698075 274.7893578
sample 7.8 0.02024635486 0.01675533876 3.80005908 1.065434694 0.4154698075 274.5222358
sample 7.9 0.01905578189 0.006548385601 3.800059795 1.065434456 0.4154698075 274.4807642
sample 8 0.01903408393 0.005443047732 3.800058842 1.06543541 0.4154698075 274.5422353
sample 8.1 0.02007998154 0.01450406853 3.800058365 1.065437317 0.4154698075 274.4957788
sample 8.2 0.0217547752 0.01776463725 3.800057173 1.065436363 0.4154698075 274.3067169
sample 8.3 0.02339431085 0.01402617339 3.800056219 1.065438986 0.4154698075 274.1524533
sample 8.4 0.02435744926 0.00485193124 3.800055981 1.065438986 0.4154698075 274.1224854
sample 8.5 0.02429961599 0.005355465226 3.80005455 1.065434456 0.4154698075 274.1967174
sample 8.6 0.02334900387 0.01279753447 3.800054073 1.065432549 0.4154698075 274.1334973
sample 8.7 0.02190018073 0.01513138972 3.800055027 1.065433502 0.4154698075 273.9967019
sample 8.8 0.02052686736 0.01151160151 3.800055027 1.065431833 0.4154698075 273.860578
sample 8.9 0.01976557262 0.003434831044 3.800055981 1.065431595 0.4154698075 273.8659679
sample 9 0.01987883635 0.005067026243 3.800055981 1.065433502 0.4154698075 273.8907342
sample 9.1 0.02071967535 0.0110084163 3.800056696 1.065431595 0.4154698075 273.8348283
sample 9.2 0.02194171585 0.01256105956 3.800057173 1.065429688 0.4154698075 273.7172843
sample 9.3 0.02306157723 0.009177474305 3.800057173 1.065429688 0.4154698075 273.6204588
sample 9.4 0.02364243381 0.002248571487 3.800056219 1.065433264 0.4154698075 273.6319802
sample 9.5 0.02349922061 0.004561477341 3.800056219 1.065437317 0.4154698075 273.6366762
sample 9.6 0.02278333344 0.009139792994 3.800055027 1.065439224 0.4154698075 273.6162362
sample 9.7 0.021787351 0.01007885858 3.800052404 1.065439224 0.4154698075 273.5653302
sample 9.8 0.02090494893 0.007060328033 3.800052643 1.065436363 0.4154698075 273.483443
sample 9.9 0.02047997899 0.001318881987 3.800053596 1.065437317 0.4154698075 273.4969555
sample 10 0.02062906884 0.003861229401 3.800053596 1.065434456 0.4154698075 273.5046348
sample 10.1 0.02120710164 0.007211118471 3.800054312 1.06543231 0.4154698075 273.4779493
sample 10.2 0.02197914571 0.007693405263 3.800054073 1.065431595 0.4154698075 273.4958976
sample 10.3 0.02264036797 0.005157461856 3.800055265 1.06543231 0.4154698075 273.469041
sample 10.4 0.02293343842 0.0006377546233 3.800055504 1.065430403 0.4154698075 273.470889
sample 10.5 0.02280115709 0.002979092067 3.800054312 1.065430641 0.4154698075 273.4624981
sample 10.6 0.02237249911 0.005238666665 3.800054789 1.065428495 0.4154698075 273.4292327
sample 10.7 0.02182077616 0.005418429151 3.800054073 1.065431595 0.4154698075 273.4464982
sample 10.8 0.02136341482 0.003476380836 3.800053596 1.065429688 0.4154698075 273.4265181
sample 10.9 0.02117951959 0.0001993646001 3.80005312 1.06543541 0.4154698075 273.4397116
sample 11 0.0212750826 0.001959245885 3.800054789 1.065423965 0.4154698075 273.4606281
sample 11.1 0.02154676057 0.003252569353 3.80005455 1.065423965 0.4154698075 273.4491586
sample 11.2 0.02188363671 0.003257004544 3.800054073 1.065423965 0.4154698075 273.393644
sample 11.3 0.02215306647 0.00198565633 3.800053835 1.065425634 0.4154698075 273.4436131
sample 11.4 0.02224778011 8.58520707e-06 3.800056696 1.065416336 0.4154698075 273.4625597
sample 11.5 0.02221301571 0.0008017722284 3.80004406 1.0654459 0.4154698075 273.367222
sample 11.6 0.02210454084 0.001280905795 3.800043344 1.065447569 0.4154698075 273.3621899
sample 11.7 0.02197343111 0.001253229217 3.800040722 1.065446854 0.4154698075 273.3591138
sample 11.8 0.02187132835 0.0007346113562 3.800041199 1.065443754 0.4154698075 273.2963844
sample 11.9 0.02184549347 2.940373639e-13 3.800014257 1.065468788 0.4154698075 273.2492693
RESULT h=0.01111111111 mass=360 mu=0.6000000238 rider_x=5.699999809 drop=0.1000000015 end_q=0.02184549347 max_w=0.2725639343 q_min=-0.1802122891 q_max=0.03173579648 drum_local_x=3.800014257 drum_local_y=1.065468788 front=0.4154698075 plastic_j=1632.202815 damping_j=222.0326953 dry_friction_j=79.25825523 max_pad_n=4369.438113 peak_ke=1041.877849 end_w=4.245317273e-14 energy_delta=2206.743077 max_residual_j=332.5912985 rider_end_y=10.9291687
