sample 0 -0.1800283939 0.004085553344 3.799902439 1.324148178 0 -0.005678772926
sample 0.1 -0.1802122891 3.184068981e-11 3.78915596 1.263131142 0 6.963922548
sample 0.2 -0.1802122891 3.27804138e-11 3.760583401 1.1062994 0 12.1766542
sample 0.3 -0.1721267253 0.08780875802 3.799716949 1.06567502 0 703.7286172
sample 0.4 -0.1592681855 0.1341213286 3.812277555 1.074067116 0 776.7068001
sample 0.5 -0.1447779238 0.1584079415 3.795647621 1.068522215 0 805.6970081
sample 0.6 -0.1286933124 0.1630741805 3.79925704 1.06599617 0 806.4290191
sample 0.7 -0.1106252372 0.1900604665 3.800002813 1.065477133 0 816.4645307
sample 0.8 -0.09064914286 0.2089440376 3.800007582 1.065473557 0 817.3476299
sample 0.9 -0.06877107173 0.2281476557 3.80001545 1.065467834 0 817.4946125
sample 1 -0.04542284459 0.2267654538 3.800023794 1.065463066 0 793.2821092
sample 1.1 -0.02588474378 0.1646695137 3.800031185 1.06545639 0.08245150458 787.3666816
sample 1.2 -0.01259356458 0.1032316312 3.800032854 1.065454483 0.1607386292 790.2747376
sample 1.3 -0.005333299749 0.04396531731 3.800030708 1.065454245 0.2050997437 792.500004
sample 1.4 -0.003890185151 0.01292241551 3.800029516 1.065454483 0.2170120896 794.0386341
sample 1.5 -0.00776818255 0.06042775512 3.800030231 1.065454483 0.2170120896 793.783268
sample 1.6 -0.01518408488 0.08186461031 3.800031424 1.065455437 0.2170120896 790.1529732
sample 1.7 -0.02298276685 0.06966276467 3.800035 1.065454245 0.2170120896 786.9360029
sample 1.8 -0.02884163894 0.04812826216 3.800033569 1.065453768 0.2170120896 787.1555136
sample 1.9 -0.03255143389 0.0266737435 3.800034285 1.065452576 0.2170120896 787.3876621
sample 2 -0.03411836177 0.005263704341 3.800034523 1.065452576 0.2170120896 787.6144301
sample 2.1 -0.03359306976 0.01488725096 3.800033808 1.065454245 0.2170120896 787.7374401
sample 2.2 -0.03111034445 0.03413521498 3.800032616 1.065454483 0.2170120896 787.7851912
sample 2.3 -0.02673253417 0.05281296 3.800033092 1.065454483 0.2170120896 787.7564122
sample 2.4 -0.02051414177 0.07096941769 3.800033331 1.065453529 0.2170120896 787.6875261
sample 2.5 -0.01314098295 0.07112135738 3.800030231 1.065457106 0.2170120896 784.0150901
sample 2.6 -0.007347560488 0.04139758646 3.800031424 1.065454483 0.2170120896 781.9373924
sample 2.7 -0.005543330684 0.005119359586 3.800031185 1.065449715 0.2170120896 782.5199405
sample 2.8 -0.008345354348 0.04763878509 3.800031662 1.065449715 0.2170120896 782.5416391
sample 2.9 -0.01445848495 0.06953338534 3.800033808 1.065453291 0.2170120896 780.154379
sample 3 -0.02126714401 0.06190272048 3.8000319 1.065454483 0.2170120896 776.9567698
sample 3.1 -0.02634830028 0.04033504426 3.800032139 1.065455437 0.2170120896 777.291153
sample 3.2 -0.02927623875 0.01883083768 3.8000319 1.065454483 0.2170120896 777.503097
sample 3.3 -0.03005713783 0.002444606507 3.800030231 1.065454483 0.2170120896 777.72858
sample 3.4 -0.02879508026 0.02214539796 3.800030231 1.065452576 0.2170120896 777.8154942
sample 3.5 -0.0255944524 0.04124151915 3.800029755 1.065450668 0.2170120896 777.8363908
sample 3.6 -0.02051337995 0.05974151939 3.800031424 1.065450668 0.2170120896 777.7880122
sample 3.7 -0.01417451259 0.06234188378 3.800032854 1.065455437 0.2170120896 775.0335358
sample 3.8 -0.008966363035 0.03871897236 3.800031662 1.065451622 0.2170120896 773.3465377
sample 3.9 -0.007060696371 0.0007821487961 3.800032616 1.065449715 0.2170120896 773.67207
sample 4 -0.009135392494 0.03811047599 3.800033569 1.065448761 0.2170120896 773.8233393
sample 4.1 -0.01420018729 0.0588905625 3.800035954 1.065450668 0.2170120896 772.2352572
sample 4.2 -0.02008434571 0.05463112146 3.800037861 1.065447807 0.2170120896 769.815864
sample 4.3 -0.02448047139 0.03350155428 3.800039291 1.065450668 0.2170120896 769.6522645
sample 4.4 -0.02672323771 0.01196023542 3.800037861 1.065450668 0.2170120896 769.9176306
sample 4.5 -0.02682883292 0.008886503056 3.800037384 1.06545043 0.2170120896 770.0937159
sample 4.6 -0.02493051067 0.0284357667 3.800037146 1.065447569 0.2170120896 770.176347
sample 4.7 -0.02110798098 0.04739543051 3.800038099 1.0654459 0.2170120896 770.1670403
sample 4.8 -0.01577780023 0.0551006794 3.800039768 1.065443993 0.2170120896 768.3931827
sample 4.9 -0.01089019515 0.03954678774 3.80004096 1.065444946 0.2170120896 766.8030583
sample 5 -0.008491626941 0.007611401379 3.800041199 1.065444946 0.2170120896 766.7544573
sample 5.1 -0.0095072845 0.02598235756 3.800041199 1.0654459 0.2170120896 767.0706817
sample 5.2 -0.01337451953 0.04790505767 3.800042152 1.065445662 0.2170120896 766.1496696
sample 5.3 -0.01842518523 0.04938679561 3.800042868 1.065447569 0.2170120896 764.4003969
sample 5.4 -0.02253757045 0.03126997501 3.800043583 1.065446615 0.2170120896 763.6800707
sample 5.5 -0.0245556701 0.009696982801 3.800042629 1.0654459 0.2170120896 763.9060081
sample 5.6 -0.02444143966 0.0110005578 3.800042629 1.065446615 0.2170120896 764.0712525
sample 5.7 -0.02233319357 0.03052174672 3.800042152 1.0654459 0.2170120896 764.1338673
sample 5.8 -0.01837947592 0.04600563273 3.800042391 1.065446615 0.2170120896 763.4663046
sample 5.9 -0.01376712508 0.0429713726 3.800041437 1.065448761 0.2170120896 761.9489366
sample 6 -0.0104312785 0.02193149738 3.800041914 1.065445662 0.2170120896 761.3546163
sample 6.1 -0.009747636504 0.007626581471 3.800038576 1.065449715 0.2170120896 761.6517474
sample 6.2 -0.01187208202 0.03258590773 3.800039768 1.065444946 0.2170120896 761.5212656
sample 6.3 -0.01583644934 0.04349575564 3.800041199 1.065446615 0.2170120896 760.4869702
sample 6.4 -0.01994876564 0.03597482294 3.800041199 1.065446854 0.2170120896 759.306396
sample 6.5 -0.02252281643 0.01534996182 3.800040722 1.065447807 0.2170120896 759.2143363
sample 6.6 -0.02295535803 0.005789554212 3.800039053 1.065448761 0.2170120896 759.4645743
sample 6.7 -0.02135835774 0.0255002901 3.800039291 1.065445662 0.2170120896 759.5462059
sample 6.8 -0.01799529232 0.0389627628 3.800039768 1.0654459 0.2170120896 758.8807556
sample 6.9 -0.01411473658 0.03591125831 3.800040007 1.0654459 0.2170120896 757.8348825
sample 7 -0.01135410927 0.01781952195 3.800040245 1.065448761 0.2170120896 757.4343188
sample 7.1 -0.01084866654 0.007067325525 3.800039291 1.065448761 0.2170120896 757.6057128
sample 7.2 -0.01268361881 0.02769278735 3.80003953 1.065446854 0.2170120896 757.5050684
sample 7.3 -0.01602184772 0.0363865979 3.800040722 1.0654459 0.2170120896 756.7716684
sample 7.4 -0.01943925768 0.0296685379 3.80004096 1.065443039 0.2170120896 755.9789837
sample 7.5 -0.02150047198 0.01072680205 3.800042152 1.065446615 0.2170120896 755.8723378
sample 7.6 -0.02148459665 0.01007328834 3.800042629 1.0654459 0.2170120896 756.0398134
sample 7.7 -0.01952466927 0.02732721344 3.800042868 1.065444946 0.2170120896 755.8719615
sample 7.8 -0.01638521068 0.0330077894 3.800043106 1.065447807 0.2170120896 755.2049188
sample 7.9 -0.01340119261 0.02474040166 3.800042629 1.065445662 0.2170120896 754.6107633
sample 8 -0.01182372123 0.00620209286 3.800042868 1.065446615 0.2170120896 754.557848
sample 8.1 -0.01225749776 0.01370033622 3.800041676 1.065447807 0.2170120896 754.6706304
sample 8.2 -0.01439889614 0.02717478015 3.800040483 1.065447807 0.2170120896 754.3869502
sample 8.3 -0.01731867157 0.02903909609 3.800038338 1.065449715 0.2170120896 753.8363195
sample 8.4 -0.01977905072 0.01867829636 3.800037622 1.065450668 0.2170120896 753.4491892
sample 8.5 -0.02075314522 0.000621904619 3.800037146 1.065451622 0.2170120896 753.5629187
sample 8.6 -0.01991886273 0.01616722904 3.800036192 1.065451622 0.2170120896 753.5845797
sample 8.7 -0.01772229187 0.02588057518 3.80003643 1.065447569 0.2170120896 753.2987663
sample 8.8 -0.01510585472 0.02458067238 3.800037384 1.065448761 0.2170120896 752.8099704
sample 8.9 -0.01317474619 0.01297429297 3.800037384 1.065447807 0.2170120896 752.6027054
sample 9 -0.01272518095 0.003562822239 3.800037622 1.065446854 0.2170120896 752.7067606
sample 9.1 -0.01383182034 0.01736109518 3.800037146 1.065448761 0.2170120896 752.6730892
sample 9.2 -0.01597027294 0.02366638929 3.800037384 1.065451622 0.2170120896 752.35303
sample 9.3 -0.01822726615 0.01993827522 3.800037622 1.06545043 0.2170120896 751.9949043
sample 9.4 -0.01965289935 0.007887822576 3.800037146 1.065447807 0.2170120896 751.9073973
sample 9.5 -0.01967817731 0.006612689234 3.800036669 1.065451622 0.2170120896 751.9945866
sample 9.6 -0.01841365546 0.01744060963 3.800036907 1.065450668 0.2170120896 751.8745768
sample 9.7 -0.0164250657 0.02078519948 3.80003643 1.065447807 0.2170120896 751.5917309
sample 9.8 -0.01455829293 0.01534945052 3.80003643 1.065448761 0.2170120896 751.382627
sample 9.9 -0.01359575801 0.003545338288 3.800036192 1.065452337 0.2170120896 751.3770246
sample 10 -0.01388863381 0.008571196347 3.800034523 1.065451622 0.2170120896 751.4403019
sample 10.1 -0.01520511601 0.01656608284 3.800034523 1.065452576 0.2170120896 751.3253446
sample 10.2 -0.01697346754 0.01748576201 3.800032377 1.065454245 0.2170120896 751.1202619
sample 10.3 -0.01844426617 0.01104721054 3.800032139 1.065455198 0.2170120896 750.9908389
sample 10.4 -0.01900391094 6.172499707e-05 3.800029516 1.065455675 0.2170120896 751.0150174
sample 10.5 -0.01850046031 0.009497186169 3.800030947 1.065451622 0.2170120896 751.0038314
sample 10.6 -0.01722479612 0.014928394 3.8000319 1.06545043 0.2170120896 750.860116
sample 10.7 -0.01572458819 0.01400980074 3.800032377 1.065448761 0.2170120896 750.7164973
sample 10.8 -0.01463331934 0.007219368592 3.800032377 1.065447807 0.2170120896 750.6601799
sample 10.9 -0.0143980477 0.002135914518 3.800032377 1.065452576 0.2170120896 750.6875006
sample 11 -0.01501157414 0.009473581798 3.800032139 1.065450668 0.2170120896 750.6979556
sample 11.1 -0.01616841927 0.0127259111 3.800032377 1.06545043 0.2170120896 750.61735
sample 11.2 -0.01737474091 0.01058451273 3.800032854 1.065448761 0.2170120896 750.5024236
sample 11.3 -0.0181230586 0.00402861787 3.800033092 1.065452576 0.2170120896 750.5102278
sample 11.4 -0.01812629029 0.003400406335 3.800033092 1.065453529 0.2170120896 750.5390033
sample 11.5 -0.01749319769 0.008647830226 3.800032139 1.065453529 0.2170120896 750.496325
sample 11.6 -0.01651362516 0.01018637698 3.800029993 1.065452337 0.2170120896 750.3936214
sample 11.7 -0.01560400054 0.007424117066 3.800029755 1.065450668 0.2170120896 750.3695513
sample 11.8 -0.01514548529 0.001583009609 3.80003047 1.065455437 0.2170120896 750.3710128
sample 11.9 -0.01528091356 0.003799522063 3.800026655 1.065458059 0.2170120896 750.391273
RESULT h=0.01111111111 mass=390 mu=0.3000000119 rider_x=-100 drop=0.25 end_q=-0.01577792689 max_w=0.2373510897 q_min=-0.1802122891 q_max=-0.003721606918 drum_local_x=3.800026417 drum_local_y=1.065459251 front=0.2170120896 plastic_j=852.5474949 damping_j=181.2780546 dry_friction_j=89.67892969 max_pad_n=4288.301863 peak_ke=836.3643799 end_w=0.006960181054 energy_delta=1873.8489 max_residual_j=817.5659585
