sample 0 -0.1800000072 0.001021389151 3.799991131 1.174952507 0 -1.430511476e-06
sample 0.1 -0.1802124232 3.8230693e-19 3.790899754 1.12287426 0 10.32822969
sample 0.2 -0.1769486815 0.07573309541 3.800282717 1.065674782 0 282.7970599
sample 0.3 -0.168840915 0.08644684404 3.801715851 1.066666365 0 311.4436302
sample 0.4 -0.1589683443 0.1021185294 3.797255039 1.06739521 0 321.7485808
sample 0.5 -0.1476653665 0.1213215888 3.79970026 1.065686226 0 327.3321104
sample 0.6 -0.1345506161 0.1398201138 3.800000429 1.065470934 0 328.1292051
sample 0.7 -0.1196974516 0.1571663469 3.800002098 1.065473557 0 328.123805
sample 0.8 -0.1030963436 0.1747798026 3.800002575 1.065475464 0 328.1768546
sample 0.9 -0.08471965045 0.1926833391 3.800002813 1.065472364 0 328.2001711
sample 1 -0.06453696638 0.2108909935 3.800004959 1.065473318 0 328.2159857
sample 1.1 -0.04348078743 0.1955285519 3.800005198 1.06547451 0 321.4476686
sample 1.2 -0.02719893493 0.1307815462 3.800005436 1.065473557 0.08345858466 321.7331243
sample 1.3 -0.01729146391 0.0681770891 3.800005674 1.065470695 0.1399361313 322.4121246
sample 1.4 -0.01353407558 0.007737961598 3.800005198 1.065472364 0.1619240464 322.8755107
sample 1.5 -0.01560587715 0.0468335785 3.800000906 1.06547451 0.1623131455 322.9796456
sample 1.6 -0.0222066734 0.07986914366 3.80000186 1.065474272 0.1623131455 322.2314251
sample 1.7 -0.03041575104 0.07819441706 3.800000191 1.065471649 0.1623131455 321.0681564
sample 1.8 -0.03721377254 0.05792031437 3.800001383 1.065472364 0.1623131455 321.1619842
sample 1.9 -0.04198883101 0.03773270547 3.800001621 1.065476418 0.1623131455 321.2253083
sample 2 -0.04474842921 0.01760364324 3.799999952 1.065473557 0.1623131455 321.3218605
sample 2.1 -0.04549924284 0.002316274215 3.80000639 1.065452576 0.1623131455 321.4087928
sample 2.2 -0.04434109479 0.0206214413 3.800006151 1.065452576 0.1623131455 321.4255692
sample 2.3 -0.04138151929 0.03835588694 3.800007582 1.06546092 0.1623131455 321.405725
sample 2.4 -0.03667537495 0.05556419492 3.80000782 1.06546402 0.1623131455 321.3582189
sample 2.5 -0.03027360328 0.07216002047 3.800008059 1.065461397 0.1623131455 321.2804606
sample 2.6 -0.02292909473 0.06927661598 3.800007582 1.065461159 0.1623131455 320.4155374
sample 2.7 -0.01741895266 0.03718164563 3.800007105 1.065460205 0.1623131455 320.0323353
sample 2.8 -0.01601744816 0.009425795637 3.800007582 1.065459251 0.1623131455 320.2069678
sample 2.9 -0.01911094598 0.04966776073 3.80000782 1.065459251 0.1623131455 320.1186148
sample 3 -0.02522131242 0.0677651614 3.800008774 1.065459251 0.1623131455 319.4516861
sample 3.1 -0.03168144822 0.05709275603 3.800009251 1.065460205 0.1623131455 318.8835348
sample 3.2 -0.03636945412 0.03681968153 3.800010204 1.065459013 0.1623131455 318.9276588
sample 3.3 -0.03903326765 0.01660324261 3.800010204 1.065460205 0.1623131455 318.9712138
sample 3.4 -0.03968020529 0.003322111443 3.800006866 1.065453529 0.1623131455 319.0213832
sample 3.5 -0.03841865808 0.02168325149 3.800007105 1.065454483 0.1623131455 319.0708643
sample 3.6 -0.03535009176 0.03947315365 3.80000639 1.065453529 0.1623131455 319.0464246
sample 3.7 -0.03052964248 0.05666995794 3.800006628 1.065457344 0.1623131455 318.9969012
sample 3.8 -0.02454629168 0.05850575864 3.800008535 1.065467834 0.1623131455 318.3941012
sample 3.9 -0.01967481524 0.03555025905 3.800009966 1.06546402 0.1623131455 318.0525474
sample 4 -0.01794325747 0.001713907113 3.800009966 1.065464735 0.1623131455 318.1926169
sample 4.1 -0.01992000639 0.03594829887 3.800011158 1.065465689 0.1623131455 318.1534017
sample 4.2 -0.02460330538 0.05400970578 3.800011396 1.065463066 0.1623131455 317.7685814
sample 4.3 -0.02993587218 0.04871943966 3.800011158 1.065466881 0.1623131455 317.2693011
sample 4.4 -0.03381290659 0.02870841511 3.800011635 1.065466642 0.1623131455 317.2749158
sample 4.5 -0.0356634222 0.008446720429 3.800012112 1.065465927 0.1623131455 317.2911784
sample 4.6 -0.03551558033 0.01087076124 3.800006151 1.065451622 0.1623131455 317.3838128
sample 4.7 -0.03350834176 0.0290523544 3.80000639 1.065454483 0.1623131455 317.402599
sample 4.8 -0.02971869335 0.04591275752 3.800006151 1.065454483 0.1623131455 317.338832
sample 4.9 -0.02489204146 0.04700106382 3.800003529 1.065452814 0.1623131455 316.9620221
sample 5 -0.02099822462 0.02818446048 3.800004959 1.065453291 0.1623131455 316.725803
sample 5.1 -0.01965660229 0.001914437278 3.800004959 1.065454483 0.1623131455 316.7905949
sample 5.2 -0.02128529921 0.02912798338 3.80000329 1.065452814 0.1623131455 316.7960545
sample 5.3 -0.02505319938 0.04325145483 3.800004721 1.065453529 0.1623131455 316.4880305
sample 5.4 -0.02930616774 0.03868478537 3.800003052 1.065452576 0.1623131455 316.1877858
sample 5.5 -0.03226921335 0.0197326988 3.800002575 1.065450907 0.1623131455 316.1678678
sample 5.6 -0.03321630508 0.0005196960992 3.79999876 1.065470695 0.1623131455 316.2120805
sample 5.7 -0.03223050386 0.01906898431 3.800003767 1.065448046 0.1623131455 316.250973
sample 5.8 -0.0294393152 0.03547353297 3.800004721 1.065451384 0.1623131455 316.1593352
sample 5.9 -0.02562663332 0.03790424019 3.800006151 1.065448761 0.1623131455 315.8961312
sample 6 -0.02240721136 0.02423699386 3.800006866 1.065453291 0.1623131455 315.7892659
sample 6.1 -0.02112926356 0.0007106355042 3.800009251 1.065439224 0.1623131455 315.8131454
sample 6.2 -0.02220388874 0.02117367834 3.800005436 1.06545043 0.1623131455 315.8296718
sample 6.3 -0.02504823171 0.03344670683 3.800004244 1.065455437 0.1623131455 315.7124834
sample 6.4 -0.02840613201 0.03122671507 3.800002813 1.065442324 0.1623131455 315.4721984
sample 6.5 -0.03084293567 0.01586661115 3.80000329 1.065446854 0.1623131455 315.443038
sample 6.6 -0.03141184896 0.00411119312 3.800003529 1.065444946 0.1623131455 315.5115317
sample 6.7 -0.0300828293 0.02160379104 3.800004244 1.065440893 0.1623131455 315.5031395
sample 6.8 -0.02740039304 0.02994594164 3.800004244 1.065439939 0.1623131455 315.3326897
sample 6.9 -0.0245290529 0.0253888052 3.800002098 1.065441132 0.1623131455 315.2480173
sample 7 -0.02268836275 0.0102251377 3.80000186 1.065441132 0.1623131455 315.2095087
sample 7.1 -0.02261088043 0.00817493815 3.800001621 1.065448523 0.1623131455 315.2191072
sample 7.2 -0.0241800081 0.02187700942 3.800001144 1.0654459 0.1623131455 315.1893663
sample 7.3 -0.02666606754 0.0259387996 3.800003529 1.065438986 0.1623131455 315.0147344
sample 7.4 -0.0289916601 0.0189164374 3.800003529 1.065442085 0.1623131455 314.9361329
sample 7.5 -0.03017799743 0.004095504992 3.80000329 1.065442085 0.1623131455 314.9644659
sample 7.6 -0.02979621477 0.01101169176 3.800004721 1.065440178 0.1623131455 314.9633244
sample 7.7 -0.02814318798 0.02070184797 3.800003767 1.065443993 0.1623131455 314.9625348
sample 7.8 -0.02595784701 0.02136369981 3.800005674 1.065441132 0.1623131455 314.8242654
sample 7.9 -0.0241795145 0.01297171414 3.800006151 1.065443993 0.1623131455 314.8319687
sample 8 -0.02355440706 0.0005939296097 3.800011873 1.065420866 0.1623131455 314.9319099
sample 8.1 -0.0242235139 0.01227999665 3.800004959 1.065447807 0.1623131455 314.8044992
sample 8.2 -0.02582295425 0.01844348386 3.800005198 1.065452576 0.1623131455 314.8063488
sample 8.3 -0.02764370292 0.01663386263 3.800003529 1.065441847 0.1623131455 314.721498
sample 8.4 -0.02890965156 0.007841402665 3.800004005 1.065442085 0.1623131455 314.7252643
sample 8.5 -0.0291113127 0.003533715848 3.800009489 1.065434217 0.1623131455 314.7645298
sample 8.6 -0.02828832157 0.01221098658 3.800008774 1.065437555 0.1623131455 314.791436
sample 8.7 -0.02684820257 0.01547837723 3.800011158 1.065443993 0.1623131455 314.6691095
sample 8.8 -0.02541742101 0.01210791711 3.800011396 1.065457344 0.1623131455 314.6361389
sample 8.9 -0.02460069954 0.003713298123 3.800011158 1.065455675 0.1623131455 314.6061925
sample 9 -0.02469528466 0.005146611016 3.800008774 1.065463066 0.1623131455 314.6225012
sample 9.1 -0.02554183453 0.01108283829 3.800008774 1.065463066 0.1623131455 314.5975538
sample 9.2 -0.02674992569 0.0121631464 3.800008297 1.065463066 0.1623131455 314.4775243
sample 9.3 -0.02779840492 0.008069772273 3.80000782 1.065463066 0.1623131455 314.4915866
sample 9.4 -0.02823833562 0.000870757387 3.800000191 1.065479279 0.1623131455 314.5155516
sample 9.5 -0.02798884921 0.00557683548 3.800017834 1.065412521 0.1623131455 314.6653387
sample 9.6 -0.02721907012 0.009200165048 3.800018072 1.065417051 0.1623131455 314.7193563
sample 9.7 -0.02628278174 0.008828694001 3.800013065 1.065421104 0.1623131455 314.7163373
sample 9.8 -0.02558072843 0.004735007882 3.800012827 1.06541729 0.1623131455 314.6736104
sample 9.9 -0.02540634573 0.0009347958839 3.800019503 1.065389872 0.1623131455 314.7943783
sample 10 -0.02570560388 0.005023487844 3.80000639 1.065441132 0.1623131455 314.6210295
sample 10.1 -0.02632474527 0.006875579245 3.800006866 1.065441132 0.1623131455 314.5501391
sample 10.2 -0.02698076516 0.005767008755 3.800011158 1.065446854 0.1623131455 314.5151505
sample 10.3 -0.02739515342 0.002253297251 3.800011635 1.065447807 0.1623131455 314.5360908
sample 10.4 -0.02742955647 0.001401061192 3.80003643 1.065343857 0.1623131455 314.9102078
sample 10.5 -0.02716199309 0.003742751433 3.800037861 1.065341711 0.1623131455 314.9823766
sample 10.6 -0.0267369058 0.00443589082 3.800037384 1.065345764 0.1623131455 314.8912035
sample 10.7 -0.02633930556 0.003233836731 3.800038338 1.065347672 0.1623131455 314.9671225
sample 10.8 -0.02616463229 0.0007164301933 3.800067902 1.065237045 0.1623131455 315.2977787
sample 10.9 -0.02616463229 0.0009344354621 3.800040245 1.065331459 0.1623131455 315.0209644
sample 11 -0.02627735958 0.002024226356 3.799999952 1.065470695 0.1623131455 314.5172075
sample 11.1 -0.02650021948 0.002263096394 3.799994707 1.065452337 0.1623131455 314.6210609
sample 11.2 -0.02669720352 0.0015387038 3.79999423 1.065453291 0.1623131455 314.6350648
sample 11.3 -0.02672507986 0.000377749413 3.799999952 1.065477371 0.1623131455 314.514681
sample 11.4 -0.02672507986 1.386864663e-13 3.800000429 1.065477371 0.1623131455 314.5166086
sample 11.5 -0.02672507986 1.58290251e-13 3.800000429 1.065477371 0.1623131455 314.5166086
sample 11.6 -0.02672507986 1.201779155e-14 3.800000429 1.065477371 0.1623131455 314.5166086
sample 11.7 -0.02672507986 1.186230367e-12 3.800000429 1.065477371 0.1623131455 314.5166086
sample 11.8 -0.02672507986 1.690875765e-13 3.800000429 1.065477371 0.1623131455 314.5166085
sample 11.9 -0.02672507986 3.684168788e-14 3.800000429 1.065477371 0.1623131455 314.5166085
RESULT h=0.002777777778 mass=360 mu=0.6000000238 rider_x=1 drop=0.1000000015 end_q=-0.02672507986 max_w=0.2157033384 q_min=-0.1802124232 q_max=-0.01348781399 drum_local_x=3.800000429 drum_local_y=1.065477371 front=0.1623131455 plastic_j=637.6587859 damping_j=141.4335683 dry_friction_j=77.64708841 max_pad_n=4251.283266 peak_ke=652.5020149 end_w=1.0220307e-13 energy_delta=1171.256051 max_residual_j=328.2509775 rider_end_y=11.07238197
