sample 0 -0.1800000072 0.001021389151 3.799991131 1.324953079 0 -1.430511476e-06
sample 0.1 -0.1802124232 7.453026061e-22 3.790931702 1.272874832 0 3.062910867
sample 0.2 -0.1802124232 5.56844165e-22 3.764007092 1.125089645 0 4.370150876
sample 0.3 -0.1729299873 0.08760035038 3.794698477 1.069156647 0 701.625214
sample 0.4 -0.1604775637 0.1334581077 3.81322217 1.074717522 0 774.0823711
sample 0.5 -0.146211192 0.1592380553 3.796617508 1.067837715 0 803.1928838
sample 0.6 -0.1300450414 0.1639520377 3.796147346 1.068163872 0 803.4262454
sample 0.7 -0.1122674048 0.1903898418 3.799363613 1.065922737 0 814.263191
sample 0.8 -0.0924821943 0.207572639 3.800001383 1.06547451 0 815.8936106
sample 0.9 -0.070762977 0.2267451733 3.800003052 1.065474272 0 815.9431569
sample 1 -0.04746620357 0.2281654477 3.800001383 1.065475464 0 809.8326309
sample 1.1 -0.02762642875 0.1671283543 3.800002813 1.065473318 0.08049837958 808.4531994
sample 1.2 -0.01402676851 0.1056676358 3.800002813 1.065473557 0.1576391877 809.1594537
sample 1.3 -0.006462342571 0.04637989402 3.800002098 1.065475464 0.200932187 809.7026198
sample 1.4 -0.00472176075 0.01060382742 3.800002337 1.065471649 0.2119967164 810.0875531
sample 1.5 -0.008327774704 0.05831587315 3.800002813 1.065468788 0.2119967164 809.9979192
sample 1.6 -0.01554107387 0.08038946241 3.800004244 1.065471649 0.2119967164 809.1384502
sample 1.7 -0.02326001599 0.06907888502 3.800003529 1.065464973 0.2119967164 808.3416309
sample 1.8 -0.02908319421 0.04754996672 3.800003529 1.065462112 0.2119967164 808.4036532
sample 1.9 -0.03275778145 0.02610008419 3.800006628 1.06546402 0.2119967164 808.5040852
sample 2 -0.03428985924 0.004693919327 3.800007105 1.065464973 0.2119967164 808.5165156
sample 2.1 -0.03373100981 0.0154114319 3.800007105 1.065453529 0.2119967164 808.6319923
sample 2.2 -0.03121811152 0.03461427614 3.800006866 1.065452337 0.2119967164 808.6188521
sample 2.3 -0.02681390941 0.05325003341 3.800006866 1.065453529 0.2119967164 808.5967637
sample 2.4 -0.02057784609 0.07068219781 3.800007343 1.065454483 0.2119967164 808.4276662
sample 2.5 -0.01346884854 0.06631627679 3.800007582 1.065455198 0.2119967164 807.5898583
sample 2.6 -0.008258224465 0.03442944959 3.800007343 1.065457344 0.2119967164 807.2424697
sample 2.7 -0.007060444448 0.01057930849 3.800004005 1.065457344 0.2119967164 807.3929294
sample 2.8 -0.0101714069 0.04891115054 3.800004244 1.065458298 0.2119967164 807.325804
sample 2.9 -0.01613527536 0.06578398496 3.800004959 1.065462112 0.2119967164 806.6681347
sample 3 -0.02238683403 0.05489446595 3.800005198 1.065461159 0.2119967164 806.1237979
sample 3.1 -0.02679041401 0.03333923221 3.800005198 1.065461159 0.2119967164 806.178408
sample 3.2 -0.02904156037 0.01183943916 3.800004959 1.06546092 0.2119967164 806.2705857
sample 3.3 -0.0291593615 0.008945214562 3.800005674 1.065455437 0.2119967164 806.2925053
sample 3.4 -0.02727884799 0.0284278933 3.80000639 1.065456152 0.2119967164 806.3125294
sample 3.5 -0.02348002978 0.04732393101 3.800006628 1.065455198 0.2119967164 806.3270482
sample 3.6 -0.01797112077 0.05937511846 3.800006866 1.065461159 0.2119967164 805.945385
sample 3.7 -0.01244678441 0.04718702659 3.800007582 1.065463781 0.2119967164 805.4144554
sample 3.8 -0.009202498943 0.01567416079 3.800006866 1.06546402 0.2119967164 805.3333884
sample 3.9 -0.009501889348 0.02068689652 3.80000639 1.065464973 0.2119967164 805.4315095
sample 4 -0.01302348636 0.0468531996 3.800006151 1.065466642 0.2119967164 805.2226621
sample 4.1 -0.01819780096 0.05275700986 3.800005198 1.065463781 0.2119967164 804.7589024
sample 4.2 -0.02282556519 0.03697889298 3.800005436 1.065464973 0.2119967164 804.5471851
sample 4.3 -0.02543746494 0.01541632041 3.800005674 1.06546402 0.2119967164 804.5790327
sample 4.4 -0.02590128034 0.005697165616 3.800005674 1.065454483 0.2119967164 804.6733354
sample 4.5 -0.02433760092 0.02533596382 3.800005913 1.065454483 0.2119967164 804.6860288
sample 4.6 -0.02084892057 0.04357133806 3.800005436 1.065454483 0.2119967164 804.650127
sample 4.7 -0.01616430283 0.0466379486 3.800005674 1.06545043 0.2119967164 804.2425612
sample 4.8 -0.01218666043 0.03017736599 3.800005198 1.065450668 0.2119967164 804.026052
sample 4.9 -0.01055415254 0.001600306132 3.800006151 1.065449715 0.2119967164 804.0922009
sample 5 -0.01182022691 0.02560938522 3.800005913 1.065449715 0.2119967164 804.1046026
sample 5.1 -0.01530370954 0.04131667316 3.800008059 1.065452337 0.2119967164 803.9130106
sample 5.2 -0.01949050277 0.03936034441 3.800006866 1.065453529 0.2119967164 803.5243898
sample 5.3 -0.02261883207 0.02140931599 3.800007343 1.065455198 0.2119967164 803.4415483
sample 5.4 -0.02366875298 0.0001499518548 3.800001383 1.065472603 0.2119967164 803.5009384
sample 5.5 -0.02265433967 0.02000082098 3.800007105 1.065454483 0.2119967164 803.5283011
sample 5.6 -0.0197711587 0.03560441732 3.800006866 1.065450668 0.2119967164 803.4129157
sample 5.7 -0.01604295522 0.03620879725 3.800005436 1.06545639 0.2119967164 803.2272404
sample 5.8 -0.01304550003 0.02170167863 3.800005436 1.065452337 0.2119967164 803.092442
sample 5.9 -0.0120075997 0.001354221371 3.800006151 1.065450668 0.2119967164 803.1618457
sample 6 -0.01323148888 0.02198601328 3.800005674 1.065454245 0.2119967164 803.1181611
sample 6.1 -0.01608582772 0.03287564218 3.800005198 1.065453291 0.2119967164 803.0153728
sample 6.2 -0.01933526993 0.02975565754 3.800004959 1.065453529 0.2119967164 802.7940439
sample 6.3 -0.02161389962 0.01431698538 3.800004482 1.065449476 0.2119967164 802.7453302
sample 6.4 -0.02200749516 0.006214223802 3.800006151 1.065444708 0.2119967164 802.779351
sample 6.5 -0.02049784549 0.0226788763 3.800005436 1.065446138 0.2119967164 802.7314959
sample 6.6 -0.01779948547 0.02922675572 3.800005674 1.065452337 0.2119967164 802.671803
sample 6.7 -0.01507087052 0.02340612374 3.800004482 1.065460205 0.2119967164 802.4521334
sample 6.8 -0.01345015876 0.007992441766 3.800004721 1.065459013 0.2119967164 802.5086517
sample 6.9 -0.01355854794 0.009543847293 3.800003767 1.065458298 0.2119967164 802.4983202
sample 7 -0.01520513929 0.02203260362 3.800004959 1.065462112 0.2119967164 802.4743071
sample 7.1 -0.01764768921 0.02498766966 3.800005198 1.065463066 0.2119967164 802.3534067
sample 7.2 -0.01984572411 0.017442232 3.800005436 1.065460205 0.2119967164 802.260728
sample 7.3 -0.02088968456 0.002836302854 3.800004721 1.065456629 0.2119967164 802.2557793
sample 7.4 -0.02042441443 0.01145314798 3.800007105 1.065446854 0.2119967164 802.285929
sample 7.5 -0.01876900345 0.02033465914 3.800007105 1.065447807 0.2119967164 802.2745423
sample 7.6 -0.01664972864 0.02049011178 3.800007105 1.065461159 0.2119967164 802.1869694
sample 7.7 -0.01496305689 0.01209824346 3.800007582 1.065463066 0.2119967164 802.0973673
sample 7.8 -0.01440284494 0.0009802073473 3.800010681 1.065449715 0.2119967164 802.199518
sample 7.9 -0.01508413441 0.0121005252 3.800006866 1.065465689 0.2119967164 802.1078269
sample 8 -0.01664316654 0.01786532626 3.800006628 1.065464735 0.2119967164 802.0171477
sample 8.1 -0.01840104535 0.01601918787 3.800004721 1.065472603 0.2119967164 801.9742444
sample 8.2 -0.01961941831 0.007547344547 3.80000329 1.065473557 0.2119967164 801.9472259
sample 8.3 -0.01981561072 0.00336829247 3.800012827 1.065433502 0.2119967164 802.0933751
sample 8.4 -0.01902859658 0.0116977375 3.80001235 1.065433741 0.2119967164 802.0909049
sample 8.5 -0.01764509268 0.01491628494 3.80001235 1.065433264 0.2119967164 802.1359746
sample 8.6 -0.0162587408 0.01182546467 3.800012112 1.065429688 0.2119967164 802.1066829
sample 8.7 -0.01544763986 0.003892242908 3.800013065 1.065429449 0.2119967164 802.0484881
sample 8.8 -0.01550708804 0.004633796867 3.800010681 1.065438271 0.2119967164 802.0481966
sample 8.9 -0.01629344188 0.01044848934 3.800010443 1.065438271 0.2119967164 802.0756189
sample 9 -0.01744635962 0.01174357254 3.800011396 1.065444946 0.2119967164 801.9412954
sample 9.1 -0.01847463474 0.008105767891 3.800011635 1.065442085 0.2119967164 801.9413306
sample 9.2 -0.01894858666 0.001191280433 3.800006151 1.065462112 0.2119967164 802.003308
sample 9.3 -0.01875062473 0.004916961771 3.800018787 1.065406799 0.2119967164 802.0830341
sample 9.4 -0.01804647222 0.008607777767 3.800019026 1.065407515 0.2119967164 802.0770906
sample 9.5 -0.01715306751 0.008605358191 3.800020695 1.065404892 0.2119967164 802.1347159
sample 9.6 -0.01644817553 0.005016768817 3.800020933 1.065402985 0.2119967164 802.1241484
sample 9.7 -0.01623513922 0.0004059584462 3.800037384 1.065340996 0.2119967164 802.3533452
sample 9.8 -0.01646241546 0.004362537991 3.800014257 1.065428734 0.2119967164 802.0222262
sample 9.9 -0.01702256687 0.006404679269 3.800014019 1.065422773 0.2119967164 801.9865628
sample 10 -0.01765139587 0.00571772363 3.800018787 1.065437078 0.2119967164 801.9287719
sample 10.1 -0.01808483154 0.002667546505 3.800018787 1.065436125 0.2119967164 801.9281996
sample 10.2 -0.01814753562 0.0008864360279 3.800017595 1.065420866 0.2119967164 802.0580616
sample 10.3 -0.01795972511 0.003186065704 3.800043344 1.065324545 0.2119967164 802.37417
sample 10.4 -0.01758076996 0.004104353953 3.800042629 1.065333128 0.2119967164 802.4015911
sample 10.5 -0.01719768718 0.003286102088 3.800041437 1.065340996 0.2119967164 802.3568351
sample 10.6 -0.01698709279 0.001126785064 3.800060034 1.065273046 0.2119967164 802.5092551
sample 10.7 -0.01698709279 0.0005594464019 3.800070524 1.065230131 0.2119967164 802.7552429
sample 10.8 -0.01702130213 0.001549726818 3.800000906 1.06547451 0.2119967164 801.8646637
sample 10.9 -0.01720632054 0.002006935887 3.800001383 1.065463066 0.2119967164 801.905593
sample 11 -0.0173940789 0.001614597859 3.799999237 1.065460205 0.2119967164 801.910888
sample 11.1 -0.01744800247 0.0008061613771 3.800001144 1.065478086 0.2119967164 801.8654505
sample 11.2 -0.01744800247 5.500963996e-14 3.800001621 1.065476179 0.2119967164 801.8807834
sample 11.3 -0.01744800247 3.808138497e-14 3.800001621 1.065476179 0.2119967164 801.8807834
sample 11.4 -0.01744800247 3.343535843e-14 3.800001621 1.065476179 0.2119967164 801.8807834
sample 11.5 -0.01744800247 3.343535843e-14 3.800001621 1.065476179 0.2119967164 801.8807834
sample 11.6 -0.01744800247 3.717338937e-14 3.800001621 1.065476179 0.2119967164 801.8807834
sample 11.7 -0.01744800247 3.717338937e-14 3.800001621 1.065476179 0.2119967164 801.8807834
sample 11.8 -0.01744800247 4.181788447e-14 3.800001621 1.065476179 0.2119967164 801.8807834
sample 11.9 -0.01744800247 3.253007333e-14 3.800001621 1.065476179 0.2119967164 801.8807834
RESULT h=0.002777777778 mass=390 mu=0.3000000119 rider_x=-100 drop=0.25 end_q=-0.01744800247 max_w=0.2366839349 q_min=-0.1802124232 q_max=-0.004617006518 drum_local_x=3.800001621 drum_local_y=1.065476418 front=0.2119967164 plastic_j=832.8442429 damping_j=157.5788593 dry_friction_j=77.1836677 max_pad_n=4289.436366 peak_ke=880.9579468 end_w=3.717338937e-14 energy_delta=1869.487553 max_residual_j=815.9972146
