sample 0 -0.1800000072 0.001021389151 3.799991131 1.174952507 0 -1.430511476e-06
sample 0.1 -0.1802124232 2.424488019e-13 3.790899754 1.12287426 0 2.962094521
sample 0.2 -0.1769885272 0.07428820431 3.800353527 1.065722466 0 275.2966136
sample 0.3 -0.1691451967 0.08253705502 3.801884174 1.066786766 0 304.0651636
sample 0.4 -0.1597934067 0.09562475234 3.797267914 1.067385674 0 314.6634228
sample 0.5 -0.1492630988 0.1121746376 3.799758434 1.065643311 0 320.3982708
sample 0.6 -0.137168631 0.1283218712 3.799999237 1.06547451 0 321.1925962
sample 0.7 -0.1235938072 0.143110767 3.799999952 1.065476179 0 321.2151007
sample 0.8 -0.1085280627 0.1581454873 3.800002098 1.065473557 0 321.2667562
sample 0.9 -0.09194537997 0.1734498143 3.800003767 1.065472603 0 321.2472235
sample 1 -0.07381792367 0.1890431046 3.800004721 1.065472603 0 321.2998501
sample 1.1 -0.05417514965 0.1996478587 3.800008059 1.065471649 0 318.4449152
sample 1.2 -0.03634537756 0.1479776651 3.800008774 1.065470695 0.03195349585 315.0118283
sample 1.3 -0.02488545515 0.08207769692 3.800008297 1.065471649 0.09717814337 315.7473487
sample 1.4 -0.01989813149 0.01848030277 3.800006866 1.065471649 0.1261059464 316.3034007
sample 1.5 -0.02109985612 0.04053067043 3.80000639 1.06546855 0.1278931321 316.5399601
sample 1.6 -0.02739278413 0.08015824854 3.800007582 1.065461159 0.1278931321 315.9516374
sample 1.7 -0.03595871851 0.08469381928 3.800009966 1.065461874 0.1278931321 314.6717348
sample 1.8 -0.04354731739 0.06709878147 3.800010204 1.065460205 0.1278931321 314.6452526
sample 1.9 -0.04936953634 0.04948358983 3.800011158 1.065464973 0.1278931321 314.6687199
sample 2 -0.05343462527 0.03194781765 3.800003052 1.065473557 0.1278931321 314.6904151
sample 2.1 -0.05574883148 0.01446365565 3.800002337 1.065470695 0.1278931321 314.7308505
sample 2.2 -0.05631920323 0.002742933808 3.800006628 1.065449715 0.1278931321 314.8287439
sample 2.3 -0.05525070056 0.01843263954 3.800005913 1.065450668 0.1278931321 314.8805273
sample 2.4 -0.05263819173 0.03363374248 3.800006151 1.06545043 0.1278931321 314.8313048
sample 2.5 -0.04852853343 0.04838606343 3.800006628 1.065451622 0.1278931321 314.8381631
sample 2.6 -0.042964641 0.06272729486 3.800007582 1.065453291 0.1278931321 314.8260386
sample 2.7 -0.03598750755 0.07635553926 3.80000782 1.065452576 0.1278931321 314.6873968
sample 2.8 -0.02847650647 0.06833405793 3.800009727 1.065457344 0.1278931321 313.7254093
sample 2.9 -0.02330820821 0.03158783168 3.800009966 1.06545639 0.1278931321 313.4575438
sample 3 -0.02259613946 0.01698611677 3.800010204 1.065457344 0.1278931321 313.6540695
sample 3.1 -0.02641669102 0.05611119419 3.800013065 1.065456152 0.1278931321 313.446852
sample 3.2 -0.03299411759 0.07034843415 3.800013542 1.065460205 0.1278931321 312.6676618
sample 3.3 -0.03950575367 0.05710852146 3.800014019 1.065463066 0.1278931321 312.3125878
sample 3.4 -0.04432545602 0.03942095861 3.800014496 1.065458059 0.1278931321 312.3446781
sample 3.5 -0.04737982899 0.02179638483 3.800014257 1.065458059 0.1278931321 312.3904124
sample 3.6 -0.04867371917 0.004206671845 3.800012827 1.065443039 0.1278931321 312.4958529
sample 3.7 -0.04825548828 0.01213687938 3.800013542 1.06543541 0.1278931321 312.5312196
sample 3.8 -0.04625664651 0.02765129693 3.800013304 1.065433264 0.1278931321 312.5387973
sample 3.9 -0.04273030534 0.04269678891 3.800013542 1.06543541 0.1278931321 312.5262843
sample 4 -0.03772139549 0.05731204897 3.800013781 1.065436125 0.1278931321 312.5380332
sample 4.1 -0.03159334138 0.06076845154 3.800014496 1.065433502 0.1278931321 311.993964
sample 4.2 -0.02644852363 0.03853351623 3.800013542 1.065433264 0.1278931321 311.6031427
sample 4.3 -0.0244400613 0.0006070511881 3.800014734 1.065421104 0.1278931321 311.6642632
sample 4.4 -0.0262574777 0.03520797193 3.800012589 1.065433502 0.1278931321 311.6742882
sample 4.5 -0.03095868602 0.05506664142 3.800013542 1.06543541 0.1278931321 311.3148664
sample 4.6 -0.03646739945 0.05102852359 3.800013304 1.065438986 0.1278931321 310.7657928
sample 4.7 -0.04068293422 0.0333539173 3.800013065 1.065440178 0.1278931321 310.767982
sample 4.8 -0.04312751815 0.01566641219 3.800013304 1.065440178 0.1278931321 310.817885
sample 4.9 -0.04380585998 0.001825146377 3.800013542 1.065438986 0.1278931321 310.916488
sample 5 -0.04281770438 0.01774184592 3.800014019 1.065438271 0.1278931321 310.8918656
sample 5.1 -0.04026326537 0.03316078335 3.800014496 1.065434456 0.1278931321 310.8928818
sample 5.2 -0.03619298711 0.04773154482 3.800015211 1.065437317 0.1278931321 310.7895073
sample 5.3 -0.03125387058 0.04735765606 3.800016165 1.065437317 0.1278931321 310.4474667
sample 5.4 -0.0274073761 0.02692889608 3.800016165 1.065434217 0.1278931321 310.2302198
sample 5.5 -0.02625035308 0.00412888499 3.800015211 1.06543541 0.1278931321 310.3201848
sample 5.6 -0.02811284363 0.03141126409 3.800014496 1.065439463 0.1278931321 310.3034027
sample 5.7 -0.03206954524 0.04460762814 3.800014973 1.065438986 0.1278931321 310.0287562
sample 5.8 -0.03638427332 0.03852847964 3.800014734 1.065437078 0.1278931321 309.6376963
sample 5.9 -0.03936005011 0.02095565945 3.800014973 1.065436363 0.1278931321 309.6997897
sample 6 -0.04056342319 0.003237339435 3.800015688 1.065438032 0.1278931321 309.7345723
sample 6.1 -0.0400493294 0.01313222665 3.800014973 1.065432549 0.1278931321 309.7758207
sample 6.2 -0.03794608265 0.02874297835 3.800014973 1.065431833 0.1278931321 309.7466006
sample 6.3 -0.03440929204 0.03963327035 3.800015926 1.065430641 0.1278931321 309.6060201
sample 6.4 -0.03059257194 0.03391011059 3.800016642 1.065432549 0.1278931321 309.3798131
sample 6.5 -0.02811675146 0.01398314629 3.80001688 1.065430641 0.1278931321 309.3478454
sample 6.6 -0.02797799744 0.0106686987 3.800017118 1.065428734 0.1278931321 309.3883006
sample 6.7 -0.0300679151 0.02934921719 3.80001688 1.065424919 0.1278931321 309.3220762
sample 6.8 -0.03341716528 0.03506249562 3.800016642 1.065417051 0.1278931321 309.1918326
sample 6.9 -0.03657078743 0.02575766854 3.80001688 1.065415382 0.1278931321 309.0069469
sample 7 -0.03826901689 0.008177054115 3.800017118 1.065415382 0.1278931321 309.0326686
sample 7.1 -0.03821659833 0.008721056394 3.800018311 1.065410614 0.1278931321 309.0471722
sample 7.2 -0.03654876724 0.02417248301 3.800018072 1.065412521 0.1278931321 309.0951764
sample 7.3 -0.03368644416 0.03085343167 3.800018072 1.065413475 0.1278931321 308.8824068
sample 7.4 -0.03082693741 0.02427192591 3.800018072 1.06541729 0.1278931321 308.7778498
sample 7.5 -0.02918169461 0.007593952119 3.800017357 1.065420151 0.1278931321 308.7720684
sample 7.6 -0.02938598022 0.01097468007 3.800017357 1.065424919 0.1278931321 308.7775144
sample 7.7 -0.03120215237 0.02384007908 3.800016642 1.065422058 0.1278931321 308.6682427
sample 7.8 -0.03380497172 0.0262383353 3.800015926 1.06541729 0.1278931321 308.5813119
sample 7.9 -0.03606912494 0.01745063812 3.800016642 1.065420151 0.1278931321 308.5209494
sample 8 -0.03704501688 0.001520190155 3.800017118 1.065419912 0.1278931321 308.5313203
sample 8.1 -0.03641429916 0.01338552032 3.800017595 1.065420151 0.1278931321 308.5391485
sample 8.2 -0.03456664458 0.0220841337 3.800017834 1.065421104 0.1278931321 308.4438865
sample 8.3 -0.03232005239 0.02117807977 3.800018549 1.065411568 0.1278931321 308.390454
sample 8.4 -0.0306375958 0.01132534351 3.800018072 1.065417528 0.1278931321 308.4002894
sample 8.5 -0.03021203354 0.002745493082 3.800018549 1.065421104 0.1278931321 308.4209475
sample 8.6 -0.03109915927 0.01419999171 3.800018072 1.065418243 0.1278931321 308.418454
sample 8.7 -0.03284306452 0.01931178011 3.800017834 1.065419197 0.1278931321 308.3693847
sample 8.8 -0.03468048945 0.01609542593 3.800017834 1.06541729 0.1278931321 308.2515301
sample 8.9 -0.03583008796 0.006150298752 3.800018549 1.06541729 0.1278931321 308.2484678
sample 9 -0.03584446758 0.005409523379 3.800019741 1.065410614 0.1278931321 308.2615583
sample 9.1 -0.03484787419 0.0136816632 3.800019741 1.065411568 0.1278931321 308.2437641
sample 9.2 -0.03330875188 0.01592234336 3.800021172 1.065403938 0.1278931321 308.222757
sample 9.3 -0.03189482167 0.01135246921 3.800020933 1.065408468 0.1278931321 308.2648217
sample 9.4 -0.03120148368 0.002102670958 3.800019979 1.065404892 0.1278931321 308.269145
sample 9.5 -0.03145536035 0.006697446108 3.800018787 1.065404892 0.1278931321 308.2275049
sample 9.6 -0.03243723512 0.01214089524 3.800019264 1.065405607 0.1278931321 308.186467
sample 9.7 -0.03370607644 0.01228581276 3.800016403 1.065390587 0.1278931321 308.2216436
sample 9.8 -0.03471628577 0.007220369298 3.80001688 1.065391541 0.1278931321 308.2635252
sample 9.9 -0.03503889218 0.0006185433595 3.800007582 1.065425634 0.1278931321 308.1588816
sample 10 -0.0346628502 0.006792187225 3.800020218 1.065380096 0.1278931321 308.3131876
sample 10.1 -0.03379302099 0.009916286916 3.800019979 1.06537509 0.1278931321 308.2401106
sample 10.2 -0.03282405064 0.008750408888 3.800023794 1.065402031 0.1278931321 308.2044204
sample 10.3 -0.03216933459 0.003909613471 3.800024271 1.065401077 0.1278931321 308.1601032
sample 10.4 -0.03208139166 0.001886149053 3.800020218 1.065418959 0.1278931321 308.1456344
sample 10.5 -0.03248936683 0.005921750795 3.800019503 1.065419197 0.1278931321 308.1295367
sample 10.6 -0.03317887709 0.007332496811 3.800023079 1.065419912 0.1278931321 308.130335
sample 10.7 -0.03384957835 0.00559536228 3.800024271 1.065418243 0.1278931321 308.0498681
sample 10.8 -0.03421756998 0.001536602387 3.800024748 1.065421104 0.1278931321 308.122825
sample 10.9 -0.03418013081 0.002105514286 3.800032139 1.065351486 0.1278931321 308.279981
sample 11 -0.03384221718 0.004376473371 3.800032854 1.065348625 0.1278931321 308.3019882
sample 11.1 -0.03336917609 0.004730705637 3.800038099 1.06536293 0.1278931321 308.2364292
sample 11.2 -0.03296511993 0.003070255276 3.800037622 1.065363884 0.1278931321 308.3209535
sample 11.3 -0.03283245116 0.0001944124087 3.800073147 1.06523037 0.1278931321 308.7252184
sample 11.4 -0.03283347189 0.001435456215 3.79999876 1.065481186 0.1278931321 307.8701793
sample 11.5 -0.03303850442 0.002514155116 3.799999475 1.065477133 0.1278931321 307.9268629
sample 11.6 -0.03329780698 0.002488296712 3.799999952 1.065462112 0.1278931321 307.9687298
sample 11.7 -0.03349819779 0.001420859015 3.799998999 1.065472603 0.1278931321 307.9658787
sample 11.8 -0.03350985795 1.060704108e-05 3.799999714 1.06547904 0.1278931321 307.9380099
sample 11.9 -0.03350985795 7.809364615e-05 3.799999714 1.065478086 0.1278931321 307.9413766
RESULT h=0.002777777778 mass=360 mu=0.6000000238 rider_x=-100 drop=0.1000000015 end_q=-0.03350985795 max_w=0.2009857446 q_min=-0.1802124232 q_max=-0.01963200793 drum_local_x=3.799999714 drum_local_y=1.065478325 front=0.1278931321 plastic_j=502.4373046 damping_j=134.3378864 dry_friction_j=80.59938917 max_pad_n=4218.230047 peak_ke=566.4977206 end_w=0.0001136769934 energy_delta=1025.315854 max_residual_j=321.3393629
