sample 0 -0.1800283939 0.004085553344 3.799898148 1.174147606 0 -0.005678772926
sample 0.1 -0.1802122891 3.193155115e-11 3.789124012 1.113129616 0 6.563028097
sample 0.2 -0.1763376594 0.07431979477 3.801998615 1.066874504 0 276.7162915
sample 0.3 -0.1684724241 0.08723624051 3.799812794 1.065608025 0 306.4489408
sample 0.4 -0.1591535211 0.09421399236 3.799561977 1.065781593 0 317.3649446
sample 0.5 -0.1484447271 0.1143135503 3.800000429 1.065476179 0 322.5226819
sample 0.6 -0.1362654865 0.1288972944 3.800002575 1.065475464 0 322.5872333
sample 0.7 -0.1226173118 0.1436987519 3.800003767 1.065473557 0 322.6793295
sample 0.8 -0.1074763909 0.15874511 3.800008774 1.065471649 0 322.7565028
sample 0.9 -0.09081681073 0.1740660518 3.80001235 1.065468788 0 322.8509283
sample 1 -0.07261049002 0.1896776408 3.800015211 1.065467596 0 322.9309287
sample 1.1 -0.05291384086 0.1994336993 3.800020218 1.065462828 0 312.453057
sample 1.2 -0.03525493667 0.1464156359 3.800022364 1.065461159 0.03108755957 297.7645479
sample 1.3 -0.02402091771 0.08049040288 3.800026178 1.065457344 0.09812704932 300.7554682
sample 1.4 -0.01925958879 0.01686911471 3.800026417 1.065457106 0.1287666978 302.9839633
sample 1.5 -0.02068145014 0.04214656726 3.800024271 1.065458298 0.1311079682 304.0752555
sample 1.6 -0.02717812173 0.08181276172 3.800024748 1.065458059 0.1311079682 301.7332762
sample 1.7 -0.0358957015 0.08595708758 3.800026417 1.065457106 0.1311079682 296.4531192
sample 1.8 -0.04358202592 0.06825871766 3.800028324 1.065457106 0.1311079682 296.2972318
sample 1.9 -0.04950192571 0.05064363033 3.800028086 1.065456152 0.1311079682 296.4585043
sample 2 -0.05366468057 0.03310980275 3.800028324 1.065455198 0.1311079682 296.6242869
sample 2.1 -0.05607705191 0.01562939212 3.800028324 1.06545639 0.1311079682 296.7982723
sample 2.2 -0.05674460903 0.001667349599 3.800028563 1.065456152 0.1311079682 296.943978
sample 2.3 -0.05576480925 0.01740676165 3.800027609 1.065456629 0.1311079682 297.0172245
sample 2.4 -0.05323672667 0.03265371546 3.800027847 1.065454483 0.1311079682 297.0070849
sample 2.5 -0.04920753837 0.04744667932 3.800029039 1.06545639 0.1311079682 296.9712719
sample 2.6 -0.04372048005 0.06182866916 3.800029278 1.065455437 0.1311079682 296.9255255
sample 2.7 -0.03681519628 0.07582969964 3.800029755 1.065454483 0.1311079682 296.8326553
sample 2.8 -0.02899543755 0.07489862293 3.800031185 1.065453529 0.1311079682 293.2152665
sample 2.9 -0.0229697004 0.04210997373 3.800033092 1.06545043 0.1311079682 291.0329563
sample 3 -0.02128158137 0.007935148664 3.800032854 1.065448761 0.1311079682 291.7302883
sample 3.1 -0.02449955977 0.05272975564 3.800033808 1.065450668 0.1311079682 291.6471684
sample 3.2 -0.03113069013 0.07434657961 3.800033331 1.065451622 0.1311079682 288.8047174
sample 3.3 -0.03830491751 0.06500763446 3.800033331 1.065452576 0.1311079682 286.1449557
sample 3.4 -0.04389524087 0.04730523378 3.800033569 1.065453291 0.1311079682 286.3192716
sample 3.5 -0.04771948606 0.02967890911 3.800033092 1.06545186 0.1311079682 286.4700478
sample 3.6 -0.04978374392 0.01210016944 3.800032854 1.065450668 0.1311079682 286.6540987
sample 3.7 -0.05010027066 0.00496667996 3.800033569 1.065450668 0.1311079682 286.7649595
sample 3.8 -0.04879065976 0.0207049232 3.800033569 1.065448761 0.1311079682 286.8197159
sample 3.9 -0.04593260214 0.03595555946 3.800034761 1.065448761 0.1311079682 286.8076136
sample 4 -0.04157282785 0.05075842515 3.800035 1.0654459 0.1311079682 286.789255
sample 4.1 -0.03575456515 0.06509166956 3.800037146 1.065447807 0.1311079682 286.7125241
sample 4.2 -0.02914570086 0.06227089837 3.800039768 1.065448761 0.1311079682 283.6565504
sample 4.3 -0.02424844727 0.03290423378 3.800038815 1.065447807 0.1311079682 282.2526261
sample 4.4 -0.02312283963 0.009722399525 3.800036907 1.065450668 0.1311079682 282.785581
sample 4.5 -0.02610073239 0.04655128345 3.800035954 1.065449715 0.1311079682 282.6356247
sample 4.6 -0.03181175888 0.0629574731 3.800037384 1.065449715 0.1311079682 280.4677645
sample 4.7 -0.03778395057 0.05293929204 3.800038815 1.065448999 0.1311079682 278.5410561
sample 4.8 -0.0421667248 0.03521969914 3.800038815 1.065448761 0.1311079682 278.7049631
sample 4.9 -0.0447806716 0.01755637862 3.800040245 1.065447807 0.1311079682 278.8674679
sample 5 -0.04563019052 3.927919897e-05 3.80003953 1.065446854 0.1311079682 279.0292404
sample 5.1 -0.04480137676 0.01600716263 3.80003953 1.065448046 0.1311079682 279.0928773
sample 5.2 -0.04240196943 0.03147225082 3.800040722 1.065447807 0.1311079682 279.0938999
sample 5.3 -0.03848011792 0.04647538811 3.800041437 1.065447569 0.1311079682 279.0853746
sample 5.4 -0.03315837681 0.05720990896 3.800039768 1.065447807 0.1311079682 278.0240019
sample 5.5 -0.02784488536 0.04546638951 3.800041199 1.065446854 0.1311079682 276.09867
sample 5.6 -0.0247791782 0.01448229607 3.80004096 1.065447092 0.1311079682 275.8016866
sample 5.7 -0.02520931326 0.0213762708 3.800038099 1.065449715 0.1311079682 276.2235664
sample 5.8 -0.028800698 0.04703892395 3.80003643 1.065449715 0.1311079682 275.549048
sample 5.9 -0.03396329656 0.05223543197 3.800035954 1.065448999 0.1311079682 273.6988786
sample 6 -0.03850956634 0.03726661205 3.800038099 1.065447569 0.1311079682 272.9193103
sample 6.1 -0.04132523388 0.01954666898 3.800038099 1.065448523 0.1311079682 273.0744591
sample 6.2 -0.0423707515 0.001857849769 3.800035954 1.065448761 0.1311079682 273.2264378
sample 6.3 -0.04171526805 0.01433115453 3.800035715 1.065448046 0.1311079682 273.3107023
sample 6.4 -0.03947813809 0.02989869565 3.800035715 1.065448761 0.1311079682 273.3060374
sample 6.5 -0.03570999578 0.04480476677 3.800037146 1.065447807 0.1311079682 273.2024575
sample 6.6 -0.03097681701 0.04630792141 3.800037861 1.065446854 0.1311079682 271.6230613
sample 6.7 -0.02714540251 0.02801605873 3.800038576 1.065446854 0.1311079682 270.7274917
sample 6.8 -0.02583728358 0.001848845975 3.800038338 1.065446615 0.1311079682 270.9561701
sample 6.9 -0.02749440819 0.02926379628 3.800038338 1.065443754 0.1311079682 270.9618203
sample 7 -0.03130900487 0.04377740622 3.800039291 1.065444946 0.1311079682 270.0649546
sample 7.1 -0.03562039882 0.03938452154 3.80003953 1.065446138 0.1311079682 268.7929384
sample 7.2 -0.0386887379 0.02208596282 3.800040722 1.065446615 0.1311079682 268.6987617
sample 7.3 -0.03998608515 0.004357154947 3.800040007 1.065444946 0.1311079682 268.8723589
sample 7.4 -0.03955919296 0.01212364715 3.800040245 1.065445662 0.1311079682 268.9440991
sample 7.5 -0.03753736243 0.0277962368 3.800040007 1.065446615 0.1311079682 268.9710302
sample 7.6 -0.03404385597 0.03982788324 3.800039053 1.065444231 0.1311079682 268.3894791
sample 7.7 -0.03013450652 0.03558639809 3.80004096 1.065443993 0.1311079682 267.3263557
sample 7.8 -0.02747434936 0.01621197164 3.800041437 1.065447569 0.1311079682 266.9842775
sample 7.9 -0.02716860548 0.009252237156 3.800037384 1.065447569 0.1311079682 267.1771635
sample 8 -0.02921410836 0.02954861894 3.800036907 1.065444946 0.1311079682 267.0053245
sample 8.1 -0.03267699853 0.03692737594 3.800038099 1.065449953 0.1311079682 266.1984132
sample 8.2 -0.036057733 0.02842945419 3.800036669 1.065451622 0.1311079682 265.428777
sample 8.3 -0.03800395131 0.0108376639 3.80003643 1.065448761 0.1311079682 265.4976369
sample 8.4 -0.03818795085 0.006316836458 3.800035954 1.065447807 0.1311079682 265.6436672
sample 8.5 -0.03673592582 0.02219838277 3.800035954 1.065446138 0.1311079682 265.6672064
sample 8.6 -0.03386303037 0.03288283944 3.800036669 1.065446138 0.1311079682 265.1937911
sample 8.7 -0.03063222207 0.02943979204 3.800037861 1.0654459 0.1311079682 264.4818519
sample 8.8 -0.02842809819 0.0134762032 3.800038815 1.065447807 0.1311079682 264.2845883
sample 8.9 -0.02816480026 0.007458818145 3.800037622 1.065450668 0.1311079682 264.4480821
sample 9 -0.02982660383 0.02405995131 3.800036192 1.065446854 0.1311079682 264.3171037
sample 9.1 -0.03265013546 0.03014089726 3.800036907 1.065446854 0.1311079682 263.776512
sample 9.2 -0.03541257977 0.02326244488 3.800037861 1.0654459 0.1311079682 263.2840135
sample 9.3 -0.03694046661 0.006897818763 3.800037146 1.065447807 0.1311079682 263.2468992
sample 9.4 -0.0367475152 0.009902648628 3.800037384 1.065444708 0.1311079682 263.3530626
sample 9.5 -0.03500502184 0.02334401011 3.800037146 1.0654459 0.1311079682 263.215702
sample 9.6 -0.03240081295 0.02671324834 3.800037146 1.065444946 0.1311079682 262.6872975
sample 9.7 -0.03005880676 0.01862804219 3.800037861 1.065442801 0.1311079682 262.3385589
sample 9.8 -0.02897510305 0.0027082616 3.800037861 1.0654459 0.1311079682 262.3995036
sample 9.9 -0.02954113297 0.01297682058 3.800038338 1.0654459 0.1311079682 262.449602
sample 10 -0.03140800819 0.02269329131 3.800038815 1.065444946 0.1311079682 262.2505635
sample 10.1 -0.03375834972 0.02257478982 3.800038099 1.065441847 0.1311079682 261.8300061
sample 10.2 -0.03558130935 0.01281909086 3.800037861 1.065442085 0.1311079682 261.6447994
sample 10.3 -0.03610782325 0.002028534887 3.800037146 1.065443754 0.1311079682 261.7278594
sample 10.4 -0.03522178531 0.01466639712 3.800037384 1.065441847 0.1311079682 261.6970573
sample 10.5 -0.03336792812 0.02085581422 3.800037622 1.065438271 0.1311079682 261.4765389
sample 10.6 -0.03135215491 0.01804806851 3.800038099 1.065440178 0.1311079682 261.196199
sample 10.7 -0.03003757633 0.007575866301 3.800037861 1.065439224 0.1311079682 261.1168447
sample 10.8 -0.02995963208 0.005353577435 3.800038099 1.065440893 0.1311079682 261.1635219
sample 10.9 -0.03103323653 0.01503992174 3.800037861 1.065443039 0.1311079682 261.0974346
sample 11 -0.03276190907 0.01816110313 3.800037861 1.065443993 0.1311079682 260.9057183
sample 11.1 -0.03439786658 0.01348215342 3.800038815 1.065446615 0.1311079682 260.7431555
sample 11.2 -0.03524399921 0.003116800683 3.800038815 1.065447569 0.1311079682 260.7689514
sample 11.3 -0.03499145433 0.007404290605 3.800037384 1.0654459 0.1311079682 260.7917611
sample 11.4 -0.03385630995 0.01425692253 3.800038576 1.065443993 0.1311079682 260.7233437
sample 11.5 -0.03234025836 0.01492104866 3.800038338 1.0654459 0.1311079682 260.5420003
sample 11.6 -0.03109625541 0.00920440536 3.80003953 1.065447807 0.1311079682 260.4628093
sample 11.7 -0.03065082431 0.0002791044826 3.800039291 1.065447807 0.1311079682 260.4918204
sample 11.8 -0.03110588342 0.008251581341 3.80003953 1.0654459 0.1311079682 260.4568366
sample 11.9 -0.03219425678 0.01258247346 3.800038815 1.065444946 0.1311079682 260.3804442
RESULT h=0.01111111111 mass=360 mu=0.6000000238 rider_x=-100 drop=0.1000000015 end_q=-0.03331262246 max_w=0.2010878772 q_min=-0.1802122891 q_max=-0.01905789785 drum_local_x=3.800038576 drum_local_y=1.065443993 front=0.1311079682 plastic_j=515.0670179 damping_j=158.3849085 dry_friction_j=92.22602242 max_pad_n=4225.160732 peak_ke=567.0914103 end_w=0.01187024172 energy_delta=1025.938245 max_residual_j=323.0016138
