sample 0 -0.1800000072 0.001021389151 3.799991131 1.174952507 0 -1.430511476e-06
sample 0.09722222223 -0.1802124232 1.035415955e-30 3.791396141 1.125600815 0 2.934112191
sample 0.1944444445 -0.1773161739 0.05218555406 3.798619747 1.066425323 0 275.3237915
sample 0.2916666667 -0.1698303968 0.08184465766 3.803176165 1.067690849 0 304.0005833
sample 0.3888888889 -0.1608548015 0.09540163726 3.796600103 1.067852259 0 314.6459121
sample 0.4861111111 -0.1508213282 0.1117814481 3.799592972 1.065756798 0 320.4573539
sample 0.5833333334 -0.1392877698 0.1258799285 3.799999952 1.065473557 0 321.1812628
sample 0.6805555556 -0.1263494045 0.1402157247 3.800002575 1.065472603 0 321.2095776
sample 0.7777777778 -0.1120061502 0.1547809839 3.800004959 1.065471649 0 321.2337743
sample 0.8750000001 -0.09623488039 0.1695955545 3.800005436 1.065471649 0 321.2919376
sample 0.9722222223 -0.07901033014 0.1846798658 3.800007582 1.065469503 0 321.283604
sample 1.069444445 -0.06030519307 0.2000527233 3.800007343 1.065469503 0 321.357455
sample 1.166666667 -0.04164497554 0.1704865843 3.800009251 1.065466881 0.00191656958 314.7306396
sample 1.263888889 -0.02826541848 0.1056001261 3.800009727 1.065469027 0.07787577521 315.5104285
sample 1.361111111 -0.02108345553 0.04295023158 3.800009489 1.065468788 0.1190849961 316.1250556
sample 1.458333333 -0.01988237165 0.01711851545 3.80000639 1.065471649 0.1278902711 316.4994026
sample 1.555555556 -0.02411085181 0.06621969491 3.800008297 1.065461159 0.1278902711 316.3675641
sample 1.652777778 -0.03186354786 0.08737753332 3.800009251 1.065457344 0.1278902711 315.2744107
sample 1.75 -0.03997489065 0.07594572753 3.800011158 1.065460205 0.1278902711 314.6384095
sample 1.847222222 -0.04651686922 0.0587702468 3.800011635 1.065459251 0.1278902711 314.6731016
sample 1.944444445 -0.05139353871 0.04168299958 3.800008059 1.065470695 0.1278902711 314.6793276
sample 2.041666667 -0.05461227521 0.02465926111 3.800003767 1.065471411 0.1278902711 314.6923762
sample 2.138888889 -0.05617790669 0.007673318498 3.800003052 1.065470695 0.1278902711 314.7433413
sample 2.236111111 -0.05611569807 0.008466457017 3.800007343 1.065449715 0.1278902711 314.836788
sample 2.333333334 -0.05455025658 0.02355082892 3.800007105 1.065451622 0.1278902711 314.8718024
sample 2.430555556 -0.05154057592 0.03818611056 3.800006866 1.065449715 0.1278902711 314.8990941
sample 2.527777778 -0.04712854326 0.05240826681 3.800006628 1.065450907 0.1278902711 314.8618813
sample 2.625 -0.04135264084 0.0662515536 3.800008297 1.065449476 0.1278902711 314.8490467
sample 2.722222222 -0.03427602351 0.0775064379 3.800009489 1.065448761 0.1278902711 314.446461
sample 2.819444445 -0.02720045857 0.06306827813 3.800010443 1.065455437 0.1278902711 313.6339255
sample 2.916666667 -0.02285046503 0.02371069975 3.800011635 1.065454483 0.1278902711 313.4795221
sample 3.013888889 -0.02287895232 0.02337873541 3.80001235 1.065456152 0.1278902711 313.6774514
sample 3.111111111 -0.02705772035 0.05912819505 3.800012827 1.065457344 0.1278902711 313.4047446
sample 3.208333334 -0.03357896581 0.07015023381 3.800013065 1.065459013 0.1278902711 312.5866228
sample 3.305555556 -0.03981970251 0.056127619 3.800013065 1.065462351 0.1278902711 312.2957563
sample 3.402777778 -0.04443423823 0.03893451393 3.800014019 1.06546092 0.1278902711 312.3315032
sample 3.5 -0.04738031328 0.02180022933 3.80001235 1.065459251 0.1278902711 312.3847659
sample 3.597222223 -0.04866238683 0.004698933568 3.80001092 1.065442085 0.1278902711 312.4735271
sample 3.694444445 -0.04832197726 0.01125659142 3.800011635 1.065436363 0.1278902711 312.5275065
sample 3.791666667 -0.04648372158 0.02637319453 3.800011635 1.065439463 0.1278902711 312.5473929
sample 3.888888889 -0.04319797456 0.04104339704 3.800011635 1.06543541 0.1278902711 312.5477627
sample 3.986111111 -0.03850639611 0.05530300736 3.80001235 1.065437078 0.1278902711 312.5229291
sample 4.083333334 -0.03262007236 0.06209072098 3.800013065 1.065437317 0.1278902711 312.101447
sample 4.180555556 -0.02725681849 0.04454138502 3.800012589 1.065437078 0.1278902711 311.6279706
sample 4.277777778 -0.02454906702 0.009598065168 3.800011873 1.06543541 0.1278902711 311.6168884
sample 4.375 -0.02547172643 0.02723256126 3.800011635 1.065439224 0.1278902711 311.6816625
sample 4.472222223 -0.0294680018 0.05178347602 3.80001235 1.065438032 0.1278902711 311.4230664
sample 4.569444445 -0.03484421968 0.05486487597 3.80001235 1.065443754 0.1278902711 310.9006825
sample 4.666666667 -0.03947413713 0.03926658258 3.800012112 1.065439224 0.1278902711 310.7727435
sample 4.763888889 -0.04244875535 0.02205570228 3.800012112 1.065441132 0.1278902711 310.8086395
sample 4.861111111 -0.04375194758 0.004877971951 3.800012589 1.065438271 0.1278902711 310.8655712
sample 4.958333334 -0.04342482984 0.01116644032 3.800014019 1.06543541 0.1278902711 310.882468
sample 5.055555556 -0.04159154743 0.02636057511 3.800013781 1.065437317 0.1278902711 310.8970949
sample 5.152777778 -0.03830337152 0.04110555723 3.800013781 1.065436363 0.1278902711 310.9068565
sample 5.25 -0.03372118622 0.05032738298 3.800014973 1.065433264 0.1278902711 310.587991
sample 5.347222223 -0.02918426134 0.03982463107 3.800015211 1.065434456 0.1278902711 310.2804171
sample 5.444444445 -0.02650614083 0.01362518594 3.800014973 1.065433502 0.1278902711 310.2352066
sample 5.541666667 -0.02668826841 0.01654816791 3.800015926 1.065433264 0.1278902711 310.315855
sample 5.638888889 -0.02948384546 0.03866966069 3.800015926 1.065436125 0.1278902711 310.2148138
sample 5.736111112 -0.0336863026 0.04465438053 3.800013781 1.06543541 0.1278902711 309.8563379
sample 5.833333334 -0.03757125139 0.03279809654 3.800014019 1.065436363 0.1278902711 309.6576385
sample 5.930555556 -0.03991537169 0.01555295661 3.800013542 1.065439224 0.1278902711 309.7067643
sample 6.027777778 -0.04058557376 0.001528442022 3.800015211 1.065436125 0.1278902711 309.7639978
sample 6.125 -0.03967219964 0.01706827246 3.800014496 1.065437317 0.1278902711 309.7466525
sample 6.222222223 -0.03727155924 0.0321341157 3.800014734 1.065439224 0.1278902711 309.7636865
sample 6.319444445 -0.03363897279 0.03987441957 3.80001688 1.065443039 0.1278902711 309.5658422
sample 6.416666667 -0.03005185351 0.03140707314 3.800015926 1.065439224 0.1278902711 309.3064564
sample 6.513888889 -0.02794889733 0.01056629885 3.800016165 1.065440178 0.1278902711 309.3278394
sample 6.611111112 -0.02811004594 0.01316175424 3.800014496 1.065442085 0.1278902711 309.3351737
sample 6.708333334 -0.03031467833 0.03038637526 3.800014973 1.065443277 0.1278902711 309.2892876
sample 6.805555556 -0.03360902518 0.03493425623 3.800014734 1.065434217 0.1278902711 309.1254856
sample 6.902777778 -0.03664032742 0.02533164062 3.800013781 1.065431595 0.1278902711 308.9257488
sample 7.000000001 -0.03826961294 0.008196036331 3.800014257 1.065432549 0.1278902711 308.9408392
sample 7.097222223 -0.03824246675 0.008256656118 3.800015211 1.065434217 0.1278902711 308.9685382
sample 7.194444445 -0.03668515384 0.02342131361 3.800014973 1.065436363 0.1278902711 308.9622467
sample 7.291666667 -0.0339479968 0.03080826439 3.800014734 1.06543541 0.1278902711 308.8160289
sample 7.388888889 -0.03110727482 0.02562261187 3.800014257 1.065440893 0.1278902711 308.7243968
sample 7.486111112 -0.02930631861 0.01029405277 3.800014019 1.065438271 0.1278902711 308.6905314
sample 7.583333334 -0.02922390029 0.008111026138 3.800013781 1.065440893 0.1278902711 308.7063331
sample 7.680555556 -0.03075152263 0.02204041742 3.800013781 1.065442085 0.1278902711 308.6956025
sample 7.777777778 -0.03321228176 0.02673549391 3.800012589 1.06543541 0.1278902711 308.5957699
sample 7.875000001 -0.03559244052 0.02056661993 3.800012589 1.065434456 0.1278902711 308.5180098
sample 7.972222223 -0.03693867475 0.006312574726 3.800012112 1.06543541 0.1278902711 308.4867323
sample 8.069444445 -0.0367663987 0.009238094091 3.800012827 1.065432549 0.1278902711 308.4731245
sample 8.166666667 -0.03527877852 0.02015574463 3.800012589 1.065432549 0.1278902711 308.4350712
sample 8.26388889 -0.03311879188 0.0226793848 3.800014257 1.065429688 0.1278902711 308.4337811
sample 8.361111112 -0.03117210977 0.01602807827 3.800014734 1.065425634 0.1278902711 308.3779996
sample 8.458333334 -0.03021441028 0.003126796568 3.800015211 1.065425873 0.1278902711 308.3776295
sample 8.555555556 -0.03056042269 0.009640092961 3.800013542 1.065423012 0.1278902711 308.360017
sample 8.652777778 -0.03195312992 0.01790030487 3.800013542 1.065423965 0.1278902711 308.2969704
sample 8.750000001 -0.03380043432 0.01874596812 3.800014734 1.065428495 0.1278902711 308.2884154
sample 8.847222223 -0.0353480354 0.01204093825 3.800013542 1.065426111 0.1278902711 308.2197097
sample 8.944444445 -0.03597637638 0.0006884351606 3.800007582 1.065453529 0.1278902711 308.2209808
sample 9.041666667 -0.03553515673 0.009409806691 3.800015688 1.065423727 0.1278902711 308.2475982
sample 9.13888889 -0.03428229317 0.01538433973 3.800015688 1.065422058 0.1278902711 308.2584969
sample 9.236111112 -0.03275036067 0.01501828898 3.800017357 1.06541729 0.1278902711 308.2395032
sample 9.333333334 -0.03156239167 0.008632157929 3.800018072 1.065416336 0.1278902711 308.2309464
sample 9.430555556 -0.03118993901 0.0008857882349 3.800023794 1.065393448 0.1278902711 308.2864069
sample 9.527777779 -0.03166735545 0.008646339178 3.800016642 1.065424681 0.1278902711 308.1987495
sample 9.625000001 -0.03274654597 0.01272157673 3.800016403 1.065426588 0.1278902711 308.1702866
sample 9.722222223 -0.03397037089 0.01157743391 3.800013304 1.065402269 0.1278902711 308.1590013
sample 9.819444445 -0.03484358266 0.005816305056 3.800013542 1.065402031 0.1278902711 308.1456012
sample 9.916666667 -0.03503316268 0.001743371016 3.800017118 1.065391541 0.1278902711 308.2138432
sample 10.01388889 -0.03456645086 0.007452222053 3.80001688 1.065392494 0.1278902711 308.1840778
sample 10.11111111 -0.03368490562 0.01001084875 3.800018072 1.065397263 0.1278902711 308.1621176
sample 10.20833333 -0.03275396302 0.008479574695 3.800019979 1.06540966 0.1278902711 308.1837375
sample 10.30555556 -0.03214879707 0.003586109728 3.800020218 1.065410614 0.1278902711 308.1751535
sample 10.40277778 -0.03208544105 0.002016320592 3.800014496 1.065428734 0.1278902711 308.10861
sample 10.5 -0.03248795122 0.005926240236 3.800014734 1.065426826 0.1278902711 308.0892995
sample 10.59722222 -0.03315787017 0.007347655017 3.800018072 1.065428734 0.1278902711 308.0935062
sample 10.69444445 -0.03381867334 0.00577920815 3.800020695 1.065424919 0.1278902711 308.0297602
sample 10.79166667 -0.03420504183 0.001933274791 3.800020933 1.065428495 0.1278902711 308.080445
sample 10.88888889 -0.03420455381 0.001775772776 3.800035238 1.065348625 0.1278902711 308.2947235
sample 10.98611111 -0.03390331194 0.004176792223 3.800034761 1.065355301 0.1278902711 308.3533523
sample 11.08333333 -0.03344897553 0.004836552776 3.800038338 1.065363646 0.1278902711 308.2465586
sample 11.18055556 -0.03302798793 0.00353668211 3.800039291 1.065367699 0.1278902711 308.2974765
sample 11.27777778 -0.03283069655 0.000862268731 3.800062656 1.065278053 0.1278902711 308.5216684
sample 11.375 -0.03283069655 0.001055034925 3.800036907 1.065371513 0.1278902711 308.2635733
sample 11.47222222 -0.03297172859 0.002314793412 3.800000668 1.065473318 0.1278902711 307.9172118
sample 11.56944445 -0.03322108462 0.002627266338 3.800002575 1.065459251 0.1278902711 307.9633125
sample 11.66666667 -0.03344753012 0.001876472961 3.800001383 1.065459967 0.1278902711 307.9644658
sample 11.76388889 -0.03351216763 0.0006187625695 3.799999952 1.065480232 0.1278902711 307.9184389
sample 11.86111111 -0.03351216763 3.094614294e-05 3.800000429 1.065478325 0.1278902711 307.9300115
sample 11.95833333 -0.03351216763 7.530989387e-05 3.800000429 1.065478325 0.1278902711 307.9299443
RESULT h=0.002777777778 mass=360 mu=0.6000000238 rider_x=-100 drop=0.1000000015 end_q=-0.03351216763 max_w=0.2009850889 q_min=-0.1802124232 q_max=0 drum_local_x=3.800000429 drum_local_y=1.065478325 front=0.1278902711 plastic_j=502.4260649 damping_j=134.3473958 dry_friction_j=80.60651416 max_pad_n=4218.231066 peak_ke=566.4940444 end_w=9.142226918e-05 energy_delta=1025.30988 max_residual_j=321.357455
