sample 0 -0.1800283939 0.004085553344 3.799898148 1.174147606 0 -0.005678772926
sample 0.1 -0.1802122891 2.528100645e-11 3.789124012 1.113129616 0 6.563028097
sample 0.2 -0.1763376594 0.07431827486 3.801998615 1.066874504 0 276.7163217
sample 0.3 -0.1684724241 0.0872374475 3.799812317 1.065608025 0 306.4490973
sample 0.4 -0.159153536 0.09421039373 3.799561977 1.06578064 0 317.365408
sample 0.5 -0.1484446675 0.1143165305 3.800001144 1.065477133 0 322.522036
sample 0.6 -0.1362654567 0.1288972497 3.800003052 1.065476418 0 322.5815281
sample 0.7 -0.1226171181 0.1436975896 3.800004482 1.065475702 0 322.6758221
sample 0.8 -0.1074759588 0.158750549 3.80000782 1.065471649 0 322.7425716
sample 0.9 -0.09081605822 0.1740700901 3.800013542 1.065468788 0 322.8474473
sample 1 -0.07260950655 0.1896753907 3.800018311 1.065464973 0 322.9263789
sample 1.1 -0.05291278288 0.1994306892 3.800024986 1.065459013 0 312.447571
sample 1.2 -0.03525421396 0.1464109272 3.80003047 1.065458059 0.03109042059 297.7777724
sample 1.3 -0.02402057499 0.08048563451 3.800033808 1.065454245 0.09812991034 300.7722133
sample 1.4 -0.01925959066 0.01686563157 3.800034285 1.065452337 0.1287657441 302.9933496
sample 1.5 -0.02068180777 0.04215022922 3.800029278 1.065455437 0.1311079682 304.085776
sample 1.6 -0.02717857622 0.08181265742 3.800031185 1.065454483 0.1311079682 301.7462176
sample 1.7 -0.03589602187 0.08595506102 3.8000319 1.065455437 0.1311079682 296.4698524
sample 1.8 -0.04358208179 0.06825554371 3.800033331 1.065453291 0.1311079682 296.3162026
sample 1.9 -0.04950166494 0.05064055696 3.800033569 1.065452576 0.1311079682 296.4795837
sample 2 -0.05366413668 0.03310855851 3.800033331 1.065452576 0.1311079682 296.6439407
sample 2.1 -0.05607623607 0.01562640443 3.800030708 1.065455437 0.1311079682 296.8163602
sample 2.2 -0.05674353987 0.001670340076 3.800031185 1.065454245 0.1311079682 296.9673915
sample 2.3 -0.05576344952 0.0174097158 3.800030708 1.065454483 0.1311079682 297.009657
sample 2.4 -0.05323506892 0.03265664354 3.800030708 1.06545186 0.1311079682 296.9980774
sample 2.5 -0.04920559004 0.04745126143 3.800030947 1.065454721 0.1311079682 296.9641371
sample 2.6 -0.04371826351 0.06183157116 3.800031424 1.065454483 0.1311079682 296.9169361
sample 2.7 -0.03681263328 0.07583166659 3.800032377 1.065453529 0.1311079682 296.8290272
sample 2.8 -0.02899308689 0.07489157468 3.800032616 1.065452576 0.1311079682 293.2073684
sample 2.9 -0.02296848968 0.04209474474 3.800033808 1.065454483 0.1311079682 291.0670692
sample 3 -0.02128212899 0.007952938788 3.800032616 1.065447807 0.1311079682 291.7532282
sample 3.1 -0.02450162172 0.05274156108 3.800033092 1.065447807 0.1311079682 291.6624675
sample 3.2 -0.03113332205 0.07434688509 3.800035715 1.065448761 0.1311079682 288.8177113
sample 3.3 -0.0383069478 0.06499841809 3.800038576 1.065449715 0.1311079682 286.1638325
sample 3.4 -0.04389639944 0.04729674757 3.800038576 1.065448999 0.1311079682 286.3275019
sample 3.5 -0.04771977663 0.02967029624 3.800039291 1.065447807 0.1311079682 286.4878419
sample 3.6 -0.0497831814 0.01209149603 3.80003953 1.065448761 0.1311079682 286.6513771
sample 3.7 -0.0500988923 0.004975362681 3.800039291 1.065447807 0.1311079682 286.7880373
sample 3.8 -0.04878842458 0.02071343735 3.80003953 1.065449476 0.1311079682 286.8289305
sample 3.9 -0.04592953995 0.03596384823 3.800040007 1.065446854 0.1311079682 286.8030363
sample 4 -0.04156894609 0.05076652765 3.800040722 1.0654459 0.1311079682 286.7810466
sample 4.1 -0.03574988618 0.06509754807 3.800042391 1.065444946 0.1311079682 286.6998318
sample 4.2 -0.02914147452 0.06225761771 3.800043344 1.065447807 0.1311079682 283.6541842
sample 4.3 -0.02424638346 0.03287666664 3.800043344 1.0654459 0.1311079682 282.2720753
sample 4.4 -0.0231237039 0.009752885439 3.800041199 1.065446854 0.1311079682 282.8178193
sample 4.5 -0.0261042174 0.04657178372 3.800040245 1.065447807 0.1311079682 282.6356505
sample 4.6 -0.03181634471 0.06295853853 3.800041437 1.065448761 0.1311079682 280.4714395
sample 4.7 -0.03778767586 0.05292491242 3.800041914 1.065447807 0.1311079682 278.5509183
sample 4.8 -0.04216904938 0.03520532325 3.800041676 1.065447569 0.1311079682 278.7082462
sample 4.9 -0.04478154331 0.01754199155 3.800042152 1.065447569 0.1311079682 278.8710564
sample 5 -0.04562963918 5.36686166e-05 3.800042629 1.065444708 0.1311079682 279.029745
sample 5.1 -0.04479940608 0.01602094434 3.800042391 1.065447807 0.1311079682 279.0835472
sample 5.2 -0.04239863902 0.03148589283 3.800041437 1.065448046 0.1311079682 279.0981059
sample 5.3 -0.03847544268 0.04648852348 3.800042868 1.065444708 0.1311079682 279.066995
sample 5.4 -0.03315272555 0.05721015483 3.80004406 1.065443993 0.1311079682 278.0015809
sample 5.5 -0.0278403908 0.04544426128 3.800045013 1.065440416 0.1311079682 276.0896031
sample 5.6 -0.02477761358 0.01444816776 3.800046444 1.065442085 0.1311079682 275.7866809
sample 5.7 -0.02520910092 0.02137824707 3.800046444 1.065443993 0.1311079682 276.215029
sample 5.8 -0.02880067378 0.04704009369 3.800044298 1.065446615 0.1311079682 275.5487611
sample 5.9 -0.0339634046 0.05223645642 3.800042629 1.065446138 0.1311079682 273.7131798
sample 6 -0.03850972652 0.03726711124 3.800044537 1.065442801 0.1311079682 272.9345477
sample 6.1 -0.04132544622 0.0195470918 3.800044298 1.065443993 0.1311079682 273.0899961
sample 6.2 -0.04237100855 0.001858212752 3.800042391 1.065444946 0.1311079682 273.2422001
sample 6.3 -0.04171555117 0.01433086488 3.800042391 1.065443993 0.1311079682 273.3266149
sample 6.4 -0.03947843984 0.02989847772 3.800042152 1.065444946 0.1311079682 273.322041
sample 6.5 -0.03571031243 0.04480479285 3.800043583 1.065443039 0.1311079682 273.2186488
sample 6.6 -0.03097707406 0.04630926996 3.800044298 1.065441132 0.1311079682 271.6394673
sample 6.7 -0.02714546956 0.0280183237 3.80004549 1.065443039 0.1311079682 270.7431482
sample 6.8 -0.02583712153 0.001846632105 3.800045252 1.065444708 0.1311079682 270.9692723
sample 6.9 -0.02749406919 0.02926275134 3.800045013 1.065441847 0.1311079682 270.9742839
sample 7 -0.03130865097 0.04377817363 3.800045729 1.065443993 0.1311079682 270.0773515
sample 7.1 -0.03562023118 0.03938672319 3.80004549 1.065443039 0.1311079682 268.8089517
sample 7.2 -0.03868879378 0.02208824269 3.800046206 1.065441847 0.1311079682 268.7158115
sample 7.3 -0.03998637944 0.004359397106 3.800045252 1.065441132 0.1311079682 268.8871381
sample 7.4 -0.03955969214 0.01212151162 3.800045252 1.065443039 0.1311079682 268.9532026
sample 7.5 -0.03753807768 0.02779422328 3.800045252 1.065441132 0.1311079682 268.9811017
sample 7.6 -0.03404469788 0.03982878849 3.800045013 1.065439224 0.1311079682 268.3970546
sample 7.7 -0.03013509698 0.0355902873 3.800045967 1.065439224 0.1311079682 267.3581622
sample 7.8 -0.02747447789 0.01621682756 3.800046444 1.065441847 0.1311079682 267.0231486
sample 7.9 -0.02716825344 0.009248039685 3.800044537 1.065442085 0.1311079682 267.204179
sample 8 -0.02921345457 0.02954693139 3.800045252 1.065438986 0.1311079682 267.032122
sample 8.1 -0.03267633542 0.03692880645 3.800046206 1.065444946 0.1311079682 266.2253946
sample 8.2 -0.03605734557 0.02843416296 3.800045252 1.0654459 0.1311079682 265.4532929
sample 8.3 -0.03800398484 0.01084191073 3.800045252 1.065442085 0.1311079682 265.5208871
sample 8.4 -0.0381882228 0.006316873711 3.800044775 1.065441132 0.1311079682 265.6650299
sample 8.5 -0.03673619032 0.02219855785 3.800045729 1.065439939 0.1311079682 265.6884801
sample 8.6 -0.03386325017 0.03288389742 3.80004549 1.065438509 0.1311079682 265.221446
sample 8.7 -0.03063228168 0.02944195643 3.800046921 1.065437317 0.1311079682 264.4973807
sample 8.8 -0.02842788398 0.01347927563 3.800047636 1.065437317 0.1311079682 264.2899247
sample 8.9 -0.02816427499 0.007455884479 3.800047159 1.065440178 0.1311079682 264.4369461
sample 9 -0.02982580476 0.02405804582 3.800047874 1.065438986 0.1311079682 264.3175399
sample 9.1 -0.03264927119 0.03014145792 3.800048351 1.065438271 0.1311079682 263.778568
sample 9.2 -0.03541189805 0.02326547354 3.800049305 1.065439224 0.1311079682 263.2861027
sample 9.3 -0.03694013879 0.00690182019 3.800049067 1.065441847 0.1311079682 263.2570631
sample 9.4 -0.03674732521 0.009902728721 3.800047874 1.065439463 0.1311079682 263.3574529
sample 9.5 -0.03500482813 0.02334407717 3.800049067 1.065440893 0.1311079682 263.2197294
sample 9.6 -0.03240063787 0.02671270445 3.800049067 1.065440178 0.1311079682 262.7076922
sample 9.7 -0.03005872108 0.01862693951 3.800049543 1.065438032 0.1311079682 262.3587185
sample 9.8 -0.02897512726 0.00270726718 3.80004859 1.065442085 0.1311079682 262.4172473
sample 9.9 -0.02954122238 0.01297729649 3.800049305 1.065441132 0.1311079682 262.4685473
sample 10 -0.0314081125 0.02269313671 3.800049543 1.065440178 0.1311079682 262.2682386
sample 10.1 -0.03375841677 0.02257416025 3.800048828 1.065438271 0.1311079682 261.8480137
sample 10.2 -0.03558130562 0.01281822193 3.800049067 1.065438271 0.1311079682 261.6627994
sample 10.3 -0.03610774502 0.002029176569 3.800047874 1.065438986 0.1311079682 261.728964
sample 10.4 -0.0352216363 0.0146670891 3.80004859 1.065438032 0.1311079682 261.7175335
sample 10.5 -0.03336775303 0.02085580304 3.800048828 1.065434456 0.1311079682 261.496869
sample 10.6 -0.0313520208 0.01804735512 3.800048828 1.065436363 0.1311079682 261.2131206
sample 10.7 -0.03003753349 0.007574751973 3.800048828 1.06543541 0.1311079682 261.1334269
sample 10.8 -0.02995967679 0.005354418885 3.800048828 1.065436125 0.1311079682 261.181131
sample 10.9 -0.03103333898 0.01504010148 3.800047874 1.065437317 0.1311079682 261.1162269
sample 11 -0.03276197985 0.01816063374 3.800048113 1.065439224 0.1311079682 260.9236441
sample 11.1 -0.03439786285 0.01348139253 3.800048828 1.065441847 0.1311079682 260.7611833
sample 11.2 -0.03524395823 0.003116091946 3.800047159 1.065442801 0.1311079682 260.7901532
sample 11.3 -0.03499135375 0.007404751144 3.800045967 1.065441132 0.1311079682 260.8127905
sample 11.4 -0.03385618329 0.01425723638 3.800046921 1.065440416 0.1311079682 260.7284404
sample 11.5 -0.0323401317 0.0149208419 3.800047159 1.065441132 0.1311079682 260.5622767
sample 11.6 -0.03109618649 0.00920363795 3.800048351 1.065443039 0.1311079682 260.4829483
sample 11.7 -0.0306508299 0.0002798706701 3.800047874 1.065442085 0.1311079682 260.5129803
sample 11.8 -0.03110595606 0.008251950145 3.800047874 1.065441132 0.1311079682 260.4778799
sample 11.9 -0.03219433501 0.01258228254 3.800047159 1.065439224 0.1311079682 260.4025655
RESULT h=0.01111111111 mass=360 mu=0.6000000238 rider_x=-100 drop=0.1000000015 end_q=-0.03331267089 max_w=0.2010860145 q_min=-0.1802122891 q_max=0 drum_local_x=3.800047159 drum_local_y=1.065439224 front=0.1311079682 plastic_j=515.0670179 damping_j=158.3811898 dry_friction_j=92.22544649 max_pad_n=4225.152649 peak_ke=567.0963325 end_w=0.01186969969 energy_delta=1025.955963 max_residual_j=322.9946323
