SAMPLE 0.0111111111111 0.34979403019 -0.649956941605 5.65366508454e-06 0 0 1
SAMPLE 0.211111111111 0.349786221981 -0.650787651539 3.17565245496e-05 0 0 1
SAMPLE 0.411111111111 0.349203944206 -0.650787651539 3.17565245496e-05 0 0 1
SAMPLE 0.611111111111 0.348607629538 -0.650787651539 3.17565245496e-05 0 0 1
SAMPLE 0.811111111111 0.348930716515 -0.650787651539 3.17565245496e-05 0 0 1
SAMPLE 1.01111111111 0.349282771349 -0.650787651539 3.17565245496e-05 0 0 1
SAMPLE 1.21111111111 0.349202364683 -0.650787651539 3.17565245496e-05 0 0 1
SAMPLE 1.41111111111 0.350108802319 -0.650787651539 3.17565245496e-05 0 0 1
SAMPLE 1.61111111111 0.350108802319 -0.650787651539 3.17565245496e-05 0 0 1
SAMPLE 1.81111111111 0.350108802319 -0.650787651539 3.17565245496e-05 0 0 1
SAMPLE 2.01111111111 0.350108802319 -0.650787651539 3.17565245496e-05 0 0 1
SAMPLE 2.21111111111 0.350108802319 -0.650787651539 3.17565245496e-05 0 0 1
SAMPLE 2.41111111111 0.350108802319 -0.650787651539 3.17565245496e-05 0 0 1
SAMPLE 2.61111111111 0.350108802319 -0.650787651539 3.17565245496e-05 0 0 1
SAMPLE 2.81111111111 0.350108802319 -0.650787651539 3.17565245496e-05 0 0 1
SAMPLE 3.01111111111 0.350108802319 -0.650787651539 3.17565245496e-05 0 0 1
SAMPLE 3.21111111111 0.350108802319 -0.650787651539 3.17565245496e-05 0 0 1
SAMPLE 3.41111111111 0.350108802319 -0.650787651539 3.17565245496e-05 0 0 1
SAMPLE 3.61111111111 0.350108802319 -0.650787651539 3.17565245496e-05 0 0 1
SAMPLE 3.81111111111 0.350108802319 -0.650787651539 3.17565245496e-05 0 0 1
SAMPLE 4.01111111111 0.350108802319 -0.650787651539 3.17565245496e-05 0 0 1
SAMPLE 4.21111111111 0.350108802319 -0.650787651539 3.17565245496e-05 0 0 1
SAMPLE 4.41111111111 0.350108802319 -0.650787651539 3.17565245496e-05 0 0 1
SAMPLE 4.61111111111 0.350108802319 -0.650787651539 3.17565245496e-05 0 0 1
SAMPLE 4.81111111111 0.350108802319 -0.650787651539 3.17565245496e-05 0 0 1
SAMPLE 5.01111111111 0.350108802319 -0.650787651539 3.17565245496e-05 0 0 1
SAMPLE 5.21111111111 0.350108802319 -0.650787651539 3.17565245496e-05 0 0 1
SAMPLE 5.41111111111 0.350108802319 -0.650787651539 3.17565245496e-05 0 0 1
SAMPLE 5.61111111111 0.350108802319 -0.650787651539 3.17565245496e-05 0 0 1
SAMPLE 5.81111111111 0.350108802319 -0.650787651539 3.17565245496e-05 0 0 1
SAMPLE 6.01111111111 0.350108802319 -0.650787651539 3.17565245496e-05 0 0 1
SAMPLE 6.21111111111 0.350108802319 -0.650787651539 3.17565245496e-05 0 0 1
SAMPLE 6.41111111111 0.350108802319 -0.650787651539 3.17565245496e-05 0 0 1
SAMPLE 6.61111111111 0.350108802319 -0.650787651539 3.17565245496e-05 0 0 1
SAMPLE 6.81111111111 0.350108802319 -0.650787651539 3.17565245496e-05 0 0 1
SAMPLE 7.01111111111 0.350108802319 -0.650787651539 3.17565245496e-05 0 0 1
SAMPLE 7.21111111111 0.350108802319 -0.650787651539 3.17565245496e-05 0 0 1
SAMPLE 7.41111111111 0.350108802319 -0.650787651539 3.17565245496e-05 0 0 1
SAMPLE 7.61111111111 0.350108802319 -0.650787651539 3.17565245496e-05 0 0 1
SAMPLE 7.81111111111 0.350108802319 -0.650787651539 3.17565245496e-05 0 0 1
SAMPLE 8.01111111111 0.350108802319 -0.650787651539 3.17565245496e-05 0 0 1
SAMPLE 8.21111111111 0.350108802319 -0.650787651539 3.17565245496e-05 0 0 1
SAMPLE 8.41111111111 0.350108802319 -0.650787651539 3.17565245496e-05 0 0 1
SAMPLE 8.61111111111 0.350108802319 -0.650787651539 3.17565245496e-05 0 0 1
SAMPLE 8.81111111111 0.350108802319 -0.650787651539 3.17565245496e-05 0 0 1
SAMPLE 9.01111111111 0.350108802319 -0.650787651539 3.17565245496e-05 0 0 1
SAMPLE 9.21111111111 0.350108802319 -0.650787651539 3.17565245496e-05 0 0 1
SAMPLE 9.41111111111 0.350108802319 -0.650787651539 3.17565245496e-05 0 0 1
SAMPLE 9.61111111111 0.350108802319 -0.650787651539 3.17565245496e-05 0 0 1
SAMPLE 9.81111111111 0.350108802319 -0.650787651539 3.17565245496e-05 0 0 1
SAMPLE 10.0111111111 0.350108802319 -0.650787651539 3.17565245496e-05 0 0 1
SAMPLE 10.2111111111 0.350108802319 -0.650787651539 3.17565245496e-05 0 0 1
SAMPLE 10.4111111111 0.350108802319 -0.650787651539 3.17565245496e-05 0 0 1
SAMPLE 10.6111111111 0.350108802319 -0.650787651539 3.17565245496e-05 0 0 1
SAMPLE 10.8111111111 0.350108802319 -0.650787651539 3.17565245496e-05 0 0 1
SAMPLE 11.0111111111 0.350108802319 -0.650787651539 3.17565245496e-05 0 0 1
SAMPLE 11.2111111111 0.350108802319 -0.650787651539 3.17565245496e-05 0 0 1
SAMPLE 11.4111111111 0.350108802319 -0.650787651539 3.17565245496e-05 0 0 1
SAMPLE 11.6111111111 0.350108802319 -0.650787651539 3.17565245496e-05 0 0 1
SAMPLE 11.8111111111 0.350108802319 -0.650787651539 3.17565245496e-05 0 0 1
RESULT {"case":"no_input","global_velocity_steps":10,"global_position_steps":2,"slop_m":0.019999999553,"local_velocity_steps":40,"local_position_steps":8,"h":0.0111111111111,"substep":0.00277777784504,"callbacks":4320,"face_friction":0.9,"guide_friction_n":35,"drum_mass":359.999991283,"tongue_mass":59.9999968708,"player_mass":84.9999983376,"player_gravity_factor":1,"player_friction":0,"initial_tongue_x_m":0.35,"final_tongue_x_m":0.350108802319,"min_tongue_relative_travel_m":-0.00140524506569,"max_tongue_relative_travel_m":0.000112199783325,"tongue_at_acquisition_m":0.35,"acquire_gap_m":0,"grip_acquired":false,"max_grip_force_n":0,"max_grip_error_m":0,"max_grip_storage_proxy_j":0,"max_control_force_n":0,"positive_control_work_j":0,"negative_control_work_j":0,"traction_ticks":0,"unsupported_force_samples":0,"max_guide_transverse_force_n":2457.85405883,"max_guide_torque_nm":2749.57436579,"max_guide_friction_force_n":34.9999997485,"max_guide_drift_m":0.0199817679822,"max_drum_yaw_rad":3.17811791319e-05,"final_drum_yaw_rad":3.17565245496e-05,"max_drum_lateral_shift_m":0.000190831910004,"final_drum_s_m":-0.650787651539,"drum_exit_time_s":-1,"drum_exit_speed_m_s":0,"drum_exit_yaw_rad":0,"max_drum_speed_m_s":0.265991091728,"max_contact_penetration_m":0.0420000962913,"initial_mechanical_energy_j":11196.8464341,"final_mechanical_energy_j":11167.7933969,"finite_states":true,"update_errors":0,"contacts":[4320,4320,0,0,21599,4320,4320,0,0,0]}
