SAMPLE 0.00277777777778 1.3315002434e-09 6
SAMPLE 0.102777777778 9.94623405859e-09 6
SAMPLE 0.202777777778 1.05392246041e-08 6
SAMPLE 0.302777777778 1.08702806756e-08 6
SAMPLE 0.402777777778 1.10449036583e-08 6
SAMPLE 0.502777777778 1.11467670649e-08 6
SAMPLE 0.602777777778 1.11976987682e-08 6
SAMPLE 0.702777777778 1.12449924927e-08 6
SAMPLE 0.802777777778 1.12922862172e-08 6
SAMPLE 0.902777777778 1.13614078145e-08 6
SAMPLE 1.00277777778 1.13795977086e-08 6
SAMPLE 1.10277777778 1.1390511645e-08 6
SAMPLE 1.20277777778 1.14159774967e-08 6
SAMPLE 1.30277777778 1.14268914331e-08 6
SAMPLE 1.40277777778 1.14450813271e-08 6
SAMPLE 1.50277777778 1.14669092e-08 6
SAMPLE 1.60277777778 1.14741851576e-08 6
SAMPLE 1.70277777778 1.14741851576e-08 6
SAMPLE 1.80277777778 1.14741851576e-08 6
SAMPLE 1.90277777778 1.14741851576e-08 6
SAMPLE 2.00277777778 1.14741851576e-08 6
SAMPLE 2.10277777778 1.14741851576e-08 6
SAMPLE 2.20277777778 1.14741851576e-08 6
SAMPLE 2.30277777778 1.14741851576e-08 6
SAMPLE 2.40277777778 1.14741851576e-08 6
SAMPLE 2.50277777778 1.14741851576e-08 6
SAMPLE 2.60277777778 1.14741851576e-08 6
SAMPLE 2.70277777778 1.14741851576e-08 6
SAMPLE 2.80277777778 1.14741851576e-08 6
SAMPLE 2.90277777778 1.14741851576e-08 6
SAMPLE 3.00277777778 1.14741851576e-08 6
SAMPLE 3.10277777778 1.14741851576e-08 6
SAMPLE 3.20277777778 1.14741851576e-08 6
SAMPLE 3.30277777778 1.14741851576e-08 6
SAMPLE 3.40277777778 1.14741851576e-08 6
SAMPLE 3.50277777778 1.14741851576e-08 6
SAMPLE 3.60277777778 1.14741851576e-08 6
SAMPLE 3.70277777778 1.14741851576e-08 6
SAMPLE 3.80277777778 1.14741851576e-08 6
SAMPLE 3.90277777778 1.14741851576e-08 6
SAMPLE 4.00277777778 1.14741851576e-08 6
SAMPLE 4.10277777778 1.14741851576e-08 6
SAMPLE 4.20277777778 1.14741851576e-08 6
SAMPLE 4.30277777778 1.14741851576e-08 6
SAMPLE 4.40277777778 1.14741851576e-08 6
SAMPLE 4.50277777778 1.14741851576e-08 6
SAMPLE 4.60277777778 1.14741851576e-08 6
SAMPLE 4.70277777778 1.14741851576e-08 6
SAMPLE 4.80277777778 1.14741851576e-08 6
SAMPLE 4.90277777778 1.14741851576e-08 6
SAMPLE 5.00277777778 1.14741851576e-08 6
SAMPLE 5.10277777778 1.14741851576e-08 6
SAMPLE 5.20277777778 1.14741851576e-08 6
SAMPLE 5.30277777778 1.14741851576e-08 6
SAMPLE 5.40277777778 1.14741851576e-08 6
SAMPLE 5.50277777778 1.14741851576e-08 6
SAMPLE 5.60277777778 1.14741851576e-08 6
SAMPLE 5.70277777778 1.14741851576e-08 6
SAMPLE 5.80277777778 1.14741851576e-08 6
SAMPLE 5.90277777778 1.14741851576e-08 6
SAMPLE 6.00277777778 1.14741851576e-08 6
SAMPLE 6.10277777778 1.14741851576e-08 6
SAMPLE 6.20277777778 1.14741851576e-08 6
SAMPLE 6.30277777778 1.14741851576e-08 6
SAMPLE 6.40277777778 1.14741851576e-08 6
SAMPLE 6.50277777778 1.14741851576e-08 6
SAMPLE 6.60277777778 1.14741851576e-08 6
SAMPLE 6.70277777778 1.14741851576e-08 6
SAMPLE 6.80277777778 1.14741851576e-08 6
SAMPLE 6.90277777778 1.14741851576e-08 6
SAMPLE 7.00277777778 1.14741851576e-08 6
SAMPLE 7.10277777778 1.14741851576e-08 6
SAMPLE 7.20277777778 1.14741851576e-08 6
SAMPLE 7.30277777778 1.14741851576e-08 6
SAMPLE 7.40277777778 1.14741851576e-08 6
SAMPLE 7.50277777778 1.14741851576e-08 6
SAMPLE 7.60277777778 1.14741851576e-08 6
SAMPLE 7.70277777778 1.14741851576e-08 6
SAMPLE 7.80277777778 1.14741851576e-08 6
SAMPLE 7.90277777778 1.14741851576e-08 6
SAMPLE 8.00277777778 1.14741851576e-08 6
SAMPLE 8.10277777778 1.14741851576e-08 6
SAMPLE 8.20277777778 1.14741851576e-08 6
SAMPLE 8.30277777778 1.14741851576e-08 6
SAMPLE 8.40277777778 1.14741851576e-08 6
SAMPLE 8.50277777778 1.14741851576e-08 6
SAMPLE 8.60277777778 1.14741851576e-08 6
SAMPLE 8.70277777778 1.14741851576e-08 6
SAMPLE 8.80277777778 1.14741851576e-08 6
SAMPLE 8.90277777778 1.14741851576e-08 6
SAMPLE 9.00277777778 1.14741851576e-08 6
SAMPLE 9.10277777778 1.14741851576e-08 6
SAMPLE 9.20277777778 1.14741851576e-08 6
SAMPLE 9.30277777778 1.14741851576e-08 6
SAMPLE 9.40277777778 1.14741851576e-08 6
SAMPLE 9.50277777778 1.14741851576e-08 6
SAMPLE 9.60277777778 1.14741851576e-08 6
SAMPLE 9.70277777778 1.14741851576e-08 6
SAMPLE 9.80277777778 1.14741851576e-08 6
SAMPLE 9.90277777778 1.14741851576e-08 6
SAMPLE 10.0027777778 1.14741851576e-08 6
SAMPLE 10.1027777778 1.14741851576e-08 6
SAMPLE 10.2027777778 1.14741851576e-08 6
SAMPLE 10.3027777778 1.14741851576e-08 6
SAMPLE 10.4027777778 1.14741851576e-08 6
SAMPLE 10.5027777778 1.14741851576e-08 6
SAMPLE 10.6027777778 1.14741851576e-08 6
SAMPLE 10.7027777778 1.14741851576e-08 6
SAMPLE 10.8027777778 1.14741851576e-08 6
SAMPLE 10.9027777778 1.14741851576e-08 6
SAMPLE 11.0027777778 1.14741851576e-08 6
SAMPLE 11.1027777778 1.14741851576e-08 6
SAMPLE 11.2027777778 1.14741851576e-08 6
SAMPLE 11.3027777778 1.14741851576e-08 6
SAMPLE 11.4027777778 1.14741851576e-08 6
SAMPLE 11.5027777778 1.14741851576e-08 6
SAMPLE 11.6027777778 1.14741851576e-08 6
SAMPLE 11.7027777778 1.14741851576e-08 6
SAMPLE 11.8027777778 1.14741851576e-08 6
SAMPLE 11.9027777778 1.14741851576e-08 6
SAMPLE 12.0027777778 1.14741851576e-08 6
SAMPLE 12.1027777778 1.14741851576e-08 6
SAMPLE 12.2027777778 1.14741851576e-08 6
SAMPLE 12.3027777778 1.14741851576e-08 6
SAMPLE 12.4027777778 1.14741851576e-08 6
SAMPLE 12.5027777778 1.14741851576e-08 6
SAMPLE 12.6027777778 1.14741851576e-08 6
SAMPLE 12.7027777778 1.14741851576e-08 6
SAMPLE 12.8027777778 1.14741851576e-08 6
SAMPLE 12.9027777778 1.14741851576e-08 6
SAMPLE 13.0027777778 1.14741851576e-08 6
SAMPLE 13.1027777778 1.14741851576e-08 6
SAMPLE 13.2027777778 1.14741851576e-08 6
SAMPLE 13.3027777778 1.14741851576e-08 6
SAMPLE 13.4027777778 1.14741851576e-08 6
SAMPLE 13.5027777778 1.14741851576e-08 6
SAMPLE 13.6027777778 1.14741851576e-08 6
SAMPLE 13.7027777778 1.14741851576e-08 6
SAMPLE 13.8027777778 1.14741851576e-08 6
SAMPLE 13.9027777778 1.14741851576e-08 6
SAMPLE 14.0027777778 1.14741851576e-08 6
SAMPLE 14.1027777778 1.14741851576e-08 6
SAMPLE 14.2027777778 1.14741851576e-08 6
SAMPLE 14.3027777778 1.14741851576e-08 6
SAMPLE 14.4027777778 1.14741851576e-08 6
SAMPLE 14.5027777778 1.14741851576e-08 6
SAMPLE 14.6027777778 1.14741851576e-08 6
SAMPLE 14.7027777778 1.14741851576e-08 6
SAMPLE 14.8027777778 1.14741851576e-08 6
SAMPLE 14.9027777778 1.14741851576e-08 6
SAMPLE 15.0027777778 1.14741851576e-08 6
SAMPLE 15.1027777778 1.14741851576e-08 6
SAMPLE 15.2027777778 1.14741851576e-08 6
SAMPLE 15.3027777778 1.14741851576e-08 6
SAMPLE 15.4027777778 1.14741851576e-08 6
SAMPLE 15.5027777778 1.14741851576e-08 6
SAMPLE 15.6027777778 1.14741851576e-08 6
SAMPLE 15.7027777778 1.14741851576e-08 6
SAMPLE 15.8027777778 1.14741851576e-08 6
SAMPLE 15.9027777778 1.14741851576e-08 6
RESULT {"h":0.00277777777778,"call":"Update(float(h),4)","ticks":5760,"substep_callbacks":23040,"velocity_iterations":64,"position_iterations":8,"stiffness_n_per_m":250822.8125,"material_damping_n_s_per_m":0,"actual_gravity":9.81000041962,"actual_rung_mass":2.93738926061,"actual_substep_s":0.00069444446126,"rest_length_sum_left_m":23.8948802054,"max_initial_preload_error_n":0.00373165954522,"initial_spring_energy_j":61.0870464489,"final_spring_energy_j":61.0870464489,"max_pose_change_m":0,"max_span_change_m":0,"max_lambda":0,"max_tension_last_substep_n":864.474227953,"max_static_last_substep_force_error_n":0.00326310066305,"rung_mass":2.93738921285,"min_initial_span":0.396553069353,"max_initial_span":0.399942189455,"max_speed":2.23815441132e-05,"max_stretch":0.00344654917717,"max_kinetic_j":1.14685228645e-08,"initial_energy_j":30836.3506374,"final_energy_j":30836.3506374,"final_energy_delta_j":1.14741851576e-08,"max_abs_energy_delta_j":1.14741851576e-08,"min_signed_energy_delta_j":0,"max_signed_energy_delta_j":1.14741851576e-08,"contacts_added":0,"contacts_persisted":0,"update_errors":0,"added_force_calls":0}
