SAMPLE 0.00277777777778 1.3315002434e-09 6
SAMPLE 0.102777777778 9.94623405859e-09 6
SAMPLE 0.202777777778 1.05392246041e-08 6
SAMPLE 0.302777777778 1.08702806756e-08 6
SAMPLE 0.402777777778 1.10449036583e-08 6
SAMPLE 0.502777777778 1.11467670649e-08 6
SAMPLE 0.602777777778 1.11976987682e-08 6
SAMPLE 0.702777777778 1.12449924927e-08 6
SAMPLE 0.802777777778 1.12922862172e-08 6
SAMPLE 0.902777777778 1.13614078145e-08 6
SAMPLE 1.00277777778 1.13795977086e-08 6
SAMPLE 1.10277777778 1.1390511645e-08 6
SAMPLE 1.20277777778 1.14159774967e-08 6
SAMPLE 1.30277777778 1.14268914331e-08 6
SAMPLE 1.40277777778 1.14450813271e-08 6
SAMPLE 1.50277777778 1.14669092e-08 6
SAMPLE 1.60277777778 1.14741851576e-08 6
SAMPLE 1.70277777778 1.14741851576e-08 6
SAMPLE 1.80277777778 1.14741851576e-08 6
SAMPLE 1.90277777778 1.14741851576e-08 6
SAMPLE 2.00277777778 1.14741851576e-08 6
SAMPLE 2.10277777778 1.14741851576e-08 6
SAMPLE 2.20277777778 1.14741851576e-08 6
SAMPLE 2.30277777778 1.14741851576e-08 6
SAMPLE 2.40277777778 1.14741851576e-08 6
SAMPLE 2.50277777778 1.14741851576e-08 6
SAMPLE 2.60277777778 1.14741851576e-08 6
SAMPLE 2.70277777778 1.14741851576e-08 6
SAMPLE 2.80277777778 1.14741851576e-08 6
SAMPLE 2.90277777778 1.14741851576e-08 6
SAMPLE 3.00277777778 -5.17368804811 6
SAMPLE 3.10277777778 -232.237676512 5.9928445816
SAMPLE 3.20277777778 -344.671937414 5.90645647049
SAMPLE 3.30277777778 -345.895573865 5.81469774246
SAMPLE 3.40277777778 -246.664981638 5.86147928238
SAMPLE 3.50277777778 -188.591278081 5.96008586884
SAMPLE 3.60277777778 -162.420439539 6.08900403976
SAMPLE 3.70277777778 -162.154432477 6.12821054459
SAMPLE 3.80277777778 -164.187469132 6.06931734085
SAMPLE 3.90277777778 -193.370639944 5.93317699432
SAMPLE 4.00277777778 -269.674358792 5.86158514023
SAMPLE 4.10277777778 -351.811671317 5.84809350967
SAMPLE 4.20277777778 -339.081098187 5.89632463455
SAMPLE 4.30277777778 -276.917913215 5.9641623497
SAMPLE 4.40277777778 -243.22952005 6.02545595169
SAMPLE 4.50277777778 -239.231781983 6.04558038712
SAMPLE 4.60277777778 -242.109234231 6.01676464081
SAMPLE 4.70277777778 -266.725767481 5.95111131668
SAMPLE 4.80277777778 -315.751416324 5.89258909225
SAMPLE 4.90277777778 -359.346641646 5.8736577034
SAMPLE 5.00277777778 -356.099948377 5.90357637405
SAMPLE 5.10277777778 -319.354671752 5.95864295959
SAMPLE 5.20277777778 -289.664377663 6.00698328018
SAMPLE 5.30277777778 -279.97765606 6.02290153503
SAMPLE 5.40277777778 -281.661073229 6.00089168549
SAMPLE 5.50277777778 -300.22256546 5.95508050919
SAMPLE 5.60277777778 -337.009742135 5.91210699081
SAMPLE 5.70277777778 -366.656953701 5.89600086212
SAMPLE 5.80277777778 -365.125147734 5.91421175003
SAMPLE 5.90277777778 -339.970024414 5.95418214798
SAMPLE 6.00277777778 -316.601584446 5.99156618118
SAMPLE 6.10277777778 -306.029961287 6.00582027435
SAMPLE 6.20277777778 -306.50802546 5.99075078964
SAMPLE 6.30277777778 -320.130085101 5.95712804794
SAMPLE 6.40277777778 -345.971549758 5.92480516434
SAMPLE 6.50277777778 -367.319113217 5.91168785095
SAMPLE 6.60277777778 -367.620052807 5.92366409302
SAMPLE 6.70277777778 -350.399629866 5.95235490799
SAMPLE 6.80277777778 -332.108924692 5.98050308228
SAMPLE 6.90277777778 -322.357295868 5.99243402481
SAMPLE 7.00277777778 -322.110192954 5.98267841339
SAMPLE 7.10277777778 -332.147839312 5.95828342438
SAMPLE 7.20277777778 -350.344074591 5.93393945694
SAMPLE 7.30277777778 -365.644355163 5.92318582535
SAMPLE 7.40277777778 -366.862476227 5.93099308014
SAMPLE 7.50277777778 -355.227811891 5.95166635513
SAMPLE 7.60277777778 -341.243604555 5.97273683548
SAMPLE 7.70277777778 -332.801877316 5.98244571686
SAMPLE 7.80277777778 -332.059587157 5.9762468338
SAMPLE 7.90277777778 -339.371216187 5.95871210098
SAMPLE 8.00277777778 -352.376694563 5.94048452377
SAMPLE 8.10277777778 -363.447537694 5.93174171448
SAMPLE 8.20277777778 -364.964279687 5.93665122986
SAMPLE 8.30277777778 -357.128650041 5.95149707794
SAMPLE 8.40277777778 -346.640885435 5.96727180481
SAMPLE 8.50277777778 -339.657608593 5.97510051727
SAMPLE 8.60277777778 -338.62766412 5.97124385834
SAMPLE 8.70277777778 -343.853002527 5.95868062973
SAMPLE 8.80277777778 -353.230654559 5.94507598877
SAMPLE 8.90277777778 -361.320758825 5.93806552887
SAMPLE 9.00277777778 -363.179676053 5.94104480743
SAMPLE 9.10277777778 -365.086239144 5.96865940094
SAMPLE 9.20277777778 -366.122119644 6.05366373062
SAMPLE 9.30277777778 -367.444630057 6.07197189331
SAMPLE 9.40277777778 -369.124622866 6.03123617172
SAMPLE 9.50277777778 -370.480218205 5.95234012604
SAMPLE 9.60277777778 -371.13379437 5.93599462509
SAMPLE 9.70277777778 -371.701077305 5.98064041138
SAMPLE 9.80277777778 -372.232852539 6.05025243759
SAMPLE 9.90277777778 -372.777611542 6.06169128418
SAMPLE 10.0027777778 -373.324282699 6.01392889023
SAMPLE 10.1027777778 -373.870002324 5.94743204117
SAMPLE 10.2027777778 -374.413401913 5.94079446793
SAMPLE 10.3027777778 -374.952079444 5.9917678833
SAMPLE 10.4027777778 -375.495717438 6.05454111099
SAMPLE 10.5027777778 -376.037394899 6.05653095245
SAMPLE 10.6027777778 -376.582103067 6.0025601387
SAMPLE 10.7027777778 -377.007336542 5.943795681
SAMPLE 10.8027777778 -12460.4797363 5.94635677338
SAMPLE 10.9027777778 -12460.6564003 6.00294065475
SAMPLE 11.0027777778 -12460.8315704 6.05753421783
SAMPLE 11.1027777778 -12461.0033203 6.05054759979
SAMPLE 11.2027777778 -12461.1730093 5.99179840088
SAMPLE 11.3027777778 -12461.3419298 5.94148445129
SAMPLE 11.4027777778 -12461.5081688 5.95277500153
SAMPLE 11.5027777778 -12461.6722499 6.01319217682
SAMPLE 11.6027777778 -12461.8364578 6.05915784836
SAMPLE 11.7027777778 -12461.9965224 6.04367637634
SAMPLE 11.8027777778 -12462.1556859 5.98210954666
SAMPLE 11.9027777778 -12462.3135885 5.94053983688
SAMPLE 12.0027777778 -12462.4701201 5.96008968353
SAMPLE 12.1027777778 -12462.6248911 6.02229118347
SAMPLE 12.2027777778 -12462.7796309 6.05942678452
SAMPLE 12.3027777778 -12462.9313321 6.03594589233
SAMPLE 12.4027777778 -12463.0821363 5.97362279892
SAMPLE 12.5027777778 -12463.2314665 5.9409198761
SAMPLE 12.6027777778 -12463.3792946 5.96818876266
SAMPLE 12.7027777778 -12463.5257987 6.03015375137
SAMPLE 12.8027777778 -12463.6717312 6.05842399597
SAMPLE 12.9027777778 -12463.8143111 6.02752780914
SAMPLE 13.0027777778 -12463.9571562 5.966381073
SAMPLE 13.1027777778 -12464.0981623 5.9425406456
SAMPLE 13.2027777778 -12464.2371457 5.97686243057
SAMPLE 13.3027777778 -12464.3765337 6.03676795959
SAMPLE 13.4027777778 -12464.5154924 6.05619907379
SAMPLE 13.5027777778 -12464.6511958 6.01868438721
SAMPLE 13.6027777778 -12464.786797 5.9604010582
SAMPLE 13.7027777778 -12464.9210718 5.94533777237
SAMPLE 13.8027777778 -12465.0540384 5.98579692841
SAMPLE 13.9027777778 -12465.1864472 6.04210567474
SAMPLE 14.0027777778 -12465.3174269 6.05284643173
SAMPLE 14.1027777778 -12465.4466576 6.00973701477
SAMPLE 14.2027777778 -12465.5756938 5.95570611954
SAMPLE 14.3027777778 -12465.7024535 5.94922876358
SAMPLE 14.4027777778 -12465.8288545 5.99470186234
SAMPLE 14.5027777778 -12465.9549375 6.04615259171
SAMPLE 14.6027777778 -12466.0786574 6.04843759537
SAMPLE 14.7027777778 -12466.2018386 6.00092220306
SAMPLE 14.8027777778 -12466.3246554 5.95230340958
SAMPLE 14.9027777778 -12466.4447064 5.95414638519
SAMPLE 15.0027777778 -12466.5651296 6.0033454895
SAMPLE 15.1027777778 -12466.6850188 6.04893064499
SAMPLE 15.2027777778 -12466.8026741 6.04304122925
SAMPLE 15.3027777778 -12466.9200646 5.99251461029
SAMPLE 15.4027777778 -12467.0366085 5.95015621185
SAMPLE 15.5027777778 -12467.1513041 5.95996761322
SAMPLE 15.6027777778 -12467.2661002 6.01147317886
SAMPLE 15.7027777778 -12467.3800918 6.0504617691
SAMPLE 15.8027777778 -12467.4921955 6.03684043884
SAMPLE 15.9027777778 -12467.6045007 5.98472356796
RESULT {"h":0.00277777777778,"call":"Update(float(h),4)","ticks":5760,"substep_callbacks":23040,"velocity_iterations":64,"position_iterations":8,"stiffness_n_per_m":250822.8125,"material_damping_n_s_per_m":0,"actual_gravity":9.81000041962,"actual_rung_mass":2.93738926061,"actual_substep_s":0.00069444446126,"rest_length_sum_left_m":23.8948802054,"max_initial_preload_error_n":0.00373165954522,"initial_spring_energy_j":61.0870464489,"final_spring_energy_j":130.32705319,"max_pose_change_m":0.186198711395,"max_span_change_m":0.0109033584595,"max_lambda":0,"max_tension_last_substep_n":2427.63135754,"max_static_last_substep_force_error_n":0.00326310066305,"rung_mass":2.93738921285,"min_initial_span":0.396553069353,"max_initial_span":0.399942189455,"max_speed":1.87553095818,"max_stretch":0.00967785716057,"max_kinetic_j":71.8187773547,"initial_energy_j":30836.3506374,"final_energy_j":34102.1828663,"final_energy_delta_j":3265.83222894,"max_abs_energy_delta_j":12467.7129978,"min_signed_energy_delta_j":-12467.7129978,"max_signed_energy_delta_j":1.14741851576e-08,"case":"central_catch_hold_release","player_mass":84.9999983376,"player_gravity_factor":1,"player_rotation_locked":true,"inserted_energy_j":15733.5452268,"final_unclosed_mechanical_delta_j":-12467.7129978,"max_player_speed_m_s":16.8556194305,"max_hand_force_last_substep_n":866.025360118,"catch_peak_hand_force_n":866.025360118,"max_hand_error_m":0.232515335083,"loaded_hand_error_m":0.0848045667013,"release_velocity_jump_m_s":0,"departure_capsule_speed_m_s":0.0799082443118,"departure_rung_point_speed_m_s":0.0577049925923,"loaded_root_vertical_n":2597.81388748,"unloaded_root_vertical_n":1731.8729958,"loaded_left_strand_extension_sum_m":0.152249485696,"max_left_strand_extension_sum_m":0.291313737631,"player_floor_contact_events":7594,"player_other_contact_events":0,"contacts_added":1,"contacts_persisted":7593,"update_errors":0,"added_force_calls":0}
