SAMPLE 0.0111111111111 4.76575223729e-10 6
SAMPLE 0.111111111111 7.34871719033e-10 6
SAMPLE 0.211111111111 7.78527464718e-10 6
SAMPLE 0.311111111111 8.0035533756e-10 6
SAMPLE 0.411111111111 8.11269273981e-10 6
SAMPLE 0.511111111111 8.14907252789e-10 6
SAMPLE 0.611111111111 8.14907252789e-10 6
SAMPLE 0.711111111111 8.14907252789e-10 6
SAMPLE 0.811111111111 8.2582118921e-10 6
SAMPLE 0.911111111111 8.2582118921e-10 6
SAMPLE 1.01111111111 8.2582118921e-10 6
SAMPLE 1.11111111111 8.2582118921e-10 6
SAMPLE 1.21111111111 8.2582118921e-10 6
SAMPLE 1.31111111111 8.2582118921e-10 6
SAMPLE 1.41111111111 8.2582118921e-10 6
SAMPLE 1.51111111111 8.2582118921e-10 6
SAMPLE 1.61111111111 8.2582118921e-10 6
SAMPLE 1.71111111111 8.2582118921e-10 6
SAMPLE 1.81111111111 8.2582118921e-10 6
SAMPLE 1.91111111111 8.2582118921e-10 6
SAMPLE 2.01111111111 8.2582118921e-10 6
SAMPLE 2.11111111111 8.2582118921e-10 6
SAMPLE 2.21111111111 8.2582118921e-10 6
SAMPLE 2.31111111111 8.2582118921e-10 6
SAMPLE 2.41111111111 8.2582118921e-10 6
SAMPLE 2.51111111111 8.2582118921e-10 6
SAMPLE 2.61111111111 8.2582118921e-10 6
SAMPLE 2.71111111111 8.2582118921e-10 6
SAMPLE 2.81111111111 8.2582118921e-10 6
SAMPLE 2.91111111111 8.2582118921e-10 6
SAMPLE 3.01111111111 -22.4216240463 6
SAMPLE 3.11111111111 -247.666796814 5.98397922516
SAMPLE 3.21111111111 -355.563407529 5.87918186188
SAMPLE 3.31111111111 -326.300473117 5.81763410568
SAMPLE 3.41111111111 -244.397813212 5.86619853973
SAMPLE 3.51111111111 -190.995151608 5.97726726532
SAMPLE 3.61111111111 -171.506106615 6.07906150818
SAMPLE 3.71111111111 -173.5000516 6.08336925507
SAMPLE 3.81111111111 -177.446918954 6.01265621185
SAMPLE 3.91111111111 -208.952141252 5.92439031601
SAMPLE 4.01111111111 -301.022522192 5.86601257324
SAMPLE 4.11111111111 -361.494025233 5.86041641235
SAMPLE 4.21111111111 -334.825940393 5.90149879456
SAMPLE 4.31111111111 -280.701862099 5.96971082687
SAMPLE 4.41111111111 -256.166240652 6.02692508698
SAMPLE 4.51111111111 -252.388647171 6.04087257385
SAMPLE 4.61111111111 -257.114832424 6.00392580032
SAMPLE 4.71111111111 -282.658095628 5.94220495224
SAMPLE 4.81111111111 -331.458502145 5.89368343353
SAMPLE 4.91111111111 -366.791490445 5.88436603546
SAMPLE 5.01111111111 -357.707698253 5.9145822525
SAMPLE 5.11111111111 -323.808778271 5.96392440796
SAMPLE 5.21111111111 -299.986648739 6.00417327881
SAMPLE 5.31111111111 -292.451470914 6.0143737793
SAMPLE 5.41111111111 -296.042348434 5.99108695984
SAMPLE 5.51111111111 -315.230422364 5.94961881638
SAMPLE 5.61111111111 -346.945884921 5.91455078125
SAMPLE 5.71111111111 -369.12952293 5.90501737595
SAMPLE 5.81111111111 -364.77455373 5.92414808273
SAMPLE 5.91111111111 -343.146164288 5.95873451233
SAMPLE 6.01111111111 -324.233127166 5.98828077316
SAMPLE 6.11111111111 -316.014565474 5.99696922302
SAMPLE 6.21111111111 -318.001038806 5.9818444252
SAMPLE 6.31111111111 -331.42788048 5.95325374603
SAMPLE 6.41111111111 -352.583584164 5.92809295654
SAMPLE 6.51111111111 -367.633250916 5.91999006271
SAMPLE 6.61111111111 -365.838494042 5.93200922012
SAMPLE 6.71111111111 -351.691816406 5.95581293106
SAMPLE 6.81111111111 -337.433894197 5.9772028923
SAMPLE 6.91111111111 -330.078062486 5.98455047607
SAMPLE 7.01111111111 -330.950275457 5.97499465942
SAMPLE 7.11111111111 -340.19498226 5.95527172089
SAMPLE 7.21111111111 -354.423392912 5.93714952469
SAMPLE 7.31111111111 -364.835497146 5.9305024147
SAMPLE 7.41111111111 -364.431474013 5.93802118301
SAMPLE 7.51111111111 -355.19864282 5.95435857773
SAMPLE 7.61111111111 -344.740230971 5.96973276138
SAMPLE 7.71111111111 -338.651898682 5.97571897507
SAMPLE 7.81111111111 -338.813173281 5.9698009491
SAMPLE 7.91111111111 -345.128386167 5.9562702179
SAMPLE 8.01111111111 -354.816943544 5.94325637817
SAMPLE 8.11111111111 -362.092422611 5.93790864944
SAMPLE 8.21111111111 -362.344459598 5.94253492355
SAMPLE 8.31111111111 -356.34953532 5.9537229538
SAMPLE 8.41111111111 -348.827089213 5.96473264694
SAMPLE 8.51111111111 -344.010132725 5.96948957443
SAMPLE 8.61111111111 -343.769867024 5.96590042114
SAMPLE 8.71111111111 -348.03521287 5.95665121078
SAMPLE 8.81111111111 -354.686532892 5.94734382629
SAMPLE 8.91111111111 -359.829547691 5.94312620163
SAMPLE 9.01111111111 -361.726789056 5.94590091705
SAMPLE 9.11111111111 -365.372844163 5.97619771957
SAMPLE 9.21111111111 -367.917859634 6.0493516922
SAMPLE 9.31111111111 -370.287424958 6.05326843262
SAMPLE 9.41111111111 -372.356579427 6.0166144371
SAMPLE 9.51111111111 -374.302409143 5.95322132111
SAMPLE 9.61111111111 -376.164885117 5.94845247269
SAMPLE 9.71111111111 -377.96520426 5.98971366882
SAMPLE 9.81111111111 -379.7170448 6.04617452621
SAMPLE 9.91111111111 -381.419068214 6.04875993729
SAMPLE 10.0111111111 -383.085478874 6.00488376617
SAMPLE 10.1111111111 -384.722669591 5.95439624786
SAMPLE 10.2111111111 -386.333037158 5.95464086533
SAMPLE 10.3111111111 -387.922336527 5.99976539612
SAMPLE 10.4111111111 -389.492129381 6.04500675201
SAMPLE 10.5111111111 -391.042804502 6.041639328
SAMPLE 10.6111111111 -392.576705214 5.99620437622
SAMPLE 10.7111111111 -394.095222196 5.95570421219
SAMPLE 10.8111111111 -12471.576254 5.96222496033
SAMPLE 10.9111111111 -12471.9453145 6.00730323792
SAMPLE 11.0111111111 -12472.3018454 6.04341650009
SAMPLE 11.1111111111 -12472.6466705 6.03387975693
SAMPLE 11.2111111111 -12472.9800275 5.98963546753
SAMPLE 11.3111111111 -12473.302438 5.95765686035
SAMPLE 11.4111111111 -12473.6145713 5.96996927261
SAMPLE 11.5111111111 -12473.9166963 6.01302671432
SAMPLE 11.6111111111 -12474.2089569 6.04107427597
SAMPLE 11.7111111111 -12474.4920983 6.02627515793
SAMPLE 11.8111111111 -12474.7661535 5.98467731476
SAMPLE 11.9111111111 -12475.0316708 5.96038198471
SAMPLE 12.0111111111 -12475.2885203 5.97735118866
SAMPLE 12.1111111111 -12475.5374335 6.0172829628
SAMPLE 12.2111111111 -12475.7785581 6.0379948616
SAMPLE 12.3111111111 -12476.0122668 6.01917266846
SAMPLE 12.4111111111 -12476.238406 5.98107099533
SAMPLE 12.5111111111 -12476.4573316 5.96377372742
SAMPLE 12.6111111111 -12476.6693369 5.98412942886
SAMPLE 12.7111111111 -12476.8747798 6.02027845383
SAMPLE 12.8111111111 -12477.0736217 6.0343375206
SAMPLE 12.9111111111 -12477.266252 6.01274871826
SAMPLE 13.0111111111 -12477.4528064 5.97865056992
SAMPLE 13.1111111111 -12477.6335148 5.9676451683
SAMPLE 13.2111111111 -12477.808405 5.99018383026
SAMPLE 13.3111111111 -12477.9779344 6.02216053009
SAMPLE 13.4111111111 -12478.1420201 6.03030157089
SAMPLE 13.5111111111 -12478.3010276 6.00707769394
SAMPLE 13.6111111111 -12478.4550207 5.97727060318
SAMPLE 13.7111111111 -12478.6041943 5.9718003273
SAMPLE 13.8111111111 -12478.7487438 5.99546480179
SAMPLE 13.9111111111 -12478.888694 6.02306890488
SAMPLE 14.0111111111 -12479.0243462 6.02607107162
SAMPLE 14.1111111111 -12479.1556627 6.00219249725
SAMPLE 14.2111111111 -12479.282766 5.97679758072
SAMPLE 14.3111111111 -12479.4059268 5.97606563568
SAMPLE 14.4111111111 -12479.5251985 5.99995279312
SAMPLE 14.5111111111 -12479.6406737 6.02314329147
SAMPLE 14.6111111111 -12479.7526162 6.02180767059
SAMPLE 14.7111111111 -12479.8609187 5.99809980392
SAMPLE 14.8111111111 -12479.9658929 5.9770860672
SAMPLE 14.9111111111 -12480.0673825 5.98029279709
SAMPLE 15.0111111111 -12480.1657364 6.00365591049
SAMPLE 15.1111111111 -12480.2611743 6.0225276947
SAMPLE 15.2111111111 -12480.3536373 6.01764631271
SAMPLE 15.3111111111 -12480.4430975 5.99477815628
SAMPLE 15.4111111111 -12480.5297166 5.97799777985
SAMPLE 15.5111111111 -12480.6137623 5.98436450958
SAMPLE 15.6111111111 -12480.6950699 6.00660419464
SAMPLE 15.7111111111 -12480.7736721 6.02135419846
SAMPLE 15.8111111111 -12480.8498228 6.01368904114
SAMPLE 15.9111111111 -12480.9236939 5.99218940735
RESULT {"h":0.0111111111111,"call":"Update(float(h),4)","ticks":1440,"substep_callbacks":5760,"velocity_iterations":64,"position_iterations":8,"stiffness_n_per_m":250822.8125,"material_damping_n_s_per_m":0,"actual_gravity":9.81000041962,"actual_rung_mass":2.93738926061,"actual_substep_s":0.00277777784504,"rest_length_sum_left_m":23.8948802054,"max_initial_preload_error_n":0.00373165954522,"initial_spring_energy_j":61.0870464489,"final_spring_energy_j":85.5944311619,"max_pose_change_m":0.184705257416,"max_span_change_m":0.0062141418457,"max_lambda":0,"max_tension_last_substep_n":2423.04611061,"max_static_last_substep_force_error_n":0.0015035715918,"rung_mass":2.93738921285,"min_initial_span":0.396553069353,"max_initial_span":0.399942189455,"max_speed":1.82459819317,"max_stretch":0.00966069102287,"max_kinetic_j":72.223944301,"initial_energy_j":30836.3506374,"final_energy_j":34088.9076788,"final_energy_delta_j":3252.55704144,"max_abs_energy_delta_j":12480.9873747,"min_signed_energy_delta_j":-12480.9873747,"max_signed_energy_delta_j":8.3127815742e-10,"case":"central_catch_hold_release","player_mass":84.9999983376,"player_gravity_factor":1,"player_rotation_locked":true,"inserted_energy_j":15733.5444162,"final_unclosed_mechanical_delta_j":-12480.9873747,"max_player_speed_m_s":16.8659496307,"max_hand_force_last_substep_n":866.025360118,"catch_peak_hand_force_n":866.025360118,"max_hand_error_m":0.231218338013,"loaded_hand_error_m":0.0844954737911,"release_velocity_jump_m_s":0,"departure_capsule_speed_m_s":0.0563715845346,"departure_rung_point_speed_m_s":0.0408065803349,"loaded_root_vertical_n":2590.47086483,"unloaded_root_vertical_n":1726.41181342,"loaded_left_strand_extension_sum_m":0.151778367051,"max_left_strand_extension_sum_m":0.289779752493,"player_floor_contact_events":1899,"player_other_contact_events":0,"contacts_added":1,"contacts_persisted":1898,"update_errors":0,"added_force_calls":0}
