2/33 Test: scraperx_sim.physical_traversal
Command: "/tmp/scraperx-build/scraperx_physical_traversal_tests"
Directory: /tmp/scraperx-build
"scraperx_sim.physical_traversal" start time: Oct 05 15:03 UTC
Output:
----------------------------------------------------------
PASS lowering_release cargo=1 immediate=1 accepted=1 before_state=5 after_state=0 hands=0 rejected_delta=0 gravity_velocity_error=0.109004
PASS lowering_release cargo=1 immediate=0 accepted=1 before_state=5 after_state=0 hands=0 rejected_delta=0 gravity_velocity_error=0.109086
PASS lowering_release cargo=0 immediate=0 accepted=1 before_state=5 after_state=0 hands=0 rejected_delta=0 gravity_velocity_error=3.24249e-08
PASS passive_departure surface=rigid_shipping_vent before_vy=1.01506 after_vy=0.906062 expected_vy=0.906061 error=3.24249e-08 grounded=0
PASS passive_departure surface=deforming_cargo_net before_vy=0.330432 after_vy=0.221432 expected_vy=0.221432 error=2.6226e-09 grounded=0
PASS cargo_jump finite_stroke_debit=599.4 departure_vy=1.42791
PASS ordinary_tread_traction force_work_delta=0.403336 dvx=0.0872
PASS receiver_walk_off momentum_error=0
PASS passive_departure surface=rotating_as026 before_vy=1.10196 after_vy=0.992959 expected_vy=0.99296 error=1.46389e-07 grounded=0
<end of output>
Test time =  19.06 sec
----------------------------------------------------------
Test Passed.
"scraperx_sim.physical_traversal" end time: Oct 05 15:04 UTC
"scraperx_sim.physical_traversal" time elapsed: 00:00:19
