SCRAPERX_UITEST_POSE running tick=78 position=(6.0, 0.893589, -26.52648) elapsed_ms=8366
SPRINT_PROBE label=before_overshoot tick=175 sprint=false speed=0.496900 grounded=true support=1 touch_move=(0.0, 0.0) world_command=(0.0, 0.0) latch=false position=(7.910106, 0.893589, -30.25581)
SPRINT_PROBE label=touch_queued tick=175 sprint=false speed=0.496900 grounded=true support=1 touch_move=(0.0, 1.0) world_command=(0.564642, -0.825336) latch=true position=(7.910106, 0.893589, -30.25581)
SPRINT_PROBE label=recognition_0.1s tick=186 sprint=true speed=1.516050 grounded=true support=1 touch_move=(0.0, 1.0) world_command=(0.564642, -0.825336) latch=true position=(7.982763, 0.893589, -30.36201)
SPRINT_PROBE label=original_0.8s tick=249 sprint=true speed=6.658152 grounded=true support=1 touch_move=(0.0, 1.0) world_command=(0.564642, -0.825336) latch=true position=(9.697245, 0.893589, -32.86806)
SPRINT_PROBE label=continued_0.9s tick=259 sprint=true speed=7.223166 grounded=true support=1 touch_move=(0.0, 1.0) world_command=(0.564642, -0.825336) latch=true position=(10.1347, 0.893589, -33.50748)
SPRINT_PROBE label=continued_1.0s tick=270 sprint=true speed=7.797535 grounded=true support=1 touch_move=(0.0, 1.0) world_command=(0.564642, -0.825336) latch=true position=(10.65505, 0.893589, -34.26809)
SPRINT_PROBE label=continued_1.1s tick=280 sprint=true speed=8.000000 grounded=true support=1 touch_move=(0.0, 1.0) world_command=(0.564642, -0.825336) latch=true position=(11.155, 0.893589, -34.99887)
SPRINT_PROBE label=continued_1.2s tick=291 sprint=true speed=8.000000 grounded=true support=1 touch_move=(0.0, 1.0) world_command=(0.564642, -0.825336) latch=true position=(11.70709, 0.893589, -35.80587)
SPRINT_PROBE label=continued_1.3s tick=301 sprint=true speed=8.000000 grounded=true support=1 touch_move=(0.0, 1.0) world_command=(0.564642, -0.825336) latch=true position=(12.20899, 0.893589, -36.53952)
SPRINT_PROBE label=continued_1.4s tick=312 sprint=true speed=8.000000 grounded=true support=1 touch_move=(0.0, 1.0) world_command=(0.564642, -0.825336) latch=true position=(12.76108, 0.893589, -37.34652)
SPRINT_PROBE label=release_queued tick=312 sprint=true speed=8.000000 grounded=true support=1 touch_move=(0.0, 0.0) world_command=(0.0, 0.0) latch=false position=(12.76108, 0.893589, -37.34652)
SPRINT_PROBE label=release_recognition_0.1s tick=322 sprint=false speed=7.073498 grounded=true support=1 touch_move=(0.0, 0.0) world_command=(0.0, 0.0) latch=false position=(13.23101, 0.893589, -38.03342)
SPRINT_PROBE label=original_release_0.6s tick=369 sprint=false speed=2.718946 grounded=true support=1 touch_move=(0.0, 0.0) world_command=(0.0, 0.0) latch=false position=(14.66109, 0.893589, -40.12378)
SPRINT_PROBE label=continued_release_0.7s tick=379 sprint=false speed=1.792445 grounded=true support=1 touch_move=(0.0, 0.0) world_command=(0.0, 0.0) latch=false position=(14.7997, 0.893589, -40.32639)
SPRINT_PROBE label=continued_release_0.8s tick=390 sprint=false speed=0.773295 grounded=true support=1 touch_move=(0.0, 0.0) world_command=(0.0, 0.0) latch=false position=(14.88504, 0.893589, -40.45112)
SPRINT_PROBE label=continued_release_0.9s tick=400 sprint=false speed=0.000000 grounded=true support=1 touch_move=(0.0, 0.0) world_command=(0.0, 0.0) latch=false position=(14.90293, 0.893589, -40.47727)
SPRINT_PROBE label=continued_release_1.0s tick=411 sprint=false speed=0.000000 grounded=true support=1 touch_move=(0.0, 0.0) world_command=(0.0, 0.0) latch=false position=(14.90293, 0.893589, -40.47727)
SPRINT_PROBE label=continued_release_1.1s tick=421 sprint=false speed=0.000000 grounded=true support=1 touch_move=(0.0, 0.0) world_command=(0.0, 0.0) latch=false position=(14.90293, 0.893589, -40.47727)
SPRINT_PROBE label=continued_release_1.2s tick=432 sprint=false speed=0.000000 grounded=true support=1 touch_move=(0.0, 0.0) world_command=(0.0, 0.0) latch=false position=(14.90293, 0.893589, -40.47727)
SCRAPERX_UITEST FAIL touch_move_look reason=original 0.8s sprint deadline failed; diagnostic continuation captured
