INSPECTION_CSV_HEADER,phase,event,tick,x,y,z,vx,vy,vz,grounded,support,traversal,traversal_support,grip_available,grip_entity,swinging,hands,gravity,deaths,landings,impact_mps,jump_work_j,hand_positive_work_j,firm_footing
INSPECTION_CSV,entry396,tick,90,-22.500000,397.149994,-142.000000,0.000000,0.000000,0.000000,1,51,0,0,0,0,0,0,1.000000,0,1,0.027250,0.000000,0.000000,1
INSPECTION_CSV,entry396,stable,135,-22.500000,397.149994,-142.000000,0.000000,0.000000,0.000000,1,51,0,0,0,0,0,0,1.000000,0,1,0.027250,0.000000,0.000000,1
INSPECTION_CSV,north396_band,begin,135,-22.500000,397.149994,-142.000000,0.000000,0.000000,0.000000,1,51,0,0,0,0,0,0,1.000000,0,1,0.027250,0.000000,0.000000,1
INSPECTION_CSV,north396_band,tick,180,-22.500000,397.149994,-140.951904,0.000000,0.000000,4.169257,1,51,0,0,0,0,0,0,1.000000,0,1,0.027250,0.000000,0.000000,1
INSPECTION_CSV,north396_band,tick,270,-22.500000,397.149994,-135.567032,0.000000,0.000000,5.500001,1,51,0,0,0,0,0,0,1.000000,0,1,0.027250,0.000000,0.000000,1
INSPECTION_CSV,north396_band,tick,360,-22.500000,397.149994,-130.068375,0.000000,0.000000,5.500001,1,51,0,0,0,0,0,0,1.000000,0,1,0.027250,0.000000,0.000000,1
INSPECTION_CSV,north396_band,tick,450,-22.500000,397.149994,-128.111115,0.000000,0.000000,-0.805951,1,51,0,0,0,0,0,0,1.000000,0,1,0.027250,0.000000,0.000000,1
INSPECTION_CSV,north396_band,arrived,488,-22.500000,397.149994,-128.288361,0.000000,0.000000,-0.127377,1,51,0,0,0,0,0,0,1.000000,0,1,0.027250,0.000000,0.000000,1
INSPECTION_CSV,north396_toe_approach,begin,488,-22.500000,397.149994,-128.288361,0.000000,0.000000,-0.127377,1,51,0,0,0,0,0,0,1.000000,0,1,0.027250,0.000000,0.000000,1
INSPECTION_CSV,north396_toe_approach,tick,540,-21.106104,397.149994,-128.259949,4.770392,0.000000,0.223105,1,51,0,0,0,0,0,0,1.000000,0,1,0.027250,0.000000,0.000000,1
INSPECTION_CSV,north396_toe_approach,tick,630,-15.649256,397.149994,-127.987648,5.493046,0.000000,0.276476,1,51,0,0,0,0,0,0,1.000000,0,1,0.027250,0.000000,0.000000,1
INSPECTION_CSV,north396_toe_approach,tick,720,-10.156092,397.149994,-127.710342,5.493069,0.000000,0.276034,1,51,0,0,0,0,0,0,1.000000,0,1,0.027250,0.000000,0.000000,1
INSPECTION_CSV,north396_toe_approach,tick,810,-4.663032,397.149994,-127.434319,5.493069,0.000000,0.276050,1,51,0,0,0,0,0,0,1.000000,0,1,0.027250,0.000000,0.000000,1
INSPECTION_CSV,north396_toe_approach,tick,900,0.159169,397.149994,-127.192017,2.161882,0.000000,0.108673,1,51,0,0,0,0,0,0,1.000000,0,1,0.027250,0.000000,0.000000,1
INSPECTION_CSV,north396_toe_approach,arrived,988,0.006400,397.149994,-127.199623,-0.117934,0.000000,-0.011569,1,51,0,0,0,0,0,0,1.000000,0,1,0.027250,0.000000,0.000000,1
INSPECTION_CSV,lower_brace_toe396,begin,988,0.006400,397.149994,-127.199623,-0.117934,0.000000,-0.011569,1,51,0,0,0,0,0,0,1.000000,0,1,0.027250,0.000000,0.000000,1
INSPECTION_CSV,lower_brace_toe396,tick,990,0.003849,397.149994,-127.197563,-0.112305,0.000000,0.173645,1,51,0,0,0,0,0,0,1.000000,0,1,0.027250,0.000000,0.000000,1
INSPECTION_CSV,lower_brace_toe396,tick,1080,0.000047,397.152863,-125.848969,-0.001170,-0.000532,0.232480,1,51,0,0,0,0,0,0,1.000000,0,1,0.027250,0.000000,0.000000,1
INSPECTION_CSV,lower_brace_toe396,arrived,1090,-0.000044,397.152863,-125.825981,0.004014,-0.001824,0.125849,1,51,0,0,0,0,0,0,1.000000,0,1,0.027250,0.000000,0.000000,1
INSPECTION_CSV,lower_brace_ascent,begin,1090,-0.000044,397.152863,-125.825981,0.004014,-0.001824,0.125849,1,51,0,0,0,0,0,0,1.000000,0,1,0.027250,0.000000,0.000000,1
INSPECTION_CSV,lower_brace_ascent,tick,1170,-1.161187,397.681274,-125.771873,-1.996391,0.908409,-0.001139,1,51,0,0,0,0,0,0,1.000000,0,1,0.027250,0.000000,0.000000,1
INSPECTION_CSV,lower_brace_ascent,tick,1260,-3.161280,398.591370,-125.771873,-1.999936,0.910042,-0.001258,1,51,0,0,0,0,0,0,1.000000,0,1,0.027250,0.000000,0.000000,1
INSPECTION_CSV,lower_brace_ascent,tick,1350,-5.161342,399.501465,-125.772423,-1.999893,0.910023,-0.001390,1,51,0,0,0,0,0,0,1.000000,0,1,0.027250,0.000000,0.000000,1
INSPECTION_CSV,lower_brace_ascent,tick,1440,-7.161388,400.411560,-125.775169,-1.999885,0.910019,-0.001483,1,51,0,0,0,0,0,0,1.000000,0,1,0.027250,0.000000,0.000000,1
INSPECTION_CSV,lower_brace_ascent,tick,1530,-9.205240,401.341583,-125.778114,-1.999893,0.910022,-0.001602,1,51,0,0,0,0,0,0,1.000000,0,1,0.027250,0.000000,0.000000,1
INSPECTION_CSV,lower_brace_ascent,tick,1620,-11.205281,402.251678,-125.780861,-1.999948,0.910048,-0.001767,1,51,0,0,0,0,0,0,1.000000,0,1,0.027250,0.000000,0.000000,1
INSPECTION_CSV,lower_brace_ascent,tick,1710,-13.205360,403.161804,-125.783607,-2.000098,0.909804,-0.002005,1,51,0,0,0,0,0,0,1.000000,0,1,0.027250,0.000000,0.000000,1
INSPECTION_CSV,lower_brace_ascent,tick,1800,-15.205420,404.071869,-125.786354,-2.004309,0.900577,-0.002377,1,51,0,0,0,0,0,0,1.000000,0,1,0.027250,0.000000,0.000000,1
INSPECTION_CSV,lower_brace_ascent,tick,1890,-17.205597,404.982056,-125.789101,-2.000218,0.909546,-0.003042,1,51,0,0,0,0,0,0,1.000000,0,1,0.027250,0.000000,0.000000,1
INSPECTION_CSV,lower_brace_ascent,tick,1980,-19.205927,405.892242,-125.792404,-2.004360,0.900444,-0.004486,1,51,0,0,0,0,0,0,1.000000,0,1,0.027250,0.000000,0.000000,1
INSPECTION_CSV,lower_brace_ascent,tick,2070,-21.206291,406.802490,-125.798859,-1.999997,0.910070,-0.009829,1,51,0,0,0,0,0,0,1.000000,0,1,0.027250,0.000000,0.000000,1
INSPECTION_CSV,lower_brace_ascent,tick,2160,-22.487522,407.385437,-125.810577,-0.228713,0.104073,-0.009198,1,51,0,0,0,0,0,0,1.000000,0,1,0.027250,0.000000,0.000000,1
INSPECTION_CSV,lower_brace_ascent,arrived,2167,-22.501369,407.391754,-125.811218,-0.129515,0.058934,-0.008811,1,51,0,0,0,0,0,0,1.000000,0,1,0.027250,0.000000,0.000000,1
INSPECTION_CSV,left407_inward_jump,begin,2167,-22.501369,407.391754,-125.811218,-0.129515,0.058934,-0.008811,1,51,0,0,0,0,0,0,1.000000,0,1,0.027250,0.000000,0.000000,1
INSPECTION_CSV,left407_inward_jump,tick,2250,-22.500731,408.284515,-127.224525,0.096434,-3.541814,-0.297104,0,0,0,0,0,0,0,0,1.000000,0,1,0.027250,1285.477446,0.000000,0
INSPECTION_CSV,inward_jump_braking,begin,2259,-22.499725,407.899963,-127.249107,-0.071424,0.000087,-0.219837,1,1935,0,0,0,0,0,0,1.000000,0,2,4.495561,1285.477446,0.000000,1
INSPECTION_CSV,inward_jump_braking,arrived,2273,-22.503275,407.899963,-127.277000,0.002933,0.000000,-0.134917,1,1935,0,0,0,0,0,0,1.000000,0,2,4.495561,1285.477446,0.000000,1
INSPECTION_CSV,inward_jump_braking,tick,2340,-22.502810,407.899963,-127.300041,0.000041,0.000000,-0.001888,1,1935,0,0,0,0,0,0,1.000000,0,2,4.495561,1285.477446,0.000000,1
INSPECTION_CSV,inward_jump_braking,stable,2363,-22.502810,407.899963,-127.300186,0.000009,0.000000,-0.000436,1,1935,0,0,0,0,0,0,1.000000,0,2,4.495561,1285.477446,0.000000,1
INSPECTION_CSV,left_transom_runup,begin,2363,-22.502810,407.899963,-127.300186,0.000009,0.000000,-0.000436,1,1935,0,0,0,0,0,0,1.000000,0,2,4.495561,1285.477446,0.000000,1
INSPECTION_CSV,left_transom_runup,tick,2430,-20.404110,407.899963,-127.622932,5.048802,0.000000,-0.776106,1,1935,0,0,0,0,0,0,1.000000,0,2,4.495561,1285.477446,0.000000,1
INSPECTION_CSV,left_transom_runup,tick,2520,-16.154562,407.900085,-128.275284,1.294365,-0.023208,-0.187302,1,1935,0,0,0,0,0,0,1.000000,0,2,4.495561,1285.477446,0.000000,1
INSPECTION_CSV,left_transom_runup,arrived,2605,-16.690872,407.899292,-128.193817,-0.132462,0.000000,0.019705,1,1935,0,0,0,0,0,0,1.000000,0,2,4.495561,1285.477446,0.000000,1
INSPECTION_CSV,jump_catch2935,begin,2605,-16.690872,407.899292,-128.193817,-0.132462,0.000000,0.019705,1,1935,0,0,0,0,0,0,1.000000,0,2,4.495561,1285.477446,0.000000,1
INSPECTION_CSV,jump_catch2935,tick,2610,-16.683540,408.188904,-128.192825,0.489748,4.954998,0.015822,0,0,0,0,0,0,0,0,1.000000,0,2,4.495561,2571.099953,0.000000,0
INSPECTION_CSV,jump_catch2935,caught,2691,-14.219688,408.663910,-128.191422,3.035103,-3.719187,0.000000,0,0,4,2935,0,0,1,2,1.000000,0,2,4.495561,2571.099953,0.222232,0
INSPECTION_CSV,pump_and_release2935,begin,2691,-14.219688,408.663910,-128.191422,3.035103,-3.719187,0.000000,0,0,4,2935,0,0,1,2,1.000000,0,2,4.495561,2571.099953,0.222232,0
INSPECTION_CSV,pump_and_release2935,tick,2700,-13.923065,408.344208,-128.191422,2.792251,-2.686461,-0.000000,0,0,4,2935,0,0,1,2,1.000000,0,2,4.495561,2571.099953,0.222232,0
INSPECTION_CSV,pump_and_release2935,tick,2790,-13.731415,407.994751,-128.191422,-1.471207,-1.137927,-0.000000,0,0,4,2935,0,0,1,2,1.000000,0,2,4.495561,2571.099953,82.027530,0
INSPECTION_CSV,pump_and_release2935,tick,2880,-15.814232,408.070465,-128.191422,-1.462733,0.169528,-0.000000,0,0,4,2935,0,0,1,2,1.000000,0,2,4.495561,2571.099953,155.437441,0
INSPECTION_CSV,pump_and_release2935,tick,2970,-15.065033,407.830811,-128.191422,2.649099,-0.387521,-0.000000,0,0,4,2935,0,0,1,2,1.000000,0,2,4.495561,2571.099953,257.095441,0
INSPECTION_CSV,pump_and_release2935,tick,3060,-12.973228,408.290527,-128.191422,0.301297,0.232584,-0.000000,0,0,4,2935,0,0,1,2,1.000000,0,2,4.495561,2571.099953,385.704031,0
INSPECTION_CSV,pump_and_release2935,tick,3150,-14.878637,407.785950,-128.191422,-3.398679,0.270601,-0.000000,0,0,4,2935,0,0,1,2,1.000000,0,2,4.495561,2571.099953,512.338308,0
INSPECTION_CSV,pump_and_release2935,tick,3240,-16.412859,408.418610,-128.191422,0.891493,-0.662450,-0.000000,0,0,4,2935,0,0,1,2,1.000000,0,2,4.495561,2571.099953,653.229347,0
INSPECTION_CSV,pump_and_release2935,tick,3330,-13.469753,407.988434,-128.191422,3.260561,1.385894,-0.000000,0,0,4,2935,0,0,1,2,1.000000,0,2,4.495561,2571.099953,825.851308,0
INSPECTION_CSV,pump_and_release2935,tick,3420,-12.895387,408.328033,-128.191422,-2.091860,-1.638546,0.000000,0,0,4,2935,0,0,1,2,1.000000,0,2,4.495561,2571.099953,944.849690,0
INSPECTION_CSV,pump_and_release2935,tick,3510,-16.516644,408.451294,-128.191422,-2.315313,2.010141,-0.000000,0,0,4,2935,0,0,1,2,1.000000,0,2,4.495561,2571.099953,1186.900246,0
INSPECTION_CSV,pump_and_release2935,tick,3600,-15.978066,408.084595,-128.191422,3.642837,-1.944691,0.000000,0,0,4,2935,0,0,1,2,1.000000,0,2,4.495561,2571.099953,1308.370924,0
INSPECTION_CSV,pump_and_release2935,released,3669,-12.637449,408.484009,-128.191422,2.886363,2.437363,-0.000000,0,0,0,0,0,0,0,0,1.000000,0,2,4.495561,2571.099953,1559.046396,0
INSPECTION_CSV,right407_receiver,begin,3669,-12.637449,408.484009,-128.191422,2.886363,2.437363,-0.000000,0,0,0,0,0,0,0,0,1.000000,0,2,4.495561,2571.099953,1559.046396,0
INSPECTION_CSV,right407_receiver,tick,3690,-11.709816,408.761566,-128.193497,4.920581,0.045162,-0.025154,0,0,0,0,0,0,0,0,1.000000,0,2,4.495561,2571.099953,1559.046396,0
INSPECTION_CSV,right407_braking,begin,3728,-10.708999,407.900452,-128.198807,0.810159,-4.096843,-0.004296,1,1935,0,0,0,0,0,0,1.000000,0,3,4.096843,2571.099953,1559.046396,1
INSPECTION_CSV,right407_braking,arrived,3776,-10.787216,407.899963,-128.199661,-0.136928,0.000000,-0.001525,1,1935,0,0,0,0,0,0,1.000000,0,3,4.096843,2571.099953,1559.046396,1
INSPECTION_CSV,right407_braking,tick,3780,-10.792546,407.899963,-128.199661,-0.106123,0.000000,-0.001182,1,1935,0,0,0,0,0,0,1.000000,0,3,4.096843,2571.099953,1559.046396,1
INSPECTION_CSV,right407_braking,stable,3866,-10.810836,407.899963,-128.199661,-0.000443,0.000000,-0.000005,1,1935,0,0,0,0,0,0,1.000000,0,3,4.096843,2571.099953,1559.046396,1
INSPECTION_CSV,right407_to_upper_toe,begin,3866,-10.810836,407.899963,-128.199661,-0.000443,0.000000,-0.000005,1,1935,0,0,0,0,0,0,1.000000,0,3,4.096843,2571.099953,1559.046396,1
INSPECTION_CSV,right407_to_upper_toe,tick,3870,-10.802619,407.899963,-128.199661,0.348357,0.000000,-0.000016,1,1935,0,0,0,0,0,0,1.000000,0,3,4.096843,2571.099953,1559.046396,1
INSPECTION_CSV,right407_to_upper_toe,tick,3960,-7.083477,407.870026,-128.199661,5.540170,-0.259831,-0.000232,1,2885,0,0,0,0,0,0,1.000000,0,3,4.096843,2571.099953,1559.046396,0
INSPECTION_CSV,right407_to_upper_toe,tick,4050,-1.535397,407.899963,-128.199661,5.501529,0.000000,-0.000942,1,1935,0,0,0,0,0,0,1.000000,0,3,4.096843,2571.099953,1559.046396,1
INSPECTION_CSV,right407_to_upper_toe,tick,4140,0.365270,407.899963,-128.199661,-1.710942,0.000000,-0.001524,1,1935,0,0,0,0,0,0,1.000000,0,3,4.096843,2571.099953,1559.046396,1
INSPECTION_CSV,right407_to_upper_toe,arrived,4187,-0.042832,407.899963,-128.199661,-0.138235,0.000000,-0.001704,1,1935,0,0,0,0,0,0,1.000000,0,3,4.096843,2571.099953,1559.046396,1
INSPECTION_CSV,upper_brace_toe407,begin,4187,-0.042832,407.899963,-128.199661,-0.138235,0.000000,-0.001704,1,1935,0,0,0,0,0,0,1.000000,0,3,4.096843,2571.099953,1559.046396,1
INSPECTION_CSV,upper_brace_toe407,tick,4230,-0.047409,407.899261,-127.301414,0.141566,0.000000,3.731542,1,1935,0,0,0,0,0,0,1.000000,0,3,4.096843,2571.099953,1559.046396,1
INSPECTION_CSV,upper_brace_toe407,arrived,4305,-0.000136,408.155212,-126.272263,0.002069,-0.000960,0.138814,1,51,0,0,0,0,0,0,1.000000,0,5,1.535246,2775.062599,1559.046396,0
INSPECTION_CSV,upper_brace_ascent,begin,4305,-0.000136,408.155212,-126.272263,0.002069,-0.000960,0.138814,1,51,0,0,0,0,0,0,1.000000,0,5,1.535246,2775.062599,1559.046396,0
INSPECTION_CSV,upper_brace_ascent,tick,4320,-0.039413,408.173431,-126.251770,-0.490403,0.227415,0.108946,1,51,0,0,0,0,0,0,1.000000,0,5,1.535246,2775.062599,1559.046396,0
INSPECTION_CSV,upper_brace_ascent,tick,4410,-1.675574,408.929840,-126.224083,-2.000000,0.927463,-0.001298,1,51,0,0,0,0,0,0,1.000000,0,5,1.535246,2775.062599,1559.046396,1
INSPECTION_CSV,upper_brace_ascent,tick,4500,-3.675594,409.852692,-126.225357,-2.000000,0.927463,-0.001410,1,51,0,0,0,0,0,0,1.000000,0,5,1.535246,2775.062599,1559.046396,1
INSPECTION_CSV,upper_brace_ascent,tick,4590,-5.675621,410.775543,-126.228104,-2.000000,0.927463,-0.001503,1,51,0,0,0,0,0,0,1.000000,0,5,1.535246,2775.062599,1559.046396,1
INSPECTION_CSV,upper_brace_ascent,tick,4680,-7.675647,411.698395,-126.230850,-2.000000,0.927463,-0.001623,1,51,0,0,0,0,0,0,1.000000,0,5,1.535246,2775.062599,1559.046396,1
INSPECTION_CSV,upper_brace_ascent,tick,4770,-9.675530,412.621246,-126.233597,-2.000000,0.927463,-0.001784,1,51,0,0,0,0,0,0,1.000000,0,5,1.535246,2775.062599,1559.046396,1
INSPECTION_CSV,upper_brace_ascent,tick,4860,-11.672859,413.546234,-126.236343,-2.000000,0.927463,-0.002012,1,51,0,0,0,0,0,0,1.000000,0,5,1.535246,2775.062599,1559.046396,1
INSPECTION_CSV,upper_brace_ascent,tick,4950,-13.662274,414.480743,-126.239098,-1.698622,1.269794,-0.004159,1,51,0,0,0,0,0,0,1.000000,0,5,1.535246,2775.062599,1559.046396,1
INSPECTION_CSV,upper_brace_ascent,tick,5040,-15.700683,415.432983,-126.242599,-2.000000,0.927463,-0.002902,1,51,0,0,0,0,0,0,1.000000,0,5,1.535246,2775.062599,1559.046396,1
INSPECTION_CSV,upper_brace_ascent,tick,5130,-17.700830,416.355835,-126.245377,-2.000000,0.927463,-0.004137,1,51,0,0,0,0,0,0,1.000000,0,5,1.535246,2775.062599,1559.046396,1
INSPECTION_CSV,upper_brace_ascent,tick,5220,-19.701029,417.278687,-126.251175,-2.000000,0.927463,-0.007534,1,51,0,0,0,0,0,0,1.000000,0,5,1.535246,2775.062599,1559.046396,1
INSPECTION_CSV,upper_brace_ascent,tick,5310,-21.398664,418.062897,-126.262695,-0.577923,0.268001,-0.011046,1,51,0,0,0,0,0,0,1.000000,0,5,1.535246,2775.062599,1559.046396,1
INSPECTION_CSV,upper_brace_ascent,arrived,5339,-21.499710,418.109802,-126.265930,-0.135812,0.062980,-0.009067,1,51,0,0,0,0,0,0,1.000000,0,5,1.535246,2775.062599,1559.046396,1
INSPECTION_CSV,actual418_floor_jump,begin,5339,-21.499710,418.109802,-126.265930,-0.135812,0.062980,-0.009067,1,51,0,0,0,0,0,0,1.000000,0,5,1.535246,2775.062599,1559.046396,1
INSPECTION_CSV,actual418_floor_jump,tick,5400,-21.510515,419.579315,-128.076874,0.046076,-1.142454,-3.606756,0,0,0,0,0,0,0,0,1.000000,0,5,1.535246,4060.519090,1559.046396,0
INSPECTION_CSV,inward_jump_braking,begin,5418,-21.504587,419.151917,-128.540710,0.019035,-3.104457,-1.487961,1,51,0,0,0,0,0,0,1.000000,0,6,3.104457,4060.519090,1559.046396,1
INSPECTION_CSV,inward_jump_braking,arrived,5458,-21.500366,419.149994,-128.871170,0.001747,0.000000,-0.135816,1,51,0,0,0,0,0,0,1.000000,0,6,3.104457,4060.519090,1559.046396,1
INSPECTION_CSV,inward_jump_braking,tick,5490,-21.500353,419.149994,-128.872223,0.000000,0.000000,0.000000,1,51,0,0,0,0,0,0,1.000000,0,6,3.104457,4060.519090,1559.046396,1
INSPECTION_CSV,inward_jump_braking,stable,5548,-21.500353,419.149994,-128.872223,0.000000,0.000000,0.000000,1,51,0,0,0,0,0,0,1.000000,0,6,3.104457,4060.519090,1559.046396,1
INSPECTION_CSV,onward418_west_roof,begin,5548,-21.500353,419.149994,-128.872223,0.000000,0.000000,0.000000,1,51,0,0,0,0,0,0,1.000000,0,6,3.104457,4060.519090,1559.046396,1
INSPECTION_CSV,onward418_west_roof,tick,5580,-21.480122,419.149994,-129.403015,0.112918,0.000000,-2.962647,1,51,0,0,0,0,0,0,1.000000,0,6,3.104457,4060.519090,1559.046396,1
INSPECTION_CSV,onward418_west_roof,tick,5670,-21.285604,419.149994,-134.509354,0.209551,0.000000,-5.496007,1,51,0,0,0,0,0,0,1.000000,0,6,3.104457,4060.519090,1559.046396,1
INSPECTION_CSV,onward418_west_roof,tick,5760,-21.076031,419.149994,-140.008011,0.209781,0.000000,-5.495997,1,51,0,0,0,0,0,0,1.000000,0,6,3.104457,4060.519090,1559.046396,1
INSPECTION_CSV,onward418_west_roof,tick,5850,-20.991041,419.149994,-142.234634,-0.038455,0.000000,1.007559,1,51,0,0,0,0,0,0,1.000000,0,6,3.104457,4060.519090,1559.046396,1
INSPECTION_CSV,onward418_west_roof,arrived,5892,-20.999619,419.149994,-142.010788,-0.001821,0.000000,0.121889,1,51,0,0,0,0,0,0,1.000000,0,6,3.104457,4060.519090,1559.046396,1
INSPECTION_CSV,onward418_west_roof,tick,5940,-20.999630,419.149994,-142.009949,0.000000,0.000000,0.000000,1,51,0,0,0,0,0,0,1.000000,0,6,3.104457,4060.519090,1559.046396,1
INSPECTION_CSV,onward418_west_roof,stable,5982,-20.999630,419.149994,-142.009949,0.000000,0.000000,0.000000,1,51,0,0,0,0,0,0,1.000000,0,6,3.104457,4060.519090,1559.046396,1
PASS INSPECTION_JUNCTION primary396_to_actual418.25 ordinary_inputs_only=1 lower_brace=1 hanger2935=1 upper_brace=1 actual_receiving_contact=1 onward_walking=1 gravity=1 deaths=0 initial_staging_only=1
