NORTH_TRANSFER_CSV_HEADER,phase,event,tick,x,y,z,vx,vy,vz,grounded,support,traversal,traversal_support,grip_available,grip_entity,swinging,hands,gravity,deaths,landings,impact_mps,jump_work_j,hand_positive_work_j,firm_footing,balance,crouch,left_hand_x,left_hand_y,left_hand_z,right_hand_x,right_hand_y,right_hand_z,left_generation,right_generation,foot_transfer_count,foot_transfer_support,foot_transfer_peak_n
NORTH_TRANSFER_CSV,entry418,tick,90,-21.000000,419.149994,-142.000000,0.000000,0.000000,0.000000,1,51,0,0,0,0,0,0,1.000000,0,1,0.027250,0.000000,0.000000,1,0,0,0.000000,0.000000,0.000000,0.000000,0.000000,0.000000,0,0,0,0,0.000000
NORTH_TRANSFER_CSV,entry418,stable,135,-21.000000,419.149994,-142.000000,0.000000,0.000000,0.000000,1,51,0,0,0,0,0,0,1.000000,0,1,0.027250,0.000000,0.000000,1,0,0,0.000000,0.000000,0.000000,0.000000,0.000000,0.000000,0,0,0,0,0.000000
NORTH_TRANSFER_CSV,north418_band,begin,135,-21.000000,419.149994,-142.000000,0.000000,0.000000,0.000000,1,51,0,0,0,0,0,0,1.000000,0,1,0.027250,0.000000,0.000000,1,0,0,0.000000,0.000000,0.000000,0.000000,0.000000,0.000000,0,0,0,0,0.000000
NORTH_TRANSFER_CSV,north418_band,tick,180,-21.000000,419.149994,-140.951904,0.000000,0.000000,4.169257,1,51,0,0,0,0,0,0,1.000000,0,1,0.027250,0.000000,0.000000,1,0,0,0.000000,0.000000,0.000000,0.000000,0.000000,0.000000,0,0,0,0,0.000000
NORTH_TRANSFER_CSV,north418_band,tick,270,-21.000000,419.149994,-135.567032,0.000000,0.000000,5.500001,1,51,0,0,0,0,0,0,1.000000,0,1,0.027250,0.000000,0.000000,1,0,0,0.000000,0.000000,0.000000,0.000000,0.000000,0.000000,0,0,0,0,0.000000
NORTH_TRANSFER_CSV,north418_band,tick,360,-21.000000,419.149994,-130.068115,0.000000,0.000000,5.500000,1,51,0,0,0,0,0,0,1.000000,0,1,0.027250,0.000000,0.000000,1,0,0,0.000000,0.000000,0.000000,0.000000,0.000000,0.000000,0,0,0,0,0.000000
NORTH_TRANSFER_CSV,north418_band,tick,450,-21.000000,419.149994,-128.335419,0.000000,0.000000,-0.805804,1,51,0,0,0,0,0,0,1.000000,0,1,0.027250,0.000000,0.000000,1,0,0,0.000000,0.000000,0.000000,0.000000,0.000000,0.000000,0,0,0,0,0.000000
NORTH_TRANSFER_CSV,north418_band,arrived,487,-21.000000,419.149994,-128.492676,0.000000,0.000000,-0.103303,1,51,0,0,0,0,0,0,1.000000,0,1,0.027250,0.000000,0.000000,1,0,0,0.000000,0.000000,0.000000,0.000000,0.000000,0.000000,0,0,0,0,0.000000
NORTH_TRANSFER_CSV,north418_toe_approach,begin,487,-21.000000,419.149994,-128.492676,0.000000,0.000000,-0.103303,1,51,0,0,0,0,0,0,1.000000,0,1,0.027250,0.000000,0.000000,1,0,0,0.000000,0.000000,0.000000,0.000000,0.000000,0.000000,0,0,0,0,0.000000
NORTH_TRANSFER_CSV,north418_toe_approach,tick,540,-19.550076,419.149994,-128.490189,4.859419,0.000000,0.110104,1,51,0,0,0,0,0,0,1.000000,0,1,0.027250,0.000000,0.000000,1,0,0,0.000000,0.000000,0.000000,0.000000,0.000000,0.000000,0,0,0,0,0.000000
NORTH_TRANSFER_CSV,north418_toe_approach,tick,630,-14.080532,419.149994,-128.354034,5.498262,0.000000,0.138242,1,51,0,0,0,0,0,0,1.000000,0,1,0.027250,0.000000,0.000000,1,0,0,0.000000,0.000000,0.000000,0.000000,0.000000,0.000000,0,0,0,0,0.000000
NORTH_TRANSFER_CSV,north418_toe_approach,tick,720,-8.582218,419.149994,-128.216705,5.498247,0.000000,0.138824,1,51,0,0,0,0,0,0,1.000000,0,1,0.027250,0.000000,0.000000,1,0,0,0.000000,0.000000,0.000000,0.000000,0.000000,0.000000,0,0,0,0,0.000000
NORTH_TRANSFER_CSV,north418_toe_approach,tick,810,-3.083966,419.149994,-128.078568,5.498217,0.000000,0.140025,1,51,0,0,0,0,0,0,1.000000,0,1,0.027250,0.000000,0.000000,1,0,0,0.000000,0.000000,0.000000,0.000000,0.000000,0.000000,0,0,0,0,0.000000
NORTH_TRANSFER_CSV,north418_toe_approach,tick,900,0.428333,419.149994,-127.989075,-0.244210,0.000000,-0.006274,1,51,0,0,0,0,0,0,1.000000,0,1,0.027250,0.000000,0.000000,1,0,0,0.000000,0.000000,0.000000,0.000000,0.000000,0.000000,0,0,0,0,0.000000
NORTH_TRANSFER_CSV,north418_toe_approach,arrived,959,0.012581,419.149994,-127.999863,-0.134976,0.000000,0.017342,1,51,0,0,0,0,0,0,1.000000,0,1,0.027250,0.000000,0.000000,1,0,0,0.000000,0.000000,0.000000,0.000000,0.000000,0.000000,0,0,0,0,0.000000
NORTH_TRANSFER_CSV,lower_brace_toe418,begin,959,0.012581,419.149994,-127.999863,-0.134976,0.000000,0.017342,1,51,0,0,0,0,0,0,1.000000,0,1,0.027250,0.000000,0.000000,1,0,0,0.000000,0.000000,0.000000,0.000000,0.000000,0.000000,0,0,0,0,0.000000
NORTH_TRANSFER_CSV,lower_brace_toe418,tick,990,-0.012895,419.149994,-127.495720,0.017610,0.000000,2.884617,1,51,0,0,0,0,0,0,1.000000,0,1,0.027250,0.000000,0.000000,1,0,0,0.000000,0.000000,0.000000,0.000000,0.000000,0.000000,0,0,0,0,0.000000
NORTH_TRANSFER_CSV,lower_brace_toe418,arrived,1058,-0.000007,419.158203,-126.734543,-0.000000,-0.001022,0.135289,1,51,0,0,0,0,0,0,1.000000,0,1,0.027250,0.000000,0.000000,1,0,0,0.000000,0.000000,0.000000,0.000000,0.000000,0.000000,0,0,0,0,0.000000
NORTH_TRANSFER_CSV,lower_brace_ascent429,begin,1058,-0.000007,419.158203,-126.734543,-0.000000,-0.001022,0.135289,1,51,0,0,0,0,0,0,1.000000,0,1,0.027250,0.000000,0.000000,1,0,0,0.000000,0.000000,0.000000,0.000000,0.000000,0.000000,0,0,0,0,0.000000
NORTH_TRANSFER_CSV,lower_brace_ascent429,tick,1080,-0.091266,419.201324,-126.706535,-0.738672,0.349188,0.095207,1,51,0,0,0,0,0,0,1.000000,0,1,0.027250,0.000000,0.000000,1,0,0,0.000000,0.000000,0.000000,0.000000,0.000000,0.000000,0,0,0,0,0.000000
NORTH_TRANSFER_CSV,lower_brace_ascent429,tick,1170,-1.840336,420.027863,-126.676338,-2.000000,0.945449,-0.001380,1,51,0,0,0,0,0,0,1.000000,0,1,0.027250,0.000000,0.000000,1,1,0,0.000000,0.000000,0.000000,0.000000,0.000000,0.000000,0,0,0,0,0.000000
NORTH_TRANSFER_CSV,lower_brace_ascent429,tick,1260,-3.840359,420.972687,-126.679085,-2.000000,0.945448,-0.001460,1,51,0,0,0,0,0,0,1.000000,0,1,0.027250,0.000000,0.000000,1,1,0,0.000000,0.000000,0.000000,0.000000,0.000000,0.000000,0,0,0,0,0.000000
NORTH_TRANSFER_CSV,lower_brace_ascent429,tick,1350,-5.840386,421.917511,-126.681831,-2.000000,0.945448,-0.001560,1,51,0,0,0,0,0,0,1.000000,0,1,0.027250,0.000000,0.000000,1,1,0,0.000000,0.000000,0.000000,0.000000,0.000000,0.000000,0,0,0,0,0.000000
NORTH_TRANSFER_CSV,lower_brace_ascent429,tick,1440,-7.840413,422.862335,-126.684578,-2.000000,0.945448,-0.001690,1,51,0,0,0,0,0,0,1.000000,0,1,0.027250,0.000000,0.000000,1,1,0,0.000000,0.000000,0.000000,0.000000,0.000000,0.000000,0,0,0,0,0.000000
NORTH_TRANSFER_CSV,lower_brace_ascent429,tick,1530,-9.840281,423.807159,-126.687325,-2.000000,0.945448,-0.001865,1,51,0,0,0,0,0,0,1.000000,0,1,0.027250,0.000000,0.000000,1,1,0,0.000000,0.000000,0.000000,0.000000,0.000000,0.000000,0,0,0,0,0.000000
NORTH_TRANSFER_CSV,lower_brace_ascent429,tick,1620,-11.840137,424.751984,-126.690071,-2.000000,0.945448,-0.002115,1,51,0,0,0,0,0,0,1.000000,0,1,0.027250,0.000000,0.000000,1,1,0,0.000000,0.000000,0.000000,0.000000,0.000000,0.000000,0,0,0,0,0.000000
NORTH_TRANSFER_CSV,lower_brace_ascent429,tick,1710,-13.839992,425.696808,-126.692818,-2.000000,0.945448,-0.002498,1,51,0,0,0,0,0,0,1.000000,0,1,0.027250,0.000000,0.000000,1,1,0,0.000000,0.000000,0.000000,0.000000,0.000000,0.000000,0,0,0,0,0.000000
NORTH_TRANSFER_CSV,lower_brace_ascent429,tick,1800,-15.839847,426.641632,-126.695564,-2.000000,0.945448,-0.003163,1,51,0,0,0,0,0,0,1.000000,0,1,0.027250,0.000000,0.000000,1,1,0,0.000000,0.000000,0.000000,0.000000,0.000000,0.000000,0,0,0,0,0.000000
NORTH_TRANSFER_CSV,lower_brace_ascent429,tick,1890,-17.840017,427.586456,-126.698975,-2.000000,0.945448,-0.004507,1,51,0,0,0,0,0,0,1.000000,0,1,0.027250,0.000000,0.000000,1,1,0,0.000000,0.000000,0.000000,0.000000,0.000000,0.000000,0,0,0,0,0.000000
NORTH_TRANSFER_CSV,lower_brace_ascent429,tick,1980,-19.840216,428.531281,-126.705185,-2.000000,0.945448,-0.008600,1,51,0,0,0,0,0,0,1.000000,0,1,0.027250,0.000000,0.000000,1,1,0,0.000000,0.000000,0.000000,0.000000,0.000000,0.000000,0,0,0,0,0.000000
NORTH_TRANSFER_CSV,lower_brace_ascent429,tick,2070,-21.433107,429.283722,-126.717735,-0.399683,0.188940,-0.011267,1,51,0,0,0,0,0,0,1.000000,0,1,0.027250,0.000000,0.000000,1,1,0,0.000000,0.000000,0.000000,0.000000,0.000000,0.000000,0,0,0,0,0.000000
NORTH_TRANSFER_CSV,lower_brace_ascent429,arrived,2094,-21.503099,429.316833,-126.720604,-0.132177,0.062483,-0.009489,1,51,0,0,0,0,0,0,1.000000,0,1,0.027250,0.000000,0.000000,1,1,0,0.000000,0.000000,0.000000,0.000000,0.000000,0.000000,0,0,0,0,0.000000
NORTH_TRANSFER_CSV,entry429_inward_jump,begin,2094,-21.503099,429.316833,-126.720604,-0.132177,0.062483,-0.009489,1,51,0,0,0,0,0,0,1.000000,0,1,0.027250,0.000000,0.000000,1,1,0,0.000000,0.000000,0.000000,0.000000,0.000000,0.000000,0,0,0,0,0.000000
NORTH_TRANSFER_CSV,entry429_inward_jump,tick,2160,-21.503050,430.702362,-128.121429,0.014249,-1.693996,-0.735813,0,0,0,0,0,0,0,0,1.000000,0,1,0.027250,1285.459038,0.000000,0,0,0,0.000000,0.000000,0.000000,0.000000,0.000000,0.000000,0,0,0,0,0.000000
NORTH_TRANSFER_CSV,inward_jump_braking,begin,2184,-21.500843,429.899994,-128.239471,0.019951,-3.658447,-0.326146,1,1938,0,0,0,0,0,0,1.000000,0,2,4.309999,1285.459038,0.000000,1,0,0,0.000000,0.000000,0.000000,0.000000,0.000000,0.000000,0,0,0,0,0.000000
NORTH_TRANSFER_CSV,inward_jump_braking,arrived,2200,-21.499573,429.899963,-128.279053,0.000528,0.000000,-0.139630,1,1938,0,0,0,0,0,0,1.000000,0,2,4.309999,1285.459038,0.000000,1,1,0,0.000000,0.000000,0.000000,0.000000,0.000000,0.000000,0,0,0,0,0.000000
NORTH_TRANSFER_CSV,inward_jump_braking,tick,2250,-21.499521,429.899963,-128.302155,0.000022,0.000000,-0.005773,1,1938,0,0,0,0,0,0,1.000000,0,2,4.309999,1285.459038,0.000000,1,1,0,0.000000,0.000000,0.000000,0.000000,0.000000,0.000000,0,0,0,0,0.000000
NORTH_TRANSFER_CSV,inward_jump_braking,stable,2290,-21.499521,429.899963,-128.302856,0.000002,0.000000,-0.000451,1,1938,0,0,0,0,0,0,1.000000,0,2,4.309999,1285.459038,0.000000,1,1,0,0.000000,0.000000,0.000000,0.000000,0.000000,0.000000,0,0,0,0,0.000000
NORTH_TRANSFER_CSV,rail_jump_runup,begin,2290,-21.499521,429.899963,-128.302856,0.000002,0.000000,-0.000451,1,1938,0,0,0,0,0,0,1.000000,0,2,4.309999,1285.459038,0.000000,1,1,0,0.000000,0.000000,0.000000,0.000000,0.000000,0.000000,0,0,0,0,0.000000
NORTH_TRANSFER_CSV,rail_jump_runup,tick,2340,-20.316090,429.899963,-128.238831,3.438251,0.000000,0.186425,1,1938,0,0,0,0,0,0,1.000000,0,2,4.309999,1285.459038,0.000000,1,1,0,0.000000,0.000000,0.000000,0.000000,0.000000,0.000000,0,0,0,0,0.000000
NORTH_TRANSFER_CSV,rail_jump_runup,arrived,2381,-19.559771,429.899963,-128.197830,0.116817,0.000000,0.006345,1,1938,0,0,0,0,0,0,1.000000,0,2,4.309999,1285.459038,0.000000,1,1,0,0.000000,0.000000,0.000000,0.000000,0.000000,0.000000,0,0,0,0,0.000000
NORTH_TRANSFER_CSV,jump_action_catch1938,begin,2381,-19.559771,429.899963,-128.197830,0.116817,0.000000,0.006345,1,1938,0,0,0,0,0,0,1.000000,0,2,4.309999,1285.459038,0.000000,1,1,0,0.000000,0.000000,0.000000,0.000000,0.000000,0.000000,0,0,0,0,0.000000
NORTH_TRANSFER_CSV,jump_action_catch1938,action_requested,2399,-19.283068,430.749298,-128.197189,2.750000,-0.109000,-0.000000,0,0,0,0,1,1938,0,0,1.000000,0,2,4.309999,2571.081546,0.000000,0,0,0,0.000000,0.000000,0.000000,0.000000,0.000000,0.000000,0,0,0,0,0.000000
NORTH_TRANSFER_CSV,jump_action_catch1938,caught,2400,-19.253494,430.747375,-128.197189,2.604771,-0.208467,-0.000000,0,0,4,1938,0,0,0,2,1.000000,0,2,4.309999,2571.081546,0.055579,0,0,0,-19.000000,431.100006,-127.699997,-19.000000,431.100006,-127.699997,1,1,0,0,0.000000
NORTH_TRANSFER_CSV,finite_rail_regrip,begin,2400,-19.253494,430.747375,-128.197189,2.604771,-0.208467,-0.000000,0,0,4,1938,0,0,0,2,1.000000,0,2,4.309999,2571.081546,0.055579,0,0,0,-19.000000,431.100006,-127.699997,-19.000000,431.100006,-127.699997,1,1,0,0,0.000000
NORTH_TRANSFER_CSV,finite_rail_regrip,tick,2430,-19.155073,430.631012,-128.197189,-0.125521,0.241763,-0.000000,0,0,4,1938,0,0,0,2,1.000000,0,2,4.309999,2571.081546,16.369991,0,0,0,-19.000000,431.100006,-127.699997,-19.000000,431.100006,-127.699997,1,1,0,0,0.000000
NORTH_TRANSFER_CSV,finite_rail_regrip,tick,2520,-18.496984,430.665955,-128.197189,0.553478,-0.042298,-0.000000,0,0,4,1938,0,0,0,2,1.000000,0,2,4.309999,2571.081546,211.950347,0,0,0,-18.447971,431.100006,-127.699997,-18.361507,431.100006,-127.699997,2,2,0,0,0.000000
NORTH_TRANSFER_CSV,finite_rail_regrip,tick,2610,-17.913000,430.666138,-128.197189,0.604383,0.000807,-0.000000,0,0,4,1938,0,0,0,2,1.000000,0,2,4.309999,2571.081546,343.879208,0,0,0,-17.892117,431.100006,-127.699997,-17.765842,431.100006,-127.699997,3,3,0,0,0.000000
NORTH_TRANSFER_CSV,finite_rail_regrip,tick,2700,-17.318897,430.666107,-128.197189,0.592757,-0.005121,-0.000000,0,0,4,1938,0,0,0,2,1.000000,0,2,4.309999,2571.081546,475.241384,0,0,0,-17.338633,431.100006,-127.699997,-17.213076,431.100006,-127.699997,4,4,0,0,0.000000
NORTH_TRANSFER_CSV,finite_rail_regrip,tick,2790,-16.724859,430.666107,-128.197189,0.593318,-0.005006,-0.000000,0,0,4,1938,0,0,0,2,1.000000,0,2,4.309999,2571.081546,607.197686,0,0,0,-16.783981,431.100006,-127.699997,-16.658636,431.100006,-127.699997,5,5,0,0,0.000000
NORTH_TRANSFER_CSV,finite_rail_regrip,tick,2880,-16.130919,430.666107,-128.197189,0.593305,-0.005005,-0.000000,0,0,4,1938,0,0,0,2,1.000000,0,2,4.309999,2571.081546,739.100868,0,0,0,-16.229679,431.100006,-127.699997,-16.104290,431.100006,-127.699997,6,6,0,0,0.000000
NORTH_TRANSFER_CSV,finite_rail_regrip,rail_end,2923,-15.847122,430.666107,-128.197189,0.593395,-0.005005,-0.000000,0,0,4,1938,0,0,0,2,1.000000,0,2,4.309999,2571.081546,802.137517,0,0,0,-15.700001,431.100006,-127.699997,-15.700001,431.100006,-127.699997,7,7,0,0,0.000000
NORTH_TRANSFER_CSV,rail_drop_to_real_endrest,begin,2923,-15.847122,430.666107,-128.197189,0.593395,-0.005005,-0.000000,0,0,4,1938,0,0,0,2,1.000000,0,2,4.309999,2571.081546,802.137517,0,0,0,-15.700001,431.100006,-127.699997,-15.700001,431.100006,-127.699997,7,7,0,0,0.000000
NORTH_TRANSFER_CSV,rail_drop_to_real_endrest,before_drop,2923,-15.847122,430.666107,-128.197189,0.593395,-0.005005,-0.000000,0,0,4,1938,0,0,0,2,1.000000,0,2,4.309999,2571.081546,802.137517,0,0,0,-15.700001,431.100006,-127.699997,-15.700001,431.100006,-127.699997,7,7,0,0,0.000000
NORTH_TRANSFER_CSV,rail_drop_to_real_endrest,drop_requested,2923,-15.847122,430.666107,-128.197189,0.593395,-0.005005,-0.000000,0,0,4,1938,0,0,0,2,1.000000,0,2,4.309999,2571.081546,802.137517,0,0,0,-15.700001,431.100006,-127.699997,-15.700001,431.100006,-127.699997,7,7,0,0,0.000000
NORTH_TRANSFER_CSV,rail_drop_to_real_endrest,drop_first_native_tick,2924,-15.840530,430.665314,-128.197189,0.593395,-0.114005,-0.000000,0,0,0,0,0,0,0,0,1.000000,0,2,4.309999,2571.081546,802.137517,0,0,0,0.000000,0.000000,0.000000,0.000000,0.000000,0.000000,0,0,0,0,0.000000
NORTH_TRANSFER_CSV,endrest_braking,begin,2959,-15.364067,429.899994,-128.344299,0.628622,0.000000,-0.282357,1,1938,0,0,0,0,0,0,1.000000,0,3,3.874510,2571.081546,802.137517,1,0,0,0.000000,0.000000,0.000000,0.000000,0.000000,0.000000,0,0,0,0,0.000000
NORTH_TRANSFER_CSV,endrest_braking,tick,2970,-15.246443,429.899963,-128.371902,1.071360,0.000000,-0.171298,1,1938,0,0,0,0,0,0,1.000000,0,3,3.874510,2571.081546,802.137517,1,1,0,0.000000,0.000000,0.000000,0.000000,0.000000,0.000000,0,0,0,0,0.000000
NORTH_TRANSFER_CSV,endrest_braking,arrived,3011,-15.002315,429.899963,-128.400421,0.135013,0.000000,-0.011423,1,1938,0,0,0,0,0,0,1.000000,0,3,3.874510,2571.081546,802.137517,1,1,0,0.000000,0.000000,0.000000,0.000000,0.000000,0.000000,0,0,0,0,0.000000
NORTH_TRANSFER_CSV,endrest_braking,tick,3060,-14.979980,429.899963,-128.402084,0.005949,0.000000,-0.000503,1,1938,0,0,0,0,0,0,1.000000,0,3,3.874510,2571.081546,802.137517,1,1,0,0.000000,0.000000,0.000000,0.000000,0.000000,0.000000,0,0,0,0,0.000000
NORTH_TRANSFER_CSV,endrest_braking,stable,3101,-14.979026,429.899963,-128.402084,0.000436,0.000000,-0.000037,1,1938,0,0,0,0,0,0,1.000000,0,3,3.874510,2571.081546,802.137517,1,1,0,0.000000,0.000000,0.000000,0.000000,0.000000,0.000000,0,0,0,0,0.000000
NORTH_TRANSFER_CSV,narrow_balance,begin,3101,-14.979026,429.899963,-128.402084,0.000436,0.000000,-0.000037,1,1938,0,0,0,0,0,0,1.000000,0,3,3.874510,2571.081546,802.137517,1,1,0,0.000000,0.000000,0.000000,0.000000,0.000000,0.000000,0,0,0,0,0.000000
NORTH_TRANSFER_CSV,narrow_balance,tick,3150,-13.814588,429.899994,-128.402084,4.220456,0.000000,0.002073,1,1938,0,0,0,0,0,0,1.000000,0,3,3.874510,2571.081546,802.137517,1,1,0,0.000000,0.000000,0.000000,0.000000,0.000000,0.000000,0,0,0,0,0.000000
NORTH_TRANSFER_CSV,narrow_balance,tick,3240,-9.553562,429.899994,-128.400543,1.504488,0.000000,0.002188,1,1938,0,0,0,0,0,0,1.000000,0,3,3.874510,2571.081546,802.137517,1,1,0,0.000000,0.000000,0.000000,0.000000,0.000000,0.000000,0,0,0,0,0.000000
NORTH_TRANSFER_CSV,pocket_approach,begin,3323,-9.980619,429.899506,-128.400543,-0.140706,-0.005315,0.002117,1,1938,0,0,0,0,0,0,1.000000,0,3,3.874510,2571.081546,802.137517,1,1,0,0.000000,0.000000,0.000000,0.000000,0.000000,0.000000,0,0,0,0,0.000000
NORTH_TRANSFER_CSV,pocket_approach,tick,3330,-9.968166,429.899963,-128.400543,0.441918,0.010708,0.002124,1,1938,0,0,0,0,0,0,1.000000,0,3,3.874510,2571.081546,802.137517,1,1,0,0.000000,0.000000,0.000000,0.000000,0.000000,0.000000,0,0,0,0,0.000000
NORTH_TRANSFER_CSV,pocket_approach,arrived,3388,-9.486179,429.899994,-128.400543,0.132657,0.000000,0.002429,1,1938,0,0,0,0,0,0,1.000000,0,3,3.874510,2571.081546,802.137517,1,1,0,0.000000,0.000000,0.000000,0.000000,0.000000,0.000000,0,0,0,0,0.000000
NORTH_TRANSFER_CSV,sheltered_crouch_pocket,begin,3388,-9.486179,429.899994,-128.400543,0.132657,0.000000,0.002429,1,1938,0,0,0,0,0,0,1.000000,0,3,3.874510,2571.081546,802.137517,1,1,0,0.000000,0.000000,0.000000,0.000000,0.000000,0.000000,0,0,0,0,0.000000
NORTH_TRANSFER_CSV,sheltered_crouch_pocket,tick,3420,-9.478336,429.598785,-128.836639,-0.049023,-0.074740,-1.905719,1,1938,0,0,0,0,0,0,1.000000,0,3,3.874510,2571.081546,802.137517,1,1,1,0.000000,0.000000,0.000000,0.000000,0.000000,0.000000,0,0,0,0,0.000000
NORTH_TRANSFER_CSV,sheltered_crouch_pocket,arrived,3492,-9.500341,429.599976,-129.515091,-0.005569,0.000000,-0.136648,1,1938,0,0,0,0,0,0,1.000000,0,3,3.874510,2571.081546,802.137517,1,1,1,0.000000,0.000000,0.000000,0.000000,0.000000,0.000000,0,0,0,0,0.000000
NORTH_TRANSFER_CSV,sheltered_crouch_pocket,tick,3510,-9.500998,429.599976,-129.531235,-0.001769,0.000000,-0.043403,1,1938,0,0,0,0,0,0,1.000000,0,3,3.874510,2571.081546,802.137517,1,1,1,0.000000,0.000000,0.000000,0.000000,0.000000,0.000000,0,0,0,0,0.000000
NORTH_TRANSFER_CSV,sheltered_crouch_pocket,blocked_stand,3522,-9.501163,429.599976,-129.535263,-0.000824,0.000000,-0.020205,1,1938,0,0,0,0,0,0,1.000000,0,3,3.874510,2571.081546,802.137517,1,1,1,0.000000,0.000000,0.000000,0.000000,0.000000,0.000000,0,0,0,0,0.000000
NORTH_TRANSFER_CSV,pocket_exit,begin,3522,-9.501163,429.599976,-129.535263,-0.000824,0.000000,-0.020205,1,1938,0,0,0,0,0,0,1.000000,0,3,3.874510,2571.081546,802.137517,1,1,1,0.000000,0.000000,0.000000,0.000000,0.000000,0.000000,0,0,0,0,0.000000
NORTH_TRANSFER_CSV,pocket_exit,tick,3600,-9.500093,429.600006,-128.450912,0.000601,0.000000,0.466121,1,1938,0,0,0,0,0,0,1.000000,0,3,3.874510,2571.081546,802.137517,1,1,1,0.000000,0.000000,0.000000,0.000000,0.000000,0.000000,0,0,0,0,0.000000
NORTH_TRANSFER_CSV,pocket_exit,arrived,3622,-9.499995,429.600006,-128.384659,0.000229,-0.001739,0.139622,1,1938,0,0,0,0,0,0,1.000000,0,3,3.874510,2571.081546,802.137517,1,1,1,0.000000,0.000000,0.000000,0.000000,0.000000,0.000000,0,0,0,0,0.000000
NORTH_TRANSFER_CSV,offset_gap_runup,begin,3667,-9.499978,429.899963,-128.361938,0.000013,0.000000,0.007208,1,1938,0,0,0,0,0,0,1.000000,0,3,3.874510,2571.081546,802.137517,1,1,0,0.000000,0.000000,0.000000,0.000000,0.000000,0.000000,0,0,0,0,0.000000
NORTH_TRANSFER_CSV,offset_gap_runup,tick,3690,-9.758077,429.899963,-128.370468,-1.998916,-0.002872,-0.053704,1,1938,0,0,0,0,0,0,1.000000,0,3,3.874510,2571.081546,802.137517,1,1,0,0.000000,0.000000,0.000000,0.000000,0.000000,0.000000,0,0,0,0,0.000000
NORTH_TRANSFER_CSV,offset_gap_runup,arrived,3760,-11.008856,429.899048,-128.400284,-0.139818,0.000000,-0.003105,1,1938,0,0,0,0,0,0,1.000000,0,3,3.874510,2571.081546,802.137517,1,1,0,0.000000,0.000000,0.000000,0.000000,0.000000,0.000000,0,0,0,0,0.000000
NORTH_TRANSFER_CSV,supported_run_jump,begin,3760,-11.008856,429.899048,-128.400284,-0.139818,0.000000,-0.003105,1,1938,0,0,0,0,0,0,1.000000,0,3,3.874510,2571.081546,802.137517,1,1,0,0.000000,0.000000,0.000000,0.000000,0.000000,0.000000,0,0,0,0,0.000000
NORTH_TRANSFER_CSV,supported_run_jump,tick,3780,-10.843718,429.899048,-128.400726,1.604183,0.000000,-0.002145,1,1938,0,0,0,0,0,0,1.000000,0,3,3.874510,2571.081546,802.137517,1,1,0,0.000000,0.000000,0.000000,0.000000,0.000000,0.000000,0,0,0,0,0.000000
NORTH_TRANSFER_CSV,offset_gap_free_flight,begin,3831,-8.750875,429.899780,-128.400726,5.163728,0.000000,-0.000195,1,1938,0,0,0,0,0,0,1.000000,0,3,3.874510,2571.081546,802.137517,1,1,0,0.000000,0.000000,0.000000,0.000000,0.000000,0.000000,0,0,0,0,0.000000
NORTH_TRANSFER_CSV,offset_gap_free_flight,tick,3870,-6.419102,431.356140,-128.782059,5.410911,1.249000,-0.985917,0,0,0,0,0,0,0,0,1.000000,0,3,3.874510,3856.704053,802.137517,0,0,0,0.000000,0.000000,0.000000,0.000000,0.000000,0.000000,0,0,0,0,0.000000
NORTH_TRANSFER_CSV,offset_receiver_braking,begin,3932,-4.523431,429.899994,-129.127472,0.591400,0.000000,-0.106228,1,1938,0,0,0,0,0,0,1.000000,0,4,5.481746,3856.704053,802.137517,1,0,0,0.000000,0.000000,0.000000,0.000000,0.000000,0.000000,0,0,0,0,0.000000
NORTH_TRANSFER_CSV,offset_receiver_braking,tick,3960,-4.418420,429.899963,-129.146561,0.144358,0.000000,-0.026662,1,1938,0,0,0,0,0,0,1.000000,0,4,5.481746,3856.704053,802.137517,1,1,0,0.000000,0.000000,0.000000,0.000000,0.000000,0.000000,0,0,0,0,0.000000
NORTH_TRANSFER_CSV,offset_receiver_braking,arrived,3961,-4.416877,429.899963,-129.146866,0.135585,0.000000,-0.025062,1,1938,0,0,0,0,0,0,1.000000,0,4,5.481746,3856.704053,802.137517,1,1,0,0.000000,0.000000,0.000000,0.000000,0.000000,0.000000,0,0,0,0,0.000000
NORTH_TRANSFER_CSV,offset_receiver_braking,tick,4050,-4.393493,429.899963,-129.150833,0.000467,0.000000,-0.000086,1,1938,0,0,0,0,0,0,1.000000,0,4,5.481746,3856.704053,802.137517,1,1,0,0.000000,0.000000,0.000000,0.000000,0.000000,0.000000,0,0,0,0,0.000000
NORTH_TRANSFER_CSV,offset_receiver_braking,stable,4051,-4.393487,429.899963,-129.150833,0.000438,0.000000,-0.000081,1,1938,0,0,0,0,0,0,1.000000,0,4,5.481746,3856.704053,802.137517,1,1,0,0.000000,0.000000,0.000000,0.000000,0.000000,0.000000,0,0,0,0,0.000000
NORTH_TRANSFER_CSV,429_onward_to_upper_toe,begin,4051,-4.393487,429.899963,-129.150833,0.000438,0.000000,-0.000081,1,1938,0,0,0,0,0,0,1.000000,0,4,5.481746,3856.704053,802.137517,1,1,0,0.000000,0.000000,0.000000,0.000000,0.000000,0.000000,0,0,0,0,0.000000
NORTH_TRANSFER_CSV,429_onward_to_upper_toe,tick,4140,-1.000189,429.899994,-129.149521,4.986850,0.000000,0.042451,1,1938,0,0,0,0,0,0,1.000000,0,4,5.481746,3856.704053,802.137517,1,1,0,0.000000,0.000000,0.000000,0.000000,0.000000,0.000000,0,0,0,0,0.000000
NORTH_TRANSFER_CSV,429_onward_to_upper_toe,tick,4230,0.344799,429.825806,-129.451004,-1.337270,1.552089,-0.091467,0,0,0,0,0,0,0,0,1.000000,0,5,0.000000,3999.216703,802.137517,0,0,0,0.000000,0.000000,0.000000,0.000000,0.000000,0.000000,0,0,0,0,0.000000
NORTH_TRANSFER_CSV,429_onward_to_upper_toe,arrived,4296,-0.061540,429.898834,-129.129318,-0.067367,0.008798,0.115792,1,1938,0,0,0,0,0,0,1.000000,0,6,1.316004,3999.216703,802.137517,0,1,0,0.000000,0.000000,0.000000,0.000000,0.000000,0.000000,0,0,0,0,0.000000
NORTH_TRANSFER_CSV,upper_brace_toe429,begin,4296,-0.061540,429.898834,-129.129318,-0.067367,0.008798,0.115792,1,1938,0,0,0,0,0,0,1.000000,0,6,1.316004,3999.216703,802.137517,0,1,0,0.000000,0.000000,0.000000,0.000000,0.000000,0.000000,0,0,0,0,0.000000
NORTH_TRANSFER_CSV,upper_brace_toe429,tick,4320,-0.064708,429.899963,-128.825287,0.045829,0.000000,2.170566,1,1938,0,0,0,0,0,0,1.000000,0,6,1.316004,3999.216703,802.137517,1,1,0,0.000000,0.000000,0.000000,0.000000,0.000000,0.000000,0,0,0,0,0.000000
NORTH_TRANSFER_CSV,upper_brace_toe429,tick,4410,0.000019,430.161926,-127.194099,0.000276,-0.000133,0.223309,1,51,0,0,0,0,0,0,1.000000,0,7,0.544618,4213.126538,802.137517,0,0,0,0.000000,0.000000,0.000000,0.000000,0.000000,0.000000,0,0,0,0,0.000000
NORTH_TRANSFER_CSV,upper_brace_toe429,arrived,4415,0.000019,430.161926,-127.184616,0.000335,-0.000162,0.116572,1,51,0,0,0,0,0,0,1.000000,0,7,0.544618,4213.126538,802.137517,0,0,0,0.000000,0.000000,0.000000,0.000000,0.000000,0.000000,0,0,0,0,0.000000
NORTH_TRANSFER_CSV,upper_brace_ascent440,begin,4415,0.000019,430.161926,-127.184616,0.000335,-0.000162,0.116572,1,51,0,0,0,0,0,0,1.000000,0,7,0.544618,4213.126538,802.137517,0,0,0,0.000000,0.000000,0.000000,0.000000,0.000000,0.000000,0,0,0,0,0.000000
NORTH_TRANSFER_CSV,upper_brace_ascent440,tick,4500,-1.188856,430.734985,-127.143517,-1.995868,0.961779,-0.001115,1,51,0,0,0,0,0,0,1.000000,0,7,0.544618,4213.126538,802.137517,1,1,0,0.000000,0.000000,0.000000,0.000000,0.000000,0.000000,0,0,0,0,0.000000
NORTH_TRANSFER_CSV,upper_brace_ascent440,tick,4590,-3.188871,431.699036,-127.143517,-1.995876,0.961556,-0.001250,1,51,0,0,0,0,0,0,1.000000,0,7,0.544618,4213.126538,802.137517,1,1,0,0.000000,0.000000,0.000000,0.000000,0.000000,0.000000,0,0,0,0,0.000000
NORTH_TRANSFER_CSV,upper_brace_ascent440,tick,4680,-5.248009,432.691589,-127.144722,-1.999631,0.962539,-0.001386,1,51,0,0,0,0,0,0,1.000000,0,7,0.544618,4213.126538,802.137517,1,1,0,0.000000,0.000000,0.000000,0.000000,0.000000,0.000000,0,0,0,0,0.000000
NORTH_TRANSFER_CSV,upper_brace_ascent440,tick,4770,-7.247985,433.655609,-127.147469,-1.999684,0.963309,-0.001498,1,51,0,0,0,0,0,0,1.000000,0,7,0.544618,4213.126538,802.137517,1,1,0,0.000000,0.000000,0.000000,0.000000,0.000000,0.000000,0,0,0,0,0.000000
NORTH_TRANSFER_CSV,upper_brace_ascent440,tick,4860,-9.307417,434.648285,-127.150536,-2.005104,0.953032,-0.001646,1,51,0,0,0,0,0,0,1.000000,0,7,0.544618,4213.126538,802.137517,1,1,0,0.000000,0.000000,0.000000,0.000000,0.000000,0.000000,0,0,0,0,0.000000
NORTH_TRANSFER_CSV,upper_brace_ascent440,tick,4950,-11.307085,435.612183,-127.153282,-1.999744,0.963089,-0.001872,1,51,0,0,0,0,0,0,1.000000,0,7,0.544618,4213.126538,802.137517,1,1,0,0.000000,0.000000,0.000000,0.000000,0.000000,0.000000,0,0,0,0,0.000000
NORTH_TRANSFER_CSV,upper_brace_ascent440,tick,5040,-13.365401,436.604340,-127.156563,-1.999600,0.962358,-0.002271,1,51,0,0,0,0,0,0,1.000000,0,7,0.544618,4213.126538,802.137517,1,1,0,0.000000,0.000000,0.000000,0.000000,0.000000,0.000000,0,0,0,0,0.000000
NORTH_TRANSFER_CSV,upper_brace_ascent440,tick,5130,-15.431808,437.600342,-127.160385,-2.211794,1.066129,-0.006216,1,51,0,0,0,0,0,0,1.000000,0,7,0.544618,4213.126538,802.137517,1,0,0,0.000000,0.000000,0.000000,0.000000,0.000000,0.000000,0,0,0,0,0.000000
NORTH_TRANSFER_CSV,upper_brace_ascent440,tick,5220,-17.494936,438.594849,-127.164558,-1.995877,0.961391,-0.004471,1,51,0,0,0,0,0,0,1.000000,0,7,0.544618,4213.126538,802.137517,1,1,0,0.000000,0.000000,0.000000,0.000000,0.000000,0.000000,0,0,0,0,0.000000
NORTH_TRANSFER_CSV,upper_brace_ascent440,tick,5310,-19.552574,439.586639,-127.174355,-1.846597,0.890097,-0.008756,1,51,0,0,0,0,0,0,1.000000,0,7,0.544618,4213.126538,802.137517,1,1,0,0.000000,0.000000,0.000000,0.000000,0.000000,0.000000,0,0,0,0,0.000000
NORTH_TRANSFER_CSV,upper_brace_ascent440,arrived,5368,-19.999763,439.802185,-127.178947,-0.139287,0.067139,-0.006032,1,51,0,0,0,0,0,0,1.000000,0,7,0.544618,4213.126538,802.137517,1,1,0,0.000000,0.000000,0.000000,0.000000,0.000000,0.000000,0,0,0,0,0.000000
NORTH_TRANSFER_CSV,actual440_floor_jump,begin,5368,-19.999763,439.802185,-127.178947,-0.139287,0.067139,-0.006032,1,51,0,0,0,0,0,0,1.000000,0,7,0.544618,4213.126538,802.137517,1,1,0,0.000000,0.000000,0.000000,0.000000,0.000000,0.000000,0,0,0,0,0.000000
NORTH_TRANSFER_CSV,actual440_floor_jump,tick,5400,-20.022697,441.134827,-127.430618,0.004528,2.017853,-1.964485,0,0,0,0,0,0,0,0,1.000000,0,7,0.544618,5498.559983,802.137517,0,0,0,0.000000,0.000000,0.000000,0.000000,0.000000,0.000000,0,0,0,0,0.000000
NORTH_TRANSFER_CSV,inward_jump_braking,begin,5436,-20.006845,441.151672,-128.577866,0.024044,-1.906150,-1.626292,1,51,0,0,0,0,0,0,1.000000,0,8,1.906150,5498.559983,802.137517,1,0,0,0.000000,0.000000,0.000000,0.000000,0.000000,0.000000,0,0,0,0,0.000000
NORTH_TRANSFER_CSV,inward_jump_braking,arrived,5483,-20.000414,441.149994,-128.976089,0.002195,0.000000,-0.125097,1,51,0,0,0,0,0,0,1.000000,0,8,1.906150,5498.559983,802.137517,1,0,0,0.000000,0.000000,0.000000,0.000000,0.000000,0.000000,0,0,0,0,0.000000
NORTH_TRANSFER_CSV,inward_jump_braking,tick,5490,-20.000399,441.149994,-128.976959,0.000000,0.000000,0.000000,1,51,0,0,0,0,0,0,1.000000,0,8,1.906150,5498.559983,802.137517,1,0,0,0.000000,0.000000,0.000000,0.000000,0.000000,0.000000,0,0,0,0,0.000000
NORTH_TRANSFER_CSV,inward_jump_braking,stable,5573,-20.000399,441.149994,-128.976959,0.000000,0.000000,0.000000,1,51,0,0,0,0,0,0,1.000000,0,8,1.906150,5498.559983,802.137517,1,0,0,0.000000,0.000000,0.000000,0.000000,0.000000,0.000000,0,0,0,0,0.000000
NORTH_TRANSFER_CSV,onward440_west_roof,begin,5573,-20.000399,441.149994,-128.976959,0.000000,0.000000,0.000000,1,51,0,0,0,0,0,0,1.000000,0,8,1.906150,5498.559983,802.137517,1,0,0,0.000000,0.000000,0.000000,0.000000,0.000000,0.000000,0,0,0,0,0.000000
NORTH_TRANSFER_CSV,onward440_west_roof,tick,5580,-20.000399,441.149994,-129.003082,0.000020,0.000000,-0.648550,1,51,0,0,0,0,0,0,1.000000,0,8,1.906150,5498.559983,802.137517,1,0,0,0.000000,0.000000,0.000000,0.000000,0.000000,0.000000,0,0,0,0,0.000000
NORTH_TRANSFER_CSV,onward440_west_roof,tick,5670,-20.000399,441.149994,-133.088593,0.000245,0.000000,-5.499999,1,51,0,0,0,0,0,0,1.000000,0,8,1.906150,5498.559983,802.137517,1,0,0,0.000000,0.000000,0.000000,0.000000,0.000000,0.000000,0,0,0,0,0.000000
NORTH_TRANSFER_CSV,onward440_west_roof,tick,5760,-20.000214,441.149994,-138.587250,0.000336,0.000000,-5.499999,1,51,0,0,0,0,0,0,1.000000,0,8,1.906150,5498.559983,802.137517,1,0,0,0.000000,0.000000,0.000000,0.000000,0.000000,0.000000,0,0,0,0,0.000000
NORTH_TRANSFER_CSV,onward440_west_roof,tick,5850,-20.000082,441.149994,-142.407104,0.000338,0.000000,-0.218950,1,51,0,0,0,0,0,0,1.000000,0,8,1.906150,5498.559983,802.137517,1,0,0,0.000000,0.000000,0.000000,0.000000,0.000000,0.000000,0,0,0,0,0.000000
NORTH_TRANSFER_CSV,onward440_west_roof,arrived,5915,-20.000000,441.149994,-142.011414,-0.000512,0.000000,0.126432,1,51,0,0,0,0,0,0,1.000000,0,8,1.906150,5498.559983,802.137517,1,0,0,0.000000,0.000000,0.000000,0.000000,0.000000,0.000000,0,0,0,0,0.000000
NORTH_TRANSFER_CSV,onward440_west_roof,tick,5940,-20.000002,441.149994,-142.010498,0.000000,0.000000,0.000000,1,51,0,0,0,0,0,0,1.000000,0,8,1.906150,5498.559983,802.137517,1,0,0,0.000000,0.000000,0.000000,0.000000,0.000000,0.000000,0,0,0,0,0.000000
NORTH_TRANSFER_CSV,onward440_west_roof,stable,6005,-20.000002,441.149994,-142.010498,0.000000,0.000000,0.000000,1,51,0,0,0,0,0,0,1.000000,0,8,1.906150,5498.559983,802.137517,1,0,0,0.000000,0.000000,0.000000,0.000000,0.000000,0.000000,0,0,0,0,0.000000
PASS NORTH_TRANSFER mode=primary ordinary_inputs_only=1 initial_staging_only=1 full_route=1 rail_regrip=1 real_hand_to_foot_transfer=1 balance=1 low_clearance=1 offset_gap_jump=1 stable_onward_contact=1 gravity=1 deaths=0 miss_retry=0
