NORTH_TRANSFER_CSV_HEADER,phase,event,tick,x,y,z,vx,vy,vz,grounded,support,traversal,traversal_support,grip_available,grip_entity,swinging,hands,gravity,deaths,landings,impact_mps,jump_work_j,hand_positive_work_j,firm_footing,balance,crouch,left_hand_x,left_hand_y,left_hand_z,right_hand_x,right_hand_y,right_hand_z,left_generation,right_generation,foot_transfer_count,foot_transfer_support,foot_transfer_peak_n
NORTH_TRANSFER_CSV,entry418,tick,90,-21.000000,419.149994,-142.000000,0.000000,0.000000,0.000000,1,51,0,0,0,0,0,0,1.000000,0,1,0.027250,0.000000,0.000000,1,0,0,0.000000,0.000000,0.000000,0.000000,0.000000,0.000000,0,0,0,0,0.000000
NORTH_TRANSFER_CSV,entry418,stable,135,-21.000000,419.149994,-142.000000,0.000000,0.000000,0.000000,1,51,0,0,0,0,0,0,1.000000,0,1,0.027250,0.000000,0.000000,1,0,0,0.000000,0.000000,0.000000,0.000000,0.000000,0.000000,0,0,0,0,0.000000
NORTH_TRANSFER_CSV,north418_band,begin,135,-21.000000,419.149994,-142.000000,0.000000,0.000000,0.000000,1,51,0,0,0,0,0,0,1.000000,0,1,0.027250,0.000000,0.000000,1,0,0,0.000000,0.000000,0.000000,0.000000,0.000000,0.000000,0,0,0,0,0.000000
NORTH_TRANSFER_CSV,north418_band,tick,180,-21.000000,419.149994,-140.951904,0.000000,0.000000,4.169257,1,51,0,0,0,0,0,0,1.000000,0,1,0.027250,0.000000,0.000000,1,0,0,0.000000,0.000000,0.000000,0.000000,0.000000,0.000000,0,0,0,0,0.000000
NORTH_TRANSFER_CSV,north418_band,tick,270,-21.000000,419.149994,-135.567032,0.000000,0.000000,5.500001,1,51,0,0,0,0,0,0,1.000000,0,1,0.027250,0.000000,0.000000,1,0,0,0.000000,0.000000,0.000000,0.000000,0.000000,0.000000,0,0,0,0,0.000000
NORTH_TRANSFER_CSV,north418_band,tick,360,-21.000000,419.149994,-130.068115,0.000000,0.000000,5.500000,1,51,0,0,0,0,0,0,1.000000,0,1,0.027250,0.000000,0.000000,1,0,0,0.000000,0.000000,0.000000,0.000000,0.000000,0.000000,0,0,0,0,0.000000
NORTH_TRANSFER_CSV,north418_band,tick,450,-21.000000,419.149994,-128.335419,0.000000,0.000000,-0.805804,1,51,0,0,0,0,0,0,1.000000,0,1,0.027250,0.000000,0.000000,1,0,0,0.000000,0.000000,0.000000,0.000000,0.000000,0.000000,0,0,0,0,0.000000
NORTH_TRANSFER_CSV,north418_band,arrived,487,-21.000000,419.149994,-128.492676,0.000000,0.000000,-0.103303,1,51,0,0,0,0,0,0,1.000000,0,1,0.027250,0.000000,0.000000,1,0,0,0.000000,0.000000,0.000000,0.000000,0.000000,0.000000,0,0,0,0,0.000000
NORTH_TRANSFER_CSV,north418_toe_approach,begin,487,-21.000000,419.149994,-128.492676,0.000000,0.000000,-0.103303,1,51,0,0,0,0,0,0,1.000000,0,1,0.027250,0.000000,0.000000,1,0,0,0.000000,0.000000,0.000000,0.000000,0.000000,0.000000,0,0,0,0,0.000000
NORTH_TRANSFER_CSV,north418_toe_approach,tick,540,-19.550076,419.149994,-128.490189,4.859419,0.000000,0.110104,1,51,0,0,0,0,0,0,1.000000,0,1,0.027250,0.000000,0.000000,1,0,0,0.000000,0.000000,0.000000,0.000000,0.000000,0.000000,0,0,0,0,0.000000
NORTH_TRANSFER_CSV,north418_toe_approach,tick,630,-14.080532,419.149994,-128.354034,5.498262,0.000000,0.138242,1,51,0,0,0,0,0,0,1.000000,0,1,0.027250,0.000000,0.000000,1,0,0,0.000000,0.000000,0.000000,0.000000,0.000000,0.000000,0,0,0,0,0.000000
NORTH_TRANSFER_CSV,north418_toe_approach,tick,720,-8.582218,419.149994,-128.216705,5.498247,0.000000,0.138824,1,51,0,0,0,0,0,0,1.000000,0,1,0.027250,0.000000,0.000000,1,0,0,0.000000,0.000000,0.000000,0.000000,0.000000,0.000000,0,0,0,0,0.000000
NORTH_TRANSFER_CSV,north418_toe_approach,tick,810,-3.083966,419.149994,-128.078568,5.498217,0.000000,0.140025,1,51,0,0,0,0,0,0,1.000000,0,1,0.027250,0.000000,0.000000,1,0,0,0.000000,0.000000,0.000000,0.000000,0.000000,0.000000,0,0,0,0,0.000000
NORTH_TRANSFER_CSV,north418_toe_approach,tick,900,0.428333,419.149994,-127.989075,-0.244210,0.000000,-0.006274,1,51,0,0,0,0,0,0,1.000000,0,1,0.027250,0.000000,0.000000,1,0,0,0.000000,0.000000,0.000000,0.000000,0.000000,0.000000,0,0,0,0,0.000000
NORTH_TRANSFER_CSV,north418_toe_approach,arrived,959,0.012581,419.149994,-127.999863,-0.134976,0.000000,0.017342,1,51,0,0,0,0,0,0,1.000000,0,1,0.027250,0.000000,0.000000,1,0,0,0.000000,0.000000,0.000000,0.000000,0.000000,0.000000,0,0,0,0,0.000000
NORTH_TRANSFER_CSV,lower_brace_toe418,begin,959,0.012581,419.149994,-127.999863,-0.134976,0.000000,0.017342,1,51,0,0,0,0,0,0,1.000000,0,1,0.027250,0.000000,0.000000,1,0,0,0.000000,0.000000,0.000000,0.000000,0.000000,0.000000,0,0,0,0,0.000000
NORTH_TRANSFER_CSV,lower_brace_toe418,tick,990,-0.012895,419.149994,-127.495720,0.017610,0.000000,2.884617,1,51,0,0,0,0,0,0,1.000000,0,1,0.027250,0.000000,0.000000,1,0,0,0.000000,0.000000,0.000000,0.000000,0.000000,0.000000,0,0,0,0,0.000000
NORTH_TRANSFER_CSV,lower_brace_toe418,arrived,1058,-0.000007,419.158203,-126.734543,-0.000000,-0.001022,0.135289,1,51,0,0,0,0,0,0,1.000000,0,1,0.027250,0.000000,0.000000,1,0,0,0.000000,0.000000,0.000000,0.000000,0.000000,0.000000,0,0,0,0,0.000000
NORTH_TRANSFER_CSV,lower_brace_ascent429,begin,1058,-0.000007,419.158203,-126.734543,-0.000000,-0.001022,0.135289,1,51,0,0,0,0,0,0,1.000000,0,1,0.027250,0.000000,0.000000,1,0,0,0.000000,0.000000,0.000000,0.000000,0.000000,0.000000,0,0,0,0,0.000000
NORTH_TRANSFER_CSV,lower_brace_ascent429,tick,1080,-0.091266,419.201324,-126.706535,-0.738672,0.349188,0.095207,1,51,0,0,0,0,0,0,1.000000,0,1,0.027250,0.000000,0.000000,1,0,0,0.000000,0.000000,0.000000,0.000000,0.000000,0.000000,0,0,0,0,0.000000
NORTH_TRANSFER_CSV,lower_brace_ascent429,tick,1170,-1.840336,420.027863,-126.676338,-2.000000,0.945449,-0.001380,1,51,0,0,0,0,0,0,1.000000,0,1,0.027250,0.000000,0.000000,1,1,0,0.000000,0.000000,0.000000,0.000000,0.000000,0.000000,0,0,0,0,0.000000
NORTH_TRANSFER_CSV,lower_brace_ascent429,tick,1260,-3.840359,420.972687,-126.679085,-2.000000,0.945448,-0.001460,1,51,0,0,0,0,0,0,1.000000,0,1,0.027250,0.000000,0.000000,1,1,0,0.000000,0.000000,0.000000,0.000000,0.000000,0.000000,0,0,0,0,0.000000
NORTH_TRANSFER_CSV,lower_brace_ascent429,tick,1350,-5.840386,421.917511,-126.681831,-2.000000,0.945448,-0.001560,1,51,0,0,0,0,0,0,1.000000,0,1,0.027250,0.000000,0.000000,1,1,0,0.000000,0.000000,0.000000,0.000000,0.000000,0.000000,0,0,0,0,0.000000
NORTH_TRANSFER_CSV,lower_brace_ascent429,tick,1440,-7.840413,422.862335,-126.684578,-2.000000,0.945448,-0.001690,1,51,0,0,0,0,0,0,1.000000,0,1,0.027250,0.000000,0.000000,1,1,0,0.000000,0.000000,0.000000,0.000000,0.000000,0.000000,0,0,0,0,0.000000
NORTH_TRANSFER_CSV,lower_brace_ascent429,tick,1530,-9.840281,423.807159,-126.687325,-2.000000,0.945448,-0.001865,1,51,0,0,0,0,0,0,1.000000,0,1,0.027250,0.000000,0.000000,1,1,0,0.000000,0.000000,0.000000,0.000000,0.000000,0.000000,0,0,0,0,0.000000
NORTH_TRANSFER_CSV,lower_brace_ascent429,tick,1620,-11.840137,424.751984,-126.690071,-2.000000,0.945448,-0.002115,1,51,0,0,0,0,0,0,1.000000,0,1,0.027250,0.000000,0.000000,1,1,0,0.000000,0.000000,0.000000,0.000000,0.000000,0.000000,0,0,0,0,0.000000
NORTH_TRANSFER_CSV,lower_brace_ascent429,tick,1710,-13.839992,425.696808,-126.692818,-2.000000,0.945448,-0.002498,1,51,0,0,0,0,0,0,1.000000,0,1,0.027250,0.000000,0.000000,1,1,0,0.000000,0.000000,0.000000,0.000000,0.000000,0.000000,0,0,0,0,0.000000
NORTH_TRANSFER_CSV,lower_brace_ascent429,tick,1800,-15.839847,426.641632,-126.695564,-2.000000,0.945448,-0.003163,1,51,0,0,0,0,0,0,1.000000,0,1,0.027250,0.000000,0.000000,1,1,0,0.000000,0.000000,0.000000,0.000000,0.000000,0.000000,0,0,0,0,0.000000
NORTH_TRANSFER_CSV,lower_brace_ascent429,tick,1890,-17.840017,427.586456,-126.698975,-2.000000,0.945448,-0.004507,1,51,0,0,0,0,0,0,1.000000,0,1,0.027250,0.000000,0.000000,1,1,0,0.000000,0.000000,0.000000,0.000000,0.000000,0.000000,0,0,0,0,0.000000
NORTH_TRANSFER_CSV,lower_brace_ascent429,tick,1980,-19.840216,428.531281,-126.705185,-2.000000,0.945448,-0.008600,1,51,0,0,0,0,0,0,1.000000,0,1,0.027250,0.000000,0.000000,1,1,0,0.000000,0.000000,0.000000,0.000000,0.000000,0.000000,0,0,0,0,0.000000
NORTH_TRANSFER_CSV,lower_brace_ascent429,tick,2070,-21.433107,429.283722,-126.717735,-0.399683,0.188940,-0.011267,1,51,0,0,0,0,0,0,1.000000,0,1,0.027250,0.000000,0.000000,1,1,0,0.000000,0.000000,0.000000,0.000000,0.000000,0.000000,0,0,0,0,0.000000
NORTH_TRANSFER_CSV,lower_brace_ascent429,arrived,2094,-21.503099,429.316833,-126.720604,-0.132177,0.062483,-0.009489,1,51,0,0,0,0,0,0,1.000000,0,1,0.027250,0.000000,0.000000,1,1,0,0.000000,0.000000,0.000000,0.000000,0.000000,0.000000,0,0,0,0,0.000000
NORTH_TRANSFER_CSV,entry429_inward_jump,begin,2094,-21.503099,429.316833,-126.720604,-0.132177,0.062483,-0.009489,1,51,0,0,0,0,0,0,1.000000,0,1,0.027250,0.000000,0.000000,1,1,0,0.000000,0.000000,0.000000,0.000000,0.000000,0.000000,0,0,0,0,0.000000
NORTH_TRANSFER_CSV,entry429_inward_jump,tick,2160,-21.503050,430.702362,-128.121429,0.014249,-1.693996,-0.735813,0,0,0,0,0,0,0,0,1.000000,0,1,0.027250,1285.459038,0.000000,0,0,0,0.000000,0.000000,0.000000,0.000000,0.000000,0.000000,0,0,0,0,0.000000
NORTH_TRANSFER_CSV,inward_jump_braking,begin,2184,-21.500843,429.899994,-128.239471,0.019951,-3.658447,-0.326146,1,1938,0,0,0,0,0,0,1.000000,0,2,4.309999,1285.459038,0.000000,1,0,0,0.000000,0.000000,0.000000,0.000000,0.000000,0.000000,0,0,0,0,0.000000
NORTH_TRANSFER_CSV,inward_jump_braking,arrived,2200,-21.499573,429.899963,-128.279053,0.000528,0.000000,-0.139630,1,1938,0,0,0,0,0,0,1.000000,0,2,4.309999,1285.459038,0.000000,1,1,0,0.000000,0.000000,0.000000,0.000000,0.000000,0.000000,0,0,0,0,0.000000
NORTH_TRANSFER_CSV,inward_jump_braking,tick,2250,-21.499521,429.899963,-128.302155,0.000022,0.000000,-0.005773,1,1938,0,0,0,0,0,0,1.000000,0,2,4.309999,1285.459038,0.000000,1,1,0,0.000000,0.000000,0.000000,0.000000,0.000000,0.000000,0,0,0,0,0.000000
NORTH_TRANSFER_CSV,inward_jump_braking,stable,2290,-21.499521,429.899963,-128.302856,0.000002,0.000000,-0.000451,1,1938,0,0,0,0,0,0,1.000000,0,2,4.309999,1285.459038,0.000000,1,1,0,0.000000,0.000000,0.000000,0.000000,0.000000,0.000000,0,0,0,0,0.000000
NORTH_TRANSFER_CSV,rail_jump_runup,begin,2290,-21.499521,429.899963,-128.302856,0.000002,0.000000,-0.000451,1,1938,0,0,0,0,0,0,1.000000,0,2,4.309999,1285.459038,0.000000,1,1,0,0.000000,0.000000,0.000000,0.000000,0.000000,0.000000,0,0,0,0,0.000000
NORTH_TRANSFER_CSV,rail_jump_runup,tick,2340,-20.316090,429.899963,-128.238831,3.438251,0.000000,0.186425,1,1938,0,0,0,0,0,0,1.000000,0,2,4.309999,1285.459038,0.000000,1,1,0,0.000000,0.000000,0.000000,0.000000,0.000000,0.000000,0,0,0,0,0.000000
NORTH_TRANSFER_CSV,rail_jump_runup,arrived,2381,-19.559771,429.899963,-128.197830,0.116817,0.000000,0.006345,1,1938,0,0,0,0,0,0,1.000000,0,2,4.309999,1285.459038,0.000000,1,1,0,0.000000,0.000000,0.000000,0.000000,0.000000,0.000000,0,0,0,0,0.000000
NORTH_TRANSFER_CSV,jump_action_catch1938,begin,2381,-19.559771,429.899963,-128.197830,0.116817,0.000000,0.006345,1,1938,0,0,0,0,0,0,1.000000,0,2,4.309999,1285.459038,0.000000,1,1,0,0.000000,0.000000,0.000000,0.000000,0.000000,0.000000,0,0,0,0,0.000000
NORTH_TRANSFER_CSV,jump_action_catch1938,action_requested,2399,-19.283068,430.749298,-128.197189,2.750000,-0.109000,-0.000000,0,0,0,0,1,1938,0,0,1.000000,0,2,4.309999,2571.081546,0.000000,0,0,0,0.000000,0.000000,0.000000,0.000000,0.000000,0.000000,0,0,0,0,0.000000
NORTH_TRANSFER_CSV,jump_action_catch1938,caught,2400,-19.253494,430.747375,-128.197189,2.604771,-0.208467,-0.000000,0,0,4,1938,0,0,0,2,1.000000,0,2,4.309999,2571.081546,0.055579,0,0,0,-19.000000,431.100006,-127.699997,-19.000000,431.100006,-127.699997,1,1,0,0,0.000000
NORTH_TRANSFER_CSV,finite_rail_regrip,begin,2400,-19.253494,430.747375,-128.197189,2.604771,-0.208467,-0.000000,0,0,4,1938,0,0,0,2,1.000000,0,2,4.309999,2571.081546,0.055579,0,0,0,-19.000000,431.100006,-127.699997,-19.000000,431.100006,-127.699997,1,1,0,0,0.000000
NORTH_TRANSFER_CSV,finite_rail_regrip,tick,2430,-19.155073,430.631012,-128.197189,-0.125521,0.241763,-0.000000,0,0,4,1938,0,0,0,2,1.000000,0,2,4.309999,2571.081546,16.369991,0,0,0,-19.000000,431.100006,-127.699997,-19.000000,431.100006,-127.699997,1,1,0,0,0.000000
NORTH_TRANSFER_CSV,finite_rail_regrip,tick,2520,-18.496984,430.665955,-128.197189,0.553478,-0.042298,-0.000000,0,0,4,1938,0,0,0,2,1.000000,0,2,4.309999,2571.081546,211.950347,0,0,0,-18.447971,431.100006,-127.699997,-18.361507,431.100006,-127.699997,2,2,0,0,0.000000
NORTH_TRANSFER_CSV,finite_rail_regrip,tick,2610,-17.913000,430.666138,-128.197189,0.604383,0.000807,-0.000000,0,0,4,1938,0,0,0,2,1.000000,0,2,4.309999,2571.081546,343.879208,0,0,0,-17.892117,431.100006,-127.699997,-17.765842,431.100006,-127.699997,3,3,0,0,0.000000
NORTH_TRANSFER_CSV,finite_rail_regrip,tick,2700,-17.318897,430.666107,-128.197189,0.592757,-0.005121,-0.000000,0,0,4,1938,0,0,0,2,1.000000,0,2,4.309999,2571.081546,475.241384,0,0,0,-17.338633,431.100006,-127.699997,-17.213076,431.100006,-127.699997,4,4,0,0,0.000000
NORTH_TRANSFER_CSV,finite_rail_regrip,tick,2790,-16.724859,430.666107,-128.197189,0.593318,-0.005006,-0.000000,0,0,4,1938,0,0,0,2,1.000000,0,2,4.309999,2571.081546,607.197686,0,0,0,-16.783981,431.100006,-127.699997,-16.658636,431.100006,-127.699997,5,5,0,0,0.000000
NORTH_TRANSFER_CSV,finite_rail_regrip,tick,2880,-16.130919,430.666107,-128.197189,0.593305,-0.005005,-0.000000,0,0,4,1938,0,0,0,2,1.000000,0,2,4.309999,2571.081546,739.100868,0,0,0,-16.229679,431.100006,-127.699997,-16.104290,431.100006,-127.699997,6,6,0,0,0.000000
NORTH_TRANSFER_CSV,finite_rail_regrip,rail_end,2923,-15.847122,430.666107,-128.197189,0.593395,-0.005005,-0.000000,0,0,4,1938,0,0,0,2,1.000000,0,2,4.309999,2571.081546,802.137517,0,0,0,-15.700001,431.100006,-127.699997,-15.700001,431.100006,-127.699997,7,7,0,0,0.000000
NORTH_TRANSFER_CSV,rail_drop_to_real_endrest,begin,2923,-15.847122,430.666107,-128.197189,0.593395,-0.005005,-0.000000,0,0,4,1938,0,0,0,2,1.000000,0,2,4.309999,2571.081546,802.137517,0,0,0,-15.700001,431.100006,-127.699997,-15.700001,431.100006,-127.699997,7,7,0,0,0.000000
NORTH_TRANSFER_CSV,rail_drop_to_real_endrest,before_drop,2923,-15.847122,430.666107,-128.197189,0.593395,-0.005005,-0.000000,0,0,4,1938,0,0,0,2,1.000000,0,2,4.309999,2571.081546,802.137517,0,0,0,-15.700001,431.100006,-127.699997,-15.700001,431.100006,-127.699997,7,7,0,0,0.000000
NORTH_TRANSFER_CSV,rail_drop_to_real_endrest,drop_requested,2923,-15.847122,430.666107,-128.197189,0.593395,-0.005005,-0.000000,0,0,4,1938,0,0,0,2,1.000000,0,2,4.309999,2571.081546,802.137517,0,0,0,-15.700001,431.100006,-127.699997,-15.700001,431.100006,-127.699997,7,7,0,0,0.000000
NORTH_TRANSFER_CSV,rail_drop_to_real_endrest,drop_first_native_tick,2924,-15.840530,430.665314,-128.197189,0.593395,-0.114005,-0.000000,0,0,0,0,0,0,0,0,1.000000,0,2,4.309999,2571.081546,802.137517,0,0,0,0.000000,0.000000,0.000000,0.000000,0.000000,0.000000,0,0,0,0,0.000000
NORTH_TRANSFER_CSV,endrest_braking,begin,2959,-15.364067,429.899994,-128.344299,0.628622,0.000000,-0.282357,1,1938,0,0,0,0,0,0,1.000000,0,3,3.874510,2571.081546,802.137517,1,0,0,0.000000,0.000000,0.000000,0.000000,0.000000,0.000000,0,0,0,0,0.000000
NORTH_TRANSFER_CSV,endrest_braking,tick,2970,-15.246443,429.899963,-128.371902,1.071360,0.000000,-0.171298,1,1938,0,0,0,0,0,0,1.000000,0,3,3.874510,2571.081546,802.137517,1,1,0,0.000000,0.000000,0.000000,0.000000,0.000000,0.000000,0,0,0,0,0.000000
NORTH_TRANSFER_CSV,endrest_braking,arrived,3011,-15.002315,429.899963,-128.400421,0.135013,0.000000,-0.011423,1,1938,0,0,0,0,0,0,1.000000,0,3,3.874510,2571.081546,802.137517,1,1,0,0.000000,0.000000,0.000000,0.000000,0.000000,0.000000,0,0,0,0,0.000000
NORTH_TRANSFER_CSV,endrest_braking,tick,3060,-14.979980,429.899963,-128.402084,0.005949,0.000000,-0.000503,1,1938,0,0,0,0,0,0,1.000000,0,3,3.874510,2571.081546,802.137517,1,1,0,0.000000,0.000000,0.000000,0.000000,0.000000,0.000000,0,0,0,0,0.000000
NORTH_TRANSFER_CSV,endrest_braking,stable,3101,-14.979026,429.899963,-128.402084,0.000436,0.000000,-0.000037,1,1938,0,0,0,0,0,0,1.000000,0,3,3.874510,2571.081546,802.137517,1,1,0,0.000000,0.000000,0.000000,0.000000,0.000000,0.000000,0,0,0,0,0.000000
NORTH_TRANSFER_CSV,earned_beam_miss_start,begin,3101,-14.979026,429.899963,-128.402084,0.000436,0.000000,-0.000037,1,1938,0,0,0,0,0,0,1.000000,0,3,3.874510,2571.081546,802.137517,1,1,0,0.000000,0.000000,0.000000,0.000000,0.000000,0.000000,0,0,0,0,0.000000
NORTH_TRANSFER_CSV,earned_beam_miss_start,tick,3150,-13.814588,429.899994,-128.401459,4.220456,0.000000,0.003547,1,1938,0,0,0,0,0,0,1.000000,0,3,3.874510,2571.081546,802.137517,1,1,0,0.000000,0.000000,0.000000,0.000000,0.000000,0.000000,0,0,0,0,0.000000
NORTH_TRANSFER_CSV,earned_beam_miss_start,tick,3240,-11.811863,429.899994,-128.400375,-0.951538,0.000000,0.001695,1,1938,0,0,0,0,0,0,1.000000,0,3,3.874510,2571.081546,802.137517,1,1,0,0.000000,0.000000,0.000000,0.000000,0.000000,0.000000,0,0,0,0,0.000000
NORTH_TRANSFER_CSV,earned_beam_miss_start,arrived,3276,-11.999301,429.899994,-128.400375,-0.136582,0.000000,0.001823,1,1938,0,0,0,0,0,0,1.000000,0,3,3.874510,2571.081546,802.137517,1,1,0,0.000000,0.000000,0.000000,0.000000,0.000000,0.000000,0,0,0,0,0.000000
NORTH_TRANSFER_CSV,deliberate_beam_walkoff,begin,3276,-11.999301,429.899994,-128.400375,-0.136582,0.000000,0.001823,1,1938,0,0,0,0,0,0,1.000000,0,3,3.874510,2571.081546,802.137517,1,1,0,0.000000,0.000000,0.000000,0.000000,0.000000,0.000000,0,0,0,0,0.000000
NORTH_TRANSFER_CSV,deliberate_beam_walkoff,actual_beam_support_loss,3308,-12.034929,429.770477,-128.892181,-0.055223,-1.710098,-2.500475,0,0,0,0,0,0,0,0,1.000000,0,3,3.874510,2571.081546,802.137517,0,1,0,0.000000,0.000000,0.000000,0.000000,0.000000,0.000000,0,0,0,0,0.000000
NORTH_TRANSFER_CSV,deliberate_beam_walkoff,tick,3330,-12.044856,429.056030,-129.697128,-0.038166,-4.108101,-3.426976,0,0,0,0,0,0,0,0,1.000000,0,3,3.874510,2571.081546,802.137517,0,0,0,0.000000,0.000000,0.000000,0.000000,0.000000,0.000000,0,0,0,0,0.000000
NORTH_TRANSFER_CSV,deliberate_beam_walkoff,delayed_air_countersteer,3331,-12.045280,429.009644,-129.735214,-0.038166,-4.217101,-3.426976,0,0,0,0,0,0,0,0,1.000000,0,3,3.874510,2571.081546,802.137517,0,0,0,0.000000,0.000000,0.000000,0.000000,0.000000,0.000000,0,0,0,0,0.000000
NORTH_TRANSFER_CSV,deliberate_beam_walkoff,tick,3420,-12.002173,420.029358,-129.366333,-0.052983,-13.918138,0.268881,0,0,0,0,0,0,0,0,1.000000,0,3,3.874510,2571.081546,802.137517,0,0,0,0.000000,0.000000,0.000000,0.000000,0.000000,0.000000,0,0,0,0,0.000000
NORTH_TRANSFER_CSV,deliberate_beam_walkoff,actual418_recovery_impact,3426,-12.000853,419.149994,-129.351044,-0.061069,-0.000000,0.218499,1,51,0,0,0,0,0,0,1.000000,0,4,14.544894,2571.081546,802.137517,1,0,0,0.000000,0.000000,0.000000,0.000000,0.000000,0.000000,0,0,0,0,0.000000
NORTH_TRANSFER_CSV,recovery_braking,begin,3426,-12.000853,419.149994,-129.351044,-0.061069,-0.000000,0.218499,1,51,0,0,0,0,0,0,1.000000,0,4,14.544894,2571.081546,802.137517,1,0,0,0.000000,0.000000,0.000000,0.000000,0.000000,0.000000,0,0,0,0,0.000000
NORTH_TRANSFER_CSV,recovery_braking,arrived,3436,-12.005142,418.850006,-129.332123,-0.021394,0.000000,0.132542,1,51,0,0,0,0,0,0,1.000000,0,4,14.544894,2571.081546,802.137517,1,1,1,0.000000,0.000000,0.000000,0.000000,0.000000,0.000000,0,0,0,0,0.000000
NORTH_TRANSFER_CSV,recovery_braking,tick,3510,-12.008747,419.149994,-129.309738,0.000000,0.000000,0.000000,1,51,0,0,0,0,0,0,1.000000,0,4,14.544894,2571.081546,802.137517,1,0,0,0.000000,0.000000,0.000000,0.000000,0.000000,0.000000,0,0,0,0,0.000000
NORTH_TRANSFER_CSV,recovery_braking,tick,3600,-12.008747,419.149994,-129.309738,0.000000,0.000000,0.000000,1,51,0,0,0,0,0,0,1.000000,0,4,14.544894,2571.081546,802.137517,1,0,0,0.000000,0.000000,0.000000,0.000000,0.000000,0.000000,0,0,0,0,0.000000
NORTH_TRANSFER_CSV,recovery_braking,tick,3690,-12.008747,419.149994,-129.309738,0.000000,0.000000,0.000000,1,51,0,0,0,0,0,0,1.000000,0,4,14.544894,2571.081546,802.137517,1,0,0,0.000000,0.000000,0.000000,0.000000,0.000000,0.000000,0,0,0,0,0.000000
NORTH_TRANSFER_CSV,recovery_braking,stable,3706,-12.008747,419.149994,-129.309738,0.000000,0.000000,0.000000,1,51,0,0,0,0,0,0,1.000000,0,4,14.544894,2571.081546,802.137517,1,0,0,0.000000,0.000000,0.000000,0.000000,0.000000,0.000000,0,0,0,0,0.000000
NORTH_TRANSFER_CSV,recovery_north418_reset_approach,begin,3706,-12.008747,419.149994,-129.309738,0.000000,0.000000,0.000000,1,51,0,0,0,0,0,0,1.000000,0,4,14.544894,2571.081546,802.137517,1,0,0,0.000000,0.000000,0.000000,0.000000,0.000000,0.000000,0,0,0,0,0.000000
NORTH_TRANSFER_CSV,recovery_north418_reset_approach,tick,3780,-14.704097,419.149994,-129.066849,-5.477841,0.000000,0.493205,1,51,0,0,0,0,0,0,1.000000,0,4,14.544894,2571.081546,802.137517,1,0,0,0.000000,0.000000,0.000000,0.000000,0.000000,0.000000,0,0,0,0,0.000000
NORTH_TRANSFER_CSV,recovery_north418_reset_approach,tick,3870,-20.139387,419.149994,-128.577225,-4.647470,0.000000,0.417145,1,51,0,0,0,0,0,0,1.000000,0,4,14.544894,2571.081546,802.137517,1,0,0,0.000000,0.000000,0.000000,0.000000,0.000000,0.000000,0,0,0,0,0.000000
NORTH_TRANSFER_CSV,recovery_north418_reset_approach,tick,3960,-21.088243,419.149994,-128.491959,0.528295,0.000000,-0.027879,1,51,0,0,0,0,0,0,1.000000,0,4,14.544894,2571.081546,802.137517,1,0,0,0.000000,0.000000,0.000000,0.000000,0.000000,0.000000,0,0,0,0,0.000000
NORTH_TRANSFER_CSV,recovery_north418_reset_approach,arrived,3990,-20.998882,419.149994,-128.498718,0.126989,0.000000,0.037792,1,51,0,0,0,0,0,0,1.000000,0,4,14.544894,2571.081546,802.137517,1,0,0,0.000000,0.000000,0.000000,0.000000,0.000000,0.000000,0,0,0,0,0.000000
NORTH_TRANSFER_CSV,north418_band,begin,3990,-20.998882,419.149994,-128.498718,0.126989,0.000000,0.037792,1,51,0,0,0,0,0,0,1.000000,0,4,14.544894,2571.081546,802.137517,1,0,0,0.000000,0.000000,0.000000,0.000000,0.000000,0.000000,0,0,0,0,0.000000
NORTH_TRANSFER_CSV,north418_band,arrived,3990,-20.998882,419.149994,-128.498718,0.126989,0.000000,0.037792,1,51,0,0,0,0,0,0,1.000000,0,4,14.544894,2571.081546,802.137517,1,0,0,0.000000,0.000000,0.000000,0.000000,0.000000,0.000000,0,0,0,0,0.000000
NORTH_TRANSFER_CSV,north418_toe_approach,begin,3990,-20.998882,419.149994,-128.498718,0.126989,0.000000,0.037792,1,51,0,0,0,0,0,0,1.000000,0,4,14.544894,2571.081546,802.137517,1,0,0,0.000000,0.000000,0.000000,0.000000,0.000000,0.000000,0,0,0,0,0.000000
NORTH_TRANSFER_CSV,north418_toe_approach,tick,4050,-19.065729,419.149994,-128.442505,5.496298,0.000000,0.127558,1,51,0,0,0,0,0,0,1.000000,0,4,14.544894,2571.081546,802.137517,1,0,0,0.000000,0.000000,0.000000,0.000000,0.000000,0.000000,0,0,0,0,0.000000
NORTH_TRANSFER_CSV,north418_toe_approach,tick,4140,-13.567083,419.149994,-128.316162,5.498508,0.000000,0.128128,1,51,0,0,0,0,0,0,1.000000,0,4,14.544894,2571.081546,802.137517,1,0,0,0.000000,0.000000,0.000000,0.000000,0.000000,0.000000,0,0,0,0,0.000000
NORTH_TRANSFER_CSV,north418_toe_approach,tick,4230,-8.068426,419.149994,-128.189423,5.498486,0.000000,0.129075,1,51,0,0,0,0,0,0,1.000000,0,4,14.544894,2571.081546,802.137517,1,0,0,0.000000,0.000000,0.000000,0.000000,0.000000,0.000000,0,0,0,0,0.000000
NORTH_TRANSFER_CSV,north418_toe_approach,tick,4320,-2.569939,419.149994,-128.060349,5.498486,0.000000,0.129091,1,51,0,0,0,0,0,0,1.000000,0,4,14.544894,2571.081546,802.137517,1,0,0,0.000000,0.000000,0.000000,0.000000,0.000000,0.000000,0,0,0,0,0.000000
NORTH_TRANSFER_CSV,north418_toe_approach,tick,4410,0.385858,419.149994,-127.990929,-1.000826,0.000000,-0.023611,1,51,0,0,0,0,0,0,1.000000,0,4,14.544894,2571.081546,802.137517,1,0,0,0.000000,0.000000,0.000000,0.000000,0.000000,0.000000,0,0,0,0,0.000000
NORTH_TRANSFER_CSV,north418_toe_approach,arrived,4463,0.008650,419.149994,-127.999519,-0.129571,0.000000,-0.021645,1,51,0,0,0,0,0,0,1.000000,0,4,14.544894,2571.081546,802.137517,1,0,0,0.000000,0.000000,0.000000,0.000000,0.000000,0.000000,0,0,0,0,0.000000
NORTH_TRANSFER_CSV,lower_brace_toe418,begin,4463,0.008650,419.149994,-127.999519,-0.129571,0.000000,-0.021645,1,51,0,0,0,0,0,0,1.000000,0,4,14.544894,2571.081546,802.137517,1,0,0,0.000000,0.000000,0.000000,0.000000,0.000000,0.000000,0,0,0,0,0.000000
NORTH_TRANSFER_CSV,lower_brace_toe418,tick,4500,-0.011246,419.149994,-127.324532,0.047723,0.000000,2.521141,1,51,0,0,0,0,0,0,1.000000,0,4,14.544894,2571.081546,802.137517,1,0,0,0.000000,0.000000,0.000000,0.000000,0.000000,0.000000,0,0,0,0,0.000000
NORTH_TRANSFER_CSV,lower_brace_toe418,arrived,4562,0.000014,419.158142,-126.735031,0.000000,0.000000,0.139505,1,51,0,0,0,0,0,0,1.000000,0,4,14.544894,2571.081546,802.137517,1,0,0,0.000000,0.000000,0.000000,0.000000,0.000000,0.000000,0,0,0,0,0.000000
NORTH_TRANSFER_CSV,lower_brace_ascent429,begin,4562,0.000014,419.158142,-126.735031,0.000000,0.000000,0.139505,1,51,0,0,0,0,0,0,1.000000,0,4,14.544894,2571.081546,802.137517,1,0,0,0.000000,0.000000,0.000000,0.000000,0.000000,0.000000,0,0,0,0,0.000000
NORTH_TRANSFER_CSV,lower_brace_ascent429,tick,4590,-0.147606,419.227905,-126.699974,-0.940619,0.444653,0.087941,1,51,0,0,0,0,0,0,1.000000,0,4,14.544894,2571.081546,802.137517,1,0,0,0.000000,0.000000,0.000000,0.000000,0.000000,0.000000,0,0,0,0,0.000000
NORTH_TRANSFER_CSV,lower_brace_ascent429,tick,4680,-1.973908,420.090942,-126.675858,-2.000000,0.945448,-0.001402,1,51,0,0,0,0,0,0,1.000000,0,4,14.544894,2571.081546,802.137517,1,1,0,0.000000,0.000000,0.000000,0.000000,0.000000,0.000000,0,0,0,0,0.000000
NORTH_TRANSFER_CSV,lower_brace_ascent429,tick,4770,-3.973934,421.035767,-126.678604,-2.000000,0.945448,-0.001485,1,51,0,0,0,0,0,0,1.000000,0,4,14.544894,2571.081546,802.137517,1,1,0,0.000000,0.000000,0.000000,0.000000,0.000000,0.000000,0,0,0,0,0.000000
NORTH_TRANSFER_CSV,lower_brace_ascent429,tick,4860,-5.973961,421.980591,-126.681351,-2.000000,0.945448,-0.001589,1,51,0,0,0,0,0,0,1.000000,0,4,14.544894,2571.081546,802.137517,1,1,0,0.000000,0.000000,0.000000,0.000000,0.000000,0.000000,0,0,0,0,0.000000
NORTH_TRANSFER_CSV,lower_brace_ascent429,tick,4950,-7.973988,422.925415,-126.684097,-2.000000,0.945448,-0.001725,1,51,0,0,0,0,0,0,1.000000,0,4,14.544894,2571.081546,802.137517,1,1,0,0.000000,0.000000,0.000000,0.000000,0.000000,0.000000,0,0,0,0,0.000000
NORTH_TRANSFER_CSV,lower_brace_ascent429,tick,5040,-9.973845,423.870239,-126.686844,-2.000000,0.945448,-0.001908,1,51,0,0,0,0,0,0,1.000000,0,4,14.544894,2571.081546,802.137517,1,1,0,0.000000,0.000000,0.000000,0.000000,0.000000,0.000000,0,0,0,0,0.000000
NORTH_TRANSFER_CSV,lower_brace_ascent429,tick,5130,-11.973700,424.815063,-126.689590,-2.000000,0.945448,-0.002171,1,51,0,0,0,0,0,0,1.000000,0,4,14.544894,2571.081546,802.137517,1,1,0,0.000000,0.000000,0.000000,0.000000,0.000000,0.000000,0,0,0,0,0.000000
NORTH_TRANSFER_CSV,lower_brace_ascent429,tick,5220,-13.973555,425.759888,-126.692337,-2.000000,0.945448,-0.002576,1,51,0,0,0,0,0,0,1.000000,0,4,14.544894,2571.081546,802.137517,1,1,0,0.000000,0.000000,0.000000,0.000000,0.000000,0.000000,0,0,0,0,0.000000
NORTH_TRANSFER_CSV,lower_brace_ascent429,tick,5310,-15.973410,426.704712,-126.695084,-2.000000,0.945448,-0.003287,1,51,0,0,0,0,0,0,1.000000,0,4,14.544894,2571.081546,802.137517,1,1,0,0.000000,0.000000,0.000000,0.000000,0.000000,0.000000,0,0,0,0,0.000000
NORTH_TRANSFER_CSV,lower_brace_ascent429,tick,5400,-17.973604,427.649536,-126.698814,-2.000000,0.945448,-0.004713,1,51,0,0,0,0,0,0,1.000000,0,4,14.544894,2571.081546,802.137517,1,1,0,0.000000,0.000000,0.000000,0.000000,0.000000,0.000000,0,0,0,0,0.000000
NORTH_TRANSFER_CSV,lower_brace_ascent429,tick,5490,-19.973803,428.594360,-126.705276,-2.000000,0.945448,-0.009440,1,51,0,0,0,0,0,0,1.000000,0,4,14.544894,2571.081546,802.137517,1,1,0,0.000000,0.000000,0.000000,0.000000,0.000000,0.000000,0,0,0,0,0.000000
NORTH_TRANSFER_CSV,lower_brace_ascent429,tick,5580,-21.457840,429.295410,-126.718262,-0.305102,0.144229,-0.011020,1,51,0,0,0,0,0,0,1.000000,0,4,14.544894,2571.081546,802.137517,1,1,0,0.000000,0.000000,0.000000,0.000000,0.000000,0.000000,0,0,0,0,0.000000
NORTH_TRANSFER_CSV,lower_brace_ascent429,arrived,5598,-21.503119,429.316833,-126.720459,-0.127688,0.060361,-0.009661,1,51,0,0,0,0,0,0,1.000000,0,4,14.544894,2571.081546,802.137517,1,1,0,0.000000,0.000000,0.000000,0.000000,0.000000,0.000000,0,0,0,0,0.000000
NORTH_TRANSFER_CSV,entry429_inward_jump,begin,5598,-21.503119,429.316833,-126.720459,-0.127688,0.060361,-0.009661,1,51,0,0,0,0,0,0,1.000000,0,4,14.544894,2571.081546,802.137517,1,1,0,0.000000,0.000000,0.000000,0.000000,0.000000,0.000000,0,0,0,0,0.000000
NORTH_TRANSFER_CSV,entry429_inward_jump,tick,5670,-21.502234,430.566711,-128.163757,0.010867,-2.347997,-0.567898,0,0,0,0,0,0,0,0,1.000000,0,4,14.544894,3856.551697,802.137517,0,0,0,0.000000,0.000000,0.000000,0.000000,0.000000,0.000000,0,0,0,0,0.000000
NORTH_TRANSFER_CSV,inward_jump_braking,begin,5688,-21.500841,429.899963,-128.239868,0.012541,-3.669434,-0.308230,1,1938,0,0,0,0,0,0,1.000000,0,5,4.309999,3856.551697,802.137517,1,0,0,0.000000,0.000000,0.000000,0.000000,0.000000,0.000000,0,0,0,0,0.000000
NORTH_TRANSFER_CSV,inward_jump_braking,arrived,5705,-21.499903,429.899963,-128.279984,0.000961,0.000000,-0.132265,1,1938,0,0,0,0,0,0,1.000000,0,5,4.309999,3856.551697,802.137517,1,1,0,0.000000,0.000000,0.000000,0.000000,0.000000,0.000000,0,0,0,0,0.000000
NORTH_TRANSFER_CSV,inward_jump_braking,tick,5760,-21.499781,429.899963,-128.302246,0.000029,0.000000,-0.003977,1,1938,0,0,0,0,0,0,1.000000,0,5,4.309999,3856.551697,802.137517,1,1,0,0.000000,0.000000,0.000000,0.000000,0.000000,0.000000,0,0,0,0,0.000000
NORTH_TRANSFER_CSV,inward_jump_braking,stable,5795,-21.499781,429.899963,-128.302597,0.000003,0.000000,-0.000428,1,1938,0,0,0,0,0,0,1.000000,0,5,4.309999,3856.551697,802.137517,1,1,0,0.000000,0.000000,0.000000,0.000000,0.000000,0.000000,0,0,0,0,0.000000
NORTH_TRANSFER_CSV,rail_jump_runup,begin,5795,-21.499781,429.899963,-128.302597,0.000003,0.000000,-0.000428,1,1938,0,0,0,0,0,0,1.000000,0,5,4.309999,3856.551697,802.137517,1,1,0,0.000000,0.000000,0.000000,0.000000,0.000000,0.000000,0,0,0,0,0.000000
NORTH_TRANSFER_CSV,rail_jump_runup,tick,5850,-20.137953,429.899963,-128.229080,3.003549,0.000000,0.162357,1,1938,0,0,0,0,0,0,1.000000,0,5,4.309999,3856.551697,802.137517,1,1,0,0.000000,0.000000,0.000000,0.000000,0.000000,0.000000,0,0,0,0,0.000000
NORTH_TRANSFER_CSV,rail_jump_runup,arrived,5886,-19.559729,429.899963,-128.197830,0.116892,0.000000,0.006326,1,1938,0,0,0,0,0,0,1.000000,0,5,4.309999,3856.551697,802.137517,1,1,0,0.000000,0.000000,0.000000,0.000000,0.000000,0.000000,0,0,0,0,0.000000
NORTH_TRANSFER_CSV,jump_action_catch1938,begin,5886,-19.559729,429.899963,-128.197830,0.116892,0.000000,0.006326,1,1938,0,0,0,0,0,0,1.000000,0,5,4.309999,3856.551697,802.137517,1,1,0,0.000000,0.000000,0.000000,0.000000,0.000000,0.000000,0,0,0,0,0.000000
NORTH_TRANSFER_CSV,jump_action_catch1938,action_requested,5904,-19.283012,430.749298,-128.197189,2.750000,-0.109000,-0.000000,0,0,0,0,1,1938,0,0,1.000000,0,5,4.309999,5142.174205,802.137517,0,0,0,0.000000,0.000000,0.000000,0.000000,0.000000,0.000000,0,0,0,0,0.000000
NORTH_TRANSFER_CSV,jump_action_catch1938,caught,5905,-19.253439,430.747375,-128.197189,2.604771,-0.208467,-0.000000,0,0,4,1938,0,0,0,2,1.000000,0,5,4.309999,5142.174205,802.193097,0,0,0,-19.000000,431.100006,-127.699997,-19.000000,431.100006,-127.699997,8,8,0,0,0.000000
NORTH_TRANSFER_CSV,finite_rail_regrip,begin,5905,-19.253439,430.747375,-128.197189,2.604771,-0.208467,-0.000000,0,0,4,1938,0,0,0,2,1.000000,0,5,4.309999,5142.174205,802.193097,0,0,0,-19.000000,431.100006,-127.699997,-19.000000,431.100006,-127.699997,8,8,0,0,0.000000
NORTH_TRANSFER_CSV,finite_rail_regrip,tick,5940,-19.145849,430.648010,-128.197189,0.429685,0.342536,-0.000000,0,0,4,1938,0,0,0,2,1.000000,0,5,4.309999,5142.174205,847.755733,0,0,0,-19.000000,431.100006,-127.699997,-19.000000,431.100006,-127.699997,8,8,0,0,0.000000
NORTH_TRANSFER_CSV,finite_rail_regrip,tick,6030,-18.467402,430.663971,-128.197189,0.515387,-0.027020,-0.000000,0,0,4,1938,0,0,0,2,1.000000,0,5,4.309999,5142.174205,1018.609890,0,0,0,-18.447916,431.100006,-127.699997,-18.361452,431.100006,-127.699997,9,9,0,0,0.000000
NORTH_TRANSFER_CSV,finite_rail_regrip,tick,6120,-17.879400,430.666138,-128.197189,0.601637,-0.000662,-0.000000,0,0,4,1938,0,0,0,2,1.000000,0,5,4.309999,5142.174205,1153.346498,0,0,0,-17.892061,431.100006,-127.699997,-17.765787,431.100006,-127.699997,10,10,0,0,0.000000
NORTH_TRANSFER_CSV,finite_rail_regrip,tick,6210,-17.285856,430.666107,-128.197189,0.593398,-0.005095,-0.000000,0,0,4,1938,0,0,0,2,1.000000,0,5,4.309999,5142.174205,1284.736618,0,0,0,-17.338577,431.100006,-127.699997,-17.213020,431.100006,-127.699997,11,11,0,0,0.000000
NORTH_TRANSFER_CSV,finite_rail_regrip,tick,6300,-16.691807,430.666107,-128.197189,0.593273,-0.005006,-0.000000,0,0,4,1938,0,0,0,2,1.000000,0,5,4.309999,5142.174205,1416.661074,0,0,0,-16.783926,431.100006,-127.699997,-16.658581,431.100006,-127.699997,12,12,0,0,0.000000
NORTH_TRANSFER_CSV,finite_rail_regrip,tick,6390,-16.097866,430.666107,-128.197189,0.593306,-0.005005,-0.000000,0,0,4,1938,0,0,0,2,1.000000,0,5,4.309999,5142.174205,1548.566774,0,0,0,-16.229624,431.100006,-127.699997,-16.104235,431.100006,-127.699997,13,13,0,0,0.000000
NORTH_TRANSFER_CSV,finite_rail_regrip,rail_end,6428,-15.847067,430.666107,-128.197189,0.593395,-0.005005,-0.000000,0,0,4,1938,0,0,0,2,1.000000,0,5,4.309999,5142.174205,1604.275035,0,0,0,-15.700001,431.100006,-127.699997,-15.700001,431.100006,-127.699997,14,14,0,0,0.000000
NORTH_TRANSFER_CSV,rail_drop_to_real_endrest,begin,6428,-15.847067,430.666107,-128.197189,0.593395,-0.005005,-0.000000,0,0,4,1938,0,0,0,2,1.000000,0,5,4.309999,5142.174205,1604.275035,0,0,0,-15.700001,431.100006,-127.699997,-15.700001,431.100006,-127.699997,14,14,0,0,0.000000
NORTH_TRANSFER_CSV,rail_drop_to_real_endrest,before_drop,6428,-15.847067,430.666107,-128.197189,0.593395,-0.005005,-0.000000,0,0,4,1938,0,0,0,2,1.000000,0,5,4.309999,5142.174205,1604.275035,0,0,0,-15.700001,431.100006,-127.699997,-15.700001,431.100006,-127.699997,14,14,0,0,0.000000
NORTH_TRANSFER_CSV,rail_drop_to_real_endrest,drop_requested,6428,-15.847067,430.666107,-128.197189,0.593395,-0.005005,-0.000000,0,0,4,1938,0,0,0,2,1.000000,0,5,4.309999,5142.174205,1604.275035,0,0,0,-15.700001,431.100006,-127.699997,-15.700001,431.100006,-127.699997,14,14,0,0,0.000000
NORTH_TRANSFER_CSV,rail_drop_to_real_endrest,drop_first_native_tick,6429,-15.840475,430.665314,-128.197189,0.593395,-0.114005,-0.000000,0,0,0,0,0,0,0,0,1.000000,0,5,4.309999,5142.174205,1604.275035,0,0,0,0.000000,0.000000,0.000000,0.000000,0.000000,0.000000,0,0,0,0,0.000000
NORTH_TRANSFER_CSV,endrest_braking,begin,6464,-15.363981,429.899994,-128.344147,0.632489,0.000000,-0.277303,1,1938,0,0,0,0,0,0,1.000000,0,6,3.874510,5142.174205,1604.275035,1,0,0,0.000000,0.000000,0.000000,0.000000,0.000000,0.000000,0,0,0,0,0.000000
NORTH_TRANSFER_CSV,endrest_braking,tick,6480,-15.189286,429.899963,-128.379807,0.966142,0.000000,-0.130671,1,1938,0,0,0,0,0,0,1.000000,0,6,3.874510,5142.174205,1604.275035,1,1,0,0.000000,0.000000,0.000000,0.000000,0.000000,0.000000,0,0,0,0,0.000000
NORTH_TRANSFER_CSV,endrest_braking,arrived,6516,-15.002295,429.899963,-128.400391,0.134738,0.000000,-0.011793,1,1938,0,0,0,0,0,0,1.000000,0,6,3.874510,5142.174205,1604.275035,1,1,0,0.000000,0.000000,0.000000,0.000000,0.000000,0.000000,0,0,0,0,0.000000
NORTH_TRANSFER_CSV,endrest_braking,tick,6570,-14.979725,429.899963,-128.402115,0.004318,0.000000,-0.000378,1,1938,0,0,0,0,0,0,1.000000,0,6,3.874510,5142.174205,1604.275035,1,1,0,0.000000,0.000000,0.000000,0.000000,0.000000,0.000000,0,0,0,0,0.000000
NORTH_TRANSFER_CSV,endrest_braking,stable,6606,-14.979054,429.899963,-128.402115,0.000436,0.000000,-0.000038,1,1938,0,0,0,0,0,0,1.000000,0,6,3.874510,5142.174205,1604.275035,1,1,0,0.000000,0.000000,0.000000,0.000000,0.000000,0.000000,0,0,0,0,0.000000
NORTH_TRANSFER_CSV,narrow_balance,begin,6606,-14.979054,429.899963,-128.402115,0.000436,0.000000,-0.000038,1,1938,0,0,0,0,0,0,1.000000,0,6,3.874510,5142.174205,1604.275035,1,1,0,0.000000,0.000000,0.000000,0.000000,0.000000,0.000000,0,0,0,0,0.000000
NORTH_TRANSFER_CSV,narrow_balance,tick,6660,-13.569476,429.899994,-128.402115,4.569495,-0.000000,0.002405,1,1938,0,0,0,0,0,0,1.000000,0,6,3.874510,5142.174205,1604.275035,1,1,0,0.000000,0.000000,0.000000,0.000000,0.000000,0.000000,0,0,0,0,0.000000
NORTH_TRANSFER_CSV,narrow_balance,tick,6750,-9.482701,429.899994,-128.400543,1.068548,0.000000,0.002151,1,1938,0,0,0,0,0,0,1.000000,0,6,3.874510,5142.174205,1604.275035,1,1,0,0.000000,0.000000,0.000000,0.000000,0.000000,0.000000,0,0,0,0,0.000000
NORTH_TRANSFER_CSV,pocket_approach,begin,6828,-9.980582,429.899506,-128.400543,-0.140601,-0.005235,0.002117,1,1938,0,0,0,0,0,0,1.000000,0,6,3.874510,5142.174205,1604.275035,1,1,0,0.000000,0.000000,0.000000,0.000000,0.000000,0.000000,0,0,0,0,0.000000
NORTH_TRANSFER_CSV,pocket_approach,tick,6840,-9.931008,429.899994,-128.400543,0.874294,0.000000,0.002139,1,1938,0,0,0,0,0,0,1.000000,0,6,3.874510,5142.174205,1604.275035,1,1,0,0.000000,0.000000,0.000000,0.000000,0.000000,0.000000,0,0,0,0,0.000000
NORTH_TRANSFER_CSV,pocket_approach,arrived,6893,-9.486180,429.899994,-128.400543,0.132625,0.000000,0.002429,1,1938,0,0,0,0,0,0,1.000000,0,6,3.874510,5142.174205,1604.275035,1,1,0,0.000000,0.000000,0.000000,0.000000,0.000000,0.000000,0,0,0,0,0.000000
NORTH_TRANSFER_CSV,sheltered_crouch_pocket,begin,6893,-9.486180,429.899994,-128.400543,0.132625,0.000000,0.002429,1,1938,0,0,0,0,0,0,1.000000,0,6,3.874510,5142.174205,1604.275035,1,1,0,0.000000,0.000000,0.000000,0.000000,0.000000,0.000000,0,0,0,0,0.000000
NORTH_TRANSFER_CSV,sheltered_crouch_pocket,tick,6930,-9.481155,429.598785,-128.939560,-0.051458,0.000000,-1.796912,1,1938,0,0,0,0,0,0,1.000000,0,6,3.874510,5142.174205,1604.275035,1,1,1,0.000000,0.000000,0.000000,0.000000,0.000000,0.000000,0,0,0,0,0.000000
NORTH_TRANSFER_CSV,sheltered_crouch_pocket,arrived,6997,-9.500340,429.599976,-129.515091,-0.005572,0.000000,-0.136648,1,1938,0,0,0,0,0,0,1.000000,0,6,3.874510,5142.174205,1604.275035,1,1,1,0.000000,0.000000,0.000000,0.000000,0.000000,0.000000,0,0,0,0,0.000000
NORTH_TRANSFER_CSV,sheltered_crouch_pocket,tick,7020,-9.501081,429.599976,-129.533295,-0.001287,0.000000,-0.031562,1,1938,0,0,0,0,0,0,1.000000,0,6,3.874510,5142.174205,1604.275035,1,1,1,0.000000,0.000000,0.000000,0.000000,0.000000,0.000000,0,0,0,0,0.000000
NORTH_TRANSFER_CSV,sheltered_crouch_pocket,blocked_stand,7027,-9.501163,429.599976,-129.535263,-0.000824,0.000000,-0.020205,1,1938,0,0,0,0,0,0,1.000000,0,6,3.874510,5142.174205,1604.275035,1,1,1,0.000000,0.000000,0.000000,0.000000,0.000000,0.000000,0,0,0,0,0.000000
NORTH_TRANSFER_CSV,pocket_exit,begin,7027,-9.501163,429.599976,-129.535263,-0.000824,0.000000,-0.020205,1,1938,0,0,0,0,0,0,1.000000,0,6,3.874510,5142.174205,1604.275035,1,1,1,0.000000,0.000000,0.000000,0.000000,0.000000,0.000000,0,0,0,0,0.000000
NORTH_TRANSFER_CSV,pocket_exit,tick,7110,-9.500059,429.600006,-128.428329,0.000482,0.000000,0.357378,1,1938,0,0,0,0,0,0,1.000000,0,6,3.874510,5142.174205,1604.275035,1,1,1,0.000000,0.000000,0.000000,0.000000,0.000000,0.000000,0,0,0,0,0.000000
NORTH_TRANSFER_CSV,pocket_exit,arrived,7127,-9.499994,429.600006,-128.384659,0.000227,-0.001739,0.139622,1,1938,0,0,0,0,0,0,1.000000,0,6,3.874510,5142.174205,1604.275035,1,1,1,0.000000,0.000000,0.000000,0.000000,0.000000,0.000000,0,0,0,0,0.000000
NORTH_TRANSFER_CSV,offset_gap_runup,begin,7172,-9.499978,429.899963,-128.361938,0.000013,0.000000,0.007208,1,1938,0,0,0,0,0,0,1.000000,0,6,3.874510,5142.174205,1604.275035,1,1,0,0.000000,0.000000,0.000000,0.000000,0.000000,0.000000,0,0,0,0,0.000000
NORTH_TRANSFER_CSV,offset_gap_runup,tick,7200,-9.881855,429.899872,-128.373703,-2.435092,0.000000,-0.062683,1,1938,0,0,0,0,0,0,1.000000,0,6,3.874510,5142.174205,1604.275035,1,1,0,0.000000,0.000000,0.000000,0.000000,0.000000,0.000000,0,0,0,0,0.000000
NORTH_TRANSFER_CSV,offset_gap_runup,arrived,7265,-11.008856,429.899048,-128.400284,-0.139818,0.000000,-0.003105,1,1938,0,0,0,0,0,0,1.000000,0,6,3.874510,5142.174205,1604.275035,1,1,0,0.000000,0.000000,0.000000,0.000000,0.000000,0.000000,0,0,0,0,0.000000
NORTH_TRANSFER_CSV,supported_run_jump,begin,7265,-11.008856,429.899048,-128.400284,-0.139818,0.000000,-0.003105,1,1938,0,0,0,0,0,0,1.000000,0,6,3.874510,5142.174205,1604.275035,1,1,0,0.000000,0.000000,0.000000,0.000000,0.000000,0.000000,0,0,0,0,0.000000
NORTH_TRANSFER_CSV,supported_run_jump,tick,7290,-10.741881,429.899048,-128.400726,2.040184,0.000000,-0.001905,1,1938,0,0,0,0,0,0,1.000000,0,6,3.874510,5142.174205,1604.275035,1,1,0,0.000000,0.000000,0.000000,0.000000,0.000000,0.000000,0,0,0,0,0.000000
NORTH_TRANSFER_CSV,offset_gap_free_flight,begin,7336,-8.750875,429.899780,-128.400726,5.163728,0.000000,-0.000195,1,1938,0,0,0,0,0,0,1.000000,0,6,3.874510,5142.174205,1604.275035,1,1,0,0.000000,0.000000,0.000000,0.000000,0.000000,0.000000,0,0,0,0,0.000000
NORTH_TRANSFER_CSV,offset_gap_free_flight,tick,7380,-6.118494,431.409607,-128.836853,5.410884,0.703999,-0.986066,0,0,0,0,0,0,0,0,1.000000,0,6,3.874510,6427.796712,1604.275035,0,0,0,0.000000,0.000000,0.000000,0.000000,0.000000,0.000000,0,0,0,0,0.000000
NORTH_TRANSFER_CSV,offset_receiver_braking,begin,7437,-4.523431,429.899994,-129.127472,0.591400,0.000000,-0.106228,1,1938,0,0,0,0,0,0,1.000000,0,7,5.481746,6427.796712,1604.275035,1,0,0,0.000000,0.000000,0.000000,0.000000,0.000000,0.000000,0,0,0,0,0.000000
NORTH_TRANSFER_CSV,offset_receiver_braking,arrived,7466,-4.416877,429.899963,-129.146866,0.135585,0.000000,-0.025062,1,1938,0,0,0,0,0,0,1.000000,0,7,5.481746,6427.796712,1604.275035,1,1,0,0.000000,0.000000,0.000000,0.000000,0.000000,0.000000,0,0,0,0,0.000000
NORTH_TRANSFER_CSV,offset_receiver_braking,tick,7470,-4.411599,429.899963,-129.147842,0.105081,0.000000,-0.019424,1,1938,0,0,0,0,0,0,1.000000,0,7,5.481746,6427.796712,1604.275035,1,1,0,0.000000,0.000000,0.000000,0.000000,0.000000,0.000000,0,0,0,0,0.000000
NORTH_TRANSFER_CSV,offset_receiver_braking,stable,7556,-4.393487,429.899963,-129.150833,0.000438,0.000000,-0.000081,1,1938,0,0,0,0,0,0,1.000000,0,7,5.481746,6427.796712,1604.275035,1,1,0,0.000000,0.000000,0.000000,0.000000,0.000000,0.000000,0,0,0,0,0.000000
NORTH_TRANSFER_CSV,429_onward_to_upper_toe,begin,7556,-4.393487,429.899963,-129.150833,0.000438,0.000000,-0.000081,1,1938,0,0,0,0,0,0,1.000000,0,7,5.481746,6427.796712,1604.275035,1,1,0,0.000000,0.000000,0.000000,0.000000,0.000000,0.000000,0,0,0,0,0.000000
NORTH_TRANSFER_CSV,429_onward_to_upper_toe,tick,7560,-4.385231,429.899963,-129.150833,0.349238,0.000000,-0.000009,1,1938,0,0,0,0,0,0,1.000000,0,7,5.481746,6427.796712,1604.275035,1,1,0,0.000000,0.000000,0.000000,0.000000,0.000000,0.000000,0,0,0,0,0.000000
NORTH_TRANSFER_CSV,429_onward_to_upper_toe,tick,7650,-0.735758,429.897308,-129.146805,4.554183,-0.217654,0.053086,1,1938,0,0,0,0,0,0,1.000000,0,7,5.481746,6427.796712,1604.275035,0,1,0,0.000000,0.000000,0.000000,0.000000,0.000000,0.000000,0,0,0,0,0.000000
NORTH_TRANSFER_CSV,429_onward_to_upper_toe,tick,7740,0.267922,429.896149,-129.433624,-1.389971,1.007088,0.681600,0,0,0,0,0,0,0,0,1.000000,0,8,0.000000,6570.309362,1604.275035,0,0,0,0.000000,0.000000,0.000000,0.000000,0.000000,0.000000,0,0,0,0,0.000000
NORTH_TRANSFER_CSV,429_onward_to_upper_toe,arrived,7801,-0.061540,429.898834,-129.129318,-0.067367,0.008798,0.115792,1,1938,0,0,0,0,0,0,1.000000,0,9,1.316004,6570.309362,1604.275035,0,1,0,0.000000,0.000000,0.000000,0.000000,0.000000,0.000000,0,0,0,0,0.000000
NORTH_TRANSFER_CSV,upper_brace_toe429,begin,7801,-0.061540,429.898834,-129.129318,-0.067367,0.008798,0.115792,1,1938,0,0,0,0,0,0,1.000000,0,9,1.316004,6570.309362,1604.275035,0,1,0,0.000000,0.000000,0.000000,0.000000,0.000000,0.000000,0,0,0,0,0.000000
NORTH_TRANSFER_CSV,upper_brace_toe429,tick,7830,-0.061402,429.899963,-128.691986,0.072041,0.000000,2.605778,1,1938,0,0,0,0,0,0,1.000000,0,9,1.316004,6570.309362,1604.275035,1,1,0,0.000000,0.000000,0.000000,0.000000,0.000000,0.000000,0,0,0,0,0.000000
NORTH_TRANSFER_CSV,upper_brace_toe429,tick,7920,0.000019,430.161926,-127.184616,0.000335,-0.000162,0.116572,1,51,0,0,0,0,0,0,1.000000,0,10,0.544618,6784.219197,1604.275035,0,0,0,0.000000,0.000000,0.000000,0.000000,0.000000,0.000000,0,0,0,0,0.000000
NORTH_TRANSFER_CSV,upper_brace_toe429,arrived,7920,0.000019,430.161926,-127.184616,0.000335,-0.000162,0.116572,1,51,0,0,0,0,0,0,1.000000,0,10,0.544618,6784.219197,1604.275035,0,0,0,0.000000,0.000000,0.000000,0.000000,0.000000,0.000000,0,0,0,0,0.000000
NORTH_TRANSFER_CSV,upper_brace_ascent440,begin,7920,0.000019,430.161926,-127.184616,0.000335,-0.000162,0.116572,1,51,0,0,0,0,0,0,1.000000,0,10,0.544618,6784.219197,1604.275035,0,0,0,0.000000,0.000000,0.000000,0.000000,0.000000,0.000000,0,0,0,0,0.000000
NORTH_TRANSFER_CSV,upper_brace_ascent440,tick,8010,-1.299963,430.788544,-127.143517,-1.995875,0.961597,-0.001122,1,51,0,0,0,0,0,0,1.000000,0,10,0.544618,6784.219197,1604.275035,1,1,0,0.000000,0.000000,0.000000,0.000000,0.000000,0.000000,0,0,0,0,0.000000
NORTH_TRANSFER_CSV,upper_brace_ascent440,tick,8100,-3.300014,431.752594,-127.143517,-2.005044,0.953127,-0.001258,1,51,0,0,0,0,0,0,1.000000,0,10,0.544618,6784.219197,1604.275035,1,1,0,0.000000,0.000000,0.000000,0.000000,0.000000,0.000000,0,0,0,0,0.000000
NORTH_TRANSFER_CSV,upper_brace_ascent440,tick,8190,-5.359112,432.745148,-127.144875,-1.999609,0.962279,-0.001391,1,51,0,0,0,0,0,0,1.000000,0,10,0.544618,6784.219197,1604.275035,1,1,0,0.000000,0.000000,0.000000,0.000000,0.000000,0.000000,0,0,0,0,0.000000
NORTH_TRANSFER_CSV,upper_brace_ascent440,tick,8280,-7.359092,433.709167,-127.147621,-1.999764,0.963099,-0.001505,1,51,0,0,0,0,0,0,1.000000,0,10,0.544618,6784.219197,1604.275035,1,1,0,0.000000,0.000000,0.000000,0.000000,0.000000,0.000000,0,0,0,0,0.000000
NORTH_TRANSFER_CSV,upper_brace_ascent440,tick,8370,-9.418514,434.701843,-127.150688,-1.999655,0.963874,-0.001656,1,51,0,0,0,0,0,0,1.000000,0,10,0.544618,6784.219197,1604.275035,1,1,0,0.000000,0.000000,0.000000,0.000000,0.000000,0.000000,0,0,0,0,0.000000
NORTH_TRANSFER_CSV,upper_brace_ascent440,tick,8460,-11.418179,435.665710,-127.153435,-1.995494,0.960710,-0.001887,1,51,0,0,0,0,0,0,1.000000,0,10,0.544618,6784.219197,1604.275035,1,1,0,0.000000,0.000000,0.000000,0.000000,0.000000,0.000000,0,0,0,0,0.000000
NORTH_TRANSFER_CSV,upper_brace_ascent440,tick,8550,-13.476537,436.657898,-127.156715,-1.995939,0.961587,-0.002243,1,51,0,0,0,0,0,0,1.000000,0,10,0.544618,6784.219197,1604.275035,1,1,0,0.000000,0.000000,0.000000,0.000000,0.000000,0.000000,0,0,0,0,0.000000
NORTH_TRANSFER_CSV,upper_brace_ascent440,tick,8640,-15.559432,437.661835,-127.160812,-2.374523,1.144568,-0.008990,1,51,0,0,0,0,0,0,1.000000,0,10,0.544618,6784.219197,1604.275035,1,0,0,0.000000,0.000000,0.000000,0.000000,0.000000,0.000000,0,0,0,0,0.000000
NORTH_TRANSFER_CSV,upper_brace_ascent440,tick,8730,-17.606075,438.648407,-127.164864,-2.005044,0.952837,-0.004627,1,51,0,0,0,0,0,0,1.000000,0,10,0.544618,6784.219197,1604.275035,1,1,0,0.000000,0.000000,0.000000,0.000000,0.000000,0.000000,0,0,0,0,0.000000
NORTH_TRANSFER_CSV,upper_brace_ascent440,tick,8820,-19.645443,439.631409,-127.174812,-1.529175,0.737093,-0.008497,1,51,0,0,0,0,0,0,1.000000,0,10,0.544618,6784.219197,1604.275035,1,1,0,0.000000,0.000000,0.000000,0.000000,0.000000,0.000000,0,0,0,0,0.000000
NORTH_TRANSFER_CSV,upper_brace_ascent440,arrived,8873,-19.999763,439.802185,-127.178947,-0.139287,0.067139,-0.006032,1,51,0,0,0,0,0,0,1.000000,0,10,0.544618,6784.219197,1604.275035,1,1,0,0.000000,0.000000,0.000000,0.000000,0.000000,0.000000,0,0,0,0,0.000000
NORTH_TRANSFER_CSV,actual440_floor_jump,begin,8873,-19.999763,439.802185,-127.178947,-0.139287,0.067139,-0.006032,1,51,0,0,0,0,0,0,1.000000,0,10,0.544618,6784.219197,1604.275035,1,1,0,0.000000,0.000000,0.000000,0.000000,0.000000,0.000000,0,0,0,0,0.000000
NORTH_TRANSFER_CSV,actual440_floor_jump,tick,8910,-20.021858,441.231018,-127.562378,0.024603,1.472852,-2.733881,0,0,0,0,0,0,0,0,1.000000,0,10,0.544618,8069.652642,1604.275035,0,0,0,0.000000,0.000000,0.000000,0.000000,0.000000,0.000000,0,0,0,0,0.000000
NORTH_TRANSFER_CSV,inward_jump_braking,begin,8941,-20.006845,441.151672,-128.577866,0.024044,-1.906150,-1.626292,1,51,0,0,0,0,0,0,1.000000,0,11,1.906150,8069.652642,1604.275035,1,0,0,0.000000,0.000000,0.000000,0.000000,0.000000,0.000000,0,0,0,0,0.000000
NORTH_TRANSFER_CSV,inward_jump_braking,arrived,8988,-20.000414,441.149994,-128.976089,0.002195,0.000000,-0.125097,1,51,0,0,0,0,0,0,1.000000,0,11,1.906150,8069.652642,1604.275035,1,0,0,0.000000,0.000000,0.000000,0.000000,0.000000,0.000000,0,0,0,0,0.000000
NORTH_TRANSFER_CSV,inward_jump_braking,tick,9000,-20.000399,441.149994,-128.976959,0.000000,0.000000,0.000000,1,51,0,0,0,0,0,0,1.000000,0,11,1.906150,8069.652642,1604.275035,1,0,0,0.000000,0.000000,0.000000,0.000000,0.000000,0.000000,0,0,0,0,0.000000
NORTH_TRANSFER_CSV,inward_jump_braking,stable,9078,-20.000399,441.149994,-128.976959,0.000000,0.000000,0.000000,1,51,0,0,0,0,0,0,1.000000,0,11,1.906150,8069.652642,1604.275035,1,0,0,0.000000,0.000000,0.000000,0.000000,0.000000,0.000000,0,0,0,0,0.000000
NORTH_TRANSFER_CSV,onward440_west_roof,begin,9078,-20.000399,441.149994,-128.976959,0.000000,0.000000,0.000000,1,51,0,0,0,0,0,0,1.000000,0,11,1.906150,8069.652642,1604.275035,1,0,0,0.000000,0.000000,0.000000,0.000000,0.000000,0.000000,0,0,0,0,0.000000
NORTH_TRANSFER_CSV,onward440_west_roof,tick,9090,-20.000399,441.149994,-129.052612,0.000034,0.000000,-1.111800,1,51,0,0,0,0,0,0,1.000000,0,11,1.906150,8069.652642,1604.275035,1,0,0,0.000000,0.000000,0.000000,0.000000,0.000000,0.000000,0,0,0,0,0.000000
NORTH_TRANSFER_CSV,onward440_west_roof,tick,9180,-20.000399,441.149994,-133.394073,0.000253,0.000000,-5.499999,1,51,0,0,0,0,0,0,1.000000,0,11,1.906150,8069.652642,1604.275035,1,0,0,0.000000,0.000000,0.000000,0.000000,0.000000,0.000000,0,0,0,0,0.000000
NORTH_TRANSFER_CSV,onward440_west_roof,tick,9270,-20.000193,441.149994,-138.892731,0.000343,0.000000,-5.499999,1,51,0,0,0,0,0,0,1.000000,0,11,1.906150,8069.652642,1604.275035,1,0,0,0.000000,0.000000,0.000000,0.000000,0.000000,0.000000,0,0,0,0,0.000000
NORTH_TRANSFER_CSV,onward440_west_roof,tick,9360,-20.000082,441.149994,-142.405762,0.000343,0.000000,0.244300,1,51,0,0,0,0,0,0,1.000000,0,11,1.906150,8069.652642,1604.275035,1,0,0,0.000000,0.000000,0.000000,0.000000,0.000000,0.000000,0,0,0,0,0.000000
NORTH_TRANSFER_CSV,onward440_west_roof,arrived,9420,-20.000000,441.149994,-142.011414,-0.000512,0.000000,0.126432,1,51,0,0,0,0,0,0,1.000000,0,11,1.906150,8069.652642,1604.275035,1,0,0,0.000000,0.000000,0.000000,0.000000,0.000000,0.000000,0,0,0,0,0.000000
NORTH_TRANSFER_CSV,onward440_west_roof,tick,9450,-20.000002,441.149994,-142.010498,0.000000,0.000000,0.000000,1,51,0,0,0,0,0,0,1.000000,0,11,1.906150,8069.652642,1604.275035,1,0,0,0.000000,0.000000,0.000000,0.000000,0.000000,0.000000,0,0,0,0,0.000000
NORTH_TRANSFER_CSV,onward440_west_roof,stable,9510,-20.000002,441.149994,-142.010498,0.000000,0.000000,0.000000,1,51,0,0,0,0,0,0,1.000000,0,11,1.906150,8069.652642,1604.275035,1,0,0,0.000000,0.000000,0.000000,0.000000,0.000000,0.000000,0,0,0,0,0.000000
PASS NORTH_TRANSFER mode=miss-retry ordinary_inputs_only=1 initial_staging_only=1 full_route=1 rail_regrip=1 real_hand_to_foot_transfer=1 balance=1 low_clearance=1 offset_gap_jump=1 stable_onward_contact=1 gravity=1 deaths=0 miss_retry=1
