PLANK_PLAYER,steel_start,tick,tick=90,x=-8.800000191,y=407.899993896,z=-128.199996948,vx=0.000000000,vy=0.000000000,vz=0.000000000,grounded=1,support=1935,board_centre_y=406.979019165,gravity=1.000000000,deaths=0,landings=1,jump_work_j=0.000000000,foot_active=0,foot_support=0,foot_command_j=0.000000000,foot_stroke_m=0.000000000,foot_peak_n=0.000000000,peak_strength_ratio=0.021765860,broken_mask=0
PLANK_PLAYER,steel_start,tick,tick=180,x=-8.800000191,y=407.899993896,z=-128.199996948,vx=0.000000000,vy=0.000000000,vz=0.000000000,grounded=1,support=1935,board_centre_y=406.979019165,gravity=1.000000000,deaths=0,landings=1,jump_work_j=0.000000000,foot_active=0,foot_support=0,foot_command_j=0.000000000,foot_stroke_m=0.000000000,foot_peak_n=0.000000000,peak_strength_ratio=0.021765860,broken_mask=0
PLANK_PLAYER,steel_start,tick,tick=270,x=-8.800000191,y=407.899993896,z=-128.199996948,vx=0.000000000,vy=0.000000000,vz=0.000000000,grounded=1,support=1935,board_centre_y=406.979019165,gravity=1.000000000,deaths=0,landings=1,jump_work_j=0.000000000,foot_active=0,foot_support=0,foot_command_j=0.000000000,foot_stroke_m=0.000000000,foot_peak_n=0.000000000,peak_strength_ratio=0.021765860,broken_mask=0
PLANK_PLAYER,steel_start,tick,tick=360,x=-8.800000191,y=407.899993896,z=-128.199996948,vx=0.000000000,vy=0.000000000,vz=0.000000000,grounded=1,support=1935,board_centre_y=406.979019165,gravity=1.000000000,deaths=0,landings=1,jump_work_j=0.000000000,foot_active=0,foot_support=0,foot_command_j=0.000000000,foot_stroke_m=0.000000000,foot_peak_n=0.000000000,peak_strength_ratio=0.021765860,broken_mask=0
PLANK_NATIVE_POSE,steel_start,gravity_only_baseline,entity=2880,body_index=219,x=-7.900000095,y=406.980712891,z=-128.199996948,qx=-0.000000002,qy=-0.000000000,qz=-0.001308111,qw=0.999999166,vx=0.000001804,vy=0.000689288,vz=0.000000000
PLANK_NATIVE_POSE,steel_start,gravity_only_baseline,entity=2881,body_index=220,x=-7.700000763,y=406.980224609,z=-128.199996948,qx=-0.000000002,qy=-0.000000000,qz=-0.001203569,qw=0.999999285,vx=0.000019432,vy=0.001709515,vz=0.000000000
PLANK_NATIVE_POSE,steel_start,gravity_only_baseline,entity=2882,body_index=221,x=-7.500001431,y=406.979736328,z=-128.199996948,qx=-0.000000001,qy=-0.000000000,qz=-0.001007900,qw=0.999999523,vx=0.000006673,vy=0.002089206,vz=0.000000001
PLANK_NATIVE_POSE,steel_start,gravity_only_baseline,entity=2883,body_index=222,x=-7.300001621,y=406.979400635,z=-128.199996948,qx=-0.000000001,qy=-0.000000000,qz=-0.000763807,qw=0.999999762,vx=0.000018476,vy=0.002162170,vz=0.000000002
PLANK_NATIVE_POSE,steel_start,gravity_only_baseline,entity=2884,body_index=223,x=-7.100001335,y=406.979125977,z=-128.199996948,qx=-0.000000000,qy=-0.000000000,qz=-0.000473707,qw=0.999999940,vx=0.000009718,vy=0.002188221,vz=-0.000000003
PLANK_NATIVE_POSE,steel_start,gravity_only_baseline,entity=2885,body_index=224,x=-6.900001526,y=406.979034424,z=-128.199996948,qx=0.000000001,qy=0.000000001,qz=-0.000156837,qw=1.000000000,vx=0.000015195,vy=0.002186792,vz=0.000000032
PLANK_NATIVE_POSE,steel_start,gravity_only_baseline,entity=2886,body_index=225,x=-6.700001240,y=406.979003906,z=-128.199996948,qx=-0.000000001,qy=-0.000000001,qz=0.000168899,qw=1.000000000,vx=0.000013382,vy=0.002187458,vz=0.000000036
PLANK_NATIVE_POSE,steel_start,gravity_only_baseline,entity=2887,body_index=226,x=-6.500001431,y=406.979156494,z=-128.199996948,qx=0.000000002,qy=0.000000001,qz=0.000529316,qw=0.999999881,vx=0.000012941,vy=0.000543045,vz=0.000000000
PLANK_NATIVE_POSE,steel_start,gravity_only_baseline,entity=2888,body_index=227,x=-6.300001621,y=406.979400635,z=-128.199996948,qx=0.000000002,qy=0.000000001,qz=0.000689642,qw=0.999999762,vx=0.000009484,vy=0.002156217,vz=0.000000000
PLANK_NATIVE_POSE,steel_start,gravity_only_baseline,entity=2889,body_index=228,x=-6.100001335,y=406.979766846,z=-128.199996948,qx=0.000000003,qy=0.000000001,qz=0.001150033,qw=0.999999404,vx=-0.000064799,vy=0.000532338,vz=0.000000000
PLANK_NATIVE_POSE,steel_start,gravity_only_baseline,entity=2890,body_index=229,x=-5.900002003,y=406.980224609,z=-128.199996948,qx=0.000000004,qy=0.000000002,qz=0.001137002,qw=0.999999344,vx=-0.000058152,vy=-0.001861339,vz=-0.000000000
PLANK_NATIVE_POSE,steel_start,gravity_only_baseline,entity=2891,body_index=230,x=-5.700003147,y=406.980712891,z=-128.199996948,qx=0.000000004,qy=0.000000002,qz=0.001317533,qw=0.999999166,vx=-0.000062557,vy=0.000314939,vz=-0.000000000
PLANK_PLAYER,walk_left_seams_to_centre,begin,tick=360,x=-8.800000191,y=407.899993896,z=-128.199996948,vx=0.000000000,vy=0.000000000,vz=0.000000000,grounded=1,support=1935,board_centre_y=406.979019165,gravity=1.000000000,deaths=0,landings=1,jump_work_j=0.000000000,foot_active=0,foot_support=0,foot_command_j=0.000000000,foot_stroke_m=0.000000000,foot_peak_n=0.000000000,peak_strength_ratio=0.021765860,broken_mask=0
PLANK_WALKED_SEAM,index=0,native_x=-7.800015326,support=2880,tick=406
PLANK_WALKED_SEAM,index=1,native_x=-7.600177390,support=2882,tick=411
PLANK_WALKED_SEAM,index=2,native_x=-7.400294222,support=2883,tick=416
PLANK_WALKED_SEAM,index=3,native_x=-7.200420246,support=2884,tick=422
PLANK_WALKED_SEAM,index=4,native_x=-7.000577292,support=2885,tick=430
PLANK_WALKED_SEAM,index=5,native_x=-6.800543972,support=2886,tick=440
PLANK_PLAYER,walk_left_seams_to_centre,tick,tick=450,x=-6.707807064,y=407.870544434,z=-128.199996948,vx=0.407847106,vy=0.016928898,vz=-0.000012668,grounded=1,support=2887,board_centre_y=406.951934814,gravity=1.000000000,deaths=0,landings=1,jump_work_j=0.000000000,foot_active=0,foot_support=0,foot_command_j=0.000000000,foot_stroke_m=0.000000000,foot_peak_n=0.000000000,peak_strength_ratio=0.293072701,broken_mask=0
PLANK_PLAYER,walk_left_seams_to_centre,arrived,tick=504,x=-6.790660381,y=407.865600586,z=-128.199996948,vx=-0.093622178,vy=0.019553211,vz=-0.000014449,grounded=1,support=2885,board_centre_y=406.947158813,gravity=1.000000000,deaths=0,landings=1,jump_work_j=0.000000000,foot_active=0,foot_support=0,foot_command_j=0.000000000,foot_stroke_m=0.000000000,foot_peak_n=0.000000000,peak_strength_ratio=0.300295025,broken_mask=0
PLANK_PLAYER,real85kg_standing_load,begin,tick=504,x=-6.790660381,y=407.865600586,z=-128.199996948,vx=-0.093622178,vy=0.019553211,vz=-0.000014449,grounded=1,support=2885,board_centre_y=406.947158813,gravity=1.000000000,deaths=0,landings=1,jump_work_j=0.000000000,foot_active=0,foot_support=0,foot_command_j=0.000000000,foot_stroke_m=0.000000000,foot_peak_n=0.000000000,peak_strength_ratio=0.300295025,broken_mask=0
PLANK_PLAYER,real85kg_standing_load,tick,tick=540,x=-6.818706036,y=407.866699219,z=-128.199996948,vx=-0.026707208,vy=0.031990569,vz=-0.000001453,grounded=1,support=2885,board_centre_y=406.948348999,gravity=1.000000000,deaths=0,landings=1,jump_work_j=0.000000000,foot_active=0,foot_support=0,foot_command_j=0.000000000,foot_stroke_m=0.000000000,foot_peak_n=0.000000000,peak_strength_ratio=0.300295025,broken_mask=0
PLANK_PLAYER,real85kg_standing_load,tick,tick=630,x=-6.809819221,y=407.864318848,z=-128.199996948,vx=-0.007713641,vy=-0.002620588,vz=-0.000000005,grounded=1,support=2885,board_centre_y=406.946823120,gravity=1.000000000,deaths=0,landings=1,jump_work_j=0.000000000,foot_active=0,foot_support=0,foot_command_j=0.000000000,foot_stroke_m=0.000000000,foot_peak_n=0.000000000,peak_strength_ratio=0.301631749,broken_mask=0
PLANK_PLAYER,real85kg_standing_load,tick,tick=720,x=-6.801360130,y=407.866668701,z=-128.199996948,vx=0.003699972,vy=-0.031865723,vz=-0.000000001,grounded=1,support=2885,board_centre_y=406.948791504,gravity=1.000000000,deaths=0,landings=1,jump_work_j=0.000000000,foot_active=0,foot_support=0,foot_command_j=0.000000000,foot_stroke_m=0.000000000,foot_peak_n=0.000000000,peak_strength_ratio=0.301631749,broken_mask=0
PLANK_PLAYER,real85kg_standing_load,tick,tick=810,x=-6.798283577,y=407.868530273,z=-128.199996948,vx=-0.021555254,vy=-0.004947099,vz=-0.000000000,grounded=1,support=2886,board_centre_y=406.950363159,gravity=1.000000000,deaths=0,landings=1,jump_work_j=0.000000000,foot_active=0,foot_support=0,foot_command_j=0.000000000,foot_stroke_m=0.000000000,foot_peak_n=0.000000000,peak_strength_ratio=0.302197784,broken_mask=0
PLANK_PLAYER_LOAD,extra_sag_m=0.031295776,native_player_mass_kg=85,point_load_reference_m=0.03114
PLANK_NATIVE_POSE,real85kg_standing_load,real_standing_load,entity=2880,body_index=219,x=-7.900088310,y=406.976776123,z=-128.199996948,qx=0.000000018,qy=-0.000000000,qz=-0.021168722,qw=0.999775946,vx=0.000225440,vy=0.005316546,vz=-0.000000000
PLANK_NATIVE_POSE,real85kg_standing_load,real_standing_load,entity=2881,body_index=220,x=-7.700259209,y=406.968536377,z=-128.199996948,qx=0.000000017,qy=-0.000000001,qz=-0.019722428,qw=0.999805510,vx=0.000383983,vy=0.006753270,vz=-0.000000001
PLANK_NATIVE_POSE,real85kg_standing_load,real_standing_load,entity=2882,body_index=221,x=-7.500395298,y=406.961151123,z=-128.199996948,qx=0.000000016,qy=-0.000000001,qz=-0.017663486,qw=0.999844015,vx=0.000346237,vy=0.009546141,vz=-0.000000001
PLANK_NATIVE_POSE,real85kg_standing_load,real_standing_load,entity=2883,body_index=222,x=-7.300498962,y=406.954742432,z=-128.199996948,qx=0.000000014,qy=-0.000000001,qz=-0.013802173,qw=0.999904752,vx=0.000683345,vy=0.015603364,vz=-0.000000002
PLANK_NATIVE_POSE,real85kg_standing_load,real_standing_load,entity=2884,body_index=223,x=-7.100550652,y=406.950286865,z=-128.199996948,qx=0.000000013,qy=-0.000000001,qz=-0.009200115,qw=0.999957681,vx=0.000882604,vy=0.017494513,vz=-0.000000003
PLANK_NATIVE_POSE,real85kg_standing_load,real_standing_load,entity=2885,body_index=224,x=-6.900572300,y=406.947631836,z=-128.199996948,qx=0.000000012,qy=-0.000000001,qz=-0.003379460,qw=0.999994278,vx=0.000972037,vy=0.022843279,vz=-0.000000003
PLANK_NATIVE_POSE,real85kg_standing_load,real_standing_load,entity=2886,body_index=225,x=-6.700575829,y=406.947814941,z=-128.199996948,qx=0.000000011,qy=-0.000000000,qz=0.003596685,qw=0.999993563,vx=0.000982699,vy=0.022711705,vz=-0.000000002
PLANK_NATIVE_POSE,real85kg_standing_load,real_standing_load,entity=2887,body_index=226,x=-6.500595093,y=406.950256348,z=-128.199996948,qx=0.000000010,qy=0.000000000,qz=0.009228394,qw=0.999957502,vx=0.001053046,vy=0.021166766,vz=-0.000000001
PLANK_NATIVE_POSE,real85kg_standing_load,real_standing_load,entity=2888,body_index=227,x=-6.300653458,y=406.955017090,z=-128.199996948,qx=0.000000009,qy=0.000000001,qz=0.013964280,qw=0.999902546,vx=0.001024532,vy=0.017226072,vz=-0.000000001
PLANK_NATIVE_POSE,real85kg_standing_load,real_standing_load,entity=2889,body_index=228,x=-6.100749493,y=406.961181641,z=-128.199996948,qx=0.000000009,qy=0.000000002,qz=0.017437374,qw=0.999848008,vx=0.001307984,vy=0.008608486,vz=-0.000000001
PLANK_NATIVE_POSE,real85kg_standing_load,real_standing_load,entity=2890,body_index=229,x=-5.900890827,y=406.968719482,z=-128.199996948,qx=0.000000008,qy=0.000000003,qz=0.019637249,qw=0.999807239,vx=0.001316735,vy=0.006713530,vz=-0.000000001
PLANK_NATIVE_POSE,real85kg_standing_load,real_standing_load,entity=2891,body_index=230,x=-5.701053143,y=406.976715088,z=-128.199996948,qx=0.000000008,qy=0.000000005,qz=0.021048229,qw=0.999778509,vx=0.001724722,vy=0.004064644,vz=-0.000000000
PLANK_PLAYER,ordinary_centre_jump,begin,tick=864,x=-6.811156750,y=407.865936279,z=-128.199996948,vx=-0.027569862,vy=0.025571417,vz=-0.000000037,grounded=1,support=2885,board_centre_y=406.947723389,gravity=1.000000000,deaths=0,landings=1,jump_work_j=0.000000000,foot_active=0,foot_support=0,foot_command_j=0.000000000,foot_stroke_m=0.000000000,foot_peak_n=0.000000000,peak_strength_ratio=0.302266508,broken_mask=0
PLANK_PLAYER,ordinary_centre_jump,actual_free_flight,tick=871,x=-6.811553955,y=407.874359131,z=-128.199996948,vx=0.014131070,vy=0.300767422,vz=-0.000007653,grounded=0,support=0,board_centre_y=406.922485352,gravity=1.000000000,deaths=0,landings=1,jump_work_j=0.000000000,foot_active=1,foot_support=2885,foot_command_j=326.666355133,foot_stroke_m=0.093333244,foot_peak_n=1561.582519531,peak_strength_ratio=0.527481675,broken_mask=0
PLANK_NATIVE_POSE,ordinary_centre_jump,jump_board_motion,entity=2880,body_index=219,x=-7.900273323,y=406.973663330,z=-128.199996948,qx=0.000000019,qy=-0.000000001,qz=-0.037027638,qw=0.999314308,vx=-0.004752146,vy=-0.065663181,vz=-0.000000000
PLANK_NATIVE_POSE,ordinary_centre_jump,jump_board_motion,entity=2881,body_index=220,x=-7.700790882,y=406.959075928,z=-128.199996948,qx=0.000000018,qy=-0.000000002,qz=-0.035131488,qw=0.999382794,vx=-0.015608974,vy=-0.184424818,vz=0.000000001
PLANK_NATIVE_POSE,ordinary_centre_jump,jump_board_motion,entity=2882,body_index=221,x=-7.501233578,y=406.946075439,z=-128.199996948,qx=0.000000016,qy=-0.000000002,qz=-0.030603150,qw=0.999531686,vx=-0.018665165,vy=-0.295294762,vz=0.000000002
PLANK_NATIVE_POSE,ordinary_centre_jump,jump_board_motion,entity=2883,body_index=222,x=-7.301543236,y=406.934936523,z=-128.199996948,qx=0.000000015,qy=-0.000000002,qz=-0.024612596,qw=0.999697089,vx=-0.024846757,vy=-0.389039338,vz=0.000000005
PLANK_NATIVE_POSE,ordinary_centre_jump,jump_board_motion,entity=2884,body_index=223,x=-7.101709843,y=406.926879883,z=-128.199996948,qx=0.000000014,qy=-0.000000002,qz=-0.016169269,qw=0.999869347,vx=-0.028050447,vy=-0.453167975,vz=0.000000007
PLANK_NATIVE_POSE,ordinary_centre_jump,jump_board_motion,entity=2885,body_index=224,x=-6.901772499,y=406.922393799,z=-128.199996948,qx=0.000000013,qy=-0.000000001,qz=-0.005733890,qw=0.999983549,vx=-0.029013321,vy=-0.493814528,vz=0.000000005
PLANK_NATIVE_POSE,ordinary_centre_jump,jump_board_motion,entity=2886,body_index=225,x=-6.701785564,y=406.922576904,z=-128.199996948,qx=0.000000012,qy=0.000000000,qz=0.006174107,qw=0.999980986,vx=-0.029154070,vy=-0.491953433,vz=0.000000003
PLANK_NATIVE_POSE,ordinary_centre_jump,jump_board_motion,entity=2887,body_index=226,x=-6.501845360,y=406.926971436,z=-128.199996948,qx=0.000000010,qy=0.000000001,qz=0.016370295,qw=0.999866068,vx=-0.030079065,vy=-0.450317353,vz=0.000000004
PLANK_NATIVE_POSE,ordinary_centre_jump,jump_board_motion,entity=2888,body_index=227,x=-6.302022934,y=406.935272217,z=-128.199996948,qx=0.000000009,qy=0.000000002,qz=0.024505178,qw=0.999699712,vx=-0.032959081,vy=-0.383895099,vz=0.000000003
PLANK_NATIVE_POSE,ordinary_centre_jump,jump_board_motion,entity=2889,body_index=228,x=-6.102324009,y=406.946166992,z=-128.199996948,qx=0.000000009,qy=0.000000003,qz=0.030598456,qw=0.999531806,vx=-0.037997641,vy=-0.291829348,vz=0.000000002
PLANK_NATIVE_POSE,ordinary_centre_jump,jump_board_motion,entity=2890,body_index=229,x=-5.902759552,y=406.959350586,z=-128.199996948,qx=0.000000008,qy=0.000000004,qz=0.034822863,qw=0.999393523,vx=-0.044777021,vy=-0.181654558,vz=0.000000001
PLANK_NATIVE_POSE,ordinary_centre_jump,jump_board_motion,entity=2891,body_index=230,x=-5.703264236,y=406.973571777,z=-128.199996948,qx=0.000000008,qy=0.000000005,qz=0.036875177,qw=0.999319911,vx=-0.053032842,vy=-0.062133249,vz=-0.000000000
PLANK_PLAYER,ordinary_centre_jump,tick,tick=900,x=-6.802301407,y=408.289245605,z=-128.199996948,vx=0.093371332,vy=0.552558243,vz=-0.000027378,grounded=0,support=0,board_centre_y=406.977203369,gravity=1.000000000,deaths=0,landings=1,jump_work_j=0.000000000,foot_active=0,foot_support=2885,foot_command_j=1049.998998642,foot_stroke_m=0.299999714,foot_peak_n=1972.574951172,peak_strength_ratio=0.663777113,broken_mask=0
PLANK_PLAYER_JUMP,board_motion_m=0.051086426,foot_command_work_bound_j=1049.998998642,instant_jump_work_delta_j=0.000000000
PLANK_PLAYER,actual_timber_landing_braking,begin,tick=931,x=-6.799560547,y=407.893157959,z=-128.199996948,vx=-0.073875487,vy=-2.746145964,vz=-0.000004615,grounded=1,support=2885,board_centre_y=406.974517822,gravity=1.000000000,deaths=0,landings=2,jump_work_j=0.000000000,foot_active=0,foot_support=2885,foot_command_j=1049.998998642,foot_stroke_m=0.299999714,foot_peak_n=1972.574951172,peak_strength_ratio=0.663777113,broken_mask=0
PLANK_PLAYER,actual_timber_landing_braking,arrived,tick=931,x=-6.799560547,y=407.893157959,z=-128.199996948,vx=-0.073875487,vy=-2.746145964,vz=-0.000004615,grounded=1,support=2885,board_centre_y=406.974517822,gravity=1.000000000,deaths=0,landings=2,jump_work_j=0.000000000,foot_active=0,foot_support=2885,foot_command_j=1049.998998642,foot_stroke_m=0.299999714,foot_peak_n=1972.574951172,peak_strength_ratio=0.663777113,broken_mask=0
PLANK_NATIVE_POSE,actual_timber_landing_braking,actual_timber_landing,entity=2880,body_index=219,x=-7.900000572,y=406.980438232,z=-128.199996948,qx=0.000000027,qy=-0.000000000,qz=-0.003061851,qw=0.999995351,vx=-0.000271872,vy=-0.131582975,vz=-0.000000000
PLANK_NATIVE_POSE,actual_timber_landing_braking,actual_timber_landing,entity=2881,body_index=220,x=-7.700003624,y=406.979034424,z=-128.199996948,qx=0.000000025,qy=-0.000000001,qz=-0.003233499,qw=0.999994814,vx=-0.001087987,vy=-0.401159346,vz=-0.000000006
PLANK_NATIVE_POSE,actual_timber_landing_braking,actual_timber_landing,entity=2882,body_index=221,x=-7.500005245,y=406.977874756,z=-128.199996948,qx=0.000000024,qy=-0.000000001,qz=-0.003181764,qw=0.999994993,vx=-0.001579030,vy=-0.707044780,vz=-0.000000017
PLANK_NATIVE_POSE,actual_timber_landing_braking,actual_timber_landing,entity=2883,body_index=222,x=-7.300007820,y=406.976470947,z=-128.199996948,qx=0.000000022,qy=-0.000000001,qz=-0.003287798,qw=0.999994636,vx=-0.002219903,vy=-1.053602338,vz=-0.000000032
PLANK_NATIVE_POSE,actual_timber_landing_braking,actual_timber_landing,entity=2884,body_index=223,x=-7.100008011,y=406.975372314,z=-128.199996948,qx=0.000000020,qy=-0.000000001,qz=-0.002701123,qw=0.999996364,vx=-0.002498735,vy=-1.390655756,vz=-0.000000046
PLANK_NATIVE_POSE,actual_timber_landing_braking,actual_timber_landing,entity=2885,body_index=224,x=-6.900008678,y=406.974487305,z=-128.199996948,qx=0.000000019,qy=-0.000000001,qz=-0.001323906,qw=0.999999166,vx=-0.002592104,vy=-1.628556609,vz=-0.000000055
PLANK_NATIVE_POSE,actual_timber_landing_braking,actual_timber_landing,entity=2886,body_index=225,x=-6.700007915,y=406.974548340,z=-128.199996948,qx=0.000000017,qy=-0.000000000,qz=0.001368887,qw=0.999999106,vx=-0.002517313,vy=-1.647221565,vz=-0.000000057
PLANK_NATIVE_POSE,actual_timber_landing_braking,actual_timber_landing,entity=2887,body_index=226,x=-6.500008583,y=406.975250244,z=-128.199996948,qx=0.000000015,qy=0.000000000,qz=0.002677007,qw=0.999996483,vx=-0.002805902,vy=-1.391461968,vz=-0.000000045
PLANK_NATIVE_POSE,actual_timber_landing_braking,actual_timber_landing,entity=2888,body_index=227,x=-6.300010681,y=406.976562500,z=-128.199996948,qx=0.000000014,qy=0.000000001,qz=0.003369607,qw=0.999994338,vx=-0.003429975,vy=-1.054927230,vz=-0.000000030
PLANK_NATIVE_POSE,actual_timber_landing_braking,actual_timber_landing,entity=2889,body_index=228,x=-6.100011349,y=406.977783203,z=-128.199996948,qx=0.000000012,qy=0.000000002,qz=0.003272470,qw=0.999994636,vx=-0.003850208,vy=-0.716015518,vz=-0.000000017
PLANK_NATIVE_POSE,actual_timber_landing_braking,actual_timber_landing,entity=2890,body_index=229,x=-5.900013924,y=406.979156494,z=-128.199996948,qx=0.000000010,qy=0.000000004,qz=0.003254799,qw=0.999994755,vx=-0.004679507,vy=-0.409631580,vz=-0.000000007
PLANK_NATIVE_POSE,actual_timber_landing_braking,actual_timber_landing,entity=2891,body_index=230,x=-5.700016499,y=406.980346680,z=-128.199996948,qx=0.000000009,qy=0.000000006,qz=0.003019620,qw=0.999995470,vx=-0.005232988,vy=-0.134197474,vz=-0.000000001
PLANK_PLAYER,walk_remaining_seams_to_right_steel,begin,tick=931,x=-6.799560547,y=407.893157959,z=-128.199996948,vx=-0.073875487,vy=-2.746145964,vz=-0.000004615,grounded=1,support=2885,board_centre_y=406.974517822,gravity=1.000000000,deaths=0,landings=2,jump_work_j=0.000000000,foot_active=0,foot_support=2885,foot_command_j=1049.998998642,foot_stroke_m=0.299999714,foot_peak_n=1972.574951172,peak_strength_ratio=0.663777113,broken_mask=0
PLANK_PLAYER,walk_remaining_seams_to_right_steel,failure,tick=963,x=-6.267779827,y=406.674194336,z=-128.199996948,vx=2.660781622,vy=-4.655892849,vz=0.000193902,grounded=0,support=0,board_centre_y=405.389678955,gravity=1.000000000,deaths=0,landings=4,jump_work_j=0.000000000,foot_active=0,foot_support=2885,foot_command_j=1049.998998642,foot_stroke_m=0.299999714,foot_peak_n=1972.574951172,peak_strength_ratio=1.067939043,broken_mask=32
PLANK_NATIVE_POSE,walk_remaining_seams_to_right_steel,failure,entity=2880,body_index=219,x=-7.982620239,y=406.882446289,z=-128.199996948,qx=-0.000000465,qy=-0.000000735,qz=-0.642710745,qw=0.766108990,vx=-0.511669397,vy=-0.098008342,vz=0.000016789
PLANK_NATIVE_POSE,walk_remaining_seams_to_right_steel,failure,entity=2881,body_index=220,x=-7.947794437,y=406.685455322,z=-128.199996948,qx=-0.000002030,qy=-0.000002611,qz=-0.642604768,qw=0.766197860,vx=-1.544035912,vy=-0.277434498,vz=0.000327264
PLANK_NATIVE_POSE,walk_remaining_seams_to_right_steel,failure,entity=2882,body_index=221,x=-7.912991047,y=406.488464355,z=-128.199996948,qx=0.000007353,qy=0.000008607,qz=-0.642672837,qw=0.766140819,vx=-2.575512648,vy=-0.469559520,vz=0.000741304
PLANK_NATIVE_POSE,walk_remaining_seams_to_right_steel,failure,entity=2883,body_index=222,x=-7.878185749,y=406.291473389,z=-128.199996948,qx=-0.000025410,qy=-0.000030445,qz=-0.642652094,qw=0.766158164,vx=-3.605477333,vy=-0.654927790,vz=0.000114924
PLANK_NATIVE_POSE,walk_remaining_seams_to_right_steel,failure,entity=2884,body_index=223,x=-7.843387127,y=406.094482422,z=-128.199981689,qx=-0.000023099,qy=-0.000027683,qz=-0.642659426,qw=0.766152024,vx=-4.635138035,vy=-0.840505064,vz=-0.001465408
PLANK_NATIVE_POSE,walk_remaining_seams_to_right_steel,failure,entity=2885,body_index=224,x=-7.808582783,y=405.897521973,z=-128.199981689,qx=0.000008745,qy=0.000010254,qz=-0.642639935,qw=0.766168416,vx=-5.665245533,vy=-1.025998831,vz=-0.002065751
PLANK_NATIVE_POSE,walk_remaining_seams_to_right_steel,failure,entity=2886,body_index=225,x=-6.141759396,y=404.881835938,z=-128.199996948,qx=-0.000115981,qy=-0.000143906,qz=0.634963453,qw=0.772542238,vx=3.348355055,vy=-10.389259338,vz=-0.001581302
PLANK_NATIVE_POSE,walk_remaining_seams_to_right_steel,failure,entity=2887,body_index=226,x=-6.103032112,y=405.078063965,z=-128.199996948,qx=-0.000116017,qy=-0.000143862,qz=0.634974837,qw=0.772532821,vx=2.994069576,vy=-10.311567307,vz=-0.001362606
PLANK_NATIVE_POSE,walk_remaining_seams_to_right_steel,failure,entity=2888,body_index=227,x=-6.064306259,y=405.274322510,z=-128.199996948,qx=-0.000115982,qy=-0.000143903,qz=0.634973645,qw=0.772533774,vx=2.639586210,vy=-10.233746529,vz=-0.001143970
PLANK_NATIVE_POSE,walk_remaining_seams_to_right_steel,failure,entity=2889,body_index=228,x=-6.025578499,y=405.470550537,z=-128.199996948,qx=-0.000115981,qy=-0.000143905,qz=0.634963453,qw=0.772542179,vx=2.284826994,vy=-10.155920029,vz=-0.000929660
PLANK_NATIVE_POSE,walk_remaining_seams_to_right_steel,failure,entity=2890,body_index=229,x=-5.986851692,y=405.666778564,z=-128.199996948,qx=-0.000115981,qy=-0.000143903,qz=0.634966612,qw=0.772539616,vx=1.930004954,vy=-10.078046799,vz=-0.000715338
PLANK_NATIVE_POSE,walk_remaining_seams_to_right_steel,failure,entity=2891,body_index=230,x=-5.948123932,y=405.863006592,z=-128.199996948,qx=-0.000115946,qy=-0.000143944,qz=0.634964585,qw=0.772541344,vx=1.575362206,vy=-10.000261307,vz=-0.000505195
FAIL DEFORMABLE_PLANK_PLAYER phase=walk_remaining_seams_to_right_steel reason=ordinary gravity and same life without assisted traversal
