PLANK_PLAYER,steel_start,tick,tick=90,x=-8.800000191,y=407.899993896,z=-128.199996948,vx=0.000000000,vy=0.000000000,vz=0.000000000,grounded=1,support=1935,board_centre_y=406.979019165,gravity=1.000000000,deaths=0,landings=1,jump_work_j=0.000000000,foot_active=0,foot_support=0,foot_command_j=0.000000000,foot_stroke_m=0.000000000,foot_peak_n=0.000000000,peak_strength_ratio=0.021765860,broken_mask=0
PLANK_PLAYER,steel_start,tick,tick=180,x=-8.800000191,y=407.899993896,z=-128.199996948,vx=0.000000000,vy=0.000000000,vz=0.000000000,grounded=1,support=1935,board_centre_y=406.979019165,gravity=1.000000000,deaths=0,landings=1,jump_work_j=0.000000000,foot_active=0,foot_support=0,foot_command_j=0.000000000,foot_stroke_m=0.000000000,foot_peak_n=0.000000000,peak_strength_ratio=0.021765860,broken_mask=0
PLANK_PLAYER,steel_start,tick,tick=270,x=-8.800000191,y=407.899993896,z=-128.199996948,vx=0.000000000,vy=0.000000000,vz=0.000000000,grounded=1,support=1935,board_centre_y=406.979019165,gravity=1.000000000,deaths=0,landings=1,jump_work_j=0.000000000,foot_active=0,foot_support=0,foot_command_j=0.000000000,foot_stroke_m=0.000000000,foot_peak_n=0.000000000,peak_strength_ratio=0.021765860,broken_mask=0
PLANK_PLAYER,steel_start,tick,tick=360,x=-8.800000191,y=407.899993896,z=-128.199996948,vx=0.000000000,vy=0.000000000,vz=0.000000000,grounded=1,support=1935,board_centre_y=406.979019165,gravity=1.000000000,deaths=0,landings=1,jump_work_j=0.000000000,foot_active=0,foot_support=0,foot_command_j=0.000000000,foot_stroke_m=0.000000000,foot_peak_n=0.000000000,peak_strength_ratio=0.021765860,broken_mask=0
PLANK_NATIVE_POSE,steel_start,gravity_only_baseline,entity=2880,body_index=219,x=-7.900000095,y=406.980712891,z=-128.199996948,qx=-0.000000002,qy=-0.000000000,qz=-0.001308111,qw=0.999999166,vx=0.000001804,vy=0.000689288,vz=0.000000000
PLANK_NATIVE_POSE,steel_start,gravity_only_baseline,entity=2881,body_index=220,x=-7.700000763,y=406.980224609,z=-128.199996948,qx=-0.000000002,qy=-0.000000000,qz=-0.001203569,qw=0.999999285,vx=0.000019432,vy=0.001709515,vz=0.000000000
PLANK_NATIVE_POSE,steel_start,gravity_only_baseline,entity=2882,body_index=221,x=-7.500001431,y=406.979736328,z=-128.199996948,qx=-0.000000001,qy=-0.000000000,qz=-0.001007900,qw=0.999999523,vx=0.000006673,vy=0.002089206,vz=0.000000001
PLANK_NATIVE_POSE,steel_start,gravity_only_baseline,entity=2883,body_index=222,x=-7.300001621,y=406.979400635,z=-128.199996948,qx=-0.000000001,qy=-0.000000000,qz=-0.000763807,qw=0.999999762,vx=0.000018476,vy=0.002162170,vz=0.000000002
PLANK_NATIVE_POSE,steel_start,gravity_only_baseline,entity=2884,body_index=223,x=-7.100001335,y=406.979125977,z=-128.199996948,qx=-0.000000000,qy=-0.000000000,qz=-0.000473707,qw=0.999999940,vx=0.000009718,vy=0.002188221,vz=-0.000000003
PLANK_NATIVE_POSE,steel_start,gravity_only_baseline,entity=2885,body_index=224,x=-6.900001526,y=406.979034424,z=-128.199996948,qx=0.000000001,qy=0.000000001,qz=-0.000156837,qw=1.000000000,vx=0.000015195,vy=0.002186792,vz=0.000000032
PLANK_NATIVE_POSE,steel_start,gravity_only_baseline,entity=2886,body_index=225,x=-6.700001240,y=406.979003906,z=-128.199996948,qx=-0.000000001,qy=-0.000000001,qz=0.000168899,qw=1.000000000,vx=0.000013382,vy=0.002187458,vz=0.000000036
PLANK_NATIVE_POSE,steel_start,gravity_only_baseline,entity=2887,body_index=226,x=-6.500001431,y=406.979156494,z=-128.199996948,qx=0.000000002,qy=0.000000001,qz=0.000529316,qw=0.999999881,vx=0.000012941,vy=0.000543045,vz=0.000000000
PLANK_NATIVE_POSE,steel_start,gravity_only_baseline,entity=2888,body_index=227,x=-6.300001621,y=406.979400635,z=-128.199996948,qx=0.000000002,qy=0.000000001,qz=0.000689642,qw=0.999999762,vx=0.000009484,vy=0.002156217,vz=0.000000000
PLANK_NATIVE_POSE,steel_start,gravity_only_baseline,entity=2889,body_index=228,x=-6.100001335,y=406.979766846,z=-128.199996948,qx=0.000000003,qy=0.000000001,qz=0.001150033,qw=0.999999404,vx=-0.000064799,vy=0.000532338,vz=0.000000000
PLANK_NATIVE_POSE,steel_start,gravity_only_baseline,entity=2890,body_index=229,x=-5.900002003,y=406.980224609,z=-128.199996948,qx=0.000000004,qy=0.000000002,qz=0.001137002,qw=0.999999344,vx=-0.000058152,vy=-0.001861339,vz=-0.000000000
PLANK_NATIVE_POSE,steel_start,gravity_only_baseline,entity=2891,body_index=230,x=-5.700003147,y=406.980712891,z=-128.199996948,qx=0.000000004,qy=0.000000002,qz=0.001317533,qw=0.999999166,vx=-0.000062557,vy=0.000314939,vz=-0.000000000
PLANK_PLAYER,walk_left_seams_to_centre,begin,tick=360,x=-8.800000191,y=407.899993896,z=-128.199996948,vx=0.000000000,vy=0.000000000,vz=0.000000000,grounded=1,support=1935,board_centre_y=406.979019165,gravity=1.000000000,deaths=0,landings=1,jump_work_j=0.000000000,foot_active=0,foot_support=0,foot_command_j=0.000000000,foot_stroke_m=0.000000000,foot_peak_n=0.000000000,peak_strength_ratio=0.021765860,broken_mask=0
PLANK_WALKED_SEAM,index=0,native_x=-7.800015326,support=2880,tick=406
PLANK_WALKED_SEAM,index=1,native_x=-7.600177390,support=2882,tick=411
PLANK_WALKED_SEAM,index=2,native_x=-7.400294222,support=2883,tick=416
PLANK_WALKED_SEAM,index=3,native_x=-7.200420246,support=2884,tick=422
PLANK_WALKED_SEAM,index=4,native_x=-7.000577292,support=2885,tick=430
PLANK_WALKED_SEAM,index=5,native_x=-6.800543972,support=2886,tick=440
PLANK_PLAYER,walk_left_seams_to_centre,tick,tick=450,x=-6.707807064,y=407.870544434,z=-128.199996948,vx=0.407847106,vy=0.016928898,vz=-0.000012668,grounded=1,support=2887,board_centre_y=406.951934814,gravity=1.000000000,deaths=0,landings=1,jump_work_j=0.000000000,foot_active=0,foot_support=0,foot_command_j=0.000000000,foot_stroke_m=0.000000000,foot_peak_n=0.000000000,peak_strength_ratio=0.293072701,broken_mask=0
PLANK_PLAYER,walk_left_seams_to_centre,arrived,tick=504,x=-6.790660381,y=407.865600586,z=-128.199996948,vx=-0.093622178,vy=0.019553211,vz=-0.000014449,grounded=1,support=2885,board_centre_y=406.947158813,gravity=1.000000000,deaths=0,landings=1,jump_work_j=0.000000000,foot_active=0,foot_support=0,foot_command_j=0.000000000,foot_stroke_m=0.000000000,foot_peak_n=0.000000000,peak_strength_ratio=0.300295025,broken_mask=0
PLANK_PLAYER,real85kg_standing_load,begin,tick=504,x=-6.790660381,y=407.865600586,z=-128.199996948,vx=-0.093622178,vy=0.019553211,vz=-0.000014449,grounded=1,support=2885,board_centre_y=406.947158813,gravity=1.000000000,deaths=0,landings=1,jump_work_j=0.000000000,foot_active=0,foot_support=0,foot_command_j=0.000000000,foot_stroke_m=0.000000000,foot_peak_n=0.000000000,peak_strength_ratio=0.300295025,broken_mask=0
PLANK_PLAYER,real85kg_standing_load,tick,tick=540,x=-6.818706036,y=407.866699219,z=-128.199996948,vx=-0.026707208,vy=0.031990569,vz=-0.000001453,grounded=1,support=2885,board_centre_y=406.948348999,gravity=1.000000000,deaths=0,landings=1,jump_work_j=0.000000000,foot_active=0,foot_support=0,foot_command_j=0.000000000,foot_stroke_m=0.000000000,foot_peak_n=0.000000000,peak_strength_ratio=0.300295025,broken_mask=0
PLANK_PLAYER,real85kg_standing_load,tick,tick=630,x=-6.809819221,y=407.864318848,z=-128.199996948,vx=-0.007713641,vy=-0.002620588,vz=-0.000000005,grounded=1,support=2885,board_centre_y=406.946823120,gravity=1.000000000,deaths=0,landings=1,jump_work_j=0.000000000,foot_active=0,foot_support=0,foot_command_j=0.000000000,foot_stroke_m=0.000000000,foot_peak_n=0.000000000,peak_strength_ratio=0.301631749,broken_mask=0
PLANK_PLAYER,real85kg_standing_load,tick,tick=720,x=-6.801360130,y=407.866668701,z=-128.199996948,vx=0.003699972,vy=-0.031865723,vz=-0.000000001,grounded=1,support=2885,board_centre_y=406.948791504,gravity=1.000000000,deaths=0,landings=1,jump_work_j=0.000000000,foot_active=0,foot_support=0,foot_command_j=0.000000000,foot_stroke_m=0.000000000,foot_peak_n=0.000000000,peak_strength_ratio=0.301631749,broken_mask=0
PLANK_PLAYER,real85kg_standing_load,tick,tick=810,x=-6.798283577,y=407.868530273,z=-128.199996948,vx=-0.021555254,vy=-0.004947099,vz=-0.000000000,grounded=1,support=2886,board_centre_y=406.950363159,gravity=1.000000000,deaths=0,landings=1,jump_work_j=0.000000000,foot_active=0,foot_support=0,foot_command_j=0.000000000,foot_stroke_m=0.000000000,foot_peak_n=0.000000000,peak_strength_ratio=0.302197784,broken_mask=0
PLANK_PLAYER_LOAD,extra_sag_m=0.031295776,native_player_mass_kg=85,point_load_reference_m=0.03114
PLANK_NATIVE_POSE,real85kg_standing_load,real_standing_load,entity=2880,body_index=219,x=-7.900088310,y=406.976776123,z=-128.199996948,qx=0.000000018,qy=-0.000000000,qz=-0.021168722,qw=0.999775946,vx=0.000225440,vy=0.005316546,vz=-0.000000000
PLANK_NATIVE_POSE,real85kg_standing_load,real_standing_load,entity=2881,body_index=220,x=-7.700259209,y=406.968536377,z=-128.199996948,qx=0.000000017,qy=-0.000000001,qz=-0.019722428,qw=0.999805510,vx=0.000383983,vy=0.006753270,vz=-0.000000001
PLANK_NATIVE_POSE,real85kg_standing_load,real_standing_load,entity=2882,body_index=221,x=-7.500395298,y=406.961151123,z=-128.199996948,qx=0.000000016,qy=-0.000000001,qz=-0.017663486,qw=0.999844015,vx=0.000346237,vy=0.009546141,vz=-0.000000001
PLANK_NATIVE_POSE,real85kg_standing_load,real_standing_load,entity=2883,body_index=222,x=-7.300498962,y=406.954742432,z=-128.199996948,qx=0.000000014,qy=-0.000000001,qz=-0.013802173,qw=0.999904752,vx=0.000683345,vy=0.015603364,vz=-0.000000002
PLANK_NATIVE_POSE,real85kg_standing_load,real_standing_load,entity=2884,body_index=223,x=-7.100550652,y=406.950286865,z=-128.199996948,qx=0.000000013,qy=-0.000000001,qz=-0.009200115,qw=0.999957681,vx=0.000882604,vy=0.017494513,vz=-0.000000003
PLANK_NATIVE_POSE,real85kg_standing_load,real_standing_load,entity=2885,body_index=224,x=-6.900572300,y=406.947631836,z=-128.199996948,qx=0.000000012,qy=-0.000000001,qz=-0.003379460,qw=0.999994278,vx=0.000972037,vy=0.022843279,vz=-0.000000003
PLANK_NATIVE_POSE,real85kg_standing_load,real_standing_load,entity=2886,body_index=225,x=-6.700575829,y=406.947814941,z=-128.199996948,qx=0.000000011,qy=-0.000000000,qz=0.003596685,qw=0.999993563,vx=0.000982699,vy=0.022711705,vz=-0.000000002
PLANK_NATIVE_POSE,real85kg_standing_load,real_standing_load,entity=2887,body_index=226,x=-6.500595093,y=406.950256348,z=-128.199996948,qx=0.000000010,qy=0.000000000,qz=0.009228394,qw=0.999957502,vx=0.001053046,vy=0.021166766,vz=-0.000000001
PLANK_NATIVE_POSE,real85kg_standing_load,real_standing_load,entity=2888,body_index=227,x=-6.300653458,y=406.955017090,z=-128.199996948,qx=0.000000009,qy=0.000000001,qz=0.013964280,qw=0.999902546,vx=0.001024532,vy=0.017226072,vz=-0.000000001
PLANK_NATIVE_POSE,real85kg_standing_load,real_standing_load,entity=2889,body_index=228,x=-6.100749493,y=406.961181641,z=-128.199996948,qx=0.000000009,qy=0.000000002,qz=0.017437374,qw=0.999848008,vx=0.001307984,vy=0.008608486,vz=-0.000000001
PLANK_NATIVE_POSE,real85kg_standing_load,real_standing_load,entity=2890,body_index=229,x=-5.900890827,y=406.968719482,z=-128.199996948,qx=0.000000008,qy=0.000000003,qz=0.019637249,qw=0.999807239,vx=0.001316735,vy=0.006713530,vz=-0.000000001
PLANK_NATIVE_POSE,real85kg_standing_load,real_standing_load,entity=2891,body_index=230,x=-5.701053143,y=406.976715088,z=-128.199996948,qx=0.000000008,qy=0.000000005,qz=0.021048229,qw=0.999778509,vx=0.001724722,vy=0.004064644,vz=-0.000000000
PLANK_PLAYER,ordinary_centre_jump,begin,tick=864,x=-6.811156750,y=407.865936279,z=-128.199996948,vx=-0.027569862,vy=0.025571417,vz=-0.000000037,grounded=1,support=2885,board_centre_y=406.947723389,gravity=1.000000000,deaths=0,landings=1,jump_work_j=0.000000000,foot_active=0,foot_support=0,foot_command_j=0.000000000,foot_stroke_m=0.000000000,foot_peak_n=0.000000000,peak_strength_ratio=0.302266508,broken_mask=0
PLANK_PLAYER,ordinary_centre_jump,actual_free_flight,tick=875,x=-6.810450077,y=407.877746582,z=-128.199996948,vx=0.027190821,vy=0.291810542,vz=-0.000009741,grounded=0,support=0,board_centre_y=406.930831909,gravity=1.000000000,deaths=0,landings=1,jump_work_j=0.000000000,foot_active=1,foot_support=2885,foot_command_j=256.666421890,foot_stroke_m=0.073333263,foot_peak_n=1319.820678711,peak_strength_ratio=0.446801215,broken_mask=0
PLANK_NATIVE_POSE,ordinary_centre_jump,jump_board_motion,entity=2880,body_index=219,x=-7.900201321,y=406.974670410,z=-128.199996948,qx=0.000000018,qy=-0.000000001,qz=-0.031785250,qw=0.999494791,vx=-0.001358952,vy=-0.021540521,vz=-0.000000000
PLANK_NATIVE_POSE,ordinary_centre_jump,jump_board_motion,entity=2881,body_index=220,x=-7.700588703,y=406.962249756,z=-128.199996948,qx=0.000000017,qy=-0.000000001,qz=-0.029990181,qw=0.999550283,vx=-0.003923438,vy=-0.060128476,vz=-0.000000000
PLANK_NATIVE_POSE,ordinary_centre_jump,jump_board_motion,entity=2882,body_index=221,x=-7.500903606,y=406.951049805,z=-128.199996948,qx=0.000000016,qy=-0.000000002,qz=-0.026381370,qw=0.999651968,vx=-0.005611769,vy=-0.093070790,vz=0.000000000
PLANK_NATIVE_POSE,ordinary_centre_jump,jump_board_motion,entity=2883,body_index=222,x=-7.301134109,y=406.941497803,z=-128.199996948,qx=0.000000014,qy=-0.000000002,qz=-0.020981088,qw=0.999779940,vx=-0.007270592,vy=-0.122996725,vz=0.000000001
PLANK_NATIVE_POSE,ordinary_centre_jump,jump_board_motion,entity=2884,body_index=223,x=-7.101258278,y=406.934600830,z=-128.199996948,qx=0.000000013,qy=-0.000000002,qz=-0.013848074,qw=0.999904156,vx=-0.008201464,vy=-0.144800231,vz=0.000000003
PLANK_NATIVE_POSE,ordinary_centre_jump,jump_board_motion,entity=2885,body_index=224,x=-6.901304245,y=406.930755615,z=-128.199996948,qx=0.000000012,qy=-0.000000001,qz=-0.004915400,qw=0.999987960,vx=-0.008677621,vy=-0.157816172,vz=0.000000004
PLANK_NATIVE_POSE,ordinary_centre_jump,jump_board_motion,entity=2886,body_index=225,x=-6.701313496,y=406.930908203,z=-128.199996948,qx=0.000000011,qy=-0.000000000,qz=0.005253802,qw=0.999986231,vx=-0.008619268,vy=-0.157124117,vz=0.000000003
PLANK_NATIVE_POSE,ordinary_centre_jump,jump_board_motion,entity=2887,body_index=226,x=-6.501357555,y=406.934661865,z=-128.199996948,qx=0.000000010,qy=0.000000001,qz=0.014026312,qw=0.999901652,vx=-0.008785635,vy=-0.144922808,vz=0.000000003
PLANK_NATIVE_POSE,ordinary_centre_jump,jump_board_motion,entity=2888,body_index=227,x=-6.301487923,y=406.941772461,z=-128.199996948,qx=0.000000009,qy=0.000000002,qz=0.020937519,qw=0.999780834,vx=-0.009637250,vy=-0.125199497,vz=0.000000002
PLANK_NATIVE_POSE,ordinary_centre_jump,jump_board_motion,entity=2889,body_index=228,x=-6.101709843,y=406.951110840,z=-128.199996948,qx=0.000000009,qy=0.000000003,qz=0.026339447,qw=0.999653101,vx=-0.011196329,vy=-0.095483236,vz=0.000000002
PLANK_NATIVE_POSE,ordinary_centre_jump,jump_board_motion,entity=2890,body_index=229,x=-5.902030945,y=406.962463379,z=-128.199996948,qx=0.000000009,qy=0.000000004,qz=0.029816290,qw=0.999555409,vx=-0.012933162,vy=-0.059590280,vz=0.000000001
PLANK_NATIVE_POSE,ordinary_centre_jump,jump_board_motion,entity=2891,body_index=230,x=-5.702401638,y=406.974609375,z=-128.199996948,qx=0.000000008,qy=0.000000005,qz=0.031578995,qw=0.999501288,vx=-0.015283964,vy=-0.020019799,vz=0.000000000
PLANK_PLAYER,ordinary_centre_jump,tick,tick=900,x=-6.801392555,y=407.998321533,z=-128.199996948,vx=0.095530555,vy=-0.498179823,vz=-0.000026213,grounded=0,support=0,board_centre_y=406.977447510,gravity=1.000000000,deaths=0,landings=1,jump_work_j=0.000000000,foot_active=0,foot_support=2885,foot_command_j=524.999499321,foot_stroke_m=0.149999857,foot_peak_n=1387.744995117,peak_strength_ratio=0.469538957,broken_mask=0
PLANK_PLAYER_JUMP,board_motion_m=0.051513672,foot_command_work_bound_j=524.999499321,instant_jump_work_delta_j=0.000000000
PLANK_PLAYER,real_timber_landing_settle,begin,tick=909,x=-6.799986839,y=407.898071289,z=-128.199996948,vx=-0.063430145,vy=-1.479180574,vz=-0.000003300,grounded=1,support=2885,board_centre_y=406.978378296,gravity=1.000000000,deaths=0,landings=2,jump_work_j=0.000000000,foot_active=0,foot_support=2885,foot_command_j=524.999499321,foot_stroke_m=0.149999857,foot_peak_n=1387.744995117,peak_strength_ratio=0.469538957,broken_mask=0
PLANK_PLAYER,real_timber_landing_settle,tick,tick=990,x=-6.809442043,y=407.857269287,z=-128.199996948,vx=0.059750568,vy=-0.836696446,vz=-0.000000113,grounded=1,support=2886,board_centre_y=406.939346313,gravity=1.000000000,deaths=0,landings=4,jump_work_j=0.000000000,foot_active=0,foot_support=2885,foot_command_j=524.999499321,foot_stroke_m=0.149999857,foot_peak_n=1387.744995117,peak_strength_ratio=0.973802805,broken_mask=0
PLANK_PLAYER,real_timber_landing_settle,tick,tick=1080,x=-6.812367439,y=407.889373779,z=-128.199996948,vx=0.009326941,vy=-0.018097464,vz=-0.000000003,grounded=1,support=2885,board_centre_y=406.970901489,gravity=1.000000000,deaths=0,landings=4,jump_work_j=0.000000000,foot_active=0,foot_support=2885,foot_command_j=524.999499321,foot_stroke_m=0.149999857,foot_peak_n=1387.744995117,peak_strength_ratio=0.973802805,broken_mask=0
PLANK_PLAYER,real_timber_landing_settle,actual_settled_timber_landing,tick=1093,x=-6.809327602,y=407.850280762,z=-128.199996948,vx=0.029495358,vy=-0.193541422,vz=-0.000000004,grounded=1,support=2886,board_centre_y=406.932357788,gravity=1.000000000,deaths=0,landings=4,jump_work_j=0.000000000,foot_active=0,foot_support=2885,foot_command_j=524.999499321,foot_stroke_m=0.149999857,foot_peak_n=1387.744995117,peak_strength_ratio=0.973802805,broken_mask=0
PLANK_PLAYER,actual_timber_landing_braking,begin,tick=1093,x=-6.809327602,y=407.850280762,z=-128.199996948,vx=0.029495358,vy=-0.193541422,vz=-0.000000004,grounded=1,support=2886,board_centre_y=406.932357788,gravity=1.000000000,deaths=0,landings=4,jump_work_j=0.000000000,foot_active=0,foot_support=2885,foot_command_j=524.999499321,foot_stroke_m=0.149999857,foot_peak_n=1387.744995117,peak_strength_ratio=0.973802805,broken_mask=0
PLANK_PLAYER,actual_timber_landing_braking,arrived,tick=1093,x=-6.809327602,y=407.850280762,z=-128.199996948,vx=0.029495358,vy=-0.193541422,vz=-0.000000004,grounded=1,support=2886,board_centre_y=406.932357788,gravity=1.000000000,deaths=0,landings=4,jump_work_j=0.000000000,foot_active=0,foot_support=2885,foot_command_j=524.999499321,foot_stroke_m=0.149999857,foot_peak_n=1387.744995117,peak_strength_ratio=0.973802805,broken_mask=0
PLANK_NATIVE_POSE,actual_timber_landing_braking,actual_timber_landing,entity=2880,body_index=219,x=-7.900188446,y=406.974884033,z=-128.199996948,qx=0.000000037,qy=-0.000000001,qz=-0.030764256,qw=0.999526680,vx=-0.001615897,vy=-0.026546726,vz=-0.000000000
PLANK_NATIVE_POSE,actual_timber_landing_braking,actual_timber_landing,entity=2881,body_index=220,x=-7.700552464,y=406.962799072,z=-128.199996948,qx=0.000000034,qy=-0.000000002,qz=-0.029146239,qw=0.999575138,vx=-0.004734844,vy=-0.071960904,vz=-0.000000001
PLANK_NATIVE_POSE,actual_timber_landing_braking,actual_timber_landing,entity=2882,body_index=221,x=-7.500848293,y=406.951965332,z=-128.199996948,qx=0.000000031,qy=-0.000000002,qz=-0.025557337,qw=0.999673367,vx=-0.007028795,vy=-0.112755746,vz=-0.000000001
PLANK_NATIVE_POSE,actual_timber_landing_braking,actual_timber_landing,entity=2883,body_index=222,x=-7.301064491,y=406.942718506,z=-128.199996948,qx=0.000000028,qy=-0.000000002,qz=-0.020363616,qw=0.999792695,vx=-0.008909818,vy=-0.151041925,vz=-0.000000002
PLANK_NATIVE_POSE,actual_timber_landing_braking,actual_timber_landing,entity=2884,body_index=223,x=-7.101181507,y=406.936035156,z=-128.199996948,qx=0.000000024,qy=-0.000000002,qz=-0.013359022,qw=0.999910831,vx=-0.009529378,vy=-0.177898362,vz=-0.000000002
PLANK_NATIVE_POSE,actual_timber_landing_braking,actual_timber_landing,entity=2885,body_index=224,x=-6.901223660,y=406.932312012,z=-128.199996948,qx=0.000000021,qy=-0.000000002,qz=-0.004989251,qw=0.999987543,vx=-0.009854522,vy=-0.190651730,vz=-0.000000003
PLANK_NATIVE_POSE,actual_timber_landing_braking,actual_timber_landing,entity=2886,body_index=225,x=-6.701233387,y=406.932403564,z=-128.199996948,qx=0.000000019,qy=-0.000000001,qz=0.005324014,qw=0.999985874,vx=-0.010070769,vy=-0.194263369,vz=-0.000000003
PLANK_NATIVE_POSE,actual_timber_landing_braking,actual_timber_landing,entity=2887,body_index=226,x=-6.501275539,y=406.936157227,z=-128.199996948,qx=0.000000016,qy=0.000000000,qz=0.013421312,qw=0.999909937,vx=-0.010320419,vy=-0.180160031,vz=-0.000000003
PLANK_NATIVE_POSE,actual_timber_landing_braking,actual_timber_landing,entity=2888,body_index=227,x=-6.301394939,y=406.942901611,z=-128.199996948,qx=0.000000014,qy=0.000000001,qz=0.020383338,qw=0.999792278,vx=-0.011315356,vy=-0.150397077,vz=-0.000000002
PLANK_NATIVE_POSE,actual_timber_landing_braking,actual_timber_landing,entity=2889,body_index=228,x=-6.101607323,y=406.952087402,z=-128.199996948,qx=0.000000012,qy=0.000000003,qz=0.025489746,qw=0.999675095,vx=-0.013130985,vy=-0.116735078,vz=-0.000000001
PLANK_NATIVE_POSE,actual_timber_landing_braking,actual_timber_landing,entity=2890,body_index=229,x=-5.901903629,y=406.962951660,z=-128.199996948,qx=0.000000011,qy=0.000000005,qz=0.028941030,qw=0.999581158,vx=-0.015404970,vy=-0.073872358,vz=-0.000000001
PLANK_NATIVE_POSE,actual_timber_landing_braking,actual_timber_landing,entity=2891,body_index=230,x=-5.702259541,y=406.974884033,z=-128.199996948,qx=0.000000010,qy=0.000000007,qz=0.030606993,qw=0.999531507,vx=-0.018841319,vy=-0.025467955,vz=-0.000000000
PLANK_PLAYER,walk_remaining_seams_to_right_steel,begin,tick=1093,x=-6.809327602,y=407.850280762,z=-128.199996948,vx=0.029495358,vy=-0.193541422,vz=-0.000000004,grounded=1,support=2886,board_centre_y=406.932357788,gravity=1.000000000,deaths=0,landings=4,jump_work_j=0.000000000,foot_active=0,foot_support=2885,foot_command_j=524.999499321,foot_stroke_m=0.149999857,foot_peak_n=1387.744995117,peak_strength_ratio=0.973802805,broken_mask=0
PLANK_WALKED_SEAM,index=6,native_x=-6.600206526,support=2886,tick=1116
PLANK_WALKED_SEAM,index=7,native_x=-6.400907316,support=2887,tick=1126
PLANK_WALKED_SEAM,index=8,native_x=-6.200455893,support=2888,tick=1133
PLANK_WALKED_SEAM,index=9,native_x=-6.000017637,support=2889,tick=1140
PLANK_WALKED_SEAM,index=10,native_x=-5.800337738,support=2890,tick=1146
PLANK_PLAYER,walk_remaining_seams_to_right_steel,tick,tick=1170,x=-5.105830193,y=407.899963379,z=-128.199996948,vx=1.493335724,vy=0.000000000,vz=-0.000012210,grounded=1,support=1935,board_centre_y=406.978836060,gravity=1.000000000,deaths=0,landings=4,jump_work_j=0.000000000,foot_active=0,foot_support=2885,foot_command_j=524.999499321,foot_stroke_m=0.149999857,foot_peak_n=1387.744995117,peak_strength_ratio=0.973802805,broken_mask=0
PLANK_PLAYER,walk_remaining_seams_to_right_steel,arrived,tick=1208,x=-4.884750366,y=407.899963379,z=-128.199996948,vx=0.092610836,vy=0.000000000,vz=-0.000013440,grounded=1,support=1935,board_centre_y=406.979019165,gravity=1.000000000,deaths=0,landings=4,jump_work_j=0.000000000,foot_active=0,foot_support=2885,foot_command_j=524.999499321,foot_stroke_m=0.149999857,foot_peak_n=1387.744995117,peak_strength_ratio=0.973802805,broken_mask=0
PLANK_PLAYER,plank_unloads_on_steel_exit,begin,tick=1208,x=-4.884750366,y=407.899963379,z=-128.199996948,vx=0.092610836,vy=0.000000000,vz=-0.000013440,grounded=1,support=1935,board_centre_y=406.979019165,gravity=1.000000000,deaths=0,landings=4,jump_work_j=0.000000000,foot_active=0,foot_support=2885,foot_command_j=524.999499321,foot_stroke_m=0.149999857,foot_peak_n=1387.744995117,peak_strength_ratio=0.973802805,broken_mask=0
PLANK_PLAYER,plank_unloads_on_steel_exit,tick,tick=1260,x=-4.869304657,y=407.899963379,z=-128.199996948,vx=0.003370916,vy=0.000000000,vz=-0.000000489,grounded=1,support=1935,board_centre_y=406.979019165,gravity=1.000000000,deaths=0,landings=4,jump_work_j=0.000000000,foot_active=0,foot_support=2885,foot_command_j=524.999499321,foot_stroke_m=0.149999857,foot_peak_n=1387.744995117,peak_strength_ratio=0.973802805,broken_mask=0
PLANK_PLAYER,plank_unloads_on_steel_exit,tick,tick=1350,x=-4.868731976,y=407.899963379,z=-128.199996948,vx=0.000010897,vy=0.000000000,vz=-0.000000002,grounded=1,support=1935,board_centre_y=406.979019165,gravity=1.000000000,deaths=0,landings=4,jump_work_j=0.000000000,foot_active=0,foot_support=2885,foot_command_j=524.999499321,foot_stroke_m=0.149999857,foot_peak_n=1387.744995117,peak_strength_ratio=0.973802805,broken_mask=0
PLANK_PLAYER,plank_unloads_on_steel_exit,tick,tick=1440,x=-4.868731976,y=407.899963379,z=-128.199996948,vx=0.000000035,vy=0.000000000,vz=-0.000000000,grounded=1,support=1935,board_centre_y=406.979019165,gravity=1.000000000,deaths=0,landings=4,jump_work_j=0.000000000,foot_active=0,foot_support=2885,foot_command_j=524.999499321,foot_stroke_m=0.149999857,foot_peak_n=1387.744995117,peak_strength_ratio=0.973802805,broken_mask=0
PLANK_PLAYER,plank_unloads_on_steel_exit,tick,tick=1530,x=-4.868731976,y=407.899963379,z=-128.199996948,vx=0.000000000,vy=0.000000000,vz=-0.000000000,grounded=1,support=1935,board_centre_y=406.979019165,gravity=1.000000000,deaths=0,landings=4,jump_work_j=0.000000000,foot_active=0,foot_support=2885,foot_command_j=524.999499321,foot_stroke_m=0.149999857,foot_peak_n=1387.744995117,peak_strength_ratio=0.973802805,broken_mask=0
PLANK_PLAYER_UNLOAD,max_segment_y_error_m=0.000061035
PLANK_NATIVE_POSE,plank_unloads_on_steel_exit,unloaded_baseline_return,entity=2880,body_index=219,x=-7.900000095,y=406.980743408,z=-128.199996948,qx=0.000000043,qy=-0.000000000,qz=-0.001341477,qw=0.999999106,vx=0.000004666,vy=0.001738596,vz=0.000000000
PLANK_NATIVE_POSE,plank_unloads_on_steel_exit,unloaded_baseline_return,entity=2881,body_index=220,x=-7.700000763,y=406.980163574,z=-128.199996948,qx=0.000000041,qy=-0.000000001,qz=-0.001197019,qw=0.999999285,vx=-0.000020340,vy=0.003510435,vz=-0.000000001
PLANK_NATIVE_POSE,plank_unloads_on_steel_exit,unloaded_baseline_return,entity=2882,body_index=221,x=-7.500001431,y=406.979797363,z=-128.199996948,qx=0.000000038,qy=-0.000000002,qz=-0.000900592,qw=0.999999642,vx=-0.000001037,vy=-0.001069868,vz=-0.000000002
PLANK_NATIVE_POSE,plank_unloads_on_steel_exit,unloaded_baseline_return,entity=2883,body_index=222,x=-7.300002098,y=406.979400635,z=-128.199996948,qx=0.000000036,qy=-0.000000002,qz=-0.000850406,qw=0.999999702,vx=0.000073993,vy=-0.002971985,vz=-0.000000002
PLANK_NATIVE_POSE,plank_unloads_on_steel_exit,unloaded_baseline_return,entity=2884,body_index=223,x=-7.100001335,y=406.979156494,z=-128.199996948,qx=0.000000034,qy=-0.000000001,qz=-0.000502925,qw=0.999999940,vx=-0.000001616,vy=0.000519417,vz=-0.000000001
PLANK_NATIVE_POSE,plank_unloads_on_steel_exit,unloaded_baseline_return,entity=2885,body_index=224,x=-6.900001526,y=406.979003906,z=-128.199996948,qx=0.000000031,qy=-0.000000000,qz=-0.000148186,qw=1.000000000,vx=-0.000006599,vy=0.000846240,vz=-0.000000001
PLANK_NATIVE_POSE,plank_unloads_on_steel_exit,unloaded_baseline_return,entity=2886,body_index=225,x=-6.700001240,y=406.979034424,z=-128.199996948,qx=0.000000029,qy=0.000000001,qz=0.000070238,qw=1.000000000,vx=-0.000002919,vy=0.004009733,vz=-0.000000001
PLANK_NATIVE_POSE,plank_unloads_on_steel_exit,unloaded_baseline_return,entity=2887,body_index=226,x=-6.500001431,y=406.979125977,z=-128.199996948,qx=0.000000027,qy=0.000000003,qz=0.000544263,qw=0.999999940,vx=0.000002029,vy=0.005096571,vz=-0.000000001
PLANK_NATIVE_POSE,plank_unloads_on_steel_exit,unloaded_baseline_return,entity=2888,body_index=227,x=-6.300001621,y=406.979431152,z=-128.199996948,qx=0.000000024,qy=0.000000005,qz=0.000769945,qw=0.999999762,vx=-0.000000280,vy=0.002490011,vz=-0.000000002
PLANK_NATIVE_POSE,plank_unloads_on_steel_exit,unloaded_baseline_return,entity=2889,body_index=228,x=-6.100001335,y=406.979736328,z=-128.199996948,qx=0.000000022,qy=0.000000008,qz=0.001017684,qw=0.999999523,vx=0.000018248,vy=0.002116794,vz=-0.000000003
PLANK_NATIVE_POSE,plank_unloads_on_steel_exit,unloaded_baseline_return,entity=2890,body_index=229,x=-5.900001526,y=406.980255127,z=-128.199996948,qx=0.000000020,qy=0.000000011,qz=0.001202436,qw=0.999999285,vx=-0.000003124,vy=0.001258219,vz=-0.000000002
PLANK_NATIVE_POSE,plank_unloads_on_steel_exit,unloaded_baseline_return,entity=2891,body_index=230,x=-5.700002670,y=406.980712891,z=-128.199996948,qx=0.000000018,qy=0.000000015,qz=0.001299538,qw=0.999999225,vx=0.000026863,vy=0.000347949,vz=-0.000000000
PLANK_SELECTED_SUPPORTS,2880,2881,2882,2883,2884,2885,2886,2887,2888,2889,2890,2891
PLANK_PLAYER,onward_right_steel_walking,begin,tick=1568,x=-4.868731976,y=407.899963379,z=-128.199996948,vx=0.000000000,vy=0.000000000,vz=-0.000000000,grounded=1,support=1935,board_centre_y=406.979019165,gravity=1.000000000,deaths=0,landings=4,jump_work_j=0.000000000,foot_active=0,foot_support=2885,foot_command_j=524.999499321,foot_stroke_m=0.149999857,foot_peak_n=1387.744995117,peak_strength_ratio=0.973802805,broken_mask=0
PLANK_PLAYER,onward_right_steel_walking,tick,tick=1620,x=-4.508385658,y=407.899963379,z=-128.199996948,vx=0.201176405,vy=0.000000000,vz=-0.000013261,grounded=1,support=1935,board_centre_y=406.979019165,gravity=1.000000000,deaths=0,landings=4,jump_work_j=0.000000000,foot_active=0,foot_support=2885,foot_command_j=524.999499321,foot_stroke_m=0.149999857,foot_peak_n=1387.744995117,peak_strength_ratio=0.973802805,broken_mask=0
PLANK_PLAYER,onward_right_steel_walking,arrived,tick=1631,x=-4.491209984,y=407.899963379,z=-128.199996948,vx=0.093987495,vy=0.000000000,vz=-0.000013586,grounded=1,support=1935,board_centre_y=406.979019165,gravity=1.000000000,deaths=0,landings=4,jump_work_j=0.000000000,foot_active=0,foot_support=2885,foot_command_j=524.999499321,foot_stroke_m=0.149999857,foot_peak_n=1387.744995117,peak_strength_ratio=0.973802805,broken_mask=0
PLANK_PLAYER,onward_right_steel_walking,tick,tick=1710,x=-4.475047588,y=407.899963379,z=-128.199996948,vx=0.000612388,vy=0.000000000,vz=-0.000000089,grounded=1,support=1935,board_centre_y=406.979019165,gravity=1.000000000,deaths=0,landings=4,jump_work_j=0.000000000,foot_active=0,foot_support=2885,foot_command_j=524.999499321,foot_stroke_m=0.149999857,foot_peak_n=1387.744995117,peak_strength_ratio=0.973802805,broken_mask=0
PASS DEFORMABLE_PLANK_PLAYER normal_world=1 seams=11 native85kg_load=1 ordinary_jump_landing=1 unload_return=1 onward_steel=1 initial_steel_staging_only=1 gravity=1 deaths=0 grip=unverified
PLANK_PLAYER,onward_right_steel_walking,tick,tick=90,x=-8.800000191,y=407.899993896,z=-128.199996948,vx=0.000000000,vy=0.000000000,vz=0.000000000,grounded=1,support=1935,board_centre_y=406.979019165,gravity=1.000000000,deaths=0,landings=1,jump_work_j=0.000000000,foot_active=0,foot_support=0,foot_command_j=0.000000000,foot_stroke_m=0.000000000,foot_peak_n=0.000000000,peak_strength_ratio=0.021765860,broken_mask=0
PLANK_PLAYER,onward_right_steel_walking,tick,tick=180,x=-8.800000191,y=407.899993896,z=-128.199996948,vx=0.000000000,vy=0.000000000,vz=0.000000000,grounded=1,support=1935,board_centre_y=406.979019165,gravity=1.000000000,deaths=0,landings=1,jump_work_j=0.000000000,foot_active=0,foot_support=0,foot_command_j=0.000000000,foot_stroke_m=0.000000000,foot_peak_n=0.000000000,peak_strength_ratio=0.021765860,broken_mask=0
PLANK_PLAYER,onward_right_steel_walking,tick,tick=270,x=-8.800000191,y=407.899993896,z=-128.199996948,vx=0.000000000,vy=0.000000000,vz=0.000000000,grounded=1,support=1935,board_centre_y=406.979019165,gravity=1.000000000,deaths=0,landings=1,jump_work_j=0.000000000,foot_active=0,foot_support=0,foot_command_j=0.000000000,foot_stroke_m=0.000000000,foot_peak_n=0.000000000,peak_strength_ratio=0.021765860,broken_mask=0
PLANK_PLAYER,onward_right_steel_walking,tick,tick=360,x=-8.800000191,y=407.899993896,z=-128.199996948,vx=0.000000000,vy=0.000000000,vz=0.000000000,grounded=1,support=1935,board_centre_y=406.979019165,gravity=1.000000000,deaths=0,landings=1,jump_work_j=0.000000000,foot_active=0,foot_support=0,foot_command_j=0.000000000,foot_stroke_m=0.000000000,foot_peak_n=0.000000000,peak_strength_ratio=0.021765860,broken_mask=0
PLANK_PLAYER,grip_approach_on_actual_wood,begin,tick=360,x=-8.800000191,y=407.899993896,z=-128.199996948,vx=0.000000000,vy=0.000000000,vz=0.000000000,grounded=1,support=1935,board_centre_y=406.979019165,gravity=1.000000000,deaths=0,landings=1,jump_work_j=0.000000000,foot_active=0,foot_support=0,foot_command_j=0.000000000,foot_stroke_m=0.000000000,foot_peak_n=0.000000000,peak_strength_ratio=0.021765860,broken_mask=0
PLANK_PLAYER,grip_approach_on_actual_wood,tick,tick=450,x=-6.707807064,y=407.870544434,z=-128.199996948,vx=0.407847106,vy=0.016928898,vz=-0.000012668,grounded=1,support=2887,board_centre_y=406.951934814,gravity=1.000000000,deaths=0,landings=1,jump_work_j=0.000000000,foot_active=0,foot_support=0,foot_command_j=0.000000000,foot_stroke_m=0.000000000,foot_peak_n=0.000000000,peak_strength_ratio=0.293072701,broken_mask=0
PLANK_PLAYER,grip_approach_on_actual_wood,arrived,tick=504,x=-6.790660381,y=407.865600586,z=-128.199996948,vx=-0.093622178,vy=0.019553211,vz=-0.000014449,grounded=1,support=2885,board_centre_y=406.947158813,gravity=1.000000000,deaths=0,landings=1,jump_work_j=0.000000000,foot_active=0,foot_support=0,foot_command_j=0.000000000,foot_stroke_m=0.000000000,foot_peak_n=0.000000000,peak_strength_ratio=0.300295025,broken_mask=0
PLANK_PLAYER,ordinary_side_walkoff_catch,begin,tick=504,x=-6.790660381,y=407.865600586,z=-128.199996948,vx=-0.093622178,vy=0.019553211,vz=-0.000014449,grounded=1,support=2885,board_centre_y=406.947158813,gravity=1.000000000,deaths=0,landings=1,jump_work_j=0.000000000,foot_active=0,foot_support=0,foot_command_j=0.000000000,foot_stroke_m=0.000000000,foot_peak_n=0.000000000,peak_strength_ratio=0.300295025,broken_mask=0
PLANK_HANDS,grip=0,grip_entity=0,constraints=0,state=0,left=0.000000000,0.000000000,0.000000000,right=0.000000000,0.000000000,0.000000000,force_y=0.000000000
PLANK_PLAYER,ordinary_side_walkoff_catch,tick,tick=540,x=-6.819135189,y=407.837249756,z=-127.942131042,vx=-0.009500870,vy=-0.431969285,vz=0.850040495,grounded=1,support=2885,board_centre_y=406.962768555,gravity=1.000000000,deaths=0,landings=1,jump_work_j=0.000000000,foot_active=0,foot_support=0,foot_command_j=0.000000000,foot_stroke_m=0.000000000,foot_peak_n=0.000000000,peak_strength_ratio=0.310857892,broken_mask=0
PLANK_HANDS,grip=0,grip_entity=0,constraints=0,state=0,left=0.000000000,0.000000000,0.000000000,right=0.000000000,0.000000000,0.000000000,force_y=0.000000000
PLANK_PLAYER,ordinary_side_walkoff_catch,actual_two_hand_catch,tick=586,x=-6.821033001,y=406.765808105,z=-127.514259338,vx=-0.002690820,vy=-4.268725872,vz=0.804835916,grounded=0,support=0,board_centre_y=406.962234497,gravity=1.000000000,deaths=0,landings=1,jump_work_j=0.000000000,foot_active=0,foot_support=0,foot_command_j=0.000000000,foot_stroke_m=0.000000000,foot_peak_n=0.000000000,peak_strength_ratio=0.310857892,broken_mask=0
PLANK_HANDS,grip=0,grip_entity=0,constraints=2,state=4,left=-7.021202087,406.980987549,-128.104843140,right=-6.821301460,406.980316162,-128.104812622,force_y=1092.657104492
PLANK_PLAYER,actual_hanging_player_load,begin,tick=586,x=-6.821033001,y=406.765808105,z=-127.514259338,vx=-0.002690820,vy=-4.268725872,vz=0.804835916,grounded=0,support=0,board_centre_y=406.962234497,gravity=1.000000000,deaths=0,landings=1,jump_work_j=0.000000000,foot_active=0,foot_support=0,foot_command_j=0.000000000,foot_stroke_m=0.000000000,foot_peak_n=0.000000000,peak_strength_ratio=0.310857892,broken_mask=0
PLANK_HANDS,grip=0,grip_entity=0,constraints=2,state=4,left=-7.021202087,406.980987549,-128.104843140,right=-6.821301460,406.980316162,-128.104812622,force_y=1092.657104492
PLANK_PLAYER,actual_hanging_player_load,tick,tick=630,x=-6.822318554,y=405.896362305,z=-127.545181274,vx=0.003976261,vy=0.788490534,vz=0.194316685,grounded=0,support=0,board_centre_y=406.917648315,gravity=1.000000000,deaths=0,landings=1,jump_work_j=0.000000000,foot_active=0,foot_support=0,foot_command_j=0.000000000,foot_stroke_m=0.000000000,foot_peak_n=0.000000000,peak_strength_ratio=0.693128169,broken_mask=0
PLANK_HANDS,grip=0,grip_entity=0,constraints=2,state=4,left=-7.022728443,406.937194824,-128.104995728,right=-6.823169708,406.934875488,-128.104965210,force_y=1732.050781250
PLANK_PLAYER,actual_hanging_player_load,tick,tick=720,x=-6.823387623,y=406.502624512,z=-127.523704529,vx=0.002558435,vy=1.173611999,vz=-0.029244345,grounded=0,support=0,board_centre_y=406.917602539,gravity=1.000000000,deaths=0,landings=1,jump_work_j=0.000000000,foot_active=0,foot_support=0,foot_command_j=0.000000000,foot_stroke_m=0.000000000,foot_peak_n=0.000000000,peak_strength_ratio=0.693128169,broken_mask=0
PLANK_HANDS,grip=0,grip_entity=0,constraints=2,state=4,left=-7.022723198,406.937103271,-128.104949951,right=-6.823159218,406.934875488,-128.104949951,force_y=1732.050781250
PLANK_PLAYER,actual_hanging_player_load,tick,tick=810,x=-6.819928169,y=406.757171631,z=-127.523139954,vx=-0.001533593,vy=-0.227945596,vz=0.000159236,grounded=0,support=0,board_centre_y=406.963348389,gravity=1.000000000,deaths=0,landings=1,jump_work_j=0.000000000,foot_active=0,foot_support=0,foot_command_j=0.000000000,foot_stroke_m=0.000000000,foot_peak_n=0.000000000,peak_strength_ratio=0.693128169,broken_mask=0
PLANK_HANDS,grip=0,grip_entity=0,constraints=2,state=4,left=-7.021197319,406.982513428,-128.104965210,right=-6.821288109,406.981903076,-128.104980469,force_y=451.341171265
PLANK_HANG_LOAD,extra_sag_m=0.025253296,max_hand_force_n=922.545712794
PLANK_NATIVE_POSE,actual_hanging_player_load,actual_hand_load,entity=2880,body_index=219,x=-7.900062561,y=406.977508545,z=-128.199996948,qx=-0.000000120,qy=-0.000000088,qz=-0.017791292,qw=0.999841809,vx=0.000241459,vy=0.006727342,vz=-0.000001532
PLANK_NATIVE_POSE,actual_hanging_player_load,actual_hand_load,entity=2881,body_index=220,x=-7.700188160,y=406.970397949,z=-128.199996948,qx=0.000375532,qy=-0.000041657,qz=-0.016866295,qw=0.999857783,vx=0.000697840,vy=0.026493544,vz=-0.001512995
PLANK_NATIVE_POSE,actual_hanging_player_load,actual_hand_load,entity=2882,body_index=221,x=-7.500282288,y=406.964294434,z=-128.199996948,qx=0.000753704,qy=0.000029620,qz=-0.014364017,qw=0.999896526,vx=0.001136736,vy=0.040475164,vz=-0.001870940
PLANK_NATIVE_POSE,actual_hanging_player_load,actual_hand_load,entity=2883,body_index=222,x=-7.300354004,y=406.959014893,z=-128.200012207,qx=0.001131227,qy=0.000021362,qz=-0.011450980,qw=0.999933839,vx=0.001426649,vy=0.050156880,vz=0.000208131
PLANK_NATIVE_POSE,actual_hanging_player_load,actual_hand_load,entity=2884,body_index=223,x=-7.100387573,y=406.955413818,z=-128.200012207,qx=0.001509418,qy=-0.000045138,qz=-0.006935894,qw=0.999974847,vx=0.001582150,vy=0.055806167,vz=-0.000570025
PLANK_NATIVE_POSE,actual_hanging_player_load,actual_hand_load,entity=2885,body_index=224,x=-6.900399208,y=406.953582764,z=-128.200012207,qx=0.001566655,qy=0.000002999,qz=-0.001916657,qw=0.999996960,vx=0.001577542,vy=0.056912705,vz=-0.002244362
PLANK_NATIVE_POSE,actual_hanging_player_load,actual_hand_load,entity=2886,body_index=225,x=-6.700401783,y=406.953948975,z=-128.200012207,qx=0.001303621,qy=0.000040230,qz=0.003434345,qw=0.999993265,vx=0.001566488,vy=0.058113120,vz=-0.000634079
PLANK_NATIVE_POSE,actual_hanging_player_load,actual_hand_load,entity=2887,body_index=226,x=-6.500416279,y=406.956146240,z=-128.200012207,qx=0.001041855,qy=-0.000030327,qz=0.007719520,qw=0.999969721,vx=0.001592463,vy=0.057493478,vz=-0.000126245
PLANK_NATIVE_POSE,actual_hanging_player_load,actual_hand_load,entity=2888,body_index=227,x=-6.300454617,y=406.960021973,z=-128.199996948,qx=0.000780966,qy=-0.000026956,qz=0.011531675,qw=0.999933243,vx=0.001687475,vy=0.050507229,vz=-0.002046794
PLANK_NATIVE_POSE,actual_hanging_player_load,actual_hand_load,entity=2889,body_index=228,x=-6.100519657,y=406.965087891,z=-128.199996948,qx=0.000519552,qy=0.000042764,qz=0.013947564,qw=0.999902606,vx=0.002000234,vy=0.037926916,vz=-0.001229859
PLANK_NATIVE_POSE,actual_hanging_player_load,actual_hand_load,entity=2890,body_index=229,x=-5.900609016,y=406.971069336,z=-128.199996948,qx=0.000260033,qy=-0.000002970,qz=0.015956912,qw=0.999872684,vx=0.002555377,vy=0.022746783,vz=0.000220717
PLANK_NATIVE_POSE,actual_hanging_player_load,actual_hand_load,entity=2891,body_index=230,x=-5.700716972,y=406.977630615,z=-128.199996948,qx=0.000000071,qy=0.000000782,qz=0.016810121,qw=0.999858737,vx=0.003038661,vy=0.005392861,vz=0.000002635
PLANK_PLAYER,ordinary_release_to_real_recovery_tray,begin,tick=857,x=-6.821127892,y=406.711883545,z=-127.523269653,vx=0.008553905,vy=0.151181251,vz=-0.000263425,grounded=0,support=0,board_centre_y=406.964157104,gravity=1.000000000,deaths=0,landings=1,jump_work_j=0.000000000,foot_active=0,foot_support=0,foot_command_j=0.000000000,foot_stroke_m=0.000000000,foot_peak_n=0.000000000,peak_strength_ratio=0.693128169,broken_mask=0
PLANK_HANDS,grip=1,grip_entity=2886,constraints=0,state=0,left=0.000000000,0.000000000,0.000000000,right=0.000000000,0.000000000,0.000000000,force_y=0.000000000
PLANK_PLAYER,ordinary_release_to_real_recovery_tray,tick,tick=900,x=-6.817027092,y=405.657928467,z=-127.523269653,vx=0.008553905,vy=-4.535820484,vz=-0.000263425,grounded=0,support=0,board_centre_y=406.979064941,gravity=1.000000000,deaths=0,landings=1,jump_work_j=0.000000000,foot_active=0,foot_support=0,foot_command_j=0.000000000,foot_stroke_m=0.000000000,foot_peak_n=0.000000000,peak_strength_ratio=0.693128169,broken_mask=0
PLANK_HANDS,grip=0,grip_entity=0,constraints=0,state=0,left=0.000000000,0.000000000,0.000000000,right=0.000000000,0.000000000,0.000000000,force_y=0.000000000
PLANK_PLAYER,ordinary_release_to_real_recovery_tray,tick,tick=990,x=-6.813560963,y=404.399963379,z=-127.523269653,vx=0.000105399,vy=0.000000000,vz=-0.000003246,grounded=1,support=1936,board_centre_y=406.979064941,gravity=1.000000000,deaths=0,landings=2,jump_work_j=0.000000000,foot_active=0,foot_support=0,foot_command_j=0.000000000,foot_stroke_m=0.000000000,foot_peak_n=0.000000000,peak_strength_ratio=0.693128169,broken_mask=0
PLANK_HANDS,grip=0,grip_entity=0,constraints=0,state=0,left=0.000000000,0.000000000,0.000000000,right=0.000000000,0.000000000,0.000000000,force_y=0.000000000
PLANK_PLAYER,ordinary_release_to_real_recovery_tray,tick,tick=1080,x=-6.813555241,y=404.399963379,z=-127.523269653,vx=0.000000341,vy=0.000000000,vz=-0.000000010,grounded=1,support=1936,board_centre_y=406.979064941,gravity=1.000000000,deaths=0,landings=2,jump_work_j=0.000000000,foot_active=0,foot_support=0,foot_command_j=0.000000000,foot_stroke_m=0.000000000,foot_peak_n=0.000000000,peak_strength_ratio=0.693128169,broken_mask=0
PLANK_HANDS,grip=0,grip_entity=0,constraints=0,state=0,left=0.000000000,0.000000000,0.000000000,right=0.000000000,0.000000000,0.000000000,force_y=0.000000000
PLANK_PLAYER,ordinary_release_to_real_recovery_tray,tick,tick=1170,x=-6.813555241,y=404.399963379,z=-127.523269653,vx=0.000000001,vy=0.000000000,vz=-0.000000000,grounded=1,support=1936,board_centre_y=406.979064941,gravity=1.000000000,deaths=0,landings=2,jump_work_j=0.000000000,foot_active=0,foot_support=0,foot_command_j=0.000000000,foot_stroke_m=0.000000000,foot_peak_n=0.000000000,peak_strength_ratio=0.693128169,broken_mask=0
PLANK_HANDS,grip=0,grip_entity=0,constraints=0,state=0,left=0.000000000,0.000000000,0.000000000,right=0.000000000,0.000000000,0.000000000,force_y=0.000000000
PLANK_PLAYER,ordinary_release_to_real_recovery_tray,tick,tick=1260,x=-6.813555241,y=404.399963379,z=-127.523269653,vx=0.000000000,vy=0.000000000,vz=-0.000000000,grounded=1,support=1936,board_centre_y=406.979064941,gravity=1.000000000,deaths=0,landings=2,jump_work_j=0.000000000,foot_active=0,foot_support=0,foot_command_j=0.000000000,foot_stroke_m=0.000000000,foot_peak_n=0.000000000,peak_strength_ratio=0.693128169,broken_mask=0
PLANK_HANDS,grip=0,grip_entity=0,constraints=0,state=0,left=0.000000000,0.000000000,0.000000000,right=0.000000000,0.000000000,0.000000000,force_y=0.000000000
PASS DEFORMABLE_PLANK_GRIP actual_two_hands=1 actual_segment_edges=1 finite_force=1 native85kg_load=1 passive_release=1 actual_recovery_tray=1 unload_return=1
PLANK_PLAYER,native_player_fall_overload,begin,tick=0,x=-6.800000191,y=410.899993896,z=-128.199996948,vx=0.000000000,vy=0.000000000,vz=0.000000000,grounded=0,support=0,board_centre_y=406.980987549,gravity=1.000000000,deaths=0,landings=0,jump_work_j=0.000000000,foot_active=0,foot_support=0,foot_command_j=0.000000000,foot_stroke_m=0.000000000,foot_peak_n=0.000000000,peak_strength_ratio=0.000000000,broken_mask=0
PLANK_PLAYER,native_player_fall_overload,actual_player_rupture,tick=72,x=-6.800194263,y=407.761718750,z=-128.199996948,vx=-0.026557766,vy=-6.919944286,vz=0.000000001,grounded=1,support=2886,board_centre_y=406.845535278,gravity=1.000000000,deaths=0,landings=1,jump_work_j=0.000000000,foot_active=0,foot_support=0,foot_command_j=0.000000000,foot_stroke_m=0.000000000,foot_peak_n=0.000000000,peak_strength_ratio=1.341147542,broken_mask=112
PLANK_NATIVE_POSE,native_player_fall_overload,actual_player_rupture,entity=2880,body_index=219,x=-7.901448727,y=406.963989258,z=-128.199996948,qx=-0.000000000,qy=0.000000000,qz=-0.085239194,qw=0.996360540,vx=-0.125593439,vy=-0.849975169,vz=0.000000000
PLANK_NATIVE_POSE,native_player_fall_overload,actual_player_rupture,entity=2881,body_index=220,x=-7.704029083,y=406.930938721,z=-128.199996948,qx=-0.000000000,qy=0.000000000,qz=-0.080599710,qw=0.996746600,vx=-0.396079332,vy=-2.497634649,vz=-0.000000001
PLANK_NATIVE_POSE,native_player_fall_overload,actual_player_rupture,entity=2882,body_index=221,x=-7.506248474,y=406.900665283,z=-128.199996948,qx=-0.000000000,qy=0.000000000,qz=-0.071031228,qw=0.997474134,vx=-0.611637294,vy=-4.007400036,vz=-0.000000002
PLANK_NATIVE_POSE,native_player_fall_overload,actual_player_rupture,entity=2883,body_index=222,x=-7.307839870,y=406.875152588,z=-128.199996948,qx=0.000000000,qy=0.000000000,qz=-0.056953587,qw=0.998376846,vx=-0.765963793,vy=-5.283616543,vz=-0.000000003
PLANK_NATIVE_POSE,native_player_fall_overload,actual_player_rupture,entity=2884,body_index=223,x=-7.108736992,y=406.856140137,z=-128.199996948,qx=0.000000000,qy=0.000000000,qz=-0.037857920,qw=0.999283135,vx=-0.853035510,vy=-6.234791279,vz=-0.000000004
PLANK_NATIVE_POSE,native_player_fall_overload,actual_player_rupture,entity=2885,body_index=224,x=-6.909056187,y=406.845764160,z=-128.199996948,qx=0.000000001,qy=0.000000000,qz=-0.014759494,qw=0.999891102,vx=-0.882476568,vy=-6.749219894,vz=-0.000000004
PLANK_NATIVE_POSE,native_player_fall_overload,actual_player_rupture,entity=2886,body_index=225,x=-6.709127903,y=406.845306396,z=-128.199996948,qx=0.000000001,qy=0.000000000,qz=0.013427829,qw=0.999909878,vx=-0.890130877,vy=-6.801431656,vz=-0.000000003
PLANK_NATIVE_POSE,native_player_fall_overload,actual_player_rupture,entity=2887,body_index=226,x=-6.509438992,y=406.855621338,z=-128.199996948,qx=0.000000001,qy=0.000000000,qz=0.037643347,qw=0.999291241,vx=-0.919365466,vy=-6.296952248,vz=-0.000000003
PLANK_NATIVE_POSE,native_player_fall_overload,actual_player_rupture,entity=2888,body_index=227,x=-6.310329437,y=406.874420166,z=-128.199996948,qx=0.000000000,qy=0.000000000,qz=0.056688778,qw=0.998391926,vx=-1.004863858,vy=-5.360239983,vz=-0.000000002
PLANK_NATIVE_POSE,native_player_fall_overload,actual_player_rupture,entity=2889,body_index=228,x=-6.111932755,y=406.900024414,z=-128.199996948,qx=0.000000000,qy=0.000000000,qz=0.071521632,qw=0.997439027,vx=-1.161615729,vy=-4.075199127,vz=-0.000000001
PLANK_NATIVE_POSE,native_player_fall_overload,actual_player_rupture,entity=2890,body_index=229,x=-5.914182186,y=406.930480957,z=-128.199996948,qx=0.000000000,qy=0.000000000,qz=0.081213810,qw=0.996696770,vx=-1.382983088,vy=-2.547456503,vz=-0.000000001
PLANK_NATIVE_POSE,native_player_fall_overload,actual_player_rupture,entity=2891,body_index=230,x=-5.716873169,y=406.963836670,z=-128.199996948,qx=0.000000000,qy=0.000000000,qz=0.086095624,qw=0.996286929,vx=-1.649549007,vy=-0.867019713,vz=-0.000000000
PLANK_PLAYER,native_player_fall_overload,tick,tick=90,x=-6.749438286,y=406.183197021,z=-128.268463135,vx=1.002121925,vy=-8.856346130,vz=-1.205989838,grounded=0,support=0,board_centre_y=404.797790527,gravity=1.000000000,deaths=0,landings=2,jump_work_j=0.000000000,foot_active=0,foot_support=0,foot_command_j=0.000000000,foot_stroke_m=0.000000000,foot_peak_n=0.000000000,peak_strength_ratio=1.341147542,broken_mask=112
PLANK_PLAYER,native_player_fall_overload,tick,tick=180,x=-5.675325871,y=404.392181396,z=-129.167037964,vx=0.067679875,vy=0.000000000,vz=0.960460663,grounded=1,support=1936,board_centre_y=403.518997192,gravity=1.000000000,deaths=0,landings=3,jump_work_j=0.000000000,foot_active=0,foot_support=0,foot_command_j=0.000000000,foot_stroke_m=0.000000000,foot_peak_n=0.000000000,peak_strength_ratio=1.341147542,broken_mask=112
PLANK_PLAYER,native_player_fall_overload,tick,tick=270,x=-5.775802612,y=404.399963379,z=-127.490226746,vx=-0.080166981,vy=0.000000000,vz=1.498172402,grounded=1,support=1936,board_centre_y=403.518997192,gravity=1.000000000,deaths=0,landings=4,jump_work_j=0.000000000,foot_active=0,foot_support=0,foot_command_j=0.000000000,foot_stroke_m=0.000000000,foot_peak_n=0.000000000,peak_strength_ratio=1.341147542,broken_mask=112
PLANK_PLAYER,native_player_fall_overload,actual_clear_steel_before_braking,tick=287,x=-5.784980297,y=404.399963379,z=-127.297370911,vx=-0.027138202,vy=0.000000000,vz=0.617811680,grounded=1,support=1936,board_centre_y=403.518997192,gravity=1.000000000,deaths=0,landings=4,jump_work_j=0.000000000,foot_active=0,foot_support=0,foot_command_j=0.000000000,foot_stroke_m=0.000000000,foot_peak_n=0.000000000,peak_strength_ratio=1.341147542,broken_mask=112
PLANK_PLAYER,native_player_fall_overload,tick,tick=360,x=-6.749148369,y=404.399963379,z=-127.199256897,vx=-0.345295072,vy=0.000000000,vz=-0.004465239,grounded=1,support=1936,board_centre_y=403.518997192,gravity=1.000000000,deaths=0,landings=4,jump_work_j=0.000000000,foot_active=0,foot_support=0,foot_command_j=0.000000000,foot_stroke_m=0.000000000,foot_peak_n=0.000000000,peak_strength_ratio=1.341147542,broken_mask=112
PLANK_PLAYER,native_player_fall_overload,actual_firm_braked_tray,tick=377,x=-6.786565781,y=404.399963379,z=-127.199813843,vx=-0.099535674,vy=0.000000000,vz=-0.001538900,grounded=1,support=1936,board_centre_y=403.518997192,gravity=1.000000000,deaths=0,landings=4,jump_work_j=0.000000000,foot_active=0,foot_support=0,foot_command_j=0.000000000,foot_stroke_m=0.000000000,foot_peak_n=0.000000000,peak_strength_ratio=1.341147542,broken_mask=112
PLANK_IMPACT_RECOVERY,firm=1,horizontal_speed_mps=0.099547569,target_x=-6.800000000,target_z=-127.2
PLANK_PLAYER,native_player_fall_overload,tick,tick=450,x=-6.803627014,y=404.399963379,z=-127.199867249,vx=-0.000950527,vy=0.000000000,vz=-0.000014696,grounded=1,support=1936,board_centre_y=403.518997192,gravity=1.000000000,deaths=0,landings=4,jump_work_j=0.000000000,foot_active=0,foot_support=0,foot_command_j=0.000000000,foot_stroke_m=0.000000000,foot_peak_n=0.000000000,peak_strength_ratio=1.341147542,broken_mask=112
PLANK_PLAYER,native_player_fall_overload,tick,tick=540,x=-6.803780556,y=404.399963379,z=-127.199867249,vx=-0.000003073,vy=0.000000000,vz=-0.000000048,grounded=1,support=1936,board_centre_y=403.518997192,gravity=1.000000000,deaths=0,landings=4,jump_work_j=0.000000000,foot_active=0,foot_support=0,foot_command_j=0.000000000,foot_stroke_m=0.000000000,foot_peak_n=0.000000000,peak_strength_ratio=1.341147542,broken_mask=112
PLANK_PLAYER,native_player_fall_overload,stable_recovered_with_damage,tick=557,x=-6.803780556,y=404.399963379,z=-127.199867249,vx=-0.000001040,vy=0.000000000,vz=-0.000000016,grounded=1,support=1936,board_centre_y=403.518997192,gravity=1.000000000,deaths=0,landings=4,jump_work_j=0.000000000,foot_active=0,foot_support=0,foot_command_j=0.000000000,foot_stroke_m=0.000000000,foot_peak_n=0.000000000,peak_strength_ratio=1.341147542,broken_mask=112
PLANK_NATIVE_POSE,native_player_fall_overload,native_fragments_after_player_impact,entity=2880,body_index=219,x=-7.998877048,y=406.881042480,z=-128.199996948,qx=0.000000815,qy=-0.000000806,qz=-0.703121066,qw=0.711070240,vx=-0.005762058,vy=-0.000065712,vz=0.000000000
PLANK_NATIVE_POSE,native_player_fall_overload,native_fragments_after_player_impact,entity=2881,body_index=220,x=-7.996626377,y=406.681030273,z=-128.199996948,qx=0.000000815,qy=-0.000000806,qz=-0.703119338,qw=0.711071908,vx=-0.017360205,vy=-0.000211971,vz=-0.000000000
PLANK_NATIVE_POSE,native_player_fall_overload,native_fragments_after_player_impact,entity=2882,body_index=221,x=-7.994378567,y=406.481018066,z=-128.199996948,qx=0.000000815,qy=-0.000000806,qz=-0.703120887,qw=0.711070418,vx=-0.029029543,vy=-0.000360569,vz=-0.000000000
PLANK_NATIVE_POSE,native_player_fall_overload,native_fragments_after_player_impact,entity=2883,body_index=222,x=-7.992128372,y=406.281005859,z=-128.199996948,qx=0.000000815,qy=-0.000000806,qz=-0.703117549,qw=0.711073697,vx=-0.040776145,vy=-0.000500568,vz=-0.000000001
PLANK_NATIVE_POSE,native_player_fall_overload,native_fragments_after_player_impact,entity=2884,body_index=223,x=-7.989880085,y=406.080993652,z=-128.199996948,qx=0.000000815,qy=-0.000000806,qz=-0.703121245,qw=0.711070061,vx=-0.052344829,vy=-0.000639019,vz=-0.000000000
PLANK_NATIVE_POSE,native_player_fall_overload,native_fragments_after_player_impact,entity=2885,body_index=224,x=-7.825843811,y=403.518981934,z=-127.686485291,qx=0.000059448,qy=0.450106919,qz=0.000057657,qw=0.892974675,vx=0.000000000,vy=-0.000000000,vz=-0.000000000
PLANK_NATIVE_POSE,native_player_fall_overload,native_fragments_after_player_impact,entity=2886,body_index=225,x=-7.022204399,y=403.519012451,z=-126.460769653,qx=0.000008145,qy=0.993617237,qz=-0.000024929,qw=-0.112804554,vx=0.000000000,vy=0.000000000,vz=-0.000000000
PLANK_NATIVE_POSE,native_player_fall_overload,native_fragments_after_player_impact,entity=2887,body_index=226,x=-5.400534630,y=403.519012451,z=-128.253585815,qx=-0.194327876,qy=0.000022374,qz=-0.980936706,qw=-0.000043212,vx=0.000068047,vy=-0.000012916,vz=-0.000318976
PLANK_NATIVE_POSE,native_player_fall_overload,native_fragments_after_player_impact,entity=2888,body_index=227,x=-5.585429192,y=403.519012451,z=-128.177337646,qx=-0.194320142,qy=0.000024148,qz=-0.980938196,qw=-0.000034342,vx=0.000058731,vy=-0.000012406,vz=-0.000123973
PLANK_NATIVE_POSE,native_player_fall_overload,native_fragments_after_player_impact,entity=2889,body_index=228,x=-5.770324230,y=403.519012451,z=-128.101089478,qx=-0.194327980,qy=0.000030607,qz=-0.980936646,qw=-0.000016430,vx=0.000062780,vy=-0.000013617,vz=0.000098292
PLANK_NATIVE_POSE,native_player_fall_overload,native_fragments_after_player_impact,entity=2890,body_index=229,x=-5.955219269,y=403.519012451,z=-128.024826050,qx=-0.194335923,qy=0.000034937,qz=-0.980935097,qw=0.000065775,vx=0.000055456,vy=0.001618075,vz=-0.000157167
PLANK_NATIVE_POSE,native_player_fall_overload,native_fragments_after_player_impact,entity=2891,body_index=230,x=-6.140113831,y=403.518981934,z=-127.948577881,qx=-0.194328949,qy=0.000036695,qz=-0.980936468,qw=0.000074658,vx=0.000039045,vy=0.004883544,vz=-0.000412852
PASS DEFORMABLE_PLANK_PLAYER_FRACTURE actual_gravity_loaded85kg=1 actual_rupture=1 ordinary_air_steering=1 actual_recovery_tray=1 persistent_damage=1 no_assisted_elevation=1
