Godot Engine v4.7.stable.official.5b4e0cb0f - https://godotengine.org

SCRAPERX_EXTENSION_LOADED api=4.7 authority=scraperx_sim scene=slingshot
SCRAPERX_VIEWPORT size=648x648 aspect=1.000 fov=82.0 far=2000
SCRAPERX_AUDIO_BANK clips=28 msec=1158 driver=Dummy
WOOD_FOOT_PUSH_TOUCH phase=entry_steel407 event=tick tick=5 position=(-8.8, 407.9, -128.2) velocity=(0.0, 0.0, 0.0) grounded=true support=1935 gravity=1.0 deaths=0 foot_active=false foot_support=0 starts=0 stop=0 work_j=0.0 stroke_m=0.0 elapsed_s=0.0 peak_n=0.0 impulse_ns=0.0 fracture=0
WOOD_FOOT_PUSH_TOUCH phase=entry_steel407 event=tick tick=95 position=(-8.8, 407.9, -128.2) velocity=(0.0, 0.0, 0.0) grounded=true support=1935 gravity=1.0 deaths=0 foot_active=false foot_support=0 starts=0 stop=0 work_j=0.0 stroke_m=0.0 elapsed_s=0.0 peak_n=0.0 impulse_ns=0.0 fracture=0
WOOD_FOOT_PUSH_TOUCH phase=entry_steel407 event=tick tick=185 position=(-8.8, 407.9, -128.2) velocity=(0.0, 0.0, 0.0) grounded=true support=1935 gravity=1.0 deaths=0 foot_active=false foot_support=0 starts=0 stop=0 work_j=0.0 stroke_m=0.0 elapsed_s=0.0 peak_n=0.0 impulse_ns=0.0 fracture=0
WOOD_FOOT_PUSH_TOUCH phase=entry_steel407 event=tick tick=275 position=(-8.8, 407.9, -128.2) velocity=(0.0, 0.0, 0.0) grounded=true support=1935 gravity=1.0 deaths=0 foot_active=false foot_support=0 starts=0 stop=0 work_j=0.0 stroke_m=0.0 elapsed_s=0.0 peak_n=0.0 impulse_ns=0.0 fracture=0
WOOD_FOOT_PUSH_TOUCH phase=actual_steel_to_timber event=begin tick=364 position=(-8.8, 407.9, -128.2) velocity=(0.0, 0.0, 0.0) grounded=true support=1935 gravity=1.0 deaths=0 foot_active=false foot_support=0 starts=0 stop=0 work_j=0.0 stroke_m=0.0 elapsed_s=0.0 peak_n=0.0 impulse_ns=0.0 fracture=0
WOOD_FOOT_PUSH_TOUCH phase=actual_steel_to_timber event=tick tick=415 position=(-8.797822, 407.9, -128.2) velocity=(0.1744, 0.0, -0.0) grounded=true support=1935 gravity=1.0 deaths=0 foot_active=false foot_support=0 starts=0 stop=0 work_j=0.0 stroke_m=0.0 elapsed_s=0.0 peak_n=0.0 impulse_ns=0.0 fracture=0
WOOD_FOOT_PUSH_TOUCH phase=actual_steel_to_timber event=tick tick=505 position=(-6.686111, 407.8708, -128.2) velocity=(0.327935, 0.005541, -0.0) grounded=true support=2887 gravity=1.0 deaths=0 foot_active=false foot_support=0 starts=0 stop=0 work_j=0.0 stroke_m=0.0 elapsed_s=0.0 peak_n=0.0 impulse_ns=0.0 fracture=0
WOOD_FOOT_PUSH_TOUCH phase=actual_steel_to_timber event=arrived tick=553 position=(-6.789931, 407.8647, -128.2) velocity=(-0.119616, -0.008368, -0.0) grounded=true support=2885 gravity=1.0 deaths=0 foot_active=false foot_support=0 starts=0 stop=0 work_j=0.0 stroke_m=0.0 elapsed_s=0.0 peak_n=0.0 impulse_ns=0.0 fracture=0
WOOD_FOOT_PUSH_TOUCH phase=actual_steel_to_timber event=tick tick=595 position=(-6.816231, 407.8668, -128.2) velocity=(-0.012268, 0.03241, -0.0) grounded=true support=2885 gravity=1.0 deaths=0 foot_active=false foot_support=0 starts=0 stop=0 work_j=0.0 stroke_m=0.0 elapsed_s=0.0 peak_n=0.0 impulse_ns=0.0 fracture=0
WOOD_FOOT_PUSH_TOUCH phase=actual_steel_to_timber event=tick tick=685 position=(-6.806376, 407.865, -128.2) velocity=(-0.004281, 0.002469, -0.0) grounded=true support=2885 gravity=1.0 deaths=0 foot_active=false foot_support=0 starts=0 stop=0 work_j=0.0 stroke_m=0.0 elapsed_s=0.0 peak_n=0.0 impulse_ns=0.0 fracture=0
WOOD_FOOT_PUSH_TOUCH phase=actual_steel_to_timber event=tick tick=775 position=(-6.802826, 407.8664, -128.2) velocity=(-0.003929, -0.027051, -0.0) grounded=true support=2885 gravity=1.0 deaths=0 foot_active=false foot_support=0 starts=0 stop=0 work_j=0.0 stroke_m=0.0 elapsed_s=0.0 peak_n=0.0 impulse_ns=0.0 fracture=0
WOOD_FOOT_PUSH_TOUCH phase=actual_steel_to_timber event=tick tick=865 position=(-6.789367, 407.868, -128.2) velocity=(-0.024398, -0.012361, -0.0) grounded=true support=2886 gravity=1.0 deaths=0 foot_active=false foot_support=0 starts=0 stop=0 work_j=0.0 stroke_m=0.0 elapsed_s=0.0 peak_n=0.0 impulse_ns=0.0 fracture=0
WOOD_FOOT_PUSH_TOUCH phase=ordinary_wood_jump event=begin tick=913 position=(-6.789264, 407.8641, -128.2) velocity=(0.004892, 0.011596, 0.0) grounded=true support=2886 gravity=1.0 deaths=0 foot_active=false foot_support=0 starts=0 stop=0 work_j=0.0 stroke_m=0.0 elapsed_s=0.0 peak_n=0.0 impulse_ns=0.0 fracture=0
WOOD_FOOT_PUSH_TOUCH phase=ordinary_wood_jump event=tick tick=955 position=(-6.792233, 407.9431, -128.2) velocity=(0.005552, -1.148734, 0.0) grounded=false support=0 gravity=1.0 deaths=0 foot_active=false foot_support=2886 starts=1 stop=9 work_j=524.999499320984 stroke_m=0.14999985694885 elapsed_s=0.2500000060536 peak_n=1387.82360839844 impulse_ns=0.0 fracture=0
WOOD_FOOT_PUSH_TOUCH phase=ordinary_wood_jump event=actual_wood_jump_landing tick=958 position=(-6.792157, 407.8989, -128.2) velocity=(0.066945, -1.475735, 0.0) grounded=true support=2886 gravity=1.0 deaths=0 foot_active=false foot_support=2886 starts=1 stop=9 work_j=524.999499320984 stroke_m=0.14999985694885 elapsed_s=0.2500000060536 peak_n=1387.82360839844 impulse_ns=0.0 fracture=0
WOOD_FOOT_PUSH_TOUCH_TAKEOFF peak_vy_mps=0.964341 apex_rise_m=0.147766 baseline_vy_mps=.197759
WOOD_FOOT_PUSH_TOUCH phase=actual_wood_landing_settle event=begin tick=958 position=(-6.792157, 407.8989, -128.2) velocity=(0.066945, -1.475735, 0.0) grounded=true support=2886 gravity=1.0 deaths=0 foot_active=false foot_support=2886 starts=1 stop=9 work_j=524.999499320984 stroke_m=0.14999985694885 elapsed_s=0.2500000060536 peak_n=1387.82360839844 impulse_ns=0.0 fracture=0
WOOD_FOOT_PUSH_TOUCH phase=actual_wood_landing_settle event=tick tick=1045 position=(-6.809474, 407.8215, -128.2) velocity=(0.016791, -0.197378, 0.0) grounded=true support=2885 gravity=1.0 deaths=0 foot_active=false foot_support=2886 starts=1 stop=9 work_j=524.999499320984 stroke_m=0.14999985694885 elapsed_s=0.2500000060536 peak_n=1387.82360839844 impulse_ns=0.0 fracture=0
WOOD_FOOT_PUSH_TOUCH phase=actual_wood_landing_settle event=tick tick=1135 position=(-6.816744, 407.8757, -128.2) velocity=(-0.020213, -0.342719, -0.0) grounded=true support=2885 gravity=1.0 deaths=0 foot_active=false foot_support=2886 starts=1 stop=9 work_j=524.999499320984 stroke_m=0.14999985694885 elapsed_s=0.2500000060536 peak_n=1387.82360839844 impulse_ns=0.0 fracture=0
WOOD_FOOT_PUSH_TOUCH phase=actual_wood_landing_settle event=actual_settled_wood tick=1142 position=(-6.817617, 407.8504, -128.2) velocity=(0.000692, -0.213634, 0.0) grounded=true support=2886 gravity=1.0 deaths=0 foot_active=false foot_support=2886 starts=1 stop=9 work_j=524.999499320984 stroke_m=0.14999985694885 elapsed_s=0.2500000060536 peak_n=1387.82360839844 impulse_ns=0.0 fracture=0
WOOD_FOOT_PUSH_TOUCH phase=ordinary_onward_steel event=begin tick=1142 position=(-6.817617, 407.8504, -128.2) velocity=(0.000692, -0.213634, 0.0) grounded=true support=2886 gravity=1.0 deaths=0 foot_active=false foot_support=2886 starts=1 stop=9 work_j=524.999499320984 stroke_m=0.14999985694885 elapsed_s=0.2500000060536 peak_n=1387.82360839844 impulse_ns=0.0 fracture=0
WOOD_FOOT_PUSH_TOUCH phase=ordinary_onward_steel event=tick tick=1225 position=(-5.028334, 407.9, -128.2) velocity=(1.064829, 0.0, -0.0) grounded=true support=1935 gravity=1.0 deaths=0 foot_active=false foot_support=2886 starts=1 stop=9 work_j=524.999499320984 stroke_m=0.14999985694885 elapsed_s=0.2500000060536 peak_n=1387.82360839844 impulse_ns=0.0 fracture=0
WOOD_FOOT_PUSH_TOUCH phase=ordinary_onward_steel event=arrived tick=1252 position=(-4.891899, 407.9, -128.2) velocity=(0.135477, 0.0, -0.0) grounded=true support=1935 gravity=1.0 deaths=0 foot_active=false foot_support=2886 starts=1 stop=9 work_j=524.999499320984 stroke_m=0.14999985694885 elapsed_s=0.2500000060536 peak_n=1387.82360839844 impulse_ns=0.0 fracture=0
WOOD_FOOT_PUSH_TOUCH phase=ordinary_onward_steel event=tick tick=1315 position=(-4.868879, 407.9, -128.2) velocity=(0.002447, 0.0, -0.0) grounded=true support=1935 gravity=1.0 deaths=0 foot_active=false foot_support=2886 starts=1 stop=9 work_j=524.999499320984 stroke_m=0.14999985694885 elapsed_s=0.2500000060536 peak_n=1387.82360839844 impulse_ns=0.0 fracture=0
WOOD_FOOT_PUSH_TOUCH phase=ordinary_onward_steel event=tick tick=1405 position=(-4.868465, 407.9, -128.2) velocity=(0.000008, 0.0, -0.0) grounded=true support=1935 gravity=1.0 deaths=0 foot_active=false foot_support=2886 starts=1 stop=9 work_j=524.999499320984 stroke_m=0.14999985694885 elapsed_s=0.2500000060536 peak_n=1387.82360839844 impulse_ns=0.0 fracture=0
WOOD_FOOT_PUSH_TOUCH phase=ordinary_onward_steel event=final_real_steel_exit tick=1432 position=(-4.868465, 407.9, -128.2) velocity=(0.000001, 0.0, -0.0) grounded=true support=1935 gravity=1.0 deaths=0 foot_active=false foot_support=2886 starts=1 stop=9 work_j=524.999499320984 stroke_m=0.14999985694885 elapsed_s=0.2500000060536 peak_n=1387.82360839844 impulse_ns=0.0 fracture=0
SCRAPERX_UITEST PASS touch_wood_foot_push ordinary_viewport_touch=1 sole_steel_staging=1 actual_finite_stroke=1 actual_wood_landing=1 stable_steel_exit=1 gravity=1 deaths=0
SCRAPERX_UITEST PASS touch_wood_foot_push 
