SAMPLE 0 -5.862795049e-08 5.999924183 -6.836849025e-07 226.4468694 -0.05671836714 0 0
SAMPLE 0.1 -4.178996096e-05 5.973631382 -0.0004846488009 2372.880572 -0.2096415947 0 0
SAMPLE 0.2 -0.0001619545073 5.980061054 -0.001869492582 1857.975598 0.3230018465 0 0
SAMPLE 0.3 -0.0003622356453 5.981322289 -0.004159535281 2149.551622 0.5679999806 0 0
SAMPLE 0.4 -0.0006445680629 5.982962132 -0.007361646742 1832.291168 0.8248068234 0 0
SAMPLE 0.5 -0.001010910375 5.984190941 -0.01148130745 1541.123085 1.00048234 0 0
SAMPLE 0.6 -0.001463009394 5.984763622 -0.016522374 1574.084585 1.168356034 0 0
SAMPLE 0.7 -0.002002308611 5.985100746 -0.02248711511 1705.118103 1.374384759 0 0
SAMPLE 0.8 -0.002630040282 5.98550415 -0.02937625349 1762.28266 1.590068419 0 0
SAMPLE 0.9 -0.003347372636 5.98595047 -0.03718892485 1752.977136 1.799596008 0 0
SAMPLE 1 -0.00415546447 5.986379147 -0.04592273757 1732.810957 2.008019087 0 0
SAMPLE 1.1 -0.00505542662 5.986767769 -0.05557378754 1725.201508 2.205068553 0 0
SAMPLE 1.2 -0.006048289593 5.987122059 -0.0661367327 1726.281655 2.397288012 0 0
SAMPLE 1.3 -0.00713501405 5.987446308 -0.07760474086 1728.499624 2.593287093 0 0
SAMPLE 1.4 -0.008316499181 5.987775803 -0.08996959031 1729.331743 2.798582611 0 0
SAMPLE 1.5 -0.009593573399 5.988116264 -0.1032217219 1729.288034 3.00760602 0 0
SAMPLE 1.6 -0.01096688956 5.988452435 -0.1173502952 1729.099466 3.201244437 0 0
SAMPLE 1.7 -0.01243680809 5.988780975 -0.1323434561 1729.033889 3.392857177 0 0
SAMPLE 1.8 -0.01400324143 5.989115715 -0.1481884718 1729.026228 3.591753397 0 0
SAMPLE 1.9 -0.01566566713 5.989439964 -0.1648715883 1729.025297 3.777031208 0 0
SAMPLE 2 -0.01742332242 5.989769459 -0.1823785156 1729.03027 3.963445697 0 0
SAMPLE 2.1 -0.01927547716 5.990112782 -0.2006944269 1729.0194 4.146236861 0 0
SAMPLE 2.2 -0.02122171968 5.990473747 -0.2198036015 1729.013628 4.32924641 0 0
SAMPLE 2.3 -0.02326183021 5.99085331 -0.2396899164 1729.00444 4.514372521 0 0
SAMPLE 2.4 -0.02539560571 5.991242886 -0.2603365481 1728.99987 4.703121985 0 0
SAMPLE 2.5 -0.02762246504 5.991642952 -0.2817252874 1728.972693 4.895028438 0 0
SAMPLE 2.6 -0.02994077094 5.992064953 -0.3038295507 1729.065895 5.090025631 0 0
SAMPLE 2.7 -0.03234579787 5.992515087 -0.3265877962 1728.913948 5.284354867 0 0
SAMPLE 2.8 -0.03482399508 5.993001461 -0.3498329222 1728.913292 5.465186547 0 0
SAMPLE 2.9 -0.03734266013 5.993531704 -0.3731703758 1729.10447 5.636899129 0 0
SAMPLE 3 -0.03983996809 5.994113922 -0.3958685398 1728.846017 5.805182069 0 0
SAMPLE 3.1 -0.04222717509 5.994738102 -0.4168944359 1728.608285 5.970821054 0 0
SAMPLE 3.2 -0.04440939426 5.995349407 -0.4351682365 1728.873579 6.130682548 0 0
SAMPLE 3.3 -0.04631537572 5.995872498 -0.4499103427 1729.160878 6.285761005 0 0
SAMPLE 3.4 -0.04791621119 5.996277332 -0.4608481824 1729.062471 6.432613257 0 0
SAMPLE 3.5 -0.04922237992 5.996572018 -0.4681676328 1728.785108 6.574131753 0 0
SAMPLE 3.6 -0.05026550964 5.996768951 -0.4722968042 1728.610698 6.716135772 0 0
SAMPLE 3.7 -0.05107971653 5.996896744 -0.4736940861 1728.614405 6.859910618 0 0
SAMPLE 3.8 -0.05169184506 5.996968746 -0.4727390409 1728.708294 7.002068568 0 0
SAMPLE 3.9 -0.05212062597 5.996997833 -0.4697194993 1728.750948 7.140518636 0 0
SAMPLE 4 -0.0523794964 5.99698782 -0.4648592174 1728.761333 7.276028137 0 0
SAMPLE 4.1 -0.05247906595 5.996940613 -0.4583389163 1728.760663 7.41523548 0 0
SAMPLE 4.2 -0.05242862552 5.996867657 -0.4503109753 1728.755669 7.559997744 0 0
SAMPLE 4.3 -0.0522367619 5.996776581 -0.4409113228 1728.774929 7.705773069 0 0
SAMPLE 4.4 -0.05191155896 5.996670723 -0.4302673936 1728.790344 7.854292683 0 0
SAMPLE 4.5 -0.05146050826 5.996552944 -0.4185013175 1728.799288 8.006871158 0 0
SAMPLE 4.6 -0.05089057982 5.996430397 -0.4057304561 1728.823063 8.161368311 0 0
SAMPLE 4.7 -0.05020834878 5.996304989 -0.3920683861 1728.830497 8.308263579 0 0
SAMPLE 4.8 -0.04941999167 5.996177673 -0.3776254356 1728.842772 8.442690543 0 0
SAMPLE 4.9 -0.04853143916 5.996054173 -0.3625077009 1728.890956 8.569369917 0 0
SAMPLE 5 -0.04754851386 5.995932579 -0.3468163311 1728.889139 8.688615554 0 0
SAMPLE 5.1 -0.04647700861 5.995819092 -0.3306480348 1728.86573 8.803921429 0 0
SAMPLE 5.2 -0.04532279074 5.995709419 -0.3140968382 1728.94361 8.918840207 0 0
SAMPLE 5.3 -0.04409187287 5.995607376 -0.2972552776 1728.981754 9.035119991 0 0
SAMPLE 5.4 -0.04279039428 5.99551487 -0.2802139521 1728.899659 9.149295181 0 0
SAMPLE 5.5 -0.04142442718 5.995427608 -0.2630600333 1728.876627 9.265374057 0 0
SAMPLE 5.6 -0.04000001401 5.995343208 -0.2458763421 1729.000066 9.383521365 0 0
SAMPLE 5.7 -0.03852323815 5.99527216 -0.2287420034 1729.07601 9.502897132 0 0
SAMPLE 5.8 -0.03700018674 5.995212078 -0.2117327005 1729.054043 9.622682978 0 0
SAMPLE 5.9 -0.0354369469 5.99516201 -0.1949202567 1729.034861 9.741169759 0 0
SAMPLE 6 -0.03383916244 5.99512291 -0.1783716232 1729.063307 9.858382762 0 0
SAMPLE 6.1 -0.03221200034 5.995103359 -0.1621485204 1729.074131 9.964060965 0 0
SAMPLE 6.2 -0.03056035191 5.995090961 -0.1463078558 1729.054329 10.05373285 0 0
SAMPLE 6.3 -0.02888922021 5.995073318 -0.1309033483 1729.003786 10.14179136 0 0
SAMPLE 6.4 -0.02720362693 5.995087147 -0.1159845889 1728.775589 10.22790086 0 0
SAMPLE 6.5 -0.02550848201 5.995102406 -0.1015979126 1728.905607 10.31256538 0 0
SAMPLE 6.6 -0.0238083303 5.995117188 -0.0877854079 1729.034354 10.40994823 0 0
SAMPLE 6.7 -0.02210754715 5.995151997 -0.07458510995 1729.064139 10.51275901 0 0
SAMPLE 6.8 -0.02041050047 5.995178223 -0.06203084439 1730.192637 10.606759 0 0
SAMPLE 6.9 -0.01872129552 5.995222569 -0.0501515232 1729.433213 10.68470707 0 0
SAMPLE 7 -0.01704376377 5.995247364 -0.03897175193 1729.07367 10.76083545 0 0
SAMPLE 7.1 -0.01538127102 5.995309353 -0.02851240337 1728.916601 10.83768379 0 0
SAMPLE 7.2 -0.01373699959 5.995377541 -0.01879171096 1729.137683 10.9166804 0 0
SAMPLE 7.3 -0.01211400796 5.995449543 -0.009825176559 1729.122406 10.99193602 0 0
SAMPLE 7.4 -0.01051536761 5.995517731 -0.001625591656 1728.97828 11.06293776 0 0
SAMPLE 7.5 -0.008944208734 5.995575428 0.005796522368 1729.584038 11.1357996 0 0
SAMPLE 7.6 -0.007403714117 5.995638371 0.01243206486 1730.005088 11.20242279 0 0
SAMPLE 7.7 -0.005897244904 5.995687008 0.01827239431 1729.390043 11.2656754 0 0
SAMPLE 7.8 -0.004428353161 5.995776176 0.02330870368 1728.905238 11.33218575 0 0
SAMPLE 7.9 -0.003000799799 5.995845795 0.02753231861 1729.03146 11.39789887 0 0
SAMPLE 8 -0.001618464827 5.995917797 0.03093459643 1729.07532 11.46432504 0 0
SAMPLE 8.1 -0.0002854062477 5.995975971 0.03350587562 1728.687125 11.52785021 0 0
SAMPLE 8.2 0.0009939864976 5.996047497 0.03523332998 1728.621241 11.58758377 0 0
SAMPLE 8.3 0.002214876236 5.996108055 0.03609902784 1727.446942 11.64661669 0 0
SAMPLE 8.4 0.003371943487 5.996187687 0.03607773408 1729.219171 11.70928292 0 0
SAMPLE 8.5 0.004459201824 5.996246338 0.03513544798 1729.127486 11.77137267 0 0
SAMPLE 8.6 0.005469398107 5.996337414 0.03322560713 1729.029673 11.83625543 0 0
SAMPLE 8.7 0.006393331569 5.996390343 0.03028418124 1729.142197 11.90060614 0 0
SAMPLE 8.8 0.007218951825 5.996490479 0.02621937171 1728.885289 11.96682127 0 0
SAMPLE 8.9 0.007930311374 5.996567249 0.0208967682 1729.049396 12.03272204 0 0
SAMPLE 9 0.008505217731 5.996638775 0.01410313323 1728.996404 12.09701555 0 0
SAMPLE 9.1 0.008913209662 5.996706963 0.005524105392 1728.951153 12.15917962 0 0
SAMPLE 9.2 0.009118772112 5.996751308 -0.005206518341 1728.388622 12.22151934 0 0
SAMPLE 9.3 0.009093916044 5.996778965 -0.01834433898 1728.741246 12.28024715 0 0
SAMPLE 9.4 0.008834977634 5.996781349 -0.03382848948 1728.987818 12.33786065 0 0
SAMPLE 9.5 0.008371023461 5.996786118 -0.05119172484 1728.624705 12.39849585 0 0
SAMPLE 9.6 0.007756207604 5.996840954 -0.06967152655 1728.747132 12.461572 0 0
SAMPLE 9.7 0.007051520981 5.996937275 -0.08844916523 1728.915976 12.52129427 0 0
SAMPLE 9.8 0.006307234988 5.997062206 -0.1068577543 1728.996398 12.57561416 0 0
SAMPLE 9.9 0.005555683281 5.997205734 -0.1244615391 1729.014456 12.62952402 0 0
SAMPLE 10 0.004813753068 5.997352123 -0.1410191506 1728.604876 12.68229508 0 0
SAMPLE 10.1 0.004089222755 5.997513771 -0.1564071923 1728.995228 12.73493505 0 0
SAMPLE 10.2 0.003386058379 5.997674942 -0.1705628037 1729.054501 12.78578746 0 0
SAMPLE 10.3 0.002707261126 5.997831345 -0.1834520102 1728.99957 12.82995719 0 0
SAMPLE 10.4 0.00205573393 5.997972488 -0.1950568408 1729.43251 12.87377164 0 0
SAMPLE 10.5 0.001434178208 5.998099327 -0.2053688169 1728.385803 12.91521652 0 0
SAMPLE 10.6 0.0008446808788 5.99822855 -0.2143859565 1727.796275 12.94993746 0 0
SAMPLE 10.7 0.000288673531 5.998345375 -0.2221137285 1728.494067 12.98433667 0 0
SAMPLE 10.8 -0.0002328763367 5.998426437 -0.2285614014 1730.599285 13.01545898 0 0
SAMPLE 10.9 -0.0007193631027 5.99849844 -0.2337399274 1728.907969 13.04186842 0 0
SAMPLE 11 -0.001170551754 5.998574734 -0.2376678735 1729.471402 13.06777178 0 0
SAMPLE 11.1 -0.001586346189 5.998637676 -0.2403725088 1728.742026 13.09082659 0 0
SAMPLE 11.2 -0.001966623124 5.998687267 -0.2418939173 1728.481431 13.11634235 0 0
SAMPLE 11.3 -0.002311064629 5.998724461 -0.2422798276 1728.708517 13.14179494 0 0
SAMPLE 11.4 -0.002618999919 5.998748302 -0.2415810525 1728.912737 13.16750632 0 0
SAMPLE 11.5 -0.00288949674 5.998764038 -0.23984918 1728.921029 13.192353 0 0
SAMPLE 11.6 -0.003121542977 5.998766422 -0.2371382117 1728.888172 13.21537249 0 0
SAMPLE 11.7 -0.003314313944 5.998752594 -0.2335077524 1728.872929 13.23784999 0 0
SAMPLE 11.8 -0.00346726994 5.99873209 -0.2290232778 1728.871606 13.26077822 0 0
SAMPLE 11.9 -0.003580074292 5.998703957 -0.2237544656 1728.928544 13.28461754 0 0
SAMPLE 12 -0.003652479267 5.998673916 -0.2177725136 1728.930259 13.30747167 0 0
SAMPLE 12.1 -0.003684333526 5.998623371 -0.2111499608 1728.649222 13.33207376 0 0
SAMPLE 12.2 -0.003675572108 5.998596191 -0.2039598972 1728.61798 13.36110689 0 0
SAMPLE 12.3 -0.003626088845 5.998556137 -0.1962777376 1728.408455 13.38958393 0 0
SAMPLE 12.4 -0.003535368247 5.998516083 -0.1881785393 1728.693163 13.42118515 0 0
SAMPLE 12.5 -0.003402377712 5.998486042 -0.1797362268 1728.880559 13.4533009 0 0
SAMPLE 12.6 -0.003225910943 5.998451233 -0.1710242629 1729.211515 13.48881775 0 0
SAMPLE 12.7 -0.003004931845 5.998421669 -0.1621141136 1729.209647 13.52746599 0 0
SAMPLE 12.8 -0.002738516079 5.998398304 -0.1530753672 1729.028073 13.56997777 0 0
SAMPLE 12.9 -0.002425511368 5.998375893 -0.1439755261 1728.902611 13.61343607 0 0
SAMPLE 13 -0.002064441564 5.998356819 -0.1348800212 1728.880367 13.65737459 0 0
SAMPLE 13.1 -0.001653722487 5.998338699 -0.1258517802 1728.936502 13.69957406 0 0
SAMPLE 13.2 -0.001191824093 5.998325348 -0.1169505045 1729.003914 13.73986445 0 0
SAMPLE 13.3 -0.0006771781482 5.998311996 -0.1082318276 1729.024104 13.77686161 0 0
SAMPLE 13.4 -0.0001079963404 5.998299122 -0.09974724799 1729.003884 13.81016652 0 0
SAMPLE 13.5 0.0005178202991 5.998287201 -0.09154429287 1728.995113 13.83983653 0 0
SAMPLE 13.6 0.001202640822 5.998279572 -0.08366637677 1728.987132 13.86593652 0 0
SAMPLE 13.7 0.001949017518 5.998272419 -0.07615214586 1728.990446 13.88807424 0 0
SAMPLE 13.8 0.002759602154 5.998264313 -0.06903483719 1728.987477 13.90600613 0 0
SAMPLE 13.9 0.00363713433 5.99826622 -0.06234214827 1728.991014 13.92976529 0 0
SAMPLE 14 0.004584379029 5.998292923 -0.05609747767 1728.977299 13.96911739 0 0
SAMPLE 14.1 0.005604002159 5.99832058 -0.05032084882 1728.979908 14.00712129 0 0
SAMPLE 14.2 0.006698498037 5.998349667 -0.04502885789 1728.972888 14.04314423 0 0
SAMPLE 14.3 0.007870219648 5.998376846 -0.04023327306 1728.968545 14.07716341 0 0
SAMPLE 14.4 0.009121420793 5.99840498 -0.03593975678 1728.963155 14.10968401 0 0
SAMPLE 14.5 0.01045418438 5.998432159 -0.03214787319 1728.962639 14.1418348 0 0
SAMPLE 14.6 0.01187037397 5.998457909 -0.02885210328 1728.961592 14.17280321 0 0
SAMPLE 14.7 0.01337174606 5.998485088 -0.0260425657 1728.961558 14.20261492 0 0
SAMPLE 14.8 0.0149601642 5.998514175 -0.02370467596 1728.962536 14.23204387 0 0
SAMPLE 14.9 0.01663759165 5.998540401 -0.0218189694 1728.964097 14.26120764 0 0
SAMPLE 15 0.01840574108 5.998564243 -0.02036178857 1728.966174 14.28851954 0 0
SAMPLE 15.1 0.02026581764 5.998592377 -0.01930427551 1728.971597 14.31583519 0 0
SAMPLE 15.2 0.02221833356 5.998620033 -0.01861232519 1728.97218 14.34112325 0 0
SAMPLE 15.3 0.0242608916 5.998651505 -0.01827456988 1728.985826 14.3653714 0 0
SAMPLE 15.4 0.02638092078 5.998683929 -0.01838118583 1728.971646 14.38691912 0 0
SAMPLE 15.5 0.02854591236 5.998725891 -0.01922199316 1728.971953 14.40528735 0 0
SAMPLE 15.6 0.03070019186 5.998785496 -0.02130719461 1729.002129 14.42623161 0 0
SAMPLE 15.7 0.03277552128 5.998882294 -0.02523889951 1729.002333 14.47228718 0 0
SAMPLE 15.8 0.0347113423 5.998970985 -0.03149952367 1728.996752 14.51942032 0 0
SAMPLE 15.9 0.03647165373 5.999035835 -0.0402912721 1728.999445 14.56200336 0 0
RESULT {"mode":"unloaded","velocity_iterations":64,"h":0.01111111111,"substep":0.002777777778,"breeze":-1,"side":0,"catch_speed":0,"rung_mass":2.937389213,"ladder_mass":176.2433528,"post_startup_residual_j":9.699659059,"post_startup_stretch_m":0.0003113150597,"hand_positive_j":0,"hand_negative_j":0,"loaded_left_n":0,"loaded_right_n":0,"max_stretch":0.002639770508,"min_lambda":-6.87616539,"max_lambda":0,"max_tension":2475.41954,"max_hand_force":0,"catch_peak":0,"max_hand_error":0,"max_power":0,"max_sway":0.4764525592,"max_rung_speed":0.5011419058,"min_floor_clearance":2.932900102,"release_velocity_jump":0,"departure_speed":0,"loaded_root_reaction":0,"unloaded_root_reaction":1728.956889,"floor_contacts":0,"rung_contacts":0,"slack_samples":0,"climb_rise":0,"initial_energy":30775.26177,"inserted_energy":0,"final_energy":30774.48369,"wind_source_j":328.9510932,"aero_loss_j":328.314704,"hand_work_j":0,"rope_loss_j":16.00916342,"contact_loss_j":0,"max_rope_injection_step_j":0.04261786776,"max_residual_j":14.5946875,"tail_z":-0.05117572099,"tail_y":5.99907589,"player_y":0}

STDERR
proot warning: can't sanitize binding "/proc/self/fd/1": No such file or directory
proot warning: can't sanitize binding "/proc/self/fd/2": No such file or directory
