SAMPLE 0 5.862795049e-08 5.999924183 6.836849025e-07 226.4468694 -0.05671836714 0 0
SAMPLE 0.1 4.178911695e-05 5.973630905 0.0004846449883 2372.880464 -0.2093764595 0 0
SAMPLE 0.2 0.0001622168202 5.980061054 0.001869519707 1857.975908 0.3236161531 0 0
SAMPLE 0.3 0.0003629684797 5.981322765 0.004159591626 2149.55248 0.5685752823 0 0
SAMPLE 0.4 0.0006459191209 5.982962132 0.007361731958 1832.292541 0.8258076035 0 0
SAMPLE 0.5 0.001012726338 5.984190941 0.011481422 1541.124245 1.001494127 0 0
SAMPLE 0.6 0.001465014881 5.984764099 0.01652251929 1574.084929 1.169242139 0 0
SAMPLE 0.7 0.002004466485 5.9851017 0.02248730138 1705.11764 1.374872625 0 0
SAMPLE 0.8 0.002632724587 5.98550415 0.02937646024 1762.282743 1.590423927 0 0
SAMPLE 0.9 0.00335124461 5.985950947 0.03718913347 1752.977479 1.800494883 0 0
SAMPLE 1 0.004161232151 5.9863801 0.04592294618 1732.811626 2.008845416 0 0
SAMPLE 1.1 0.005063674413 5.986768246 0.05557399243 1725.202435 2.205972693 0 0
SAMPLE 1.2 0.006059360225 5.987122059 0.06613693386 1726.283458 2.397998204 0 0
SAMPLE 1.3 0.00714887958 5.987446785 0.07760494202 1728.501254 2.594194208 0 0
SAMPLE 1.4 0.00833260268 5.987776279 0.08996978402 1729.32958 2.798653532 0 0
SAMPLE 1.5 0.00961069297 5.988116264 0.1032219157 1729.286918 3.007916024 0 0
SAMPLE 1.6 0.01098320819 5.988452911 0.1173504889 1729.103259 3.201672429 0 0
SAMPLE 1.7 0.01245024893 5.988780499 0.1323436499 1729.030662 3.392898006 0 0
SAMPLE 1.8 0.01401211787 5.989115715 0.1481886804 1729.017423 3.59168261 0 0
SAMPLE 1.9 0.01566932164 5.989439964 0.1648718119 1729.018345 3.777119853 0 0
SAMPLE 2 0.01742238924 5.989770412 0.1823787689 1729.033102 3.963691745 0 0
SAMPLE 2.1 0.01927156374 5.990114212 0.2006946802 1729.017168 4.146416442 0 0
SAMPLE 2.2 0.02121662349 5.990474224 0.2198038697 1729.017026 4.329927925 0 0
SAMPLE 2.3 0.02325687744 5.990854263 0.2396902144 1729.008611 4.515287412 0 0
SAMPLE 2.4 0.02539140917 5.991244316 0.2603369355 1728.995578 4.70440408 0 0
SAMPLE 2.5 0.02761924081 5.991643906 0.2817257047 1728.974015 4.896278331 0 0
SAMPLE 2.6 0.02993884124 5.992065907 0.3038299978 1729.069087 5.091063049 0 0
SAMPLE 2.7 0.03234567866 5.992516041 0.3265881836 1728.91266 5.285082857 0 0
SAMPLE 2.8 0.03482595459 5.993001461 0.3498333097 1728.906769 5.465669958 0 0
SAMPLE 2.9 0.03734610602 5.993532181 0.3731707633 1729.099028 5.637500606 0 0
SAMPLE 3 0.0398437418 5.994112492 0.3958689272 1733.444229 5.774142974 18.53867722 -2.49582696
SAMPLE 3.1 0.04223073274 5.993479729 0.4168988764 3044.312273 7.039258689 18.32912827 -1.59897387
SAMPLE 3.2 0.04441282153 5.993504524 0.4351773262 3394.647606 8.484527247 18.22352791 -0.5423752666
SAMPLE 3.3 0.04631879181 5.993834019 0.4499206543 3525.139611 9.944205149 18.22358894 0.5142436624
SAMPLE 3.4 0.04791904241 5.994276524 0.4608541429 3495.145384 11.38827703 18.3292675 1.561074376
SAMPLE 3.5 0.0492159389 5.996594906 0.4680806398 1826.411575 11.40611833 18.49378967 1.421452165
SAMPLE 3.6 0.05025360361 5.99777317 0.4721676707 1266.073089 10.00095286 18.57380295 0.1467154622
SAMPLE 3.7 0.05107027292 5.996748924 0.4736112952 2120.806024 9.094846678 18.53068924 -0.8311535716
SAMPLE 3.8 0.05168624222 5.995693684 0.4727161527 2997.778542 9.547159755 18.44361687 -0.7490746379
SAMPLE 3.9 0.05211827531 5.995392323 0.4697432518 3142.726349 10.54229447 18.40253258 -0.06170716882
SAMPLE 4 0.0523794964 5.995835781 0.464904815 2726.574504 11.28065621 18.4258709 0.4332731664
SAMPLE 4.1 0.05248197913 5.996243 0.4583918452 2313.996232 11.35802362 18.4709301 0.3850498497
SAMPLE 4.2 0.05243520811 5.996244431 0.4503631294 2248.254992 11.07250446 18.49177742 0.02733767405
SAMPLE 4.3 0.05224720389 5.995852947 0.4409583807 2465.015414 10.92254035 18.47931099 -0.2265997827
SAMPLE 4.4 0.0519249849 5.995417118 0.4303041399 2693.907391 11.11356124 18.45593643 -0.198250249
SAMPLE 4.5 0.05147531629 5.99518919 0.4185226858 2739.084995 11.4928959 18.44532585 -0.01226952206
SAMPLE 4.6 0.05090498179 5.995118141 0.4057350457 2603.606814 11.80122713 18.45191765 0.117866993
SAMPLE 4.7 0.05021930486 5.995070934 0.3920527399 2488.033442 11.93843685 18.46398544 0.1016590074
SAMPLE 4.8 0.04941733554 5.994876862 0.3775475025 2483.814276 11.97695287 18.46934509 0.004949871451
SAMPLE 4.9 0.04847598448 5.994624138 0.3621538281 2523.442851 12.0647803 18.46584892 -0.06142571196
SAMPLE 5 0.04732338339 5.994384766 0.3454912305 2599.242118 12.23749394 18.45960999 -0.05207483843
SAMPLE 5.1 0.04582155123 5.994233608 0.3267099857 2605.711672 12.45859169 18.45689583 -0.001873800764
SAMPLE 5.2 0.04381158203 5.994083405 0.3046252131 2578.369009 12.65890495 18.45877647 0.03243016452
SAMPLE 5.3 0.04123648256 5.993805885 0.2782946229 2554.460715 12.82141345 18.46204758 0.0272295773
SAMPLE 5.4 0.03823351115 5.993348122 0.2477000207 2536.168501 12.96113095 18.46347809 0.001250996953
SAMPLE 5.5 0.03506562114 5.992864132 0.2138984352 2535.153244 13.10589173 18.46256447 -0.01595653594
SAMPLE 5.6 0.03192205727 5.992470264 0.1785499305 2541.540916 13.27158008 18.46095657 -0.01294457074
SAMPLE 5.7 0.02879717946 5.992221355 0.1431479156 2571.558774 13.45706184 18.46030807 0.0003342007112
SAMPLE 5.8 0.02558572963 5.992043018 0.1086460128 2572.383213 13.63171487 18.46088219 0.009193005972
SAMPLE 5.9 0.02225804515 5.992009163 0.07552853972 2554.096646 13.79493675 18.46179962 0.0075998432
SAMPLE 6 0.01890571788 5.992123127 0.04404368624 2543.341309 13.93433798 18.4622097 0.0007316262345
SAMPLE 6.1 0.01564351283 5.992244244 0.01430514175 2567.907503 14.06705874 18.46199036 -0.003947067074
SAMPLE 6.2 0.01252265647 5.992381573 -0.01368702482 2586.10848 14.21377749 18.46160316 -0.003251259448
SAMPLE 6.3 0.009546117857 5.992601871 -0.03986414522 2554.542503 14.34886593 18.46147156 0.0005374778411
SAMPLE 6.4 0.006735131145 5.992837906 -0.0638051182 2562.172399 14.47870325 18.46166229 0.002819987014
SAMPLE 6.5 0.004154241644 5.993134022 -0.08474529535 2552.839377 14.59750173 18.46193504 0.002381910337
SAMPLE 6.6 0.001870265231 5.993380547 -0.1019980684 2560.445816 14.71916915 18.46207237 0.000446753198
SAMPLE 6.7 -9.897874406e-05 5.993556023 -0.1154081002 2566.295847 14.84382433 18.46204185 -0.0007793156547
SAMPLE 6.8 -0.0017906141 5.993674755 -0.1254151613 2568.408293 14.97089179 18.46197319 -0.0005073338398
SAMPLE 6.9 -0.00325748953 5.993757725 -0.1327119768 2565.562634 15.09561971 18.4619751 0.0005392792518
SAMPLE 7 -0.004529780708 5.99387455 -0.1378424168 2557.958842 15.21244801 18.46206284 0.001189460629
SAMPLE 7.1 -0.005612203851 5.993965626 -0.1410630345 2555.444676 15.34476436 18.46218872 0.00096489524
SAMPLE 7.2 -0.006504258607 5.994012833 -0.1424131542 2566.113534 15.47401629 18.46225739 0.000367481698
SAMPLE 7.3 -0.00721256528 5.994056702 -0.1417566389 2564.528702 15.58592678 18.46225739 0.0001502494706
SAMPLE 7.4 -0.007742052432 5.994074345 -0.1387401074 2570.576519 15.71293357 18.4622879 0.0003601023636
SAMPLE 7.5 -0.008078544401 5.994100571 -0.1328461468 2560.555211 15.85762952 18.46235657 0.0005082263961
SAMPLE 7.6 -0.008183473721 5.994075775 -0.1236702055 2560.760582 15.99991281 18.46241379 0.0003359468537
SAMPLE 7.7 -0.008014234714 5.994019985 -0.111236468 2567.971241 16.14135853 18.46245384 0.0003463960602
SAMPLE 7.8 -0.007562687621 5.993987083 -0.09612753242 2558.255639 16.28632172 18.46252251 0.0007093611057
SAMPLE 7.9 -0.006883695722 5.993992329 -0.07933036238 2563.493662 16.40683783 18.46259117 0.001011136686
SAMPLE 8 -0.006086691748 5.994093895 -0.06195755303 2561.052216 16.55505932 18.46272659 0.001119601773
SAMPLE 8.1 -0.005291094538 5.994204521 -0.04499844089 2557.136148 16.67101643 18.46281815 0.0008438604418
SAMPLE 8.2 -0.004580089822 5.994296551 -0.02911720052 2569.710356 16.78212088 18.46288681 0.0006726795691
SAMPLE 8.3 -0.00398654025 5.994403839 -0.01452599 2563.00527 16.8987679 18.46295547 0.0006080922321
SAMPLE 8.4 -0.003511573886 5.994501114 -0.0009898670251 2558.700896 17.01177334 18.46302414 0.0005495392252
SAMPLE 8.5 -0.003146969015 5.994608879 0.01194996294 2558.709563 17.13186514 18.46308899 0.0003345655568
SAMPLE 8.6 -0.002878954401 5.99469471 0.02465398237 2562.726664 17.2170189 18.46310043 0.0003477879509
SAMPLE 8.7 -0.002679823199 5.994777679 0.03718504682 2568.168687 17.31661334 18.46314621 0.0004533530155
SAMPLE 8.8 -0.00250339997 5.994863033 0.04935422167 2564.183546 17.43001585 18.46321106 0.0003225431137
SAMPLE 8.9 -0.002293106867 5.994953156 0.0609068647 2570.617115 17.49929128 18.46321297 0.0002727200335
SAMPLE 9 -0.001999604981 5.99506712 0.07168211788 2556.236777 17.59880061 18.4631958 -0.02678338438
SAMPLE 9.1 -0.001600357005 5.995859146 0.08169482648 1901.38896 16.5526298 18.41010475 -1.007783294
SAMPLE 9.2 -0.001108804136 5.996310234 0.09123590589 1685.637895 15.46271576 18.25891495 -1.988785148
SAMPLE 9.3 -0.0005582415033 5.996453762 0.1008169502 1664.423646 14.37159028 18.00962448 -2.969786882
SAMPLE 9.4 2.743414734e-05 5.996528149 0.1110853329 1697.157294 13.29434233 17.66223335 -3.950788736
SAMPLE 9.5 0.000659731857 5.996631622 0.1226231828 1722.126209 12.21725237 17.21674347 -4.931782246
SAMPLE 9.6 0.001386637799 5.996722698 0.1357742846 1735.090244 11.13738584 16.67315292 -5.912775517
SAMPLE 9.7 0.002253292594 5.996780872 0.1505822092 1736.911772 10.05702294 16.03146362 -6.893768787
SAMPLE 9.8 0.003232738702 5.996867657 0.1667336076 1730.133982 8.972452642 15.29167557 -7.874762058
SAMPLE 9.9 0.004188740626 5.997004032 0.1834453642 1736.963734 7.892042824 14.45378685 -8.855770111
SAMPLE 10 0.004945127293 5.99727726 0.199480325 1738.900283 6.813309094 13.51779652 -9.836780548
SAMPLE 10.1 0.005433637649 5.997600555 0.2134757042 1719.034176 5.730175609 12.48370552 -10.81779099
SAMPLE 10.2 0.005763707217 5.997775555 0.2244806588 1718.552448 4.641584579 11.35151291 -11.79880142
SAMPLE 10.3 0.006113218609 5.997822762 0.2322797328 1734.264326 3.561898173 10.12121964 -12.77981186
SAMPLE 10.4 0.006555390544 5.997787476 0.2373318076 1735.9089 2.482846798 8.792825699 -13.7608223
SAMPLE 10.5 0.007011746522 5.997797012 0.2404376864 1728.7079 1.402361222 7.366330147 -14.74183273
SAMPLE 10.6 0.007361370139 5.997891903 0.2424135804 1727.376906 0.324973437 5.841733932 -15.72284317
SAMPLE 10.7 0.007563573774 5.997982502 0.2438961267 1729.893816 -0.7483912415 4.219036102 -16.70385361
SAMPLE 10.8 0.007669948041 5.998097897 0.2452552319 1719.226147 23.55099291 3.897999525 0
SAMPLE 10.9 0.007757828571 5.998175144 0.2466745079 1729.291615 23.59861387 3.897999525 0
SAMPLE 11 0.007886275649 5.998286247 0.2484928519 1734.883678 23.65059996 3.897999525 0
SAMPLE 11.1 0.008120767772 5.998430252 0.2515391111 1718.317801 23.70060019 3.897999525 0
SAMPLE 11.2 0.00856688153 5.9985919 0.256901741 1715.615697 23.7479441 3.897999525 0
SAMPLE 11.3 0.009339753538 5.99861002 0.2650588751 1731.565863 23.79872976 3.897999525 0
SAMPLE 11.4 0.01048548613 5.998617172 0.2752332091 1730.614816 23.84976564 3.897999525 0
SAMPLE 11.5 0.01192873903 5.998692036 0.2857402265 1731.462746 23.89733358 3.897999525 0
SAMPLE 11.6 0.01349020749 5.99880743 0.2949810624 1744.306205 23.95267598 3.897999525 0
SAMPLE 11.7 0.01494282112 5.999011517 0.302077949 1732.68934 24.00589262 3.897999525 0
SAMPLE 11.8 0.01606651209 5.999206066 0.3067905903 1720.078115 24.05543053 3.897999525 0
SAMPLE 11.9 0.01669819094 5.999350071 0.3090634048 1729.471209 24.10510971 3.897999525 0
SAMPLE 12 0.01678543724 5.999421597 0.3087131083 1738.663088 24.15486648 3.897999525 0
SAMPLE 12.1 0.01641799323 5.999548912 0.3054768741 1735.681959 24.20486352 3.897999525 0
SAMPLE 12.2 0.01579541713 5.999583244 0.2993209064 1732.180935 24.25054314 3.897999525 0
SAMPLE 12.3 0.01512394939 5.999565601 0.2905836105 1728.440884 24.29373963 3.897999525 0
SAMPLE 12.4 0.01449782588 5.999493599 0.2797779441 1723.22929 24.33701477 3.897999525 0
SAMPLE 12.5 0.01384484395 5.999359131 0.267200917 1723.267806 24.37644389 3.897999525 0
SAMPLE 12.6 0.01297693327 5.9991889 0.2526343763 1736.578753 24.42105055 3.897999525 0
SAMPLE 12.7 0.01170874387 5.999013424 0.2353043258 1738.986669 24.46742943 3.897999525 0
SAMPLE 12.8 0.009952615015 5.998787403 0.2142684013 1728.340137 24.50855231 3.897999525 0
SAMPLE 12.9 0.007745957002 5.998391151 0.1892177314 1730.35291 24.55552123 3.897999525 0
SAMPLE 13 0.00521683041 5.997947693 0.1610526145 1730.326519 24.60778299 3.897999525 0
SAMPLE 13.1 0.002526229247 5.997756004 0.1316365898 1729.578122 24.65559168 3.897999525 0
SAMPLE 13.2 -0.0001884685335 5.997637272 0.1028632224 1725.501982 24.69647219 3.897999525 0
SAMPLE 13.3 -0.002844274975 5.9975667 0.07587600499 1736.308766 24.72948141 3.897999525 0
SAMPLE 13.4 -0.005409047008 5.997551918 0.0509554483 1729.210942 24.75880573 3.897999525 0
SAMPLE 13.5 -0.007883319631 5.997610569 0.02784733474 1724.346634 24.78146465 3.897999525 0
SAMPLE 13.6 -0.01028605085 5.997719288 0.0061521139 1733.233844 24.80615343 3.897999525 0
SAMPLE 13.7 -0.01264436636 5.99783802 -0.01435257122 1731.559138 24.83000106 3.897999525 0
SAMPLE 13.8 -0.01497801952 5.997956276 -0.03349735215 1724.749844 24.84580884 3.897999525 0
SAMPLE 13.9 -0.01727675274 5.99808836 -0.05071173981 1729.627918 24.86464201 3.897999525 0
SAMPLE 14 -0.01948636957 5.99822855 -0.06523963809 1732.301496 24.8884451 3.897999525 0
SAMPLE 14.1 -0.02152166143 5.998323917 -0.07643644512 1730.980418 24.90813523 3.897999525 0
SAMPLE 14.2 -0.02330515161 5.998373508 -0.08397439122 1735.214007 24.92694913 3.897999525 0
SAMPLE 14.3 -0.02480759844 5.998358727 -0.08792035282 1739.295296 24.95428854 3.897999525 0
SAMPLE 14.4 -0.0260585025 5.998324394 -0.08870429546 1727.564073 24.97950197 3.897999525 0
SAMPLE 14.5 -0.02712328918 5.998254776 -0.08701420575 1721.613876 25.00150388 3.897999525 0
SAMPLE 14.6 -0.02807015739 5.998198032 -0.08358403295 1730.710164 25.02580905 3.897999525 0
SAMPLE 14.7 -0.0289545022 5.998171329 -0.07894057781 1733.218557 25.05374773 3.897999525 0
SAMPLE 14.8 -0.02982214093 5.998155117 -0.07327409089 1729.739713 25.07995238 3.897999525 0
SAMPLE 14.9 -0.03071544506 5.998169899 -0.0665166229 1728.301166 25.10674729 3.897999525 0
SAMPLE 15 -0.031670928 5.998133183 -0.05856072158 1729.16724 25.13156722 3.897999525 0
SAMPLE 15.1 -0.03270920739 5.998062611 -0.04941466451 1725.063452 25.15369311 3.897999525 0
SAMPLE 15.2 -0.03382511809 5.998033524 -0.03925526515 1729.635707 25.17659568 3.897999525 0
SAMPLE 15.3 -0.03498672321 5.998019218 -0.02839495987 1738.441462 25.20211239 3.897999525 0
SAMPLE 15.4 -0.03614912182 5.998095512 -0.01722530834 1730.639152 25.22856947 3.897999525 0
SAMPLE 15.5 -0.03727841377 5.998117924 -0.006106320303 1722.217432 25.25241287 3.897999525 0
SAMPLE 15.6 -0.03836853802 5.998111248 0.004768019076 1728.951018 25.28155403 3.897999525 0
SAMPLE 15.7 -0.03943828866 5.998090267 0.01548026875 1729.19289 25.3084027 3.897999525 0
SAMPLE 15.8 -0.04050565138 5.998110294 0.026370259 1722.316612 25.33503435 3.897999525 0
SAMPLE 15.9 -0.04154627398 5.998205185 0.03794795647 1727.818212 25.36119107 3.897999525 0
RESULT {"mode":"rider","velocity_iterations":64,"h":0.01111111111,"substep":0.002777777778,"breeze":1,"side":-0.25,"catch_speed":2.5,"rung_mass":2.937389213,"ladder_mass":176.2433528,"post_startup_residual_j":20.49275494,"post_startup_stretch_m":0.0004451274872,"hand_positive_j":421.8703762,"hand_negative_j":754.5039027,"loaded_left_n":1518.178148,"loaded_right_n":1044.500182,"max_stretch":0.002639770508,"min_lambda":-7.665260315,"max_lambda":0,"max_tension":2759.493713,"max_hand_force":866.0660648,"catch_peak":866.0660648,"max_hand_error":0.3332267404,"max_power":2552.053932,"max_sway":0.4763734639,"max_rung_speed":0.5011420846,"min_floor_clearance":2.932899625,"release_velocity_jump":0,"departure_speed":0.0580974929,"loaded_root_reaction":2562.678331,"unloaded_root_reaction":1728.977686,"floor_contacts":1900,"rung_contacts":0,"slack_samples":0,"climb_rise":0,"initial_energy":30775.26177,"inserted_energy":15729.82389,"final_energy":34024.26263,"wind_source_j":329.4866292,"aero_loss_j":329.5109015,"hand_work_j":-332.6335265,"rope_loss_j":23.31012933,"contact_loss_j":12150.24414,"max_rope_injection_step_j":0.04261952155,"max_residual_j":25.38903327,"tail_z":0.05045273528,"tail_y":5.99833107,"player_y":3.897999525}

STDERR
proot warning: can't sanitize binding "/proc/self/fd/1": No such file or directory
proot warning: can't sanitize binding "/proc/self/fd/2": No such file or directory
