SAMPLE 0 0 6.007494926 -0.599937439 226.3053391 -0.003178388136 0 0
SAMPLE 0.1 -1.606176414e-09 6.006413937 -0.5987231731 1507.360709 0.05215822362 0 0
SAMPLE 0.2 -3.572697027e-09 6.006518841 -0.5950190425 1540.999827 0.1336768431 0 0
SAMPLE 0.3 -5.549607884e-09 6.006463051 -0.5888629556 1455.702708 0.2132324309 0 0
SAMPLE 0.4 -7.509664002e-09 6.006247044 -0.5802557468 1776.701241 0.2297802093 0 0
SAMPLE 0.5 -9.460676687e-09 6.006000042 -0.5691993833 1603.023725 0.23129936 0 0
SAMPLE 0.6 -1.136842975e-08 6.005692959 -0.5556951165 1715.291286 0.2461102081 0 0
SAMPLE 0.7 -1.318760479e-08 6.005365372 -0.5397441983 1773.667502 0.270798656 0 0
SAMPLE 0.8 -1.496112034e-08 6.005007267 -0.5213492513 1727.182195 0.3073026034 0 0
SAMPLE 0.9 -1.392462856e-08 6.004650116 -0.5005125999 1717.829798 0.3346111115 0 0
SAMPLE 1 -1.219861812e-08 6.004239082 -0.4772391021 1889.948542 0.3874765974 0 0
SAMPLE 1.1 -1.04599458e-08 6.003854275 -0.4515282214 1734.089703 0.4168107178 0 0
SAMPLE 1.2 -8.730258294e-09 6.003467083 -0.4233812988 1724.414327 0.4645439807 0 0
SAMPLE 1.3 -7.872039021e-09 6.00303936 -0.3928015232 1743.277564 0.4977077985 0 0
SAMPLE 1.4 -9.701707882e-09 6.002604008 -0.3597924709 1741.881764 0.5210756504 0 0
SAMPLE 1.5 -1.151687279e-08 6.002148628 -0.3243585527 1893.568525 0.5449723893 0 0
SAMPLE 1.6 -1.335779931e-08 6.001767635 -0.2865033448 1724.870455 0.5601936923 0 0
SAMPLE 1.7 -1.510517578e-08 6.001430988 -0.2462361008 1725.887093 0.6387552444 0 0
SAMPLE 1.8 -1.369494029e-08 6.001160145 -0.203561455 1729.787406 0.7196498726 0 0
SAMPLE 1.9 -1.188428111e-08 6.000892639 -0.1584840119 1729.566891 0.7590187632 0 0
SAMPLE 2 -1.011052397e-08 6.000598907 -0.1110013351 1507.234118 0.7653084221 0 0
SAMPLE 2.1 -8.397940121e-09 6.000360966 -0.06110908464 1600.149069 0.775509066 0 0
SAMPLE 2.2 -6.600757718e-09 6.000216007 -0.008818905801 1752.530904 0.7703514975 0 0
SAMPLE 2.3 -4.796554709e-09 6.00014925 0.04586334527 1711.410027 0.77634296 0 0
SAMPLE 2.4 -2.984437364e-09 6.00018549 0.1029246226 1509.031912 0.7899379196 0 0
SAMPLE 2.5 -1.178355857e-09 6.000355721 0.1623381227 1581.190098 0.7860332883 0 0
SAMPLE 2.6 6.41697584e-10 6.000719547 0.2240556628 1768.085635 0.805196102 0 0
SAMPLE 2.7 2.41614817e-09 6.001294136 0.2879510224 1605.662265 0.8180422933 0 0
SAMPLE 2.8 4.112999719e-09 6.002164841 0.3536012769 1725.50937 0.8238753326 0 0
SAMPLE 2.9 5.775247391e-09 6.00342083 0.4199054837 1650.978653 0.8490198807 0 0
SAMPLE 3 7.439626692e-09 6.005156517 0.4847130775 1748.959994 0.8548033283 0 0
SAMPLE 3.1 9.097728793e-09 6.007392883 0.5448946953 1804.035928 0.8778245002 0 0
SAMPLE 3.2 1.0714583e-08 6.009640217 0.5971813202 2023.079403 0.8942973613 0 0
SAMPLE 3.3 1.232952229e-08 6.01145792 0.6392802596 1672.129825 0.9208474527 0 0
SAMPLE 3.4 1.394297744e-08 6.01243639 0.670565486 1654.873443 0.9425044726 0 0
SAMPLE 3.5 1.493767599e-08 6.012815475 0.6917871833 1714.876275 0.9583094398 0 0
SAMPLE 3.6 1.338732769e-08 6.012776852 0.7044032812 1691.477128 0.9838433896 0 0
SAMPLE 3.7 1.184244081e-08 6.012432098 0.7098986506 1807.146621 1.005488921 0 0
SAMPLE 3.8 1.029769248e-08 6.011975765 0.7094708681 1718.907305 1.005725984 0 0
SAMPLE 3.9 8.753038294e-09 6.011360168 0.7040314674 1613.973171 1.021607456 0 0
SAMPLE 4 7.18615123e-09 6.010646343 0.6942579746 1887.591587 1.039731564 0 0
SAMPLE 4.1 5.653461699e-09 6.009982109 0.680677712 1711.0308 1.063568764 0 0
SAMPLE 4.2 4.121129216e-09 6.009228706 0.6637164354 1721.645134 1.068493782 0 0
SAMPLE 4.3 2.736067595e-09 6.008462429 0.6437156796 1757.59687 1.106859004 0 0
SAMPLE 4.4 1.406461503e-09 6.007708073 0.6209750175 1723.922006 1.105392421 0 0
SAMPLE 4.5 8.379236194e-11 6.006939888 0.5957767367 1728.361037 1.112590444 0 0
SAMPLE 4.6 -1.212994372e-09 6.006162167 0.5683833361 1777.340815 1.149533108 0 0
SAMPLE 4.7 -8.318893907e-10 6.005448818 0.5390309095 1718.793291 1.170578597 0 0
SAMPLE 4.8 7.267172419e-10 6.004707336 0.5079296827 1720.820693 1.194052608 0 0
SAMPLE 4.9 2.284080258e-09 6.004051208 0.4752658904 1729.707538 1.262534982 0 0
SAMPLE 5 3.840143759e-09 6.003435612 0.441213578 1728.659601 1.311676385 0 0
SAMPLE 5.1 5.414293458e-09 6.002810955 0.4059298933 1717.329431 1.350425626 0 0
SAMPLE 5.2 6.975178213e-09 6.002222538 0.3695584536 1291.327982 1.378113048 0 0
SAMPLE 5.3 8.545999464e-09 6.001620293 0.3322395384 1769.188504 1.389220023 0 0
SAMPLE 5.4 1.010710449e-08 6.00115633 0.294110328 1729.247882 1.44003464 0 0
SAMPLE 5.5 1.16651897e-08 6.00069046 0.2553089261 1704.394196 1.449742071 0 0
SAMPLE 5.6 1.32099105e-08 6.00026226 0.215966031 1700.626413 1.457724052 0 0
SAMPLE 5.7 1.474943456e-08 5.999905586 0.1762056202 1794.162143 1.475409219 0 0
SAMPLE 5.8 1.415484974e-08 5.999647617 0.1361491978 1723.073228 1.513498528 0 0
SAMPLE 5.9 1.260540827e-08 5.999417305 0.09591120481 1761.474223 1.54310038 0 0
SAMPLE 6 1.105784175e-08 5.999296188 0.05559933558 1724.808511 1.617210966 0 0
SAMPLE 6.1 9.492906905e-09 5.999232292 0.01531734783 1854.008234 1.670382293 0 0
SAMPLE 6.2 7.961362236e-09 5.999212742 -0.02483150922 1784.016404 1.67811156 0 0
SAMPLE 6.3 5.827049065e-09 5.999275208 -0.06474298984 1633.722449 1.685841363 0 0
SAMPLE 6.4 2.93507596e-09 5.999426365 -0.1043127254 1734.307641 1.68518323 0 0
SAMPLE 6.5 1.619741494e-11 5.999625683 -0.1434381902 1723.632855 1.687083202 0 0
SAMPLE 6.6 -2.917693864e-09 5.999876499 -0.1820215136 1903.660827 1.7369661 0 0
SAMPLE 6.7 -5.728025609e-09 6.000211239 -0.2199653238 1749.122807 1.738895612 0 0
SAMPLE 6.8 -8.516670924e-09 6.000601292 -0.2571695447 1710.423494 1.75332579 0 0
SAMPLE 6.9 -1.132737815e-08 6.00099802 -0.2935318947 1731.210709 1.772820045 0 0
SAMPLE 7 -1.413529382e-08 6.001467705 -0.3289450705 1721.396438 1.792694013 0 0
SAMPLE 7.1 -1.499659952e-08 6.001982212 -0.3633027375 1743.657654 1.798980499 0 0
SAMPLE 7.2 -1.221830637e-08 6.002510071 -0.3965011239 1692.144971 1.816041157 0 0
SAMPLE 7.3 -1.020538054e-08 6.003053665 -0.4284371138 1673.235288 1.825653415 0 0
SAMPLE 7.4 -1.085978418e-08 6.003630161 -0.4590021372 1565.609425 1.84415922 0 0
SAMPLE 7.5 -1.149831164e-08 6.004210472 -0.4880806506 1739.796368 1.850256772 0 0
SAMPLE 7.6 -1.214451562e-08 6.004789352 -0.5155507326 1756.625793 1.874425782 0 0
SAMPLE 7.7 -1.279080841e-08 6.005394459 -0.5412868261 1571.743205 1.892714241 0 0
SAMPLE 7.8 -1.342626543e-08 6.006003857 -0.565156579 1737.583777 1.914840145 0 0
SAMPLE 7.9 -1.127582383e-08 6.006608009 -0.5870124698 1720.19704 1.929563316 0 0
SAMPLE 8 -7.212512365e-09 6.007210255 -0.6066893935 1730.16273 1.972137221 0 0
SAMPLE 8.1 -3.151084949e-09 6.007838726 -0.6240081787 1728.273396 2.049404174 0 0
SAMPLE 8.2 9.06840214e-10 6.008448124 -0.638774395 1600.368301 2.140612098 0 0
SAMPLE 8.3 4.925220232e-09 6.008957386 -0.6507805586 1777.165032 2.147463251 0 0
SAMPLE 8.4 5.707931461e-09 6.009428501 -0.659797132 1753.498573 2.176952709 0 0
SAMPLE 8.5 4.962324329e-09 6.009825706 -0.6655534506 1760.39031 2.187875443 0 0
SAMPLE 8.6 4.178112523e-09 6.010213852 -0.6677148342 1728.938951 2.225607055 0 0
SAMPLE 8.7 3.414552863e-09 6.010461807 -0.6658807993 1987.489568 2.261798912 0 0
SAMPLE 8.8 2.758639983e-09 6.010685921 -0.6595499516 1755.990925 2.264257192 0 0
SAMPLE 8.9 2.125616794e-09 6.010777473 -0.6480848789 1733.222278 2.290563671 0 0
SAMPLE 9 1.473626554e-09 6.010674 -0.630564034 1730.213898 2.315026288 0 0
SAMPLE 9.1 7.994387374e-10 6.010276318 -0.6056693196 1842.399753 2.34166706 0 0
SAMPLE 9.2 1.257812743e-10 6.00950861 -0.5718402267 1668.403048 2.352122263 0 0
SAMPLE 9.3 -6.560731403e-10 6.008057594 -0.5279499292 1760.58984 2.372112043 0 0
SAMPLE 9.4 -1.500718994e-09 6.006024361 -0.4740951657 1726.255881 2.407659632 0 0
SAMPLE 9.5 -1.734042909e-10 6.003921509 -0.412103653 1723.202025 2.460687021 0 0
SAMPLE 9.6 1.972626285e-09 6.002222538 -0.3449748456 1626.010257 2.479821565 0 0
SAMPLE 9.7 4.059475422e-09 6.001059055 -0.2758725584 1655.523453 2.513692992 0 0
SAMPLE 9.8 5.99074701e-09 6.000384808 -0.2072959095 1736.840821 2.544983665 0 0
SAMPLE 9.9 7.91330379e-09 6.000123501 -0.1407829523 1728.939973 2.6618384 0 0
SAMPLE 10 9.845757987e-09 6.000059128 -0.07710207254 1917.005562 2.772686509 0 0
SAMPLE 10.1 1.140931438e-08 6.000091553 -0.01652846672 1843.173969 2.787312898 0 0
SAMPLE 10.2 1.222520929e-08 6.000202656 0.04087800533 1771.678661 2.786019246 0 0
SAMPLE 10.3 1.084939782e-08 6.000469685 0.09513596445 1713.950586 2.800357279 0 0
SAMPLE 10.4 9.395193068e-09 6.000804901 0.1462931633 1713.526268 2.810922131 0 0
SAMPLE 10.5 7.942792202e-09 6.001158714 0.1943822801 1691.745222 2.813758181 0 0
SAMPLE 10.6 6.492081983e-09 6.001566887 0.2394087911 1740.831836 2.812828995 0 0
SAMPLE 10.7 5.042952722e-09 6.001963139 0.2813958228 1807.842792 2.813075823 0 0
SAMPLE 10.8 3.601336562e-09 6.002420902 0.3203800619 1701.114651 2.816844385 0 0
SAMPLE 10.9 2.199442184e-09 6.002766609 0.3564200997 2066.18385 2.833214126 0 0
SAMPLE 11 1.073971023e-09 6.003238678 0.3895630836 1716.562394 2.840005196 0 0
SAMPLE 11.1 -2.475351348e-11 6.003641605 0.4198625386 1750.027768 2.854486347 0 0
SAMPLE 11.2 -1.133194205e-09 6.004057884 0.4473550916 1763.47304 2.881072112 0 0
SAMPLE 11.3 -2.24253327e-09 6.004398346 0.4720827937 1728.196684 2.900854643 0 0
SAMPLE 11.4 -3.325154374e-09 6.004746437 0.4940846264 1468.542056 2.912526811 0 0
SAMPLE 11.5 -4.293186251e-09 6.005051613 0.5133980513 1771.439433 2.93890523 0 0
SAMPLE 11.6 -5.290586635e-09 6.005320072 0.5300521255 1740.19645 2.955418523 0 0
SAMPLE 11.7 -6.353561233e-09 6.005574226 0.5440768003 1645.344448 2.973181187 0 0
SAMPLE 11.8 -7.498266008e-09 6.005725384 0.5555061698 1820.25687 2.988909019 0 0
SAMPLE 11.9 -8.800012274e-09 6.005763531 0.5643731356 2275.093792 3.016114662 0 0
SAMPLE 12 -1.029654495e-08 6.005992889 0.5707048178 1638.061455 3.08066435 0 0
SAMPLE 12.1 -1.181497566e-08 6.006011486 0.5745487809 1683.273745 3.112722946 0 0
SAMPLE 12.2 -1.343547407e-08 6.006075382 0.5759369731 1701.290671 3.161628455 0 0
SAMPLE 12.3 -1.503019753e-08 6.0060215 0.5749064684 1790.60725 3.170723074 0 0
SAMPLE 12.4 -1.384910142e-08 6.005950451 0.5714856982 1734.587372 3.173235695 0 0
SAMPLE 12.5 -1.22459225e-08 6.005843639 0.565710187 1726.813634 3.21860192 0 0
SAMPLE 12.6 -1.06552136e-08 6.005755901 0.5576211214 1728.196517 3.348614785 0 0
SAMPLE 12.7 -9.074307528e-09 6.005426407 0.5472649336 2049.642193 3.388667761 0 0
SAMPLE 12.8 -7.5073876e-09 6.005176067 0.5346727967 1687.542161 3.407754894 0 0
SAMPLE 12.9 -5.93945515e-09 6.004831791 0.5198837519 1800.578669 3.41926091 0 0
SAMPLE 13 -4.372142204e-09 6.004430294 0.5029242635 1776.554421 3.434980339 0 0
SAMPLE 13.1 -2.882163175e-09 6.004057884 0.483817637 1837.568113 3.468653196 0 0
SAMPLE 13.2 -1.447663767e-09 6.003700256 0.4625920951 1676.06305 3.496209884 0 0
SAMPLE 13.3 1.503955294e-11 6.003305435 0.4392842352 1643.927255 3.531318728 0 0
SAMPLE 13.4 1.478876022e-09 6.00291729 0.4139376581 1733.646477 3.568134031 0 0
SAMPLE 13.5 2.094953322e-09 6.002522469 0.3866030574 1769.729776 3.606424246 0 0
SAMPLE 13.6 1.252728477e-09 6.002130508 0.3573261797 1721.325619 3.634965033 0 0
SAMPLE 13.7 3.492953982e-10 6.001743793 0.3261464536 1761.178447 3.663732456 0 0
SAMPLE 13.8 -5.820577353e-10 6.001404285 0.2930992246 1728.570134 3.704040514 0 0
SAMPLE 13.9 -1.503527525e-09 6.001113892 0.2582147717 1729.945636 3.766517677 0 0
SAMPLE 14 -2.430432078e-09 6.000870705 0.2215206474 1729.446932 3.867298983 0 0
SAMPLE 14.1 -3.360688616e-09 6.000647068 0.1830440611 1872.926937 3.951550547 0 0
SAMPLE 14.2 -4.335958259e-09 6.000336647 0.1428185552 1939.261804 3.961793534 0 0
SAMPLE 14.3 -5.175571971e-09 6.000123024 0.1008821726 1941.268185 3.972843837 0 0
SAMPLE 14.4 -6.040660416e-09 6.000000477 0.05728632212 1704.413381 3.976959862 0 0
SAMPLE 14.5 -6.942354247e-09 5.999911785 0.01207340602 1726.62418 3.987857465 0 0
SAMPLE 14.6 -7.866314711e-09 5.999907017 -0.03471314907 1714.04139 3.986116154 0 0
SAMPLE 14.7 -8.789178274e-09 5.999974728 -0.08304677159 1783.268645 3.9982198 0 0
SAMPLE 14.8 -9.705147797e-09 6.000145435 -0.1328992248 1806.133337 4.005851324 0 0
SAMPLE 14.9 -1.05737481e-08 6.00041914 -0.1842311472 1202.462562 3.994469082 0 0
SAMPLE 15 -1.144524653e-08 6.000786781 -0.2369826883 1780.932213 4.011936422 0 0
SAMPLE 15.1 -1.233519686e-08 6.001337528 -0.291100353 1739.796619 4.030195832 0 0
SAMPLE 15.2 -1.320959431e-08 6.002063274 -0.3465472758 1746.697991 4.042543813 0 0
SAMPLE 15.3 -1.406554073e-08 6.002966881 -0.4031849802 1652.680424 4.063144233 0 0
SAMPLE 15.4 -1.486811652e-08 6.00412178 -0.4603999555 1664.833117 4.076610957 0 0
SAMPLE 15.5 -1.433183883e-08 6.005642414 -0.5166127086 1729.027767 4.079757728 0 0
SAMPLE 15.6 -1.35845486e-08 6.007599831 -0.5691671371 1638.535544 4.120980267 0 0
SAMPLE 15.7 -1.28383002e-08 6.009665966 -0.6149743795 1731.114567 4.123299308 0 0
SAMPLE 15.8 -1.191507781e-08 6.011374474 -0.6515749097 1810.832784 4.151814671 0 0
SAMPLE 15.9 -8.987695033e-09 6.012413025 -0.6778506637 1723.456979 4.146856006 0 0
RESULT {"mode":"unloaded","velocity_iterations":64,"h":0.002777777778,"substep":0.0006944444444,"breeze":0,"side":0,"catch_speed":0,"rung_mass":2.937389213,"ladder_mass":176.2433528,"post_startup_residual_j":3.368996785,"post_startup_stretch_m":3.698468208e-05,"hand_positive_j":0,"hand_negative_j":0,"loaded_left_n":0,"loaded_right_n":0,"max_stretch":0.0003238916397,"min_lambda":-1.179450274,"max_lambda":0,"max_tension":1698.408394,"max_hand_force":0,"catch_peak":0,"max_hand_error":0,"max_power":0,"max_sway":0.7103813887,"max_rung_speed":0.6927948594,"min_floor_clearance":2.969108076,"release_velocity_jump":0,"departure_speed":0,"loaded_root_reaction":0,"unloaded_root_reaction":1725.149557,"floor_contacts":0,"rung_contacts":0,"slack_samples":0,"climb_rise":0,"initial_energy":30781.85301,"inserted_energy":0,"final_energy":30780.10781,"wind_source_j":0,"aero_loss_j":0.8122602475,"hand_work_j":0,"rope_loss_j":5.087209139,"contact_loss_j":0,"max_rope_injection_step_j":0.001841619379,"max_residual_j":4.155030073,"tail_z":-0.6939654946,"tail_y":6.012708187,"player_y":0}

STDERR
proot warning: can't sanitize binding "/proc/self/fd/1": No such file or directory
proot warning: can't sanitize binding "/proc/self/fd/2": No such file or directory
