SAMPLE 0 3.664246906e-09 5.999995232 4.27303064e-08 226.4468694 -0.003206539635 0 0
SAMPLE 0.1 3.916124115e-05 5.999279976 0.0004541745293 1529.198417 0.03992837497 0 0
SAMPLE 0.2 0.0001564476988 5.999274731 0.001804498839 1686.771751 0.07554045682 0 0
SAMPLE 0.3 0.0003538992605 5.999275208 0.004059692845 1750.178532 0.08530612283 0 0
SAMPLE 0.4 0.0006334484206 5.999279976 0.007226952352 1727.432609 0.07790688155 0 0
SAMPLE 0.5 0.0009969151579 5.999279976 0.01131191012 1729.004696 0.06917180225 0 0
SAMPLE 0.6 0.00144600065 5.999279976 0.01631861366 1729.002548 0.05599919967 0 0
SAMPLE 0.7 0.001982283546 5.999279976 0.02224951051 1729.007112 0.03784637051 0 0
SAMPLE 0.8 0.002607212868 5.999279976 0.02910542861 1729.009255 0.0140101352 0 0
SAMPLE 0.9 0.00332210632 5.999279976 0.03688559681 1729.020514 -0.01425901445 0 0
SAMPLE 1 0.004128146917 5.999279976 0.04558763281 1729.02451 -0.04847712569 0 0
SAMPLE 1.1 0.0050263796 5.999282837 0.05520766973 1744.054158 -0.07140541931 0 0
SAMPLE 1.2 0.006017716601 5.999309063 0.06574027985 1734.117876 -0.05704847699 0 0
SAMPLE 1.3 0.007102933247 5.999363422 0.07717862725 1773.359226 -0.01929526307 0 0
SAMPLE 1.4 0.008282663301 5.999407291 0.08951450139 1761.293107 -0.01123698533 0 0
SAMPLE 1.5 0.009557407349 5.999495983 0.1027384028 1720.230619 0.01491951863 0 0
SAMPLE 1.6 0.01092752628 5.999567032 0.1168395728 1748.856897 0.02139025162 0 0
SAMPLE 1.7 0.01239326224 5.999649525 0.1318062991 1749.941433 0.04408757992 0 0
SAMPLE 1.8 0.0139547186 5.999751091 0.14762564 1688.224503 0.05210467892 0 0
SAMPLE 1.9 0.0156118786 5.99985218 0.1642840207 1769.69181 0.07340623915 0 0
SAMPLE 2 0.01736461744 5.999979496 0.1817668527 1752.669864 0.08826542979 0 0
SAMPLE 2.1 0.01921268366 6.000119686 0.200058952 1654.357834 0.09675067689 0 0
SAMPLE 2.2 0.02115572616 6.000264645 0.2191446126 1747.602119 0.1012313265 0 0
SAMPLE 2.3 0.02319329977 6.000451565 0.2390074432 1615.611041 0.1159261134 0 0
SAMPLE 2.4 0.02532483079 6.000650883 0.2596306205 1679.023973 0.138813898 0 0
SAMPLE 2.5 0.02754956856 6.00084877 0.2809961438 1858.673304 0.1483558017 0 0
SAMPLE 2.6 0.02986605465 6.001117229 0.3030783832 1712.335125 0.1619397398 0 0
SAMPLE 2.7 0.03227005899 6.001412868 0.3258201182 1597.757705 0.1774027514 0 0
SAMPLE 2.8 0.03474873304 6.001739502 0.3490640819 1750.137767 0.1964794197 0 0
SAMPLE 2.9 0.03727015853 6.002071381 0.3724319637 1852.01208 0.2110368083 0 0
SAMPLE 3 0.0397727415 6.002536774 0.3951998651 1703.707227 0.230151321 0 0
SAMPLE 3.1 0.0421666801 6.003000259 0.4163252413 1731.607292 0.2363973204 0 0
SAMPLE 3.2 0.0443553552 6.003447533 0.4346984625 1769.963016 0.2623074967 0 0
SAMPLE 3.3 0.04626692832 6.003824234 0.4495190978 1713.153101 0.2689309374 0 0
SAMPLE 3.4 0.04787348956 6.00403738 0.4605182409 1851.538854 0.278252165 0 0
SAMPLE 3.5 0.04918569699 6.004192829 0.4678922594 1767.188221 0.2960891061 0 0
SAMPLE 3.6 0.05023455247 6.004243374 0.4720796645 1738.247905 0.3167231407 0 0
SAMPLE 3.7 0.05105279014 6.004244328 0.4735355675 1746.981202 0.3327121763 0 0
SAMPLE 3.8 0.05166733265 6.004188061 0.4726358354 1729.568752 0.321223636 0 0
SAMPLE 3.9 0.0520981662 6.004061699 0.469666034 1726.263144 0.3175241898 0 0
SAMPLE 4 0.05235980079 6.003918648 0.4648439288 1750.77017 0.3180180437 0 0
SAMPLE 4.1 0.05246331543 6.003762245 0.45835042 1726.719238 0.3272749734 0 0
SAMPLE 4.2 0.05241780728 6.003582001 0.4503444433 1728.981726 0.3413343222 0 0
SAMPLE 4.3 0.05223108083 6.003388405 0.4409682751 1728.763515 0.3624687469 0 0
SAMPLE 4.4 0.05191048607 6.00319767 0.4303518534 1728.783478 0.3906715702 0 0
SAMPLE 4.5 0.05146328732 6.00298214 0.4186168313 1747.084496 0.4252713631 0 0
SAMPLE 4.6 0.05089623481 6.002773285 0.405877471 1725.598024 0.466749353 0 0
SAMPLE 4.7 0.0502159819 6.002571583 0.3922463357 1729.025504 0.5176595659 0 0
SAMPLE 4.8 0.04942877963 6.002377033 0.3778309226 1728.846446 0.5781030203 0 0
SAMPLE 4.9 0.04854075238 6.00216198 0.3627354503 1726.880764 0.6254499989 0 0
SAMPLE 5 0.04755803943 6.001962662 0.3470610976 1653.39145 0.6777082383 0 0
SAMPLE 5.1 0.04648682848 6.001707554 0.3309074342 1743.377527 0.6885373629 0 0
SAMPLE 5.2 0.04533339292 6.00146246 0.3143701851 1498.524266 0.7495606243 0 0
SAMPLE 5.3 0.04410388321 6.00118351 0.297542721 1874.409144 0.7532165604 0 0
SAMPLE 5.4 0.04280421138 6.000874996 0.2805150151 2012.350815 0.7577830487 0 0
SAMPLE 5.5 0.04144006222 6.000729084 0.2633725405 1681.508939 0.766517067 0 0
SAMPLE 5.6 0.04001781717 6.000581741 0.2462007701 1711.262065 0.849387038 0 0
SAMPLE 5.7 0.03854329139 6.000417709 0.2290763557 1790.880229 0.8730712069 0 0
SAMPLE 5.8 0.03702234477 6.000205517 0.2120733112 1826.408221 0.8817421169 0 0
SAMPLE 5.9 0.03546051681 6.000091553 0.1952614784 1697.900139 0.8913810151 0 0
SAMPLE 6 0.03386352584 5.999995232 0.1787096858 844.2451069 0.975803056 0 0
SAMPLE 6.1 0.03223691881 5.999832153 0.1624824256 1844.211238 0.9976496121 0 0
SAMPLE 6.2 0.03058587201 5.999745369 0.1466394365 1715.261047 1.023968164 0 0
SAMPLE 6.3 0.02891581506 5.999644279 0.131236583 1593.849141 1.083695483 0 0
SAMPLE 6.4 0.02723172121 5.999550343 0.1163227931 1728.459871 1.090436686 0 0
SAMPLE 6.5 0.02553833835 5.999485493 0.1019408181 1768.521344 1.106107736 0 0
SAMPLE 6.6 0.02383990213 5.999460697 0.08812887967 1733.626414 1.150759513 0 0
SAMPLE 6.7 0.02214036323 5.999457359 0.07492191344 1729.011989 1.19702876 0 0
SAMPLE 6.8 0.02044359967 5.999454975 0.06235305965 1729.012935 1.233471395 0 0
SAMPLE 6.9 0.01875362173 5.999450207 0.05045399815 1726.925936 1.260977179 0 0
SAMPLE 7 0.01707438566 5.999445915 0.03925297782 1732.355104 1.280857489 0 0
SAMPLE 7.1 0.01540973503 5.999447823 0.02877333947 1728.735825 1.293944994 0 0
SAMPLE 7.2 0.01376337837 5.999442101 0.01903347112 1729.444047 1.302637145 0 0
SAMPLE 7.3 0.0121389674 5.999443531 0.0100482665 1729.308366 1.306484432 0 0
SAMPLE 7.4 0.01054006256 5.999443531 0.001830234192 1728.944153 1.306921404 0 0
SAMPLE 7.5 0.008969870396 5.999443531 -0.005610067397 1728.962264 1.305138492 0 0
SAMPLE 7.6 0.007431195118 5.999447823 -0.01226304658 1734.817489 1.30448718 0 0
SAMPLE 7.7 0.005926710553 5.999447823 -0.01811998151 1727.443578 1.29935074 0 0
SAMPLE 7.8 0.004459327552 5.999447823 -0.02317324281 1729.013762 1.294939797 0 0
SAMPLE 7.9 0.003032377688 5.999447823 -0.02741572075 1728.947913 1.290332624 0 0
SAMPLE 8 0.001649758546 5.999447823 -0.03083834797 1728.940617 1.285985623 0 0
SAMPLE 8.1 0.0003159286862 5.999453068 -0.03342838958 1728.951191 1.283031795 0 0
SAMPLE 8.2 -0.0009642801597 5.999460697 -0.0351703763 1728.949681 1.280786932 0 0
SAMPLE 8.3 -0.002186021302 5.999477386 -0.03604763001 1728.943878 1.280422178 0 0
SAMPLE 8.4 -0.003344333265 5.999490261 -0.03603994101 1728.953834 1.279493278 0 0
SAMPLE 8.5 -0.004433497321 5.999508858 -0.03511834517 1728.959276 1.279316146 0 0
SAMPLE 8.6 -0.005446407013 5.999533176 -0.03323896974 1728.94053 1.279519561 0 0
SAMPLE 8.7 -0.006374017801 5.999557972 -0.03033646382 1728.953026 1.278573165 0 0
SAMPLE 8.8 -0.007204546593 5.999583721 -0.02631587535 1728.966278 1.276657756 0 0
SAMPLE 8.9 -0.007921925746 5.999610901 -0.02104370669 1728.958862 1.273316578 0 0
SAMPLE 9 -0.008503300138 5.99963665 -0.01430777367 1728.646576 1.268127099 0 0
SAMPLE 9.1 -0.008917349391 5.999657154 -0.005793501157 1724.492394 1.261448058 0 0
SAMPLE 9.2 -0.009127922356 5.999597073 0.004870180972 1861.483023 1.256597524 0 0
SAMPLE 9.3 -0.00910577178 5.99958086 0.01795838401 1622.132979 1.26362227 0 0
SAMPLE 9.4 -0.008848411031 5.999423504 0.03341957554 1634.820252 1.264826318 0 0
SAMPLE 9.5 -0.008384998888 5.999385357 0.05078831688 1740.875888 1.272273401 0 0
SAMPLE 9.6 -0.00777072832 5.999352932 0.06927894801 1785.848268 1.274543092 0 0
SAMPLE 9.7 -0.007066123188 5.999382973 0.08806883544 1688.252138 1.272101632 0 0
SAMPLE 9.8 -0.006320591085 5.999471664 0.1064900756 1721.92785 1.283338232 0 0
SAMPLE 9.9 -0.005566396751 5.999553204 0.124109365 1739.131772 1.267800695 0 0
SAMPLE 10 -0.0048215813 5.999660969 0.1406858414 1719.802544 1.252418261 0 0
SAMPLE 10.1 -0.004095361102 5.999750137 0.1560988128 1722.143912 1.241937974 0 0
SAMPLE 10.2 -0.003392435377 5.999845505 0.1702848822 1710.203965 1.22932915 0 0
SAMPLE 10.3 -0.002715428127 5.999956608 0.18320705 1739.239302 1.220596916 0 0
SAMPLE 10.4 -0.002066154964 6.000053406 0.1948440373 1723.54226 1.214828645 0 0
SAMPLE 10.5 -0.001446240116 6.000141144 0.2051841468 1739.430206 1.215798026 0 0
SAMPLE 10.6 -0.0008568331832 6.000220299 0.2142242342 1723.708156 1.23874234 0 0
SAMPLE 10.7 -0.0002992385998 6.000288486 0.2219681442 1761.440976 1.241690601 0 0
SAMPLE 10.8 0.0002251589758 6.000347137 0.2284253687 1735.154638 1.282579767 0 0
SAMPLE 10.9 0.0007151442114 6.000404358 0.2336121351 1721.177338 1.284067226 0 0
SAMPLE 11 0.001169740572 6.000419617 0.2375533879 1710.460588 1.273188494 0 0
SAMPLE 11.1 0.001588453655 6.000436783 0.2402792871 1739.052992 1.273354973 0 0
SAMPLE 11.2 0.001970581478 6.00043726 0.2418260574 1743.063052 1.280634715 0 0
SAMPLE 11.3 0.002315542428 6.000433922 0.2422348112 1727.988876 1.273859323 0 0
SAMPLE 11.4 0.002622651402 6.000416756 0.2415531129 1726.05522 1.283204034 0 0
SAMPLE 11.5 0.002891507465 6.000409126 0.2398339212 1729.180729 1.283545842 0 0
SAMPLE 11.6 0.003121898277 6.000360012 0.2371354252 1735.89779 1.294803456 0 0
SAMPLE 11.7 0.003313605208 6.000340462 0.233518064 1729.115137 1.310846498 0 0
SAMPLE 11.8 0.003466324415 6.000310898 0.2290470749 1727.355838 1.320915256 0 0
SAMPLE 11.9 0.003579646815 6.000268936 0.2237914652 1731.66524 1.336771106 0 0
SAMPLE 12 0.003653138643 6.000202656 0.2178233415 1716.318088 1.341486217 0 0
SAMPLE 12.1 0.003686340991 6.000133991 0.2112151533 1728.269157 1.353275855 0 0
SAMPLE 12.2 0.00367873488 6.000115871 0.2040391117 1725.693207 1.38711735 0 0
SAMPLE 12.3 0.003629771294 5.999995708 0.1963689178 1805.752364 1.39855374 0 0
SAMPLE 12.4 0.003538853256 5.999899387 0.1882787645 1726.055942 1.409139616 0 0
SAMPLE 12.5 0.003405362135 5.999795914 0.1798445582 1882.809237 1.429441238 0 0
SAMPLE 12.6 0.003228612244 5.999778271 0.1711405963 1709.320593 1.445034856 0 0
SAMPLE 12.7 0.003007877618 5.999749184 0.1622401327 1730.609354 1.488993463 0 0
SAMPLE 12.8 0.002742296085 5.999742508 0.153213039 1728.750554 1.538548301 0 0
SAMPLE 12.9 0.002430744702 5.999736786 0.1441265643 1728.95428 1.58904726 0 0
SAMPLE 13 0.002071714262 5.999732018 0.135044232 1728.967449 1.639030335 0 0
SAMPLE 13.1 0.001663357369 5.99972868 0.1260261387 1728.964534 1.687286253 0 0
SAMPLE 13.2 0.001203670166 5.999627113 0.1171305105 1693.429354 1.712991825 0 0
SAMPLE 13.3 0.0006906017661 5.999545097 0.10841313 1551.647067 1.716203268 0 0
SAMPLE 13.4 0.0001220906852 5.99944973 0.09992689639 1842.631574 1.722398409 0 0
SAMPLE 13.5 -0.0005039811949 5.999425411 0.09172039479 1723.101525 1.733596542 0 0
SAMPLE 13.6 -0.001189692761 5.999418736 0.0838368237 1730.788844 1.764579453 0 0
SAMPLE 13.7 -0.001937071676 5.999420643 0.07631402463 1728.942759 1.791014204 0 0
SAMPLE 13.8 -0.002748173196 5.999420643 0.06918559968 1728.983581 1.81325145 0 0
SAMPLE 13.9 -0.003625249257 5.999420643 0.06248180196 1728.978654 1.831543549 0 0
SAMPLE 14 -0.004570809659 5.999417782 0.05622878671 1731.739732 1.846711458 0 0
SAMPLE 14.1 -0.005587698426 5.999418736 0.05044700205 1728.488615 1.857664146 0 0
SAMPLE 14.2 -0.006679052021 5.999419689 0.04515030235 1728.983771 1.865984214 0 0
SAMPLE 14.3 -0.007847911678 5.999419689 0.04034712166 1728.961627 1.871503307 0 0
SAMPLE 14.4 -0.009096697904 5.999422073 0.03604260832 1717.251835 1.875113203 0 0
SAMPLE 14.5 -0.01042713877 5.999422073 0.03223909065 1730.730506 1.878329117 0 0
SAMPLE 14.6 -0.01184068806 5.999428749 0.02893456444 1720.624801 1.880407884 0 0
SAMPLE 14.7 -0.01333896257 5.99943018 0.02612050064 1729.413832 1.880253007 0 0
SAMPLE 14.8 -0.01492385287 5.999431133 0.02378164418 1729.212233 1.876971162 0 0
SAMPLE 14.9 -0.01659746654 5.999432087 0.02189667523 1728.951291 1.872223122 0 0
SAMPLE 15 -0.01836195402 5.999418259 0.02043825202 1753.577976 1.873849007 0 0
SAMPLE 15.1 -0.0202193018 5.999423027 0.01937511377 1726.887315 1.869211554 0 0
SAMPLE 15.2 -0.02217072062 5.999423981 0.0186709296 1729.073391 1.85900502 0 0
SAMPLE 15.3 -0.02421401814 5.999423981 0.0183187034 1728.968265 1.846304805 0 0
SAMPLE 15.4 -0.02633653581 5.999424934 0.01840503886 1728.968951 1.830942919 0 0
SAMPLE 15.5 -0.02850531414 5.999437809 0.01920654811 1728.989823 1.812504835 0 0
SAMPLE 15.6 -0.03066375107 5.999470711 0.02123330534 1729.912438 1.792402549 0 0
SAMPLE 15.7 -0.03274263442 5.999488831 0.02510066517 1610.249829 1.790989528 0 0
SAMPLE 15.8 -0.03468149528 5.999463558 0.03130379692 1763.461452 1.80005409 0 0
SAMPLE 15.9 -0.0364446044 5.999512672 0.04005119205 1682.623021 1.808118039 0 0
RESULT {"mode":"unloaded","velocity_iterations":64,"h":0.002777777778,"substep":0.0006944444444,"breeze":1,"side":0,"catch_speed":0,"rung_mass":2.937389213,"ladder_mass":176.2433528,"post_startup_residual_j":1.734218208,"post_startup_stretch_m":3.841519356e-05,"hand_positive_j":0,"hand_negative_j":0,"loaded_left_n":0,"loaded_right_n":0,"max_stretch":0.0001659393311,"min_lambda":-1.364305615,"max_lambda":0,"max_tension":1964.600086,"max_hand_force":0,"catch_peak":0,"max_hand_error":0,"max_power":0,"max_sway":0.4762985408,"max_rung_speed":0.2355709523,"min_floor_clearance":2.968683512,"release_velocity_jump":0,"departure_speed":0,"loaded_root_reaction":0,"unloaded_root_reaction":1726.907111,"floor_contacts":0,"rung_contacts":0,"slack_samples":0,"climb_rise":0,"initial_energy":30775.26177,"inserted_energy":0,"final_energy":30775.08612,"wind_source_j":328.946253,"aero_loss_j":328.2899225,"hand_work_j":0,"rope_loss_j":2.640263838,"contact_loss_j":0,"max_rope_injection_step_j":0.001472987787,"max_residual_j":1.88257401,"tail_z":0.0511604026,"tail_y":5.99950552,"player_y":0}

STDERR
proot warning: can't sanitize binding "/proc/self/fd/1": No such file or directory
proot warning: can't sanitize binding "/proc/self/fd/2": No such file or directory
