SAMPLE 0 0 5.999924183 0 226.4468694 -0.056712992 0 0
SAMPLE 0.1 4.378207308e-08 5.968869686 2.96295692e-12 2532.101033 -0.3006224476 0 0
SAMPLE 0.2 1.41960345e-06 5.980228424 -1.245627351e-10 1701.488986 0.3286118078 0 0
SAMPLE 0.3 2.281971319e-06 5.980809689 -6.126256447e-11 1590.257263 0.5432456707 0 0
SAMPLE 0.4 2.318802672e-06 5.981713772 1.516563264e-11 1721.117563 0.7857330558 0 0
SAMPLE 0.5 1.680947207e-06 5.982633591 1.090600665e-10 1637.331104 0.9946921528 0 0
SAMPLE 0.6 7.232611665e-07 5.983257771 1.978281705e-10 1659.594555 1.195686055 0 0
SAMPLE 0.7 -2.330455402e-07 5.983726501 2.012663786e-10 1728.318758 1.40718252 0 0
SAMPLE 0.8 -9.907028016e-07 5.984195232 2.017441075e-10 1754.252586 1.620068689 0 0
SAMPLE 0.9 -1.438165327e-06 5.984666824 2.633732676e-10 1743.285055 1.841508475 0 0
SAMPLE 1 -1.485830012e-06 5.985100269 2.207886513e-10 1729.442368 2.052678577 0 0
SAMPLE 1.1 -1.030698286e-06 5.985472202 -1.194049581e-10 1725.429697 2.265688843 0 0
SAMPLE 1.2 3.546760396e-08 5.985826969 -5.836807149e-10 1727.007952 2.491885769 0 0
SAMPLE 1.3 1.751176796e-06 5.986151695 -7.091276455e-10 1728.774776 2.700354805 0 0
SAMPLE 1.4 3.980775091e-06 5.98644495 -3.225612277e-10 1729.281778 2.896712472 0 0
SAMPLE 1.5 6.341031622e-06 5.986719608 2.120371101e-10 1729.148312 3.101262508 0 0
SAMPLE 1.6 8.234211236e-06 5.986994267 4.318592983e-10 1728.979654 3.320271696 0 0
SAMPLE 1.7 9.051036614e-06 5.987266541 2.644609254e-10 1728.927383 3.544301702 0 0
SAMPLE 1.8 8.473708476e-06 5.987534046 -1.056405831e-11 1728.930731 3.763072705 0 0
SAMPLE 1.9 6.693443083e-06 5.987781048 -1.363652108e-10 1728.949356 3.970634503 0 0
SAMPLE 2 4.353543773e-06 5.988013744 -9.268735779e-11 1728.944206 4.178144995 0 0
SAMPLE 2.1 2.243518338e-06 5.988234043 4.555542141e-12 1728.952188 4.388922563 0 0
SAMPLE 2.2 9.377697552e-07 5.988438129 6.657148444e-11 1728.940945 4.590830975 0 0
SAMPLE 2.3 5.884337497e-07 5.988637924 8.112074207e-11 1728.952789 4.786924123 0 0
SAMPLE 2.4 9.574578144e-07 5.988837719 8.544005781e-11 1728.94455 4.980357169 0 0
SAMPLE 2.5 1.635844114e-06 5.989035606 1.053074711e-10 1728.94618 5.170714279 0 0
SAMPLE 2.6 2.284515176e-06 5.989234924 1.160882154e-10 1728.950558 5.366112917 0 0
SAMPLE 2.7 2.710301487e-06 5.989429474 8.105772303e-11 1728.947554 5.560974511 0 0
SAMPLE 2.8 2.760608822e-06 5.989616871 1.187030595e-11 1728.944721 5.751655268 0 0
SAMPLE 2.9 2.3016471e-06 5.989793301 -3.885052349e-11 1728.947811 5.942441432 0 0
SAMPLE 3 1.435670356e-06 5.989964485 -4.066568957e-11 1728.950386 6.137044858 0 0
SAMPLE 3.1 6.66623464e-07 5.990132809 -1.373099984e-11 1728.944206 6.332892177 0 0
SAMPLE 3.2 5.91735045e-07 5.990297318 1.851193461e-12 1728.945837 6.525229862 0 0
SAMPLE 3.3 1.304212674e-06 5.990458488 -1.469545666e-11 1728.950987 6.704026317 0 0
SAMPLE 3.4 2.213508878e-06 5.990617752 -4.984088836e-11 1728.943863 6.873997965 0 0
SAMPLE 3.5 2.559236236e-06 5.990778446 -6.248437878e-11 1728.947897 7.043571155 0 0
SAMPLE 3.6 2.046986992e-06 5.990936756 -2.841633179e-11 1728.950472 7.205793302 0 0
SAMPLE 3.7 9.606562799e-07 5.991094112 1.335951488e-11 1728.944721 7.361038224 0 0
SAMPLE 3.8 -1.811726236e-07 5.991251945 1.984349317e-12 1728.944893 7.511948453 0 0
SAMPLE 3.9 -9.254948736e-07 5.991404057 -5.607325715e-11 1728.952103 7.661295983 0 0
SAMPLE 4 -9.486464592e-07 5.991545677 -1.035734137e-10 1728.940859 7.807182064 0 0
SAMPLE 4.1 -7.48654827e-08 5.991684914 -1.219343515e-10 1728.953304 7.954658089 0 0
SAMPLE 4.2 1.59691956e-06 5.991821766 -1.093253821e-10 1728.945923 8.101226045 0 0
SAMPLE 4.3 3.570677109e-06 5.991958618 -2.626084246e-11 1728.946695 8.242805597 0 0
SAMPLE 4.4 5.050448181e-06 5.992089272 9.325904632e-11 1728.94824 8.385740635 0 0
SAMPLE 4.5 5.294877155e-06 5.992214203 6.900788274e-11 1728.948154 8.530690865 0 0
SAMPLE 4.6 4.011272267e-06 5.992339134 -1.688702927e-10 1728.94455 8.676532114 0 0
SAMPLE 4.7 1.503824137e-06 5.992462158 -3.891691969e-10 1728.950815 8.821597167 0 0
SAMPLE 4.8 -1.509505637e-06 5.992584705 -3.551456351e-10 1728.946095 8.965528663 0 0
SAMPLE 4.9 -4.24531936e-06 5.992703438 -1.45249715e-10 1728.946009 9.108938844 0 0
SAMPLE 5 -6.146420219e-06 5.992814541 -5.454731285e-12 1728.75289 9.256637825 0 0
SAMPLE 5.1 -6.992673661e-06 5.992939949 2.692002697e-11 1728.654099 9.401703297 0 0
SAMPLE 5.2 -6.8619388e-06 5.993058205 6.274407383e-11 1728.806705 9.536254038 0 0
SAMPLE 5.3 -6.015912732e-06 5.99317646 1.425315421e-10 1728.930988 9.659477112 0 0
SAMPLE 5.4 -4.791746505e-06 5.993287086 1.810062655e-10 1729.408035 9.776671275 0 0
SAMPLE 5.5 -3.504537744e-06 5.993413448 1.30658373e-10 1728.83606 9.889482312 0 0
SAMPLE 5.6 -2.370189804e-06 5.993531704 2.446987925e-11 1728.800697 10.00045607 0 0
SAMPLE 5.7 -1.499338055e-06 5.993632317 -9.417980285e-11 1727.557611 10.11310765 0 0
SAMPLE 5.8 -9.664205436e-07 5.993758202 -1.851514081e-10 1729.241781 10.22508848 0 0
SAMPLE 5.9 -8.778973211e-07 5.993868828 -1.496028162e-10 1729.172859 10.3367325 0 0
SAMPLE 6 -1.342285827e-06 5.993964672 -2.164427491e-11 1729.577894 10.45110493 0 0
SAMPLE 6.1 -2.333618568e-06 5.994071484 3.685443617e-11 1729.226503 10.56625653 0 0
SAMPLE 6.2 -3.555767989e-06 5.994160652 -2.995155166e-11 1730.017948 10.68431919 0 0
SAMPLE 6.3 -4.490641459e-06 5.994248867 -1.235112568e-10 1728.554449 10.802109 0 0
SAMPLE 6.4 -4.673371222e-06 5.99435997 -1.296086849e-10 1729.128313 10.91957432 0 0
SAMPLE 6.5 -4.000298304e-06 5.994455338 -1.058152385e-10 1729.141016 11.03105729 0 0
SAMPLE 6.6 -2.795544333e-06 5.99454689 -1.505334468e-10 1729.022999 11.1388723 0 0
SAMPLE 6.7 -1.57837394e-06 5.994639874 -2.378939823e-10 1728.949871 11.24014699 0 0
SAMPLE 6.8 -7.554451145e-07 5.994716167 -2.054572484e-10 1729.530859 11.33248542 0 0
SAMPLE 6.9 -4.826513873e-07 5.994781971 -5.474332446e-11 1728.969269 11.41988146 0 0
SAMPLE 7 -7.259375252e-07 5.994884968 1.075651304e-10 1728.682938 11.50739098 0 0
SAMPLE 7.1 -1.381025527e-06 5.994955063 2.073480693e-10 1730.105238 11.59425105 0 0
SAMPLE 7.2 -2.345338544e-06 5.995024681 4.060423386e-10 1727.323637 11.67881726 0 0
SAMPLE 7.3 -3.527195759e-06 5.995089531 6.951266784e-10 1728.6656 11.76453555 0 0
SAMPLE 7.4 -4.803192496e-06 5.995155334 7.201446106e-10 1729.15535 11.85060307 0 0
SAMPLE 7.5 -5.958735073e-06 5.99522686 2.377622266e-10 1727.318659 11.93299287 0 0
SAMPLE 7.6 -6.667729849e-06 5.995310783 -4.491522154e-10 1729.345379 12.01485088 0 0
SAMPLE 7.7 -6.552206287e-06 5.995373726 -8.334036239e-10 1729.812899 12.09234917 0 0
SAMPLE 7.8 -5.339280051e-06 5.99544096 -8.052815637e-10 1729.440651 12.16757575 0 0
SAMPLE 7.9 -3.068216529e-06 5.995499611 -5.467558628e-10 1727.340803 12.23988206 0 0
SAMPLE 8 -2.012060207e-07 5.995575905 -2.881529459e-10 1728.984375 12.31457217 0 0
SAMPLE 8.1 2.498408321e-06 5.995622158 -8.952755204e-11 1728.051739 12.38790859 0 0
SAMPLE 8.2 4.294032351e-06 5.995687485 1.888286333e-10 1727.151289 12.45949207 0 0
SAMPLE 8.3 4.818535672e-06 5.995762348 7.798917623e-10 1729.710674 12.53165227 0 0
SAMPLE 8.4 4.209766757e-06 5.995820045 1.35623246e-09 1729.079218 12.60334989 0 0
SAMPLE 8.5 2.985928631e-06 5.995873928 1.162901997e-09 1726.916714 12.67424802 0 0
SAMPLE 8.6 1.758721851e-06 5.995916367 5.643623763e-11 1728.877602 12.74763234 0 0
SAMPLE 8.7 9.476152627e-07 5.995987415 -1.194273347e-09 1729.378252 12.81938019 0 0
SAMPLE 8.8 6.675542181e-07 5.996055603 -1.58686142e-09 1728.659163 12.88204686 0 0
SAMPLE 8.9 8.488102594e-07 5.996109009 -8.706084187e-10 1728.761644 12.94385822 0 0
SAMPLE 9 1.397092433e-06 5.996151447 6.632462912e-10 1727.894926 13.0041081 0 0
SAMPLE 9.1 2.15293403e-06 5.996221066 1.277909223e-09 1728.926954 13.07010119 0 0
SAMPLE 9.2 2.745626034e-06 5.996265888 -3.39455547e-11 1727.867975 13.134765 0 0
SAMPLE 9.3 2.72632542e-06 5.996330738 -2.950952593e-09 1729.389067 13.20239146 0 0
SAMPLE 9.4 2.022793296e-06 5.996378422 -3.483819011e-09 1729.736595 13.27097731 0 0
SAMPLE 9.5 1.167135451e-06 5.996440411 -1.558469687e-09 1728.928671 13.33981032 0 0
SAMPLE 9.6 8.912870726e-07 5.996488094 1.377302272e-09 1729.366407 13.41151656 0 0
SAMPLE 9.7 1.464701768e-06 5.996547222 3.410733918e-09 1728.930988 13.48074443 0 0
SAMPLE 9.8 2.499411266e-06 5.996592999 4.202268311e-09 1729.472322 13.5519034 0 0
SAMPLE 9.9 3.34981678e-06 5.996651649 4.208511317e-09 1729.212599 13.6200137 0 0
SAMPLE 10 3.577996267e-06 5.996655941 8.352099012e-10 1728.625345 13.68739644 0 0
SAMPLE 10.1 3.080172974e-06 5.996746063 1.387183923e-09 1727.189054 13.75589965 0 0
SAMPLE 10.2 1.995164666e-06 5.996776581 4.8617943e-10 1728.204174 13.82141356 0 0
SAMPLE 10.3 6.44360739e-07 5.996843338 3.426277928e-09 1729.007549 13.88718019 0 0
SAMPLE 10.4 -4.647249057e-07 5.996893883 3.985771158e-10 1729.446917 13.94872442 0 0
SAMPLE 10.5 -7.355884009e-07 5.996917725 -3.62539021e-09 1727.57349 14.0018292 0 0
SAMPLE 10.6 2.439207947e-07 5.996950626 -4.122078234e-09 1727.725153 14.05217675 0 0
SAMPLE 10.7 2.402512564e-06 5.996982098 -1.643584158e-09 1730.533619 14.09806401 0 0
SAMPLE 10.8 5.130104e-06 5.997042656 3.495324696e-09 1729.498844 14.14227562 0 0
SAMPLE 10.9 7.540797469e-06 5.997095108 5.532442948e-09 1729.207191 14.18179694 0 0
SAMPLE 11 8.88737577e-06 5.997114182 5.307750683e-09 1730.707254 14.21853756 0 0
SAMPLE 11.1 8.84381825e-06 5.997161865 3.240524071e-09 1729.006605 14.25330215 0 0
SAMPLE 11.2 7.554514923e-06 5.997206688 6.338243264e-10 1728.935022 14.28602556 0 0
SAMPLE 11.3 5.474178579e-06 5.997230053 9.776521814e-10 1727.619753 14.31551734 0 0
SAMPLE 11.4 3.147617463e-06 5.997254372 1.768829971e-09 1729.316368 14.33952025 0 0
SAMPLE 11.5 1.046294415e-06 5.997276783 2.474828786e-09 1728.961802 14.35829638 0 0
SAMPLE 11.6 -5.197061341e-07 5.997313976 4.470216419e-10 1728.754864 14.37345268 0 0
SAMPLE 11.7 -1.434951287e-06 5.997359276 -2.190939874e-09 1728.860006 14.38913465 0 0
SAMPLE 11.8 -1.750267984e-06 5.997406006 -3.436680052e-09 1728.858547 14.40607167 0 0
SAMPLE 11.9 -1.59363492e-06 5.997420311 -2.392907206e-09 1726.968384 14.42129549 0 0
SAMPLE 12 -1.079088065e-06 5.997448921 -4.566204914e-10 1729.157066 14.43800308 0 0
SAMPLE 12.1 -2.903433085e-07 5.997477055 7.508874633e-10 1728.893566 14.45395971 0 0
SAMPLE 12.2 6.412575999e-07 5.99751091 -1.942126016e-09 1728.095427 14.47068484 0 0
SAMPLE 12.3 1.44469459e-06 5.997555256 -4.285398703e-09 1727.097902 14.49173769 0 0
SAMPLE 12.4 1.74434058e-06 5.997589588 -1.371627145e-09 1728.887558 14.51496267 0 0
SAMPLE 12.5 1.267778316e-06 5.997606754 3.609280874e-09 1727.0434 14.53599137 0 0
SAMPLE 12.6 8.722027189e-08 5.997611046 5.976879436e-09 1730.055456 14.55401704 0 0
SAMPLE 12.7 -1.34511879e-06 5.997648716 4.990418301e-09 1728.533506 14.56900024 0 0
SAMPLE 12.8 -2.447578481e-06 5.997656345 1.649484771e-09 1728.670321 14.58755801 0 0
SAMPLE 12.9 -2.845566996e-06 5.99768734 -1.201159505e-09 1727.913809 14.60780907 0 0
SAMPLE 13 -2.530617849e-06 5.997715473 -2.390309062e-09 1729.098616 14.63071967 0 0
SAMPLE 13.1 -1.752179855e-06 5.997732162 -2.848970615e-09 1730.610523 14.65286411 0 0
SAMPLE 13.2 -8.187461731e-07 5.997717381 -7.227323739e-10 1728.729372 14.67307581 0 0
SAMPLE 13.3 3.39732793e-08 5.997783661 -4.096080974e-10 1728.308887 14.69705296 0 0
SAMPLE 13.4 6.620799695e-07 5.997756958 -1.413578254e-09 1729.041195 14.72065013 0 0
SAMPLE 13.5 9.666779306e-07 5.997819901 1.435100372e-10 1730.469503 14.74483588 0 0
SAMPLE 13.6 8.41121846e-07 5.997828484 8.151214148e-10 1728.917942 14.76696541 0 0
SAMPLE 13.7 1.564379062e-07 5.997862816 1.346163625e-09 1731.220865 14.79066362 0 0
SAMPLE 13.8 -1.185259976e-06 5.99790144 1.898401214e-09 1729.141531 14.81546062 0 0
SAMPLE 13.9 -3.153932767e-06 5.997930527 1.781162329e-09 1727.973375 14.8397319 0 0
SAMPLE 14 -5.48148455e-06 5.997956276 1.32336575e-09 1728.313437 14.86597566 0 0
SAMPLE 14.1 -7.635745533e-06 5.997984886 7.040590333e-10 1728.892107 14.89394305 0 0
SAMPLE 14.2 -8.964894732e-06 5.998012543 -1.149075834e-10 1729.08926 14.92163088 0 0
SAMPLE 14.3 -8.993352822e-06 5.997980595 -7.944149227e-10 1730.422468 14.95250045 0 0
SAMPLE 14.4 -7.685306628e-06 5.998057365 -1.156959306e-09 1728.276958 14.97816487 0 0
SAMPLE 14.5 -5.504871751e-06 5.998086929 -9.573031257e-10 1728.30039 15.00642548 0 0
SAMPLE 14.6 -3.198248351e-06 5.998115063 -4.87037799e-10 1728.794003 15.03725872 0 0
SAMPLE 14.7 -1.453155505e-06 5.998142719 2.625820394e-10 1729.088573 15.06727277 0 0
SAMPLE 14.8 -6.108181196e-07 5.998168468 1.04426201e-09 1729.07836 15.09798211 0 0
SAMPLE 14.9 -5.903465876e-07 5.998197079 1.255262005e-09 1728.984976 15.1297986 0 0
SAMPLE 15 -1.052566063e-06 5.998215199 1.077774425e-09 1726.821527 15.1605822 0 0
SAMPLE 15.1 -1.66762311e-06 5.998219013 -6.003820774e-10 1728.453341 15.19235775 0 0
SAMPLE 15.2 -2.218648206e-06 5.998207092 -7.162764305e-13 1730.183859 15.22556908 0 0
SAMPLE 15.3 -2.484666084e-06 5.998247623 1.079460632e-09 1729.518843 15.25393479 0 0
SAMPLE 15.4 -2.2137624e-06 5.998303413 3.762746115e-09 1728.346138 15.28060457 0 0
SAMPLE 15.5 -1.392232548e-06 5.998329639 2.233242702e-09 1728.508358 15.31631981 0 0
SAMPLE 15.6 -4.781907137e-07 5.998292446 2.588835535e-10 1729.477386 15.35055242 0 0
SAMPLE 15.7 -1.32238597e-07 5.998331547 -4.072822968e-09 1730.342646 15.37871181 0 0
SAMPLE 15.8 -6.022769981e-07 5.998361111 -4.542184406e-09 1730.202484 15.4050255 0 0
SAMPLE 15.9 -1.462444857e-06 5.998389244 -4.169950607e-09 1729.235859 15.42963199 0 0
RESULT {"mode":"unloaded","velocity_iterations":64,"h":0.01111111111,"substep":0.002777777778,"breeze":0,"side":0,"catch_speed":0,"rung_mass":2.937389213,"ladder_mass":176.2433528,"post_startup_residual_j":10.28821152,"post_startup_stretch_m":0.0003223419189,"hand_positive_j":0,"hand_negative_j":0,"loaded_left_n":0,"loaded_right_n":0,"max_stretch":0.002658843994,"min_lambda":-7.48794508,"max_lambda":0,"max_tension":2695.660229,"max_hand_force":0,"catch_peak":0,"max_hand_error":0,"max_power":0,"max_sway":9.156503438e-06,"max_rung_speed":0.6265106797,"min_floor_clearance":2.929173054,"release_velocity_jump":0,"departure_speed":0,"loaded_root_reaction":0,"unloaded_root_reaction":1728.948578,"floor_contacts":0,"rung_contacts":0,"slack_samples":0,"climb_rise":0,"initial_energy":30775.26177,"inserted_energy":0,"final_energy":30773.35608,"wind_source_j":0,"aero_loss_j":0.0024826785,"hand_work_j":0,"rope_loss_j":17.36214081,"contact_loss_j":0,"max_rope_injection_step_j":0.05330387356,"max_residual_j":15.4589258,"tail_z":-2.816376909e-09,"tail_y":5.998403072,"player_y":0}

STDERR
proot warning: can't sanitize binding "/proc/self/fd/1": No such file or directory
proot warning: can't sanitize binding "/proc/self/fd/2": No such file or directory
