SAMPLE 0 3.664246906e-09 5.999995232 4.27303064e-08 226.4468694 -0.003206539635 0 0
SAMPLE 0.1 3.916124115e-05 5.999279976 0.0004541745293 1529.198417 0.03992837497 0 0
SAMPLE 0.2 0.0001564476988 5.999274731 0.001804498839 1686.771751 0.07554045682 0 0
SAMPLE 0.3 0.0003538992605 5.999275208 0.004059692845 1750.178532 0.08530612283 0 0
SAMPLE 0.4 0.0006334484206 5.999279976 0.007226952352 1727.432609 0.07790688155 0 0
SAMPLE 0.5 0.0009969151579 5.999279976 0.01131191012 1729.004696 0.06917180225 0 0
SAMPLE 0.6 0.00144600065 5.999279976 0.01631861366 1729.002548 0.05599919967 0 0
SAMPLE 0.7 0.001982283546 5.999279976 0.02224951051 1729.007112 0.03784637051 0 0
SAMPLE 0.8 0.002607212868 5.999279976 0.02910542861 1729.009255 0.0140101352 0 0
SAMPLE 0.9 0.00332210632 5.999279976 0.03688559681 1729.020514 -0.01425901445 0 0
SAMPLE 1 0.004128146917 5.999279976 0.04558763281 1729.02451 -0.04847712569 0 0
SAMPLE 1.1 0.0050263796 5.999282837 0.05520766973 1744.054158 -0.07140541931 0 0
SAMPLE 1.2 0.006017716601 5.999309063 0.06574027985 1734.117876 -0.05704847699 0 0
SAMPLE 1.3 0.007102933247 5.999363422 0.07717862725 1773.359226 -0.01929526307 0 0
SAMPLE 1.4 0.008282663301 5.999407291 0.08951450139 1761.293107 -0.01123698533 0 0
SAMPLE 1.5 0.009557407349 5.999495983 0.1027384028 1720.230619 0.01491951863 0 0
SAMPLE 1.6 0.01092752628 5.999567032 0.1168395728 1748.856897 0.02139025162 0 0
SAMPLE 1.7 0.01239326224 5.999649525 0.1318062991 1749.941433 0.04408757992 0 0
SAMPLE 1.8 0.0139547186 5.999751091 0.14762564 1688.224503 0.05210467892 0 0
SAMPLE 1.9 0.0156118786 5.99985218 0.1642840207 1769.69181 0.07340623915 0 0
SAMPLE 2 0.01736461744 5.999979496 0.1817668527 1752.669864 0.08826542979 0 0
SAMPLE 2.1 0.01921268366 6.000119686 0.200058952 1654.357834 0.09675067689 0 0
SAMPLE 2.2 0.02115572616 6.000264645 0.2191446126 1747.602119 0.1012313265 0 0
SAMPLE 2.3 0.02319329977 6.000451565 0.2390074432 1615.611041 0.1159261134 0 0
SAMPLE 2.4 0.02532483079 6.000650883 0.2596306205 1679.023973 0.138813898 0 0
SAMPLE 2.5 0.02754956856 6.00084877 0.2809961438 1858.673304 0.1483558017 0 0
SAMPLE 2.6 0.02986605465 6.001117229 0.3030783832 1712.335125 0.1619397398 0 0
SAMPLE 2.7 0.03227005899 6.001412868 0.3258201182 1597.757705 0.1774027514 0 0
SAMPLE 2.8 0.03474873304 6.001739502 0.3490640819 1750.137767 0.1964794197 0 0
SAMPLE 2.9 0.03727015853 6.002071381 0.3724319637 1852.01208 0.2110368083 0 0
SAMPLE 3 0.0397727415 6.002536297 0.3951998651 1708.412495 0.2278392042 18.54881668 -2.499354362
SAMPLE 3.1 0.04216687009 6.002938271 0.4163266122 3495.573249 0.6200260716 18.33722115 -1.61079669
SAMPLE 3.2 0.04435543343 6.00347805 0.4346980751 3458.164694 0.9924891025 18.2293396 -0.5542021394
SAMPLE 3.3 0.04626695067 6.003894329 0.4495175481 3468.352985 1.337272741 18.22711754 0.5024092793
SAMPLE 3.4 0.04787317291 6.004193306 0.4605131447 3408.443795 1.675272966 18.33055496 1.556006908
SAMPLE 3.5 0.0491848439 6.004472256 0.4678817093 1847.898724 1.652773329 18.49739456 1.456902623
SAMPLE 3.6 0.05023300648 6.004700661 0.4720612466 1520.429729 1.155563988 18.58069801 0.1448083818
SAMPLE 3.7 0.05105162784 6.004631996 0.4735202491 1934.35286 0.8984548614 18.53686142 -0.8512654305
SAMPLE 3.8 0.05166669935 6.004533768 0.4726252258 3011.717184 0.99588215 18.44778252 -0.7603789568
SAMPLE 3.9 0.05209778994 6.004526138 0.4696577787 3190.374737 1.29308039 18.40634537 -0.04366427287
SAMPLE 4 0.05235945806 6.004531384 0.4648366272 2757.723998 1.482187373 18.43172836 0.4600085318
SAMPLE 4.1 0.05246291682 6.004496098 0.4583436847 2312.629103 1.493530796 18.47859192 0.3895224631
SAMPLE 4.2 0.05241747573 6.004350662 0.4503382444 2259.890959 1.397382986 18.49881363 0.005703116767
SAMPLE 4.3 0.05223061144 6.004206657 0.4409599006 2464.234884 1.371586661 18.48416138 -0.2491249889
SAMPLE 4.4 0.05190994218 6.00402832 0.4303416908 2658.11303 1.465729959 18.45947075 -0.1996504664
SAMPLE 4.5 0.05146254599 6.003810883 0.4186042249 2775.85336 1.538822029 18.44957542 0.004805377219
SAMPLE 4.6 0.05089539289 6.003582478 0.4058634639 2579.633863 1.596739872 18.45781898 0.1332689077
SAMPLE 4.7 0.05021442845 6.003298283 0.3922258615 2540.950542 1.620362826 18.47070694 0.1012014076
SAMPLE 4.8 0.04942109436 6.003077507 0.3777578175 2452.527569 1.607626894 18.47542953 -0.007470919751
SAMPLE 4.9 0.04850383103 6.002789021 0.3624046743 2554.056305 1.623502563 18.47073555 -0.0719390735
SAMPLE 5 0.04741738737 6.002540112 0.3458065987 2613.534431 1.714860116 18.46388245 -0.05283225328
SAMPLE 5.1 0.04606406018 6.002333164 0.3271299601 2631.778683 1.788637705 18.46152687 0.005696238019
SAMPLE 5.2 0.04430101812 6.002158642 0.3051822782 2448.31533 1.845938857 18.46415138 0.03891931474
SAMPLE 5.3 0.04199615493 6.001765251 0.2790034413 2671.949365 1.843224807 18.46771622 0.02690509334
SAMPLE 5.4 0.03909996524 6.001208782 0.2485455275 2539.86783 1.854546632 18.46884727 -0.004123385996
SAMPLE 5.5 0.03569334745 6.000647068 0.2148819119 2498.782587 1.887123616 18.46738625 -0.02081667818
SAMPLE 5.6 0.03197573125 6.000211716 0.179703176 2599.437791 1.900090028 18.46548462 -0.01359885279
SAMPLE 5.7 0.02819769271 5.999885082 0.1444886625 2469.668853 1.915337716 18.46496201 0.00290143094
SAMPLE 5.8 0.02456584945 5.999625683 0.1101064906 2584.713827 1.942056436 18.46577263 0.01087188348
SAMPLE 5.9 0.02117517777 5.999464512 0.07694210112 2580.717713 1.97558098 18.46673393 0.006434385665
SAMPLE 6 0.01801069453 5.999503613 0.04524409398 2549.904287 1.992246127 18.46693039 -0.002185049932
SAMPLE 6.1 0.01500399597 5.999581814 0.01523648202 2561.548664 2.021642657 18.4664669 -0.005876086187
SAMPLE 6.2 0.01209737733 5.999634266 -0.01295609493 2560.30978 2.044829624 18.46597672 -0.003186937887
SAMPLE 6.3 0.009276186116 5.999733448 -0.03923084214 2569.195835 2.063214462 18.46587372 0.001369715203
SAMPLE 6.4 0.006567407865 5.999849796 -0.06320779771 2412.496694 2.113492446 18.46614838 0.002553810133
SAMPLE 6.5 0.00402127672 6.000032902 -0.08417761326 2571.874246 2.158350858 18.4663372 0.0006515411078
SAMPLE 6.6 0.001692997059 6.000207424 -0.1014818922 2566.173016 2.193891178 18.4663372 -0.001034604851
SAMPLE 6.7 -0.0003703064576 6.000284672 -0.1149821952 2563.74348 2.168844364 18.46614647 -0.001338818693
SAMPLE 6.8 -0.002137072152 6.000313759 -0.125101015 2573.188173 2.262912195 18.46614647 -0.0004732401285
SAMPLE 6.9 -0.003601240925 6.000266075 -0.1325354278 2681.962646 2.298454277 18.46614647 7.761189772e-05
SAMPLE 7 -0.004782313481 6.000270844 -0.1378063709 2549.214666 2.279805624 18.46614647 0.0005690012476
SAMPLE 7.1 -0.005716072395 6.000227928 -0.1411513835 2530.280997 2.232281891 18.46614647 0.0008474246715
SAMPLE 7.2 -0.006440575235 6.00013876 -0.1425938904 2683.198083 2.155438744 18.46614647 0.001029772218
SAMPLE 7.3 -0.006988322362 6.000051975 -0.1420032531 2552.084646 2.090965239 18.46614647 0.001081014052
SAMPLE 7.4 -0.007381236646 5.999977589 -0.1390488595 2619.0987 2.00782596 18.46614647 0.001126051997
SAMPLE 7.5 -0.007622963283 5.999889851 -0.1332318634 2528.41884 1.913046471 18.46614647 0.001162368571
SAMPLE 7.6 -0.007693516091 5.999750137 -0.1241354123 2564.123637 1.834264418 18.46614647 0.0009792733472
SAMPLE 7.7 -0.007562589832 5.999615669 -0.1117532775 2571.061297 1.764899447 18.46614647 0.0008248990634
SAMPLE 7.8 -0.007217227947 5.999487877 -0.09666474909 2563.187058 1.710196651 18.46614647 0.0007355121779
SAMPLE 7.9 -0.006679524668 5.99938345 -0.07985375077 2465.128618 1.662524641 18.46614647 0.0006867873599
SAMPLE 8 -0.006003031507 5.999383926 -0.06243930012 2572.418104 1.627842086 18.46614647 0.0006520371535
SAMPLE 8.1 -0.005256160628 5.999422073 -0.04543614388 2560.344834 1.591949304 18.46614647 0.0007078567869
SAMPLE 8.2 -0.004507742822 5.999445915 -0.02952891216 2564.733488 1.542948022 18.46614647 0.0007373541011
SAMPLE 8.3 -0.003818535246 5.999444962 -0.01493982226 2567.865608 1.49248835 18.46614647 0.0007339249714
SAMPLE 8.4 -0.00323288911 5.999447346 -0.00142449874 2563.337278 1.44483382 18.46614647 0.000746611564
SAMPLE 8.5 -0.002775180386 5.999469757 0.01150041539 2565.935708 1.394430839 18.46614647 0.0007543613319
SAMPLE 8.6 -0.002446583239 5.999479294 0.02421407774 2539.978101 1.335008137 18.46614647 0.0007636199589
SAMPLE 8.7 -0.002227234654 5.999483585 0.03677383065 2552.299825 1.279209758 18.46614647 0.0007645490696
SAMPLE 8.8 -0.002079699421 5.999494553 0.04897182807 2563.738855 1.225729279 18.46614647 0.0007256336394
SAMPLE 8.9 -0.001953926869 5.99952507 0.06054151058 2558.710939 1.178501845 18.46614647 0.0007010762347
SAMPLE 9 -0.001796685043 5.999527931 0.07132159173 2562.534767 1.128323886 18.46614265 -0.006141523831
SAMPLE 9.1 -0.001561653917 5.999568939 0.08134236932 1805.323249 0.8545583075 18.4161377 -0.9871428609
SAMPLE 9.2 -0.001218218356 5.999569416 0.09086985141 1786.369995 0.5793396832 18.26803207 -1.968136191
SAMPLE 9.3 -0.0007539290236 5.999617577 0.1004202962 1556.303407 0.3054187537 18.02182961 -2.949146032
SAMPLE 9.4 -0.0001729630749 5.999658108 0.1106509939 1773.982863 0.02657122564 17.67752266 -3.930156469
SAMPLE 9.5 0.0005134032108 5.999742985 0.1221475229 1758.766906 -0.2565136382 17.23511696 -4.911166668
SAMPLE 9.6 0.001301088021 5.999822617 0.1352465451 1746.379037 -0.5352836661 16.69460869 -5.892177105
SAMPLE 9.7 0.002197738737 5.999806881 0.1499987692 1858.663998 -0.8134304549 16.05599785 -6.873187542
SAMPLE 9.8 0.003199258354 5.999834061 0.1661287695 1711.714678 -1.085992893 15.31929111 -7.854197979
SAMPLE 9.9 0.00425383402 5.999903202 0.182889536 1806.632383 -1.392776014 14.48448086 -8.835149765
SAMPLE 10 0.005252202041 6.00015974 0.1990404874 1729.583434 -1.70584617 13.55158043 -9.816091537
SAMPLE 10.1 0.006060900632 6.000405312 0.2131626457 1709.119819 -2.040682764 12.52058315 -10.79703331
SAMPLE 10.2 0.006579988636 6.000552177 0.2242661864 1672.680522 -2.355680592 11.39149094 -11.77797508
SAMPLE 10.3 0.006794569083 6.000566483 0.2321553081 1743.871102 -2.689070386 10.16430664 -12.75891685
SAMPLE 10.4 0.00678935973 6.000522137 0.2373445481 1744.594438 -3.021909116 8.839028358 -13.73985863
SAMPLE 10.5 0.006708893459 6.000514507 0.2406335473 1601.797068 -3.377803991 7.415652752 -14.7208004
SAMPLE 10.6 0.006684999913 6.000504494 0.2427664697 1853.004103 -3.709959272 5.894185066 -15.70174217
SAMPLE 10.7 0.006780965719 6.000580311 0.2443007529 1721.727782 -3.925075491 4.274619579 -16.68277931
SAMPLE 10.8 0.006985140964 6.000654221 0.2456010729 1753.198235 0.9386539861 3.900000095 0
SAMPLE 10.9 0.00725431554 6.000721455 0.2469110191 1620.228886 0.9516379468 3.900000095 0
SAMPLE 11 0.007576534525 6.000822067 0.2486270815 1732.825538 0.9858610261 3.900000095 0
SAMPLE 11.1 0.008008953184 6.00095129 0.2515927851 1730.972087 1.03706358 3.900000095 0
SAMPLE 11.2 0.00865924824 6.001098156 0.2568807304 1576.412613 1.068196224 3.900000095 0
SAMPLE 11.3 0.00961219985 6.001047611 0.2649543285 1694.792033 1.074767632 3.900000095 0
SAMPLE 11.4 0.01086400542 6.001011848 0.2750367224 1681.107372 1.095088863 3.900000095 0
SAMPLE 11.5 0.01231201272 6.001094341 0.2854594886 1731.127085 1.143470087 3.900000095 0
SAMPLE 11.6 0.01380717941 6.001224518 0.2946467102 1729.771691 1.204255546 3.900000095 0
SAMPLE 11.7 0.01519967616 6.001322746 0.3017534018 2068.89116 1.271328601 3.900000095 0
SAMPLE 11.8 0.01635937765 6.001515388 0.3065516353 1620.659681 1.286739486 3.900000095 0
SAMPLE 11.9 0.01718607545 6.00162077 0.3089760542 1736.779873 1.314361655 3.900000095 0
SAMPLE 12 0.01761726476 6.001743317 0.3087890446 1596.213643 1.361926927 3.900000095 0
SAMPLE 12.1 0.01763312705 6.001825333 0.3056774437 1736.678263 1.380142335 3.900000095 0
SAMPLE 12.2 0.01724279486 6.001813412 0.2995932996 1724.669823 1.415672414 3.900000095 0
SAMPLE 12.3 0.01647846214 6.001747608 0.2909005284 1731.239788 1.433508465 3.900000095 0
SAMPLE 12.4 0.01540338807 6.001592159 0.280148387 1926.556898 1.43790897 3.900000095 0
SAMPLE 12.5 0.01410511695 6.001453876 0.267644316 1710.924757 1.438816226 3.900000095 0
SAMPLE 12.6 0.01265460625 6.001255035 0.2531616092 1770.984961 1.451545983 3.900000095 0
SAMPLE 12.7 0.01105262339 6.001079559 0.2358890772 1723.514085 1.479506341 3.900000095 0
SAMPLE 12.8 0.009222049266 6.000831604 0.2148857117 1730.711979 1.517747932 3.900000095 0
SAMPLE 12.9 0.007075418718 6.00043869 0.1898632944 1728.598317 1.550353979 3.900000095 0
SAMPLE 13 0.004604143091 6.000032425 0.1617497057 1727.351317 1.581082979 3.900000095 0
SAMPLE 13.1 0.001908253762 5.999780178 0.1323719919 1730.646629 1.6127336 3.900000095 0
SAMPLE 13.2 -0.0008565205499 5.999657631 0.1036006659 1731.72992 1.641029227 3.900000095 0
SAMPLE 13.3 -0.003561804071 5.999596119 0.076571621 1727.490515 1.655850669 3.900000095 0
SAMPLE 13.4 -0.006143847015 5.999542236 0.05158086121 1733.414533 1.674069968 3.900000095 0
SAMPLE 13.5 -0.008592912927 5.999500275 0.02839624882 1943.058076 1.680909298 3.900000095 0
SAMPLE 13.6 -0.01092621032 5.999504566 0.006638075691 1925.669731 1.687603895 3.900000095 0
SAMPLE 13.7 -0.01317248587 5.999611855 -0.01391506102 1647.921639 1.69709509 3.900000095 0
SAMPLE 13.8 -0.01536021568 5.999703407 -0.03310939297 1730.836215 1.709614701 3.900000095 0
SAMPLE 13.9 -0.01749781147 5.999816895 -0.05038814247 1733.785766 1.720896892 3.900000095 0
SAMPLE 14 -0.01956130005 5.999919415 -0.06499230117 1730.675147 1.724501293 3.900000095 0
SAMPLE 14.1 -0.02150199376 6.000003815 -0.07626604289 1729.107087 1.7235004 3.900000095 0
SAMPLE 14.2 -0.02326921374 6.000022411 -0.08387555182 1730.947406 1.719750097 3.900000095 0
SAMPLE 14.3 -0.02482958697 5.999972343 -0.08788346499 1722.635392 1.719001336 3.900000095 0
SAMPLE 14.4 -0.02617395483 5.999888897 -0.08871239424 1728.729219 1.717592123 3.900000095 0
SAMPLE 14.5 -0.02731697075 5.9997859 -0.08705166727 1730.381323 1.725875482 3.900000095 0
SAMPLE 14.6 -0.02829385735 5.999695778 -0.08365223557 1701.786199 1.730599641 3.900000095 0
SAMPLE 14.7 -0.02915479243 5.999632359 -0.07905037701 1731.812483 1.74149706 3.900000095 0
SAMPLE 14.8 -0.02995653823 5.999613285 -0.07343441993 1729.623825 1.755229817 3.900000095 0
SAMPLE 14.9 -0.03075427935 5.999615192 -0.06672248244 1730.329782 1.77387767 3.900000095 0
SAMPLE 15 -0.03159562498 5.999535561 -0.05879274383 1764.065557 1.786936459 3.900000095 0
SAMPLE 15.1 -0.03251524642 5.999468803 -0.04965899512 1733.198679 1.801952699 3.900000095 0
SAMPLE 15.2 -0.03352966905 5.999438763 -0.03950682655 1715.544483 1.824527687 3.900000095 0
SAMPLE 15.3 -0.03463501483 5.99939394 -0.0286514014 1777.804565 1.834983893 3.900000095 0
SAMPLE 15.4 -0.03581028804 5.999429226 -0.01748337224 1725.473664 1.838777601 3.900000095 0
SAMPLE 15.5 -0.03702352569 5.999453545 -0.006370396353 1730.883506 1.852868207 3.900000095 0
SAMPLE 15.6 -0.03823863715 5.999434471 0.004488272592 1728.4944 1.85382074 3.900000095 0
SAMPLE 15.7 -0.03942466155 5.999377251 0.01518145762 1704.105383 1.852710514 3.900000095 0
SAMPLE 15.8 -0.04056120664 5.999359608 0.02604966424 1692.587263 1.85230375 3.900000095 0
SAMPLE 15.9 -0.04162842035 5.999409199 0.0375911817 1741.461662 1.853518095 3.900000095 0
RESULT {"mode":"rider","velocity_iterations":64,"h":0.002777777778,"substep":0.0006944444444,"breeze":1,"side":-0.25,"catch_speed":2.5,"rung_mass":2.937389213,"ladder_mass":176.2433528,"post_startup_residual_j":4.110982114,"post_startup_stretch_m":6.836652756e-05,"hand_positive_j":435.8444317,"hand_negative_j":769.7150685,"loaded_left_n":1518.29343,"loaded_right_n":1044.513282,"max_stretch":0.0001659393311,"min_lambda":-1.657410026,"max_lambda":0,"max_tension":2386.670437,"max_hand_force":866.0591125,"catch_peak":866.0591125,"max_hand_error":0.3355503082,"max_power":2604.180953,"max_sway":0.476285845,"max_rung_speed":0.4348861873,"min_floor_clearance":2.968683512,"release_velocity_jump":0,"departure_speed":0.05794091895,"loaded_root_reaction":2562.806712,"unloaded_root_reaction":1726.331187,"floor_contacts":7600,"rung_contacts":0,"slack_samples":0,"climb_rise":0,"initial_energy":30775.26177,"inserted_energy":15734.0403,"final_energy":34027.44002,"wind_source_j":329.4740617,"aero_loss_j":329.461521,"hand_work_j":-333.8706368,"rope_loss_j":4.224735857,"contact_loss_j":12145.62305,"max_rope_injection_step_j":0.002724342699,"max_residual_j":3.962626312,"tail_z":0.05031213909,"tail_y":5.999505043,"player_y":3.900000095}

STDERR
proot warning: can't sanitize binding "/proc/self/fd/1": No such file or directory
proot warning: can't sanitize binding "/proc/self/fd/2": No such file or directory
