SAMPLE 0 5.862795049e-08 5.999924183 6.836849025e-07 226.4468694 -0.05671836714 0 0
SAMPLE 0.1 4.178911695e-05 5.973630905 0.0004846449883 2372.880464 -0.2093764595 0 0
SAMPLE 0.2 0.0001622168202 5.980061054 0.001869519707 1857.975908 0.3236161531 0 0
SAMPLE 0.3 0.0003629684797 5.981322765 0.004159591626 2149.55248 0.5685752823 0 0
SAMPLE 0.4 0.0006459191209 5.982962132 0.007361731958 1832.292541 0.8258076035 0 0
SAMPLE 0.5 0.001012726338 5.984190941 0.011481422 1541.124245 1.001494127 0 0
SAMPLE 0.6 0.001465014881 5.984764099 0.01652251929 1574.084929 1.169242139 0 0
SAMPLE 0.7 0.002004466485 5.9851017 0.02248730138 1705.11764 1.374872625 0 0
SAMPLE 0.8 0.002632724587 5.98550415 0.02937646024 1762.282743 1.590423927 0 0
SAMPLE 0.9 0.00335124461 5.985950947 0.03718913347 1752.977479 1.800494883 0 0
SAMPLE 1 0.004161232151 5.9863801 0.04592294618 1732.811626 2.008845416 0 0
SAMPLE 1.1 0.005063674413 5.986768246 0.05557399243 1725.202435 2.205972693 0 0
SAMPLE 1.2 0.006059360225 5.987122059 0.06613693386 1726.283458 2.397998204 0 0
SAMPLE 1.3 0.00714887958 5.987446785 0.07760494202 1728.501254 2.594194208 0 0
SAMPLE 1.4 0.00833260268 5.987776279 0.08996978402 1729.32958 2.798653532 0 0
SAMPLE 1.5 0.00961069297 5.988116264 0.1032219157 1729.286918 3.007916024 0 0
SAMPLE 1.6 0.01098320819 5.988452911 0.1173504889 1729.103259 3.201672429 0 0
SAMPLE 1.7 0.01245024893 5.988780499 0.1323436499 1729.030662 3.392898006 0 0
SAMPLE 1.8 0.01401211787 5.989115715 0.1481886804 1729.017423 3.59168261 0 0
SAMPLE 1.9 0.01566932164 5.989439964 0.1648718119 1729.018345 3.777119853 0 0
SAMPLE 2 0.01742238924 5.989770412 0.1823787689 1729.033102 3.963691745 0 0
SAMPLE 2.1 0.01927156374 5.990114212 0.2006946802 1729.017168 4.146416442 0 0
SAMPLE 2.2 0.02121662349 5.990474224 0.2198038697 1729.017026 4.329927925 0 0
SAMPLE 2.3 0.02325687744 5.990854263 0.2396902144 1729.008611 4.515287412 0 0
SAMPLE 2.4 0.02539140917 5.991244316 0.2603369355 1728.995578 4.70440408 0 0
SAMPLE 2.5 0.02761924081 5.991643906 0.2817257047 1728.974015 4.896278331 0 0
SAMPLE 2.6 0.02993884124 5.992065907 0.3038299978 1729.069087 5.091063049 0 0
SAMPLE 2.7 0.03234567866 5.992516041 0.3265881836 1728.91266 5.285082857 0 0
SAMPLE 2.8 0.03482595459 5.993001461 0.3498333097 1728.906769 5.465669958 0 0
SAMPLE 2.9 0.03734610602 5.993532181 0.3731707633 1729.099028 5.637500606 0 0
SAMPLE 3 0.03984373435 5.994115829 0.3958688676 1725.645371 5.773911011 18.53792572 -2.495855093
SAMPLE 3.1 0.04222899303 5.993669987 0.416878581 2643.156443 7.090747286 18.32837677 -1.598979473
SAMPLE 3.2 0.04441088438 5.993499756 0.435153842 3006.252269 8.472094247 18.22277451 -0.542380631
SAMPLE 3.3 0.04631881043 5.993247986 0.4499172568 3489.249651 9.938744184 18.22283554 0.5142374039
SAMPLE 3.4 0.04792011529 5.993450165 0.4608592391 3636.511407 11.44588148 18.32851791 1.561171889
SAMPLE 3.5 0.04921462759 5.996385098 0.4680584967 1939.752473 11.48967415 18.49308014 1.422010422
SAMPLE 3.6 0.05025157705 5.997767925 0.4721389413 1424.660332 10.14590856 18.5730629 0.1461727619
SAMPLE 3.7 0.05106857792 5.996729374 0.4735885561 2078.215916 9.231947865 18.52996826 -0.8291627169
SAMPLE 3.8 0.05168620497 5.995378494 0.4727116227 2943.782237 9.649699763 18.44307327 -0.747592032
SAMPLE 3.9 0.05211951584 5.994995117 0.46975106 3131.336489 10.67611155 18.40207672 -0.06133725867
SAMPLE 4 0.05238122493 5.995562553 0.4649182856 2745.431651 11.45659059 18.42541504 0.4328929186
SAMPLE 4.1 0.05248351395 5.996157646 0.4584075212 2330.160585 11.587132 18.47044754 0.3846659362
SAMPLE 4.2 0.05243652314 5.996238708 0.4503807127 2251.539728 11.31959092 18.4913044 0.02781739831
SAMPLE 4.3 0.05224860832 5.995822906 0.4409755766 2434.086921 11.17899479 18.47891045 -0.2255845964
SAMPLE 4.4 0.05192667246 5.995299339 0.4303175509 2666.487659 11.39063024 18.45560646 -0.1977607161
SAMPLE 4.5 0.05147709697 5.995014668 0.4185305536 2749.22861 11.79061244 18.44500923 -0.01236917637
SAMPLE 4.6 0.05090644211 5.99499464 0.4057384729 2638.070863 12.1305297 18.45160103 0.1178503707
SAMPLE 4.7 0.05022112653 5.995022774 0.3920551538 2508.229001 12.2911054 18.46370506 0.1021330506
SAMPLE 4.8 0.04942397773 5.994877815 0.3775521517 2494.588932 12.33776512 18.46912384 0.005530798808
SAMPLE 4.9 0.04850455746 5.994644642 0.3621622622 2504.071985 12.42533362 18.46567345 -0.06099886075
SAMPLE 5 0.04742296785 5.994377613 0.3455047011 2594.121595 12.59956043 18.45945168 -0.05200202018
SAMPLE 5.1 0.04609269649 5.994242191 0.3267224133 2581.789037 12.82138772 18.45673943 -0.001819946687
SAMPLE 5.2 0.04438383877 5.994050026 0.3046289384 2598.56103 13.01230494 18.45861816 0.03234647214
SAMPLE 5.3 0.04215199128 5.993816376 0.2782763541 2559.255643 13.16047061 18.4618988 0.0273162704
SAMPLE 5.4 0.03929930553 5.993391991 0.2476657629 2512.66585 13.26419031 18.4633255 0.001241827966
SAMPLE 5.5 0.03584407642 5.992863178 0.213875249 2539.994728 13.38036225 18.46238518 -0.0164013356
SAMPLE 5.6 0.03197522834 5.992447376 0.1785743237 2560.434477 13.52867122 18.46074486 -0.01343577355
SAMPLE 5.7 0.02801824361 5.992217064 0.1432569027 2583.043802 13.6972642 18.46007538 0.0001150502721
SAMPLE 5.8 0.02428063564 5.992077827 0.1088462397 2569.210649 13.85687444 18.46063805 0.009198732674
SAMPLE 5.9 0.02089322172 5.992064953 0.07577937096 2538.938215 14.00450401 18.4615593 0.007739175577
SAMPLE 6 0.01779409684 5.992144585 0.044280231 2557.970848 14.14263992 18.46197701 0.000670408539
SAMPLE 6.1 0.01484878454 5.992280006 0.01448537596 2571.689766 14.28643514 18.4617672 -0.00395607017
SAMPLE 6.2 0.01197200082 5.992429733 -0.01355845574 2577.55637 14.43071317 18.46137619 -0.003109867219
SAMPLE 6.3 0.009160277434 5.992637157 -0.03975433484 2560.954889 14.57545034 18.46125412 0.0006662004744
SAMPLE 6.4 0.006456165574 5.992887974 -0.063681826 2556.280667 14.71593178 18.4614563 0.00295577012
SAMPLE 6.5 0.003909630235 5.993174553 -0.08458807319 2551.397814 14.83475269 18.46173096 0.002494228072
SAMPLE 6.6 0.001569617656 5.993413448 -0.1017938554 2567.935707 14.97019589 18.46188354 0.0005200222367
SAMPLE 6.7 -0.0005101016141 5.993602276 -0.1151496246 2567.164115 15.1070288 18.46186066 -0.0006731090834
SAMPLE 6.8 -0.002279483713 5.993730545 -0.1251049936 2558.086434 15.23468366 18.46179199 -0.0003504347114
SAMPLE 6.9 -0.003717706539 5.993800163 -0.1323617101 2565.246651 15.37438928 18.46181679 0.0007781355525
SAMPLE 7 -0.004848055542 5.993906498 -0.1374718249 2562.02586 15.51025387 18.46193886 0.001512109651
SAMPLE 7.1 -0.005724268965 5.994001389 -0.1406876445 2555.668553 15.63342447 18.46207619 0.001365531352
SAMPLE 7.2 -0.006401252002 5.99404335 -0.142036736 2560.360921 15.76433853 18.46217537 0.0007187782321
SAMPLE 7.3 -0.006915448699 5.994076729 -0.1413770914 2568.592998 15.91300006 18.4622364 0.0003229958529
SAMPLE 7.4 -0.007281776983 5.994097233 -0.1383588761 2575.900599 16.04173177 18.46225739 0.0003684858675
SAMPLE 7.5 -0.00749685755 5.994137764 -0.1324689835 2563.368116 16.18799487 18.46232605 0.0006389481132
SAMPLE 7.6 -0.007544723339 5.994139194 -0.1232975349 2551.216183 16.31599194 18.46239471 0.0007600029348
SAMPLE 7.7 -0.007408217993 5.994084358 -0.1108622104 2556.31133 16.42638427 18.46246338 0.0008110956987
SAMPLE 7.8 -0.007083346136 5.994033813 -0.09574764222 2561.105293 16.52694216 18.46253204 0.0009724955889
SAMPLE 7.9 -0.006586565636 5.994039059 -0.07895302773 2564.605885 16.64236846 18.46262741 0.001004480408
SAMPLE 8 -0.005952612963 5.994131565 -0.06160694733 2569.252487 16.73474499 18.46269608 0.0009202327929
SAMPLE 8.1 -0.005231003277 5.99424839 -0.04470472038 2564.103509 16.83268151 18.46276474 0.0009155224543
SAMPLE 8.2 -0.004484216217 5.99434948 -0.02889725938 2569.960627 16.93450799 18.4628334 0.0008856105269
SAMPLE 8.3 -0.00377871003 5.994452477 -0.01437053457 2560.205475 17.03414563 18.46290207 0.0009328219458
SAMPLE 8.4 -0.003167369403 5.994538784 -0.0008698289166 2557.739027 17.12982514 18.46297073 0.0008510367479
SAMPLE 8.5 -0.002677786164 5.994640827 0.01206413377 2557.093911 17.228328 18.4630394 0.0007252534269
SAMPLE 8.6 -0.002313414589 5.994724751 0.02477535605 2561.024686 17.33400689 18.46310806 0.0005172388628
SAMPLE 8.7 -0.002061506035 5.994808674 0.0373089388 2563.786104 17.44076346 18.46315575 0.0002252179984
SAMPLE 8.8 -0.001896396629 5.994889736 0.04946697131 2565.447666 17.52499003 18.46316338 0.0003725675633
SAMPLE 8.9 -0.001779134385 5.994981766 0.06099208444 2566.021741 17.63853953 18.46323204 0.0004904601956
SAMPLE 9 -0.001659917994 5.99508667 0.07172388583 2564.011316 17.74394942 18.46322441 -0.0267908033
SAMPLE 9.1 -0.001486174879 5.995585442 0.08168239146 2236.722082 16.69106609 18.41013145 -1.007790685
SAMPLE 9.2 -0.001207688591 5.996358871 0.09116493165 1860.366698 15.63193101 18.25893974 -1.988792539
SAMPLE 9.3 -0.0007918074843 5.996871948 0.1006918401 1628.697458 14.51681957 18.00964737 -2.969794273
SAMPLE 9.4 -0.0002304824884 5.997003555 0.11090523 1611.844984 13.40222155 17.66225433 -3.950796127
SAMPLE 9.5 0.0004624304711 5.996997833 0.1223863885 1699.671607 12.30507797 17.21676254 -4.931789875
SAMPLE 9.6 0.001268243184 5.997019768 0.1354994029 1767.805781 11.22950306 16.673172 -5.912783146
SAMPLE 9.7 0.002178750932 5.997098446 0.1503111571 1734.737388 10.15370265 16.03148079 -6.893776417
SAMPLE 9.8 0.003188315313 5.997188091 0.1665042192 1696.107704 9.065380487 15.29169178 -7.874769688
SAMPLE 9.9 0.004266967531 5.997268677 0.1832650155 1729.718671 7.98891306 14.45380211 -8.85577774
SAMPLE 10 0.005332347471 5.997464657 0.1993147731 1773.894751 6.927904829 13.51781082 -9.836788177
SAMPLE 10.1 0.006238835398 5.997779846 0.2132778466 1775.843659 5.873378355 12.48371887 -10.81779861
SAMPLE 10.2 0.006820192095 5.998030186 0.2242226601 1725.816068 4.813277223 11.35152626 -11.79880905
SAMPLE 10.3 0.006993114483 5.998121738 0.2319743633 1685.460208 3.742493543 10.12123203 -12.77981949
SAMPLE 10.4 0.006843432784 5.998072147 0.2370273471 1715.413286 2.676213244 8.792837143 -13.76082993
SAMPLE 10.5 0.006593994331 5.998058796 0.2401790023 1733.017337 1.617651536 7.366341114 -14.74184036
SAMPLE 10.6 0.006464709528 5.998094559 0.2422130257 1741.681143 0.5599800715 5.841743469 -15.7228508
SAMPLE 10.7 0.006546986289 5.998195648 0.2437337488 1727.014609 -0.4976390907 4.219045639 -16.70386124
SAMPLE 10.8 0.006795272231 5.998305798 0.245102182 1730.456241 23.8061803 3.897999525 0
SAMPLE 10.9 0.007118375506 5.998396397 0.246505931 1717.908268 23.86336382 3.897999525 0
SAMPLE 11 0.007479857188 5.998475552 0.2482961416 1747.780877 23.92130033 3.897999525 0
SAMPLE 11.1 0.007936142385 5.998607159 0.2513223588 1757.104482 23.98379275 3.897999525 0
SAMPLE 11.2 0.008597631939 5.998833179 0.2566980124 1712.145658 24.03799186 3.897999525 0
SAMPLE 11.3 0.009543960914 5.998846531 0.2649012208 1707.145032 24.07962169 3.897999525 0
SAMPLE 11.4 0.01076040603 5.998798847 0.2751314938 1748.667597 24.12680863 3.897999525 0
SAMPLE 11.5 0.01214050222 5.998894691 0.2856696546 1744.124872 24.17684389 3.897999525 0
SAMPLE 11.6 0.01354787126 5.999002457 0.2948928177 1744.98782 24.21631214 3.897999525 0
SAMPLE 11.7 0.01486888714 5.999158859 0.301935792 1767.849334 24.26339841 3.897999525 0
SAMPLE 11.8 0.01602060162 5.999372959 0.3065924942 1717.544226 24.30767652 3.897999525 0
SAMPLE 11.9 0.01693548076 5.999586105 0.3088390529 1692.80171 24.33702816 3.897999525 0
SAMPLE 12 0.01754708961 5.999626637 0.3085032403 1728.205797 24.36818575 3.897999525 0
SAMPLE 12.1 0.01777704619 5.999659061 0.3053141534 1759.771383 24.40557287 3.897999525 0
SAMPLE 12.2 0.01754186489 5.999693394 0.2992183566 1760.139607 24.44572994 3.897999525 0
SAMPLE 12.3 0.01679733023 5.99971199 0.2905393541 1729.431694 24.47860575 3.897999525 0
SAMPLE 12.4 0.01559936441 5.999662876 0.2797715068 1708.587429 24.50604288 3.897999525 0
SAMPLE 12.5 0.01410840545 5.99952364 0.2671945095 1719.125326 24.53202319 3.897999525 0
SAMPLE 12.6 0.01250237692 5.999334335 0.2525820136 1740.426475 24.56497576 3.897999525 0
SAMPLE 12.7 0.01085023582 5.99915266 0.2351659089 1738.108027 24.59337306 3.897999525 0
SAMPLE 12.8 0.009064905345 5.998908043 0.2140391469 1729.076214 24.61669083 3.897999525 0
SAMPLE 12.9 0.006992176175 5.998518467 0.18892847 1722.674769 24.63891466 3.897999525 0
SAMPLE 13 0.004560334142 5.998093128 0.1607629806 1733.303399 24.66154085 3.897999525 0
SAMPLE 13.1 0.00185212912 5.997858524 0.1313978583 1737.20363 24.68883469 3.897999525 0
SAMPLE 13.2 -0.0009523210465 5.997775078 0.1026987582 1725.033915 24.71125879 3.897999525 0
SAMPLE 13.3 -0.003691232996 5.997717381 0.07578018308 1713.687697 24.73444574 3.897999525 0
SAMPLE 13.4 -0.006285376381 5.997665405 0.05091005936 1734.911565 24.75912241 3.897999525 0
SAMPLE 13.5 -0.008727935143 5.997713089 0.02784180269 1737.366062 24.78768591 3.897999525 0
SAMPLE 13.6 -0.01104684547 5.997802734 0.006182734855 1729.658758 24.8047895 3.897999525 0
SAMPLE 13.7 -0.01327566151 5.997929573 -0.0142875053 1742.986194 24.83255671 3.897999525 0
SAMPLE 13.8 -0.01543883886 5.998062611 -0.03340238705 1717.056599 24.85699523 3.897999525 0
SAMPLE 13.9 -0.01754108258 5.998178482 -0.05059095472 1697.706761 24.87661137 3.897999525 0
SAMPLE 14 -0.01956372522 5.998241901 -0.06509143114 1736.854265 24.89906885 3.897999525 0
SAMPLE 14.1 -0.02147226036 5.998304367 -0.07624765486 1777.927895 24.93514386 3.897999525 0
SAMPLE 14.2 -0.02322949283 5.998391151 -0.08373033255 1758.412845 24.97086578 3.897999525 0
SAMPLE 14.3 -0.02480418794 5.998405933 -0.08761733025 1729.075389 24.99564969 3.897999525 0
SAMPLE 14.4 -0.026176624 5.998347282 -0.0883583799 1714.725334 25.01640285 3.897999525 0
SAMPLE 14.5 -0.02734779194 5.998258114 -0.08665241301 1720.930436 25.03731739 3.897999525 0
SAMPLE 14.6 -0.02834568545 5.998178482 -0.0832297802 1729.225447 25.06069928 3.897999525 0
SAMPLE 14.7 -0.02921883948 5.998118401 -0.07860137522 1738.421662 25.08438258 3.897999525 0
SAMPLE 14.8 -0.03002149053 5.998114109 -0.0729381144 1740.566872 25.11147681 3.897999525 0
SAMPLE 14.9 -0.03080406226 5.998124599 -0.06616556644 1725.980675 25.13592834 3.897999525 0
SAMPLE 15 -0.03161131218 5.998091698 -0.05817933008 1709.453008 25.15815972 3.897999525 0
SAMPLE 15.1 -0.03248157352 5.998016834 -0.04899618775 1711.046171 25.17959138 3.897999525 0
SAMPLE 15.2 -0.03344254568 5.997941971 -0.0387984477 1736.115133 25.20493359 3.897999525 0
SAMPLE 15.3 -0.03450635076 5.997936726 -0.0279064849 1746.905389 25.23301378 3.897999525 0
SAMPLE 15.4 -0.03566662595 5.997986794 -0.01671532914 1742.773393 25.26232579 3.897999525 0
SAMPLE 15.5 -0.03689643741 5.998044491 -0.005585291423 1715.046329 25.28773952 3.897999525 0
SAMPLE 15.6 -0.0381513238 5.998024464 0.00529695116 1708.944465 25.30802802 3.897999525 0
SAMPLE 15.7 -0.03938300908 5.99796629 0.01600769162 1729.442403 25.33344319 3.897999525 0
SAMPLE 15.8 -0.04055496678 5.997964382 0.02687178552 1742.124094 25.36337757 3.897999525 0
SAMPLE 15.9 -0.04164113104 5.998075485 0.03839725256 1730.858132 25.39464665 3.897999525 0
RESULT {"mode":"rider","velocity_iterations":64,"h":0.01111111111,"substep":0.002777777778,"breeze":1,"side":0.25,"catch_speed":2.5,"rung_mass":2.937389213,"ladder_mass":176.2433528,"post_startup_residual_j":20.52137543,"post_startup_stretch_m":0.0004681050777,"hand_positive_j":422.0898282,"hand_negative_j":754.1132886,"loaded_left_n":1044.530207,"loaded_right_n":1518.17311,"max_stretch":0.002639770508,"min_lambda":-7.637947083,"max_lambda":0,"max_tension":2749.66095,"max_hand_force":866.0667515,"catch_peak":866.0667515,"max_hand_error":0.3333152533,"max_power":2553.449491,"max_sway":0.4763511419,"max_rung_speed":0.5011420846,"min_floor_clearance":2.932899625,"release_velocity_jump":0,"departure_speed":0.05795805156,"loaded_root_reaction":2562.703317,"unloaded_root_reaction":1729.154396,"floor_contacts":1900,"rung_contacts":0,"slack_samples":0,"climb_rise":0,"initial_energy":30775.26177,"inserted_energy":15729.20301,"final_energy":34024.10133,"wind_source_j":329.5647193,"aero_loss_j":329.6066176,"hand_work_j":-332.0234605,"rope_loss_j":23.46086511,"contact_loss_j":12150.25488,"max_rope_injection_step_j":0.04261952155,"max_residual_j":25.41765376,"tail_z":0.05084598809,"tail_y":5.998196125,"player_y":3.897999525}

STDERR
proot warning: can't sanitize binding "/proc/self/fd/1": No such file or directory
proot warning: can't sanitize binding "/proc/self/fd/2": No such file or directory
