SAMPLE 0 0 5.999995232 0 226.4468694 -0.003206203708 0 0
SAMPLE 0.1 0 5.999226093 -1.048711831e-13 1762.619705 0.05441025028 0 0
SAMPLE 0.2 3.864562836e-11 5.999301434 -3.567679463e-13 1650.475216 0.08903120333 0 0
SAMPLE 0.3 1.235584968e-10 5.999268055 -5.028000043e-13 1719.845638 0.09175468157 0 0
SAMPLE 0.4 2.084705741e-10 5.999272823 -4.069192899e-13 1729.997177 0.09456281714 0 0
SAMPLE 0.5 2.933826515e-10 5.999269962 -2.935534845e-13 1724.375181 0.09771558352 0 0
SAMPLE 0.6 3.782947289e-10 5.999271393 -9.978200585e-14 1730.126696 0.09983032482 0 0
SAMPLE 0.7 4.632068062e-10 5.999272823 1.190283359e-13 1722.028484 0.1028770408 0 0
SAMPLE 0.8 5.481227694e-10 5.999269009 2.931852894e-13 1728.876228 0.1035441691 0 0
SAMPLE 0.9 6.330388436e-10 5.999270916 3.591451951e-13 1729.366837 0.1048710454 0 0
SAMPLE 1 7.179549177e-10 5.999270916 3.139551336e-13 1728.946781 0.1048181011 0 0
SAMPLE 1.1 -8.31283653e-10 5.999270916 2.291602238e-13 1728.945408 0.1048150993 0 0
SAMPLE 1.2 -2.675120792e-09 5.999219894 1.426940163e-13 1877.505541 0.1128073744 0 0
SAMPLE 1.3 -4.518957653e-09 5.99925375 1.42810419e-13 1698.378181 0.1205345695 0 0
SAMPLE 1.4 -6.362794736e-09 5.999253273 2.49333567e-13 1732.358036 0.1244875406 0 0
SAMPLE 1.5 -8.206605173e-09 5.999253273 2.181590276e-13 1728.949099 0.1240581287 0 0
SAMPLE 1.6 -9.739602902e-09 5.99925375 7.19133598e-15 1727.361145 0.1253979061 0 0
SAMPLE 1.7 -7.891763687e-09 5.99925375 -3.014062524e-13 1728.978109 0.1256170612 0 0
SAMPLE 1.8 -5.82885118e-09 5.99925375 -5.230772955e-13 1728.947124 0.1256115216 0 0
SAMPLE 1.9 -3.765925349e-09 5.999254227 -5.338139327e-13 1728.949356 0.125719287 0 0
SAMPLE 2 -1.702999519e-09 5.999256611 -3.725893834e-13 1728.943605 0.1261584607 0 0
SAMPLE 2.1 3.599247289e-10 5.999256611 -1.814561956e-13 1728.945065 0.1261605964 0 0
SAMPLE 2.2 2.422850365e-09 5.999256611 -2.651661205e-14 1728.948669 0.1261651615 0 0
SAMPLE 2.3 4.44572823e-09 5.999258995 1.568724805e-13 1728.946953 0.1264110157 0 0
SAMPLE 2.4 4.934906261e-09 5.999258518 3.705437649e-13 1732.970695 0.1281666574 0 0
SAMPLE 2.5 5.373595346e-09 5.999258518 4.714062257e-13 1728.780441 0.1276614713 0 0
SAMPLE 2.6 5.812284432e-09 5.999258518 3.973248596e-13 1728.951845 0.1276888207 0 0
SAMPLE 2.7 6.250973517e-09 5.999258518 2.336403369e-13 1728.946352 0.1276857693 0 0
SAMPLE 2.8 6.689662602e-09 5.999258518 6.722223554e-14 1728.944292 0.1276838875 0 0
SAMPLE 2.9 7.128351687e-09 5.999258518 -7.411404118e-14 1728.943949 0.1276883449 0 0
SAMPLE 3 7.567041216e-09 5.999258518 -1.577876556e-13 1728.945751 0.1276910444 0 0
SAMPLE 3.1 8.005730301e-09 5.999258518 -1.565704624e-13 1728.946524 0.1276933049 0 0
SAMPLE 3.2 8.444419386e-09 5.999258518 -8.12219351e-14 1728.950472 0.1276984038 0 0
SAMPLE 3.3 8.883108471e-09 5.999258518 2.591505434e-14 1728.946867 0.1276974794 0 0
SAMPLE 3.4 9.321797556e-09 5.999258518 1.041142812e-13 1728.949871 0.1277003137 0 0
SAMPLE 3.5 9.760486641e-09 5.999258518 1.091517894e-13 1728.946953 0.1276991089 0 0
SAMPLE 3.6 7.167787253e-09 5.999258518 5.155094694e-14 1728.949614 0.1277038406 0 0
SAMPLE 3.7 3.241451996e-09 5.999258518 -1.124806476e-14 1728.948841 0.1277027841 0 0
SAMPLE 3.8 -6.849111833e-10 5.999258518 -1.611795278e-14 1728.94824 0.1277030858 0 0
SAMPLE 3.9 -4.611266924e-09 5.999258518 5.401432204e-14 1728.949184 0.127707486 0 0
SAMPLE 4 -8.537598184e-09 5.999258518 1.358985353e-13 1728.948841 0.1277089883 0 0
SAMPLE 4.1 -1.029170704e-08 5.999258518 1.339829262e-13 1728.947124 0.1277061881 0 0
SAMPLE 4.2 -9.903793341e-09 5.999258518 3.572781922e-14 1728.946095 0.127706225 0 0
SAMPLE 4.3 -9.51587964e-09 5.999258518 -5.43078935e-14 1728.945751 0.1277070958 0 0
SAMPLE 4.4 -9.127965939e-09 5.999258518 -3.190139532e-14 1728.946867 0.127710055 0 0
SAMPLE 4.5 -8.127961415e-09 5.999258518 8.44668099e-14 1728.947811 0.1277129808 0 0
SAMPLE 4.6 -6.318848556e-09 5.999258518 1.762799027e-13 1728.947639 0.1277131903 0 0
SAMPLE 4.7 -4.509735696e-09 5.999258518 1.482008418e-13 1728.947382 0.1277137648 0 0
SAMPLE 4.8 -2.700604629e-09 5.999258518 1.518999431e-14 1728.947554 0.1277144576 0 0
SAMPLE 4.9 -1.706544905e-09 5.999258518 -1.183841436e-13 1728.946867 0.1277141075 0 0
SAMPLE 5 -3.743660049e-09 5.999258518 -1.566506256e-13 1728.94721 0.1277153849 0 0
SAMPLE 5.1 -5.792005542e-09 5.999258518 -8.86312711e-14 1728.947382 0.1277173696 0 0
SAMPLE 5.2 -7.840363025e-09 5.999258518 2.8949455e-14 1728.947468 0.1277190804 0 0
SAMPLE 5.3 -9.482638674e-09 5.999258518 1.357769555e-13 1728.948154 0.1277221322 0 0
SAMPLE 5.4 -6.683638976e-09 5.999258518 1.793665585e-13 1728.947468 0.1277210539 0 0
SAMPLE 5.5 -3.250289371e-09 5.999258518 1.091287908e-13 1728.947554 0.1277223682 0 0
SAMPLE 5.6 1.830610108e-10 5.999258518 -5.886686538e-14 1728.947725 0.1277229593 0 0
SAMPLE 5.7 3.616410948e-09 5.999258518 -2.212424986e-13 1728.947725 0.1277240478 0 0
SAMPLE 5.8 3.975835661e-09 5.999258518 -3.04014897e-13 1728.947124 0.1277221482 0 0
SAMPLE 5.9 1.97822958e-09 5.999258518 -3.171208142e-13 1728.947124 0.1277228055 0 0
SAMPLE 6 -1.93844836e-11 5.999258518 -2.556662293e-13 1728.946695 0.1277230929 0 0
SAMPLE 6.1 -2.016998346e-09 5.999258518 -7.184986791e-14 1728.946438 0.1277241665 0 0
SAMPLE 6.2 -3.089095424e-09 5.999258518 2.069105792e-13 1728.947296 0.1277264032 0 0
SAMPLE 6.3 -2.092068963e-09 5.999258518 4.289632072e-13 1728.947554 0.1277272282 0 0
SAMPLE 6.4 -1.095042501e-09 5.999258518 4.426880412e-13 1728.947811 0.1277277489 0 0
SAMPLE 6.5 -9.801056494e-11 5.999258518 2.35850212e-13 1728.947983 0.1277292387 0 0
SAMPLE 6.6 8.99022079e-10 5.999258518 -6.29451054e-14 1728.948069 0.1277315991 0 0
SAMPLE 6.7 1.896048873e-09 5.999258518 -3.066155186e-13 1728.94824 0.1277305711 0 0
SAMPLE 6.8 2.893075335e-09 5.999258518 -4.386063724e-13 1728.947382 0.1277309602 0 0
SAMPLE 6.9 3.890102018e-09 5.999258518 -4.475845963e-13 1728.947124 0.127731279 0 0
SAMPLE 7 4.88712848e-09 5.999258518 -2.867865179e-13 1728.946695 0.127730661 0 0
SAMPLE 7.1 5.884154941e-09 5.999258518 1.32269819e-14 1728.94618 0.1277301077 0 0
SAMPLE 7.2 6.881181402e-09 5.999258518 2.548415851e-13 1728.946867 0.1277307373 0 0
SAMPLE 7.3 7.878234953e-09 5.999258518 2.802156565e-13 1728.946609 0.1277319928 0 0
SAMPLE 7.4 8.875325364e-09 5.999258518 1.38821463e-13 1728.946781 0.127733662 0 0
SAMPLE 7.5 9.872415774e-09 5.999258518 -2.736059907e-14 1728.947725 0.1277366983 0 0
SAMPLE 7.6 1.086950618e-08 5.999258518 -8.179618278e-14 1728.948584 0.1277404573 0 0
SAMPLE 7.7 1.186659659e-08 5.999258518 7.976064741e-14 1728.948669 0.1277409662 0 0
SAMPLE 7.8 1.2863687e-08 5.999258518 4.090388781e-13 1728.948326 0.1277416069 0 0
SAMPLE 7.9 1.240616232e-08 5.999258518 6.757943814e-13 1728.948069 0.127740929 0 0
SAMPLE 8 1.020555462e-08 5.999258518 6.527184392e-13 1728.947468 0.1277404529 0 0
SAMPLE 8.1 8.004946928e-09 5.999258518 3.165887962e-13 1728.947124 0.1277388726 0 0
SAMPLE 8.2 5.804339231e-09 5.999258518 -1.126358121e-13 1728.946781 0.1277401528 0 0
SAMPLE 8.3 3.603729759e-09 5.999258518 -3.831077979e-13 1728.947468 0.1277421323 0 0
SAMPLE 8.4 1.403090089e-09 5.999258518 -4.742978471e-13 1728.947554 0.1277431266 0 0
SAMPLE 8.5 1.345766054e-09 5.999258518 -5.017167237e-13 1728.946867 0.1277430057 0 0
SAMPLE 8.6 3.002643689e-09 5.999258518 -4.54530402e-13 1728.946867 0.1277417839 0 0
SAMPLE 8.7 4.659508335e-09 5.999258518 -2.69962736e-13 1728.946609 0.1277440701 0 0
SAMPLE 8.8 6.316358991e-09 5.999258518 -2.112045483e-14 1728.946953 0.1277448355 0 0
SAMPLE 8.9 7.973230076e-09 5.999258518 1.714440764e-13 1728.946524 0.1277454059 0 0
SAMPLE 9 9.630144682e-09 5.999258518 2.689394931e-13 1728.947039 0.1277474856 0 0
SAMPLE 9.1 1.128705929e-08 5.999258518 2.761120054e-13 1728.947296 0.127749409 0 0
SAMPLE 9.2 1.294397389e-08 5.999258518 2.026035996e-13 1728.947639 0.1277512696 0 0
SAMPLE 9.3 1.46008885e-08 5.999258518 7.926991041e-14 1728.94824 0.1277530801 0 0
SAMPLE 9.4 1.429831631e-08 5.999258518 -4.481559167e-14 1728.947725 0.1277529799 0 0
SAMPLE 9.5 1.265598204e-08 5.999258518 -1.18035803e-13 1728.947468 0.1277536472 0 0
SAMPLE 9.6 1.101364777e-08 5.999258518 -1.100581079e-13 1728.946953 0.1277531107 0 0
SAMPLE 9.7 9.371313503e-09 5.999258518 -3.92679426e-14 1728.946695 0.1277514844 0 0
SAMPLE 9.8 7.728979234e-09 5.999258518 3.621689943e-14 1728.94618 0.1277500854 0 0
SAMPLE 9.9 6.086644966e-09 5.999258518 5.88907246e-14 1728.947039 0.1277515674 0 0
SAMPLE 10 4.444310697e-09 5.999258518 1.105804562e-14 1728.947124 0.1277534878 0 0
SAMPLE 10.1 2.801994414e-09 5.999258518 -6.069726292e-14 1728.947897 0.1277552301 0 0
SAMPLE 10.2 1.159685237e-09 5.999258518 -7.138132316e-14 1728.948412 0.1277572664 0 0
SAMPLE 10.3 -4.826262168e-10 5.999258518 1.061815176e-14 1728.947725 0.1277582248 0 0
SAMPLE 10.4 -2.12493978e-09 5.999258518 1.06949043e-13 1728.947468 0.127758561 0 0
SAMPLE 10.5 -3.767242962e-09 5.999258518 1.10517071e-13 1728.947124 0.1277591662 0 0
SAMPLE 10.6 -5.409577231e-09 5.999258518 1.555350189e-14 1728.947468 0.1277609414 0 0
SAMPLE 10.7 -7.051911499e-09 5.999258518 -7.278859048e-14 1728.947811 0.1277606504 0 0
SAMPLE 10.8 -7.870774255e-09 5.999258518 -5.357193706e-14 1728.947468 0.1277608811 0 0
SAMPLE 10.9 -7.888807829e-09 5.999258518 6.813600113e-14 1728.946953 0.1277614605 0 0
SAMPLE 11 -7.906841404e-09 5.999258518 1.900088431e-13 1728.947382 0.1277621477 0 0
SAMPLE 11.1 -7.924874978e-09 5.999258518 2.105031915e-13 1728.946695 0.1277607919 0 0
SAMPLE 11.2 -7.942908553e-09 5.999258518 1.189933026e-13 1728.946953 0.1277635539 0 0
SAMPLE 11.3 -7.960942128e-09 5.999258518 -8.297453436e-15 1728.947639 0.1277649204 0 0
SAMPLE 11.4 -7.978975702e-09 5.999258518 -9.232699783e-14 1728.947554 0.1277681911 0 0
SAMPLE 11.5 -7.997009277e-09 5.999258518 -9.898940662e-14 1728.948154 0.1277700962 0 0
SAMPLE 11.6 -8.015042852e-09 5.999258518 -1.494932176e-14 1728.948498 0.1277705755 0 0
SAMPLE 11.7 -8.033076426e-09 5.999258518 1.370680235e-13 1728.948154 0.1277710084 0 0
SAMPLE 11.8 -8.051110001e-09 5.999258518 2.6127993e-13 1728.946867 0.1277693562 0 0
SAMPLE 11.9 -8.069143576e-09 5.999258518 2.699456327e-13 1728.947639 0.1277709311 0 0
SAMPLE 12 -8.08717715e-09 5.999258518 1.797831225e-13 1728.947811 0.1277719755 0 0
SAMPLE 12.1 -8.105210725e-09 5.999258518 4.826369678e-14 1728.947639 0.1277716957 0 0
SAMPLE 12.2 -8.123244299e-09 5.999258518 -1.177070594e-13 1728.946953 0.1277730767 0 0
SAMPLE 12.3 -8.141277874e-09 5.999258518 -3.05532753e-13 1728.947468 0.1277746123 0 0
SAMPLE 12.4 -8.159311449e-09 5.999258518 -4.169253918e-13 1728.947554 0.12777559 0 0
SAMPLE 12.5 -8.177345023e-09 5.999258518 -3.374936778e-13 1728.947296 0.1277752803 0 0
SAMPLE 12.6 -8.195378598e-09 5.999258518 -7.03206414e-14 1728.946695 0.1277760205 0 0
SAMPLE 12.7 -8.213412173e-09 5.999258518 2.409240071e-13 1728.946953 0.1277791233 0 0
SAMPLE 12.8 -1.00829336e-08 5.999258518 4.240290031e-13 1728.947382 0.1277806139 0 0
SAMPLE 12.9 -1.289259011e-08 5.999258518 4.190002024e-13 1728.948069 0.1277832413 0 0
SAMPLE 13 -1.539102357e-08 5.999258518 2.817982664e-13 1728.947725 0.1277848122 0 0
SAMPLE 13.1 -1.345879586e-08 5.999258518 5.390375036e-14 1728.947811 0.1277869423 0 0
SAMPLE 13.2 -1.073598188e-08 5.999258518 -2.346384805e-13 1728.947468 0.1277872388 0 0
SAMPLE 13.3 -8.013167907e-09 5.999258518 -4.429580346e-13 1728.947039 0.1277882484 0 0
SAMPLE 13.4 -5.290405003e-09 5.999258518 -4.235143865e-13 1728.947897 0.1277895429 0 0
SAMPLE 13.5 -2.567654978e-09 5.999258518 -2.237977192e-13 1728.947468 0.1277902208 0 0
SAMPLE 13.6 1.551069273e-10 5.999258518 -1.502853628e-14 1728.947725 0.1277919761 0 0
SAMPLE 13.7 2.877867278e-09 5.999258518 7.327080294e-14 1728.947725 0.1277941359 0 0
SAMPLE 13.8 5.459781072e-09 5.999258518 -1.702752387e-14 1728.947725 0.127796021 0 0
SAMPLE 13.9 7.319669315e-09 5.999258518 -2.324687209e-13 1728.947554 0.1277969488 0 0
SAMPLE 14 9.179557559e-09 5.999258518 -3.831353637e-13 1728.947983 0.1277963432 0 0
SAMPLE 14.1 1.028861085e-08 5.999258518 -2.798301413e-13 1728.947039 0.1277964726 0 0
SAMPLE 14.2 1.062574917e-08 5.999258518 9.099256857e-14 1728.94618 0.1277959534 0 0
SAMPLE 14.3 1.096288749e-08 5.999258518 5.165633546e-13 1728.94618 0.127796505 0 0
SAMPLE 14.4 1.13000258e-08 5.999258518 7.155415041e-13 1728.946524 0.1277968534 0 0
SAMPLE 14.5 1.163716412e-08 5.999258518 6.251819808e-13 1728.946867 0.1277979952 0 0
SAMPLE 14.6 1.197430244e-08 5.999258518 4.199304207e-13 1728.947554 0.127800035 0 0
SAMPLE 14.7 1.231144076e-08 5.999258518 2.134200477e-13 1728.946867 0.1278019158 0 0
SAMPLE 14.8 1.264857907e-08 5.999258518 -2.335503786e-14 1728.947296 0.1278054151 0 0
SAMPLE 14.9 1.298571739e-08 5.999258518 -2.624325995e-13 1728.948412 0.1278078157 0 0
SAMPLE 15 1.332285571e-08 5.999258518 -3.973577923e-13 1728.948069 0.1278090149 0 0
SAMPLE 15.1 1.365999402e-08 5.999258518 -3.894291844e-13 1728.948326 0.1278119093 0 0
SAMPLE 15.2 1.359531687e-08 5.999258518 -2.80538315e-13 1728.947725 0.127812668 0 0
SAMPLE 15.3 1.332340638e-08 5.999258518 -1.233869777e-13 1728.948069 0.1278134306 0 0
SAMPLE 15.4 1.305149588e-08 5.999258518 3.471395128e-14 1728.947296 0.1278125018 0 0
SAMPLE 15.5 1.277958539e-08 5.999258518 1.498270637e-13 1728.947382 0.1278123858 0 0
SAMPLE 15.6 1.25076749e-08 5.999258518 1.891724353e-13 1728.94721 0.1278134465 0 0
SAMPLE 15.7 1.22357644e-08 5.999258518 1.436438994e-13 1728.946695 0.1278140508 0 0
SAMPLE 15.8 1.196385391e-08 5.999258518 4.409377391e-14 1728.946781 0.1278160085 0 0
SAMPLE 15.9 1.169194341e-08 5.999258518 -4.839132093e-14 1728.947124 0.1278163729 0 0
RESULT {"mode":"unloaded","velocity_iterations":64,"h":0.002777777778,"substep":0.0006944444444,"breeze":0,"side":0,"catch_speed":0,"rung_mass":2.937389213,"ladder_mass":176.2433528,"post_startup_residual_j":0.0001586752281,"post_startup_stretch_m":2.098083496e-05,"hand_positive_j":0,"hand_negative_j":0,"loaded_left_n":0,"loaded_right_n":0,"max_stretch":0.0001573562622,"min_lambda":-1.40533793,"max_lambda":0,"max_tension":2023.686619,"max_hand_force":0,"catch_peak":0,"max_hand_error":0,"max_power":0,"max_sway":2.266451027e-08,"max_rung_speed":0.1219161004,"min_floor_clearance":2.96870187,"release_velocity_jump":0,"departure_speed":0,"loaded_root_reaction":0,"unloaded_root_reaction":1728.947445,"floor_contacts":0,"rung_contacts":0,"slack_samples":0,"climb_rise":0,"initial_energy":30775.26177,"inserted_energy":0,"final_energy":30774.51153,"wind_source_j":0,"aero_loss_j":7.803747816e-06,"hand_work_j":0,"rope_loss_j":0.8780513848,"contact_loss_j":0,"max_rope_injection_step_j":0.00181654794,"max_residual_j":0.1283660066,"tail_z":-8.199085128e-14,"tail_y":5.999258518,"player_y":0}

STDERR
proot warning: can't sanitize binding "/proc/self/fd/1": No such file or directory
proot warning: can't sanitize binding "/proc/self/fd/2": No such file or directory
