SAMPLE 0 5.862795049e-08 5.999924183 6.836849025e-07 226.4468694 -0.05671836714 0 0
SAMPLE 0.1 4.178911695e-05 5.973630905 0.0004846449883 2372.880464 -0.2093764595 0 0
SAMPLE 0.2 0.0001622168202 5.980061054 0.001869519707 1857.975908 0.3236161531 0 0
SAMPLE 0.3 0.0003629684797 5.981322765 0.004159591626 2149.55248 0.5685752823 0 0
SAMPLE 0.4 0.0006459191209 5.982962132 0.007361731958 1832.292541 0.8258076035 0 0
SAMPLE 0.5 0.001012726338 5.984190941 0.011481422 1541.124245 1.001494127 0 0
SAMPLE 0.6 0.001465014881 5.984764099 0.01652251929 1574.084929 1.169242139 0 0
SAMPLE 0.7 0.002004466485 5.9851017 0.02248730138 1705.11764 1.374872625 0 0
SAMPLE 0.8 0.002632724587 5.98550415 0.02937646024 1762.282743 1.590423927 0 0
SAMPLE 0.9 0.00335124461 5.985950947 0.03718913347 1752.977479 1.800494883 0 0
SAMPLE 1 0.004161232151 5.9863801 0.04592294618 1732.811626 2.008845416 0 0
SAMPLE 1.1 0.005063674413 5.986768246 0.05557399243 1725.202435 2.205972693 0 0
SAMPLE 1.2 0.006059360225 5.987122059 0.06613693386 1726.283458 2.397998204 0 0
SAMPLE 1.3 0.00714887958 5.987446785 0.07760494202 1728.501254 2.594194208 0 0
SAMPLE 1.4 0.00833260268 5.987776279 0.08996978402 1729.32958 2.798653532 0 0
SAMPLE 1.5 0.00961069297 5.988116264 0.1032219157 1729.286918 3.007916024 0 0
SAMPLE 1.6 0.01098320819 5.988452911 0.1173504889 1729.103259 3.201672429 0 0
SAMPLE 1.7 0.01245024893 5.988780499 0.1323436499 1729.030662 3.392898006 0 0
SAMPLE 1.8 0.01401211787 5.989115715 0.1481886804 1729.017423 3.59168261 0 0
SAMPLE 1.9 0.01566932164 5.989439964 0.1648718119 1729.018345 3.777119853 0 0
SAMPLE 2 0.01742238924 5.989770412 0.1823787689 1729.033102 3.963691745 0 0
SAMPLE 2.1 0.01927156374 5.990114212 0.2006946802 1729.017168 4.146416442 0 0
SAMPLE 2.2 0.02121662349 5.990474224 0.2198038697 1729.017026 4.329927925 0 0
SAMPLE 2.3 0.02325687744 5.990854263 0.2396902144 1729.008611 4.515287412 0 0
SAMPLE 2.4 0.02539140917 5.991244316 0.2603369355 1728.995578 4.70440408 0 0
SAMPLE 2.5 0.02761924081 5.991643906 0.2817257047 1728.974015 4.896278331 0 0
SAMPLE 2.6 0.02993884124 5.992065907 0.3038299978 1729.069087 5.091063049 0 0
SAMPLE 2.7 0.03234567866 5.992516041 0.3265881836 1728.91266 5.285082857 0 0
SAMPLE 2.8 0.03482595459 5.993001461 0.3498333097 1728.906769 5.465669958 0 0
SAMPLE 2.9 0.03734610602 5.993532181 0.3731707633 1729.099028 5.637500606 0 0
SAMPLE 3 0.03984373808 5.994114876 0.3958688676 1728.844438 5.805832766 0 0
SAMPLE 3.1 0.04223040119 5.994739056 0.4168947339 1728.610344 5.971757724 0 0
SAMPLE 3.2 0.04441210255 5.995350838 0.4351686239 1728.873665 6.131757884 0 0
SAMPLE 3.3 0.04631795734 5.995873928 0.4499106407 1729.165443 6.286628254 0 0
SAMPLE 3.4 0.04791856557 5.99627924 0.4608484805 1729.075087 6.433484503 0 0
SAMPLE 3.5 0.0492236428 5.996573925 0.468167752 1728.776062 6.574956824 0 0
SAMPLE 3.6 0.0502647832 5.996770382 0.472296834 1728.599369 6.716183293 0 0
SAMPLE 3.7 0.05107677728 5.996896267 0.4736940563 1728.620378 6.860164405 0 0
SAMPLE 3.8 0.05168736354 5.9969697 0.472739011 1728.702682 7.002284932 0 0
SAMPLE 3.9 0.05211578682 5.996998787 0.4697193503 1728.756132 7.141113111 0 0
SAMPLE 4 0.05237560719 5.99698782 0.4648587406 1728.763512 7.275980435 0 0
SAMPLE 4.1 0.0524773635 5.996940613 0.4583382308 1728.757917 7.416480682 0 0
SAMPLE 4.2 0.0524301976 5.99686861 0.4503104091 1728.765728 7.561165841 0 0
SAMPLE 4.3 0.05224238336 5.996776104 0.4409107864 1728.771839 7.706093661 0 0
SAMPLE 4.4 0.05192124099 5.996672153 0.4302667081 1728.787271 7.854649177 0 0
SAMPLE 4.5 0.05147327855 5.996554852 0.418500334 1728.810926 8.007680633 0 0
SAMPLE 4.6 0.05090460926 5.996431828 0.4057291746 1728.810927 8.162259256 0 0
SAMPLE 4.7 0.0502213724 5.996305466 0.3920671344 1728.833158 8.309113862 0 0
SAMPLE 4.8 0.0494300127 5.996178627 0.3776243925 1728.847372 8.443010092 0 0
SAMPLE 4.9 0.04853721336 5.996054649 0.3625067174 1728.895813 8.570313251 0 0
SAMPLE 5 0.04754967615 5.995934486 0.3468153477 1728.89029 8.689008893 0 0
SAMPLE 5.1 0.0464739874 5.995819569 0.3306469917 1728.8647 8.804311385 0 0
SAMPLE 5.2 0.0453165248 5.995709419 0.3140957952 1728.938032 8.919305753 0 0
SAMPLE 5.3 0.04408351704 5.995607376 0.2972542346 1728.980261 9.035638829 0 0
SAMPLE 5.4 0.04278102145 5.995515823 0.2802128494 1728.901376 9.150059834 0 0
SAMPLE 5.5 0.04141496494 5.995427608 0.263058722 1728.878653 9.266053028 0 0
SAMPLE 5.6 0.03999111056 5.995343208 0.2458748817 1729.012476 9.383989463 0 0
SAMPLE 5.7 0.03851515055 5.995272636 0.2287405431 1729.085108 9.503854638 0 0
SAMPLE 5.8 0.03699283302 5.995211601 0.2117315084 1729.049923 9.623730315 0 0
SAMPLE 5.9 0.03542993218 5.99516058 0.1949192584 1729.034037 9.741916879 0 0
SAMPLE 6 0.03383213282 5.995123386 0.1783704907 1729.061676 9.859106477 0 0
SAMPLE 6.1 0.03220491111 5.995100498 0.1621471494 1729.038135 9.966935271 0 0
SAMPLE 6.2 0.03055337071 5.995087624 0.1463062018 1728.793926 10.05790632 0 0
SAMPLE 6.3 0.02888247371 5.995084286 0.1309014857 1728.883694 10.14574981 0 0
SAMPLE 6.4 0.02719704434 5.995097637 0.1159828901 1729.000256 10.23072727 0 0
SAMPLE 6.5 0.02550188452 5.995108128 0.101596348 1729.070898 10.31453836 0 0
SAMPLE 6.6 0.02380173281 5.995121956 0.08778375387 1729.067433 10.41169747 0 0
SAMPLE 6.7 0.02210113406 5.995154858 0.07458326221 1729.048226 10.5142811 0 0
SAMPLE 6.8 0.02040432766 5.995180607 0.06202892959 1730.139131 10.60812858 0 0
SAMPLE 6.9 0.01871511713 5.995224476 0.05014970526 1729.434586 10.68689631 0 0
SAMPLE 7 0.01703718491 5.995252609 0.03897021711 1728.408622 10.76145403 0 0
SAMPLE 7.1 0.01537400018 5.995312214 0.02851118706 1729.052333 10.83940989 0 0
SAMPLE 7.2 0.01372902188 5.995380878 0.01879074983 1729.170591 10.9192751 0 0
SAMPLE 7.3 0.01210564841 5.995451927 0.009824356064 1729.107986 10.99399949 0 0
SAMPLE 7.4 0.01050724182 5.995521069 0.001624845783 1728.963688 11.06515639 0 0
SAMPLE 7.5 0.008937176317 5.995585442 -0.005797247402 1728.36799 11.13610262 0 0
SAMPLE 7.6 0.007398827933 5.995646477 -0.01243282016 1728.867404 11.20340091 0 0
SAMPLE 7.7 0.005895578768 5.995710373 -0.01827318966 1728.696103 11.26870026 0 0
SAMPLE 7.8 0.00443074014 5.995783329 -0.02330950461 1728.548011 11.33402461 0 0
SAMPLE 7.9 0.003007444087 5.995849609 -0.02753305249 1728.752854 11.39980711 0 0
SAMPLE 8 0.001628640341 5.995917797 -0.03093520179 1728.984047 11.46703012 0 0
SAMPLE 8.1 0.0002975077077 5.995941162 -0.03350638598 1729.028044 11.52889514 0 0
SAMPLE 8.2 -0.0009819681291 5.996043205 -0.03523368016 1728.548114 11.59071751 0 0
SAMPLE 8.3 -0.002204677323 5.996109486 -0.03609917685 1729.520574 11.65232883 0 0
SAMPLE 8.4 -0.003364503616 5.996192455 -0.0360776633 1728.92872 11.71370145 0 0
SAMPLE 8.5 -0.004454548005 5.996266365 -0.03513518721 1729.06035 11.77681846 0 0
SAMPLE 8.6 -0.005467021372 5.996323109 -0.0332255289 1730.415183 11.84193529 0 0
SAMPLE 8.7 -0.006392606534 5.996414661 -0.03028386086 1729.426209 11.90713085 0 0
SAMPLE 8.8 -0.00721960701 5.99644804 -0.02621952817 1729.4792 11.97198626 0 0
SAMPLE 8.9 -0.00793199148 5.996565342 -0.0208962746 1728.87413 12.03769421 0 0
SAMPLE 9 -0.008507318795 5.996638775 -0.01410211064 1728.904823 12.10218492 0 0
SAMPLE 9.1 -0.00891475752 5.996706963 -0.00552275544 1728.915929 12.16418231 0 0
SAMPLE 9.2 -0.009119074792 5.996747017 0.005207320675 1729.50601 12.22615744 0 0
SAMPLE 9.3 -0.009093002416 5.996778011 0.01834520884 1729.231439 12.2854477 0 0
SAMPLE 9.4 -0.008833453991 5.996779919 0.03382927179 1728.954258 12.3438416 0 0
SAMPLE 9.5 -0.008369132876 5.996798515 0.0511934869 1728.922243 12.40749623 0 0
SAMPLE 9.6 -0.007753713056 5.996842384 0.06967297941 1729.813964 12.47025843 0 0
SAMPLE 9.7 -0.007047999185 5.996942043 0.08844989538 1729.377603 12.52965911 0 0
SAMPLE 9.8 -0.006302814931 5.997066975 0.1068578437 1729.046986 12.58316248 0 0
SAMPLE 9.9 -0.005551199894 5.997210979 0.1244614348 1728.947285 12.63714449 0 0
SAMPLE 10 -0.004810348153 5.997366905 0.1410193592 1728.954632 12.6891804 0 0
SAMPLE 10.1 -0.004087808076 5.997519493 0.1564084888 1728.46935 12.74185331 0 0
SAMPLE 10.2 -0.003387088422 5.997680187 0.1705646068 1728.671736 12.79113122 0 0
SAMPLE 10.3 -0.002710710512 5.997835636 0.1834537834 1728.893725 12.83564176 0 0
SAMPLE 10.4 -0.002061155159 5.99798727 0.1950581074 1729.003019 12.87796824 0 0
SAMPLE 10.5 -0.001440618187 5.998085499 0.2053704113 1729.035788 12.92130868 0 0
SAMPLE 10.6 -0.0008507159073 5.998231888 0.2143874764 1729.353167 12.9579592 0 0
SAMPLE 10.7 -0.0002925917215 5.998353004 0.2221151739 1729.27374 12.99126667 0 0
SAMPLE 10.8 0.0002325852838 5.998456001 0.228561908 1728.883268 13.02032538 0 0
SAMPLE 10.9 0.0007235524827 5.998548508 0.2337398678 1728.768016 13.04936851 0 0
SAMPLE 11 0.00117911608 5.998625755 0.2376673669 1728.830602 13.07438922 0 0
SAMPLE 11.1 0.001598304603 5.99868536 0.2403726578 1728.893325 13.10119646 0 0
SAMPLE 11.2 0.001980453264 5.998735905 0.2418947369 1728.902559 13.12971896 0 0
SAMPLE 11.3 0.002325152978 5.998773098 0.2422809005 1728.88584 13.15778705 0 0
SAMPLE 11.4 0.002631994896 5.998796463 0.2415818423 1728.897322 13.18539968 0 0
SAMPLE 11.5 0.002900505206 5.998806 0.2398497462 1728.889838 13.21020592 0 0
SAMPLE 11.6 0.003130157711 5.998800755 0.2371391356 1728.886026 13.23204852 0 0
SAMPLE 11.7 0.003320531454 5.998779774 0.2335096002 1729.421546 13.25638401 0 0
SAMPLE 11.8 0.003471387783 5.998749733 0.2290259898 1730.16324 13.28108758 0 0
SAMPLE 11.9 0.003582606325 5.998727798 0.223756507 1728.907653 13.30433106 0 0
SAMPLE 12 0.00365408184 5.998651028 0.2177738547 1728.285516 13.32812091 0 0
SAMPLE 12.1 0.00368553563 5.998656273 0.2111499608 1729.108387 13.35451277 0 0
SAMPLE 12.2 0.003676576773 5.998613358 0.2039594203 1729.784045 13.37960237 0 0
SAMPLE 12.3 0.003626734018 5.998581886 0.1962766498 1728.963901 13.40691156 0 0
SAMPLE 12.4 0.003535444383 5.998544693 0.188176915 1728.886104 13.43668608 0 0
SAMPLE 12.5 0.003401910188 5.99850893 0.1797345579 1728.897862 13.46873033 0 0
SAMPLE 12.6 0.003225087887 5.998476505 0.171022594 1728.912009 13.50427203 0 0
SAMPLE 12.7 0.003003835911 5.998447418 0.1621125937 1728.918878 13.54357776 0 0
SAMPLE 12.8 0.002737037605 5.99842453 0.1530741751 1728.946655 13.58644808 0 0
SAMPLE 12.9 0.002423563041 5.99839735 0.1439748108 1728.536104 13.62566144 0 0
SAMPLE 13 0.002062143758 5.998374462 0.1348793656 1728.08322 13.66078379 0 0
SAMPLE 13.1 0.001651312574 5.998353481 0.1258508414 1728.054724 13.69776181 0 0
SAMPLE 13.2 0.001189396949 5.998336315 0.1169491261 1728.67014 13.73752754 0 0
SAMPLE 13.3 0.0006745411665 5.998322487 0.1082301214 1729.145089 13.77572175 0 0
SAMPLE 13.4 0.0001047170736 5.998305798 0.09974552691 1728.885576 13.81005094 0 0
SAMPLE 13.5 -0.000522270333 5.998300552 0.09154251218 1729.629878 13.8409452 0 0
SAMPLE 13.6 -0.001208748552 5.998291492 0.08366462588 1729.182464 13.86565977 0 0
SAMPLE 13.7 -0.001957137603 5.998269081 0.07615058869 1727.79478 13.8934294 0 0
SAMPLE 13.8 -0.002769879764 5.998290062 0.06903316081 1729.429812 13.9232573 0 0
SAMPLE 13.9 -0.003649360267 5.998296738 0.06234037876 1729.4179 13.95372124 0 0
SAMPLE 14 -0.004597856663 5.998314381 0.05609560385 1728.982071 13.98883478 0 0
SAMPLE 14.1 -0.005617483053 5.998343945 0.05031886697 1728.813672 14.02824327 0 0
SAMPLE 14.2 -0.006710363086 5.998373032 0.04502675682 1728.893168 14.0668598 0 0
SAMPLE 14.3 -0.00787893869 5.998399258 0.04023111984 1728.965712 14.10257957 0 0
SAMPLE 14.4 -0.009126114659 5.998426914 0.03593762219 1728.968734 14.13742345 0 0
SAMPLE 14.5 -0.01045495551 5.99845314 0.03214581683 1728.950795 14.17040884 0 0
SAMPLE 14.6 -0.01186820492 5.998480797 0.02885019407 1728.961987 14.20198406 0 0
SAMPLE 14.7 -0.01336800959 5.998508453 0.02604087442 1728.976681 14.23330993 0 0
SAMPLE 14.8 -0.01495605055 5.998534203 0.02370322309 1728.978552 14.26356123 0 0
SAMPLE 14.9 -0.01663379371 5.998560905 0.02181779779 1728.96947 14.29281598 0 0
SAMPLE 15 -0.01840255409 5.998588085 0.02036087215 1728.965727 14.32141117 0 0
SAMPLE 15.1 -0.02026351914 5.998613834 0.01930354908 1728.97134 14.34925724 0 0
SAMPLE 15.2 -0.02221736684 5.998643875 0.01861181483 1728.974686 14.37593705 0 0
SAMPLE 15.3 -0.02426153049 5.998672009 0.01827396639 1728.980419 14.40016843 0 0
SAMPLE 15.4 -0.02638284676 5.998705864 0.01838083565 1728.98349 14.42253423 0 0
SAMPLE 15.5 -0.02854830399 5.998748302 0.01922245882 1728.989257 14.44211809 0 0
SAMPLE 15.6 -0.03070238233 5.998810291 0.02130886167 1728.990182 14.46481084 0 0
SAMPLE 15.7 -0.03277748078 5.998905659 0.02524121292 1728.990489 14.51182503 0 0
SAMPLE 15.8 -0.03471337259 5.998995304 0.03150086105 1728.98829 14.55879895 0 0
SAMPLE 15.9 -0.03647372127 5.999058723 0.04029008374 1728.995978 14.60067577 0 0
RESULT {"mode":"unloaded","velocity_iterations":64,"h":0.01111111111,"substep":0.002777777778,"breeze":1,"side":0,"catch_speed":0,"rung_mass":2.937389213,"ladder_mass":176.2433528,"post_startup_residual_j":9.736804396,"post_startup_stretch_m":0.0003096163273,"hand_positive_j":0,"hand_negative_j":0,"loaded_left_n":0,"loaded_right_n":0,"max_stretch":0.002639770508,"min_lambda":-6.876168251,"max_lambda":0,"max_tension":2475.42057,"max_hand_force":0,"catch_peak":0,"max_hand_error":0,"max_power":0,"max_sway":0.4764521718,"max_rung_speed":0.5011420846,"min_floor_clearance":2.932899625,"release_velocity_jump":0,"departure_speed":0,"loaded_root_reaction":0,"unloaded_root_reaction":1728.95478,"floor_contacts":0,"rung_contacts":0,"slack_samples":0,"climb_rise":0,"initial_energy":30775.26177,"inserted_energy":0,"final_energy":30774.5165,"wind_source_j":328.9508533,"aero_loss_j":328.3144578,"hand_work_j":0,"rope_loss_j":16.0147518,"contact_loss_j":0,"max_rope_injection_step_j":0.04261952155,"max_residual_j":14.63308273,"tail_z":0.05117227137,"tail_y":5.999100208,"player_y":0}

STDERR
proot warning: can't sanitize binding "/proc/self/fd/1": No such file or directory
proot warning: can't sanitize binding "/proc/self/fd/2": No such file or directory
