SAMPLE 0 5.862795049e-08 5.999924183 6.836849025e-07 226.4468694 -0.05671836714 0 0
SAMPLE 0.1 4.178911695e-05 5.973630905 0.0004846449883 2372.880464 -0.2093764595 0 0
SAMPLE 0.2 0.0001622168202 5.980061054 0.001869519707 1857.975908 0.3236161531 0 0
SAMPLE 0.3 0.0003629684797 5.981322765 0.004159591626 2149.55248 0.5685752823 0 0
SAMPLE 0.4 0.0006459191209 5.982962132 0.007361731958 1832.292541 0.8258076035 0 0
SAMPLE 0.5 0.001012726338 5.984190941 0.011481422 1541.124245 1.001494127 0 0
SAMPLE 0.6 0.001465014881 5.984764099 0.01652251929 1574.084929 1.169242139 0 0
SAMPLE 0.7 0.002004466485 5.9851017 0.02248730138 1705.11764 1.374872625 0 0
SAMPLE 0.8 0.002632724587 5.98550415 0.02937646024 1762.282743 1.590423927 0 0
SAMPLE 0.9 0.00335124461 5.985950947 0.03718913347 1752.977479 1.800494883 0 0
SAMPLE 1 0.004161232151 5.9863801 0.04592294618 1732.811626 2.008845416 0 0
SAMPLE 1.1 0.005063674413 5.986768246 0.05557399243 1725.202435 2.205972693 0 0
SAMPLE 1.2 0.006059360225 5.987122059 0.06613693386 1726.283458 2.397998204 0 0
SAMPLE 1.3 0.00714887958 5.987446785 0.07760494202 1728.501254 2.594194208 0 0
SAMPLE 1.4 0.00833260268 5.987776279 0.08996978402 1729.32958 2.798653532 0 0
SAMPLE 1.5 0.00961069297 5.988116264 0.1032219157 1729.286918 3.007916024 0 0
SAMPLE 1.6 0.01098320819 5.988452911 0.1173504889 1729.103259 3.201672429 0 0
SAMPLE 1.7 0.01245024893 5.988780499 0.1323436499 1729.030662 3.392898006 0 0
SAMPLE 1.8 0.01401211787 5.989115715 0.1481886804 1729.017423 3.59168261 0 0
SAMPLE 1.9 0.01566932164 5.989439964 0.1648718119 1729.018345 3.777119853 0 0
SAMPLE 2 0.01742238924 5.989770412 0.1823787689 1729.033102 3.963691745 0 0
SAMPLE 2.1 0.01927156374 5.990114212 0.2006946802 1729.017168 4.146416442 0 0
SAMPLE 2.2 0.02121662349 5.990474224 0.2198038697 1729.017026 4.329927925 0 0
SAMPLE 2.3 0.02325687744 5.990854263 0.2396902144 1729.008611 4.515287412 0 0
SAMPLE 2.4 0.02539140917 5.991244316 0.2603369355 1728.995578 4.70440408 0 0
SAMPLE 2.5 0.02761924081 5.991643906 0.2817257047 1728.974015 4.896278331 0 0
SAMPLE 2.6 0.02993884124 5.992065907 0.3038299978 1729.069087 5.091063049 0 0
SAMPLE 2.7 0.03234567866 5.992516041 0.3265881836 1728.91266 5.285082857 0 0
SAMPLE 2.8 0.03482595459 5.993001461 0.3498333097 1728.906769 5.465669958 0 0
SAMPLE 2.9 0.03734610602 5.993532181 0.3731707633 1729.099028 5.637500606 0 0
SAMPLE 3 0.03984373808 5.994113445 0.3958688974 1729.571363 5.773856488 18.53830147 -2.495654821
SAMPLE 3.1 0.0422298573 5.993523598 0.4168887138 2821.917441 7.069111727 18.32919121 -1.593772054
SAMPLE 3.2 0.0444117859 5.993440151 0.4351650774 3191.249857 8.486836839 18.22411156 -0.5371825099
SAMPLE 3.3 0.04631865397 5.9934659 0.4499181807 3509.402748 9.959166718 18.2246933 0.5194336176
SAMPLE 3.4 0.04791926593 5.993794441 0.4608552456 3562.562872 11.43192111 18.33087349 1.564076066
SAMPLE 3.5 0.04921486229 5.996438503 0.4680687189 1881.16327 11.44250565 18.49468803 1.406409621
SAMPLE 3.6 0.05025203899 5.997795105 0.4721516073 1342.56897 10.28873815 18.57274818 0.1262678355
SAMPLE 3.7 0.05106935278 5.996685505 0.4736020565 2134.902454 9.422368302 18.52848434 -0.835462749
SAMPLE 3.8 0.05168651789 5.995426655 0.472717464 2983.39809 9.910973009 18.44219208 -0.7328453064
SAMPLE 3.9 0.05211919546 5.995094299 0.4697494209 3121.764707 10.98309627 18.40292549 -0.04545990005
SAMPLE 4 0.0523807779 5.995499134 0.4649153352 2767.484533 11.77212029 18.42713928 0.4336762726
SAMPLE 4.1 0.05248301476 5.995978355 0.4584029615 2288.317597 11.8816134 18.47152901 0.3731991053
SAMPLE 4.2 0.05243638903 5.99591732 0.4503774345 2244.009601 11.6116115 18.49116325 0.01747461967
SAMPLE 4.3 0.05224910378 5.995355129 0.4409778118 2463.949762 11.51241582 18.47818184 -0.2268840224
SAMPLE 4.4 0.05192746595 5.994856358 0.4303255081 2714.288475 11.75194474 18.45519257 -0.1916889399
SAMPLE 4.5 0.05147818476 5.994585991 0.4185453653 2733.192944 12.15933116 18.44525146 -0.006582666188
SAMPLE 4.6 0.05090790987 5.994477272 0.4057596624 2596.574334 12.4839615 18.45209694 0.1173456684
SAMPLE 4.7 0.0502223298 5.994404793 0.3920778036 2521.921125 12.6490708 18.46387672 0.09696878493
SAMPLE 4.8 0.04942244291 5.994205952 0.3775634766 2495.036042 12.70874117 18.46880531 0.001326705678
SAMPLE 4.9 0.04849212617 5.993908882 0.3621272743 2500.357294 12.81048436 18.46512604 -0.06117034331
SAMPLE 5 0.04737636819 5.993612289 0.3453311026 2626.32715 13.01338249 18.45903015 -0.05002374575
SAMPLE 5.1 0.0459642522 5.993443489 0.3262223005 2584.332789 13.2716922 18.45654488 -5.349988351e-05
SAMPLE 5.2 0.0441125147 5.99323082 0.3035204709 2576.449468 13.47828306 18.45848846 0.03198576719
SAMPLE 5.3 0.0417191349 5.992902756 0.2762806118 2589.685852 13.66970144 18.46161842 0.02509325929
SAMPLE 5.4 0.03880089894 5.992393494 0.2446438521 2530.435502 13.82962636 18.46286964 -0.0001634828805
SAMPLE 5.5 0.03549411148 5.991848946 0.2099260688 2540.761384 13.98754945 18.46186638 -0.01612290367
SAMPLE 5.6 0.03198670596 5.991436481 0.1740223318 2528.394474 14.17099862 18.46028137 -0.01234134939
SAMPLE 5.7 0.02844119817 5.991149902 0.1385575086 2594.045682 14.37310065 18.45969582 0.000758618291
SAMPLE 5.8 0.02496133558 5.991035938 0.1044598073 2563.433359 14.55846825 18.46027946 0.008998620324
SAMPLE 5.9 0.02159911208 5.990999699 0.07205526531 2579.197563 14.73155272 18.46113014 0.006854116917
SAMPLE 6 0.01836900227 5.991033554 0.04144642875 2560.068329 14.90143902 18.46147537 0.0001638859103
SAMPLE 6.1 0.01525984798 5.991152287 0.0127463555 2533.945055 15.06706683 18.46122932 -0.003990044352
SAMPLE 6.2 0.01225366443 5.991258144 -0.01399444137 2582.510453 15.24120351 18.46084404 -0.003073872067
SAMPLE 6.3 0.009350868873 5.991450787 -0.0388510935 2571.459642 15.40925615 18.46072578 0.0005953893997
SAMPLE 6.4 0.00658604037 5.991671562 -0.06181486323 2565.582203 15.57353077 18.46091652 0.002654532436
SAMPLE 6.5 0.004019572865 5.991878986 -0.0825542286 2566.989658 15.72116257 18.46117592 0.002056142781
SAMPLE 6.6 0.00171041186 5.992124557 -0.1004977226 2555.685637 15.87853388 18.46129036 0.0002794206957
SAMPLE 6.7 -0.0003075838613 5.992308617 -0.1151728183 2564.67239 16.03062112 18.46124649 -0.0007596096257
SAMPLE 6.8 -0.002031847602 5.992440224 -0.1264300942 2570.518178 16.19252144 18.46118736 -0.0003309372696
SAMPLE 6.9 -0.003481805557 5.992550373 -0.1344191283 2567.726334 16.37109354 18.46122551 0.0006905198679
SAMPLE 7 -0.004685699008 5.992641926 -0.1394099593 2554.877884 16.53642114 18.46133995 0.001294928952
SAMPLE 7.1 -0.005672014318 5.992682457 -0.1416799426 2533.079521 16.69657914 18.46146393 0.00113737816
SAMPLE 7.2 -0.006465909071 5.992661953 -0.1414962113 2558.505888 16.84893404 18.46153831 0.0005976449465
SAMPLE 7.3 -0.007086129393 5.992632866 -0.1391125917 2572.356319 17.00625832 18.46158791 0.0002320433996
SAMPLE 7.4 -0.007539182436 5.992647171 -0.134700045 2578.3459 17.15756224 18.46161842 0.0003480680753
SAMPLE 7.5 -0.007813456468 5.992666721 -0.1282530725 2560.467766 17.31547898 18.46168709 0.000572829973
SAMPLE 7.6 -0.007881667465 5.992682934 -0.1195805371 2548.635342 17.46071357 18.46175575 0.000672063441
SAMPLE 7.7 -0.007716763765 5.992669582 -0.10846854 2566.939868 17.59962434 18.46182442 0.0005675233551
SAMPLE 7.8 -0.007317868993 5.992660046 -0.09493932873 2571.536102 17.74706928 18.46188354 0.0002955192176
SAMPLE 7.9 -0.006725103594 5.992699623 -0.07942212373 2574.511923 17.88022351 18.46191597 0.0002377617784
SAMPLE 8 -0.006012303289 5.992786884 -0.06269068271 2557.037869 18.0323133 18.46197701 0.0004227723111
SAMPLE 8.1 -0.005262942053 5.992901802 -0.04563262314 2550.859168 18.17967355 18.46204567 0.0004152918991
SAMPLE 8.2 -0.004547468387 5.993026733 -0.02900526486 2572.650204 18.29930021 18.46206856 0.0003246618144
SAMPLE 8.3 -0.003911773674 5.993182182 -0.01331186388 2559.54197 18.44203871 18.46212578 0.0003769098257
SAMPLE 8.4 -0.00337832165 5.993312359 0.001184590044 2558.510781 18.55870044 18.46214867 0.0003018062271
SAMPLE 8.5 -0.002952586859 5.993416309 0.01438592002 2556.432851 18.6844887 18.46217728 0.00041697899
SAMPLE 8.6 -0.002627260284 5.993483543 0.02631840296 2549.749631 18.82416956 18.46223068 0.0004912943696
SAMPLE 8.7 -0.00238340185 5.993529797 0.03713329136 2559.636984 18.95840862 18.46227264 0.0003672866151
SAMPLE 8.8 -0.002189846011 5.993582249 0.04710998386 2567.100693 19.09982329 18.46231842 0.0003397988621
SAMPLE 8.9 -0.002005354967 5.993673801 0.05664148927 2581.109016 19.23287473 18.46235085 0.0002913301578
SAMPLE 9 -0.001786833978 5.993807316 0.06618159264 2563.268539 19.38715852 18.46233559 -0.02685289457
SAMPLE 9.1 -0.001500520855 5.994507313 0.07615248114 2055.275623 18.35351644 18.40923691 -1.007852793
SAMPLE 9.2 -0.001128015108 5.995129585 0.08688079566 1792.979644 17.30887196 18.25803947 -1.988854647
SAMPLE 9.3 -0.0006657895283 5.995481968 0.09851846099 1655.559883 16.23874122 18.00874138 -2.969856501
SAMPLE 9.4 -0.0001158352316 5.99559164 0.1110751554 1664.59969 15.16915407 17.66134262 -3.950858355
SAMPLE 9.5 0.0005258707097 5.995607376 0.1245139763 1707.241456 14.10339566 17.2158432 -4.931851864
SAMPLE 9.6 0.001277141855 5.995649338 0.1388664395 1733.027398 13.04129868 16.67224693 -5.912845135
SAMPLE 9.7 0.002158095129 5.99578619 0.1541801095 1730.409652 11.98137883 16.03055 -6.893838406
SAMPLE 9.8 0.003153977683 5.995959282 0.1702030599 1710.635679 10.90831503 15.29075241 -7.874831676
SAMPLE 9.9 0.004183830693 5.996140003 0.1860818118 1725.631827 9.848228545 14.45285606 -8.855839729
SAMPLE 10 0.005118613131 5.996384144 0.2004959285 1727.129549 8.792047017 13.51685905 -9.836850166
SAMPLE 10.1 0.005847067107 5.996577263 0.2122728825 1746.092726 7.735796209 12.48276138 -10.8178606
SAMPLE 10.2 0.006331372075 5.996660709 0.2210031301 1752.935512 6.678675462 11.3505621 -11.79887104
SAMPLE 10.3 0.00660933787 5.996733189 0.2271570116 1765.493074 5.625474494 10.12026215 -12.77988148
SAMPLE 10.4 0.006756474264 5.996875763 0.231690228 1707.414929 4.57330994 8.79186058 -13.76089191
SAMPLE 10.5 0.006847547833 5.996983528 0.2354606539 1665.566725 3.506924655 7.365358353 -14.74190235
SAMPLE 10.6 0.006939009763 5.996987343 0.2388754487 1694.206989 2.444723651 5.840754986 -15.72291279
SAMPLE 10.7 0.007063405123 5.996997356 0.2419813871 1730.749404 1.387346433 4.218050957 -16.70392227
SAMPLE 10.8 0.007227965165 5.99712038 0.2447346449 1731.557581 26.52723419 3.897999525 0
SAMPLE 10.9 0.00742583815 5.997245312 0.2471239567 1719.386233 26.58557483 3.897999525 0
SAMPLE 11 0.007667512633 5.997429371 0.2492384464 1718.469012 26.64431231 3.897999525 0
SAMPLE 11.1 0.00801406242 5.997596741 0.2515437305 1704.150478 26.70050161 3.897999525 0
SAMPLE 11.2 0.008572601713 5.997716904 0.2551276386 1712.809934 26.75575118 3.897999525 0
SAMPLE 11.3 0.009436211549 5.997858047 0.2613207996 1725.421057 26.81456227 3.897999525 0
SAMPLE 11.4 0.01061120257 5.997810841 0.2707119584 1745.422002 26.8732221 3.897999525 0
SAMPLE 11.5 0.01199952699 5.997836113 0.2825340033 1741.822851 26.93352329 3.897999525 0
SAMPLE 11.6 0.01344327815 5.997918129 0.295027256 1748.792688 26.99469717 3.897999525 0
SAMPLE 11.7 0.01478112396 5.998258591 0.306291461 1737.380016 27.06095194 3.897999525 0
SAMPLE 11.8 0.01587779634 5.998647213 0.3147413731 1706.634557 27.1207671 3.897999525 0
SAMPLE 11.9 0.01663460024 5.998931408 0.3191873133 1715.803488 27.1771165 3.897999525 0
SAMPLE 12 0.01699890383 5.998991013 0.3190109432 1749.510469 27.24208353 3.897999525 0
SAMPLE 12.1 0.01697110943 5.998970032 0.3143304884 1765.853184 27.3125231 3.897999525 0
SAMPLE 12.2 0.01659611985 5.998980522 0.3058643639 1745.860115 27.38126004 3.897999525 0
SAMPLE 12.3 0.01594168693 5.998935223 0.2945563793 1731.950919 27.44708337 3.897999525 0
SAMPLE 12.4 0.01507262606 5.998835087 0.2812701464 1713.928381 27.51189868 3.897999525 0
SAMPLE 12.5 0.01402873546 5.998607159 0.2665880919 1722.462974 27.57744047 3.897999525 0
SAMPLE 12.6 0.01280575059 5.99835968 0.2505622208 1736.73066 27.64835653 3.897999525 0
SAMPLE 12.7 0.01134919655 5.998130798 0.2325872183 1743.344005 27.71733622 3.897999525 0
SAMPLE 12.8 0.009576580487 5.997939587 0.2116820663 1735.798757 27.7902847 3.897999525 0
SAMPLE 12.9 0.007433206309 5.997654438 0.187210843 1734.15365 27.86074785 3.897999525 0
SAMPLE 13 0.004949871916 5.997300148 0.1595586687 1726.531244 27.93522479 3.897999525 0
SAMPLE 13.1 0.002249493264 5.997085571 0.1301748157 1695.492563 28.00259369 3.897999525 0
SAMPLE 13.2 -0.0005097797257 5.996965408 0.1009050086 1706.17967 28.06879263 3.897999525 0
SAMPLE 13.3 -0.003207023954 5.996909142 0.07316938043 1741.486658 28.14086676 3.897999525 0
SAMPLE 13.4 -0.00578841893 5.996937752 0.04763890058 1749.249698 28.21738124 3.897999525 0
SAMPLE 13.5 -0.008252937347 5.997035027 0.02440835163 1724.036174 28.28940234 3.897999525 0
SAMPLE 13.6 -0.01062479801 5.997151852 0.003298806492 1716.269529 28.35622463 3.897999525 0
SAMPLE 13.7 -0.01293261163 5.997280121 -0.01593431272 1715.922719 28.4225172 3.897999525 0
SAMPLE 13.8 -0.01519440673 5.997385025 -0.03346155211 1724.16931 28.4829489 3.897999525 0
SAMPLE 13.9 -0.01740274578 5.997489929 -0.04924055189 1732.347979 28.53750773 3.897999525 0
SAMPLE 14 -0.01951889507 5.997592926 -0.06294819713 1732.630069 28.58683173 3.897999525 0
SAMPLE 14.1 -0.02148451284 5.997686863 -0.0740737617 1734.110056 28.63411007 3.897999525 0
SAMPLE 14.2 -0.02324620262 5.99775362 -0.08214525133 1726.450708 28.67205268 3.897999525 0
SAMPLE 14.3 -0.02477747761 5.997763634 -0.08693643659 1733.459577 28.7105404 3.897999525 0
SAMPLE 14.4 -0.02608588897 5.997739792 -0.08853855729 1724.605273 28.74790996 3.897999525 0
SAMPLE 14.5 -0.02720602974 5.997681618 -0.08729679137 1722.472705 28.78002692 3.897999525 0
SAMPLE 14.6 -0.02818595991 5.997610092 -0.08367560059 1733.474817 28.81156075 3.897999525 0
SAMPLE 14.7 -0.02907593735 5.99755621 -0.07815159112 1749.192022 28.84563241 3.897999525 0
SAMPLE 14.8 -0.02992323972 5.997549057 -0.07118204981 1738.370743 28.88103156 3.897999525 0
SAMPLE 14.9 -0.03077108972 5.99755621 -0.0631981045 1717.683152 28.90966932 3.897999525 0
SAMPLE 15 -0.0316574201 5.997548103 -0.05459129438 1715.318979 28.93485362 3.897999525 0
SAMPLE 15.1 -0.03261039406 5.997532368 -0.04568305239 1719.960744 28.95630279 3.897999525 0
SAMPLE 15.2 -0.03364206105 5.997516155 -0.03668081388 1732.097275 28.98171253 3.897999525 0
SAMPLE 15.3 -0.0347452946 5.997504234 -0.02763941325 1732.888395 29.00250558 3.897999525 0
SAMPLE 15.4 -0.03589795902 5.997512341 -0.01846149191 1730.779879 29.02483854 3.897999525 0
SAMPLE 15.5 -0.03707210347 5.997527122 -0.00893798843 1724.997354 29.04345509 3.897999525 0
SAMPLE 15.6 -0.03824304044 5.99753952 0.0011728463 1737.608427 29.06638808 3.897999525 0
SAMPLE 15.7 -0.03939526528 5.997591972 0.01205570344 1733.933616 29.0949556 3.897999525 0
SAMPLE 15.8 -0.04051871225 5.997671604 0.0238199532 1720.496826 29.12001459 3.897999525 0
SAMPLE 15.9 -0.04158817604 5.997742653 0.03663631901 1723.227428 29.14392321 3.897999525 0
RESULT {"mode":"rider","velocity_iterations":64,"h":0.01111111111,"substep":0.002777777778,"breeze":1,"side":0,"catch_speed":2.5,"rung_mass":2.937389213,"ladder_mass":176.2433528,"post_startup_residual_j":24.2731613,"post_startup_stretch_m":0.0003936588764,"hand_positive_j":419.9926984,"hand_negative_j":752.9628783,"loaded_left_n":1281.332922,"loaded_right_n":1281.352021,"max_stretch":0.002639770508,"min_lambda":-6.876168251,"max_lambda":0,"max_tension":2475.42057,"max_hand_force":866.0398006,"catch_peak":866.0398006,"max_hand_error":0.3322566748,"max_power":2546.615096,"max_sway":0.476364255,"max_rung_speed":0.5364902616,"min_floor_clearance":2.932899625,"release_velocity_jump":0,"departure_speed":0.05851640925,"loaded_root_reaction":2562.684943,"unloaded_root_reaction":1729.13664,"floor_contacts":1900,"rung_contacts":0,"slack_samples":0,"climb_rise":0,"initial_energy":30775.26177,"inserted_energy":15729.51345,"final_energy":34023.82107,"wind_source_j":329.5980682,"aero_loss_j":329.7459443,"hand_work_j":-332.9701799,"rope_loss_j":26.66276609,"contact_loss_j":12150.34277,"max_rope_injection_step_j":0.04261952155,"max_residual_j":29.16943963,"tail_z":0.05049131066,"tail_y":5.997806549,"player_y":3.897999525}

STDERR
proot warning: can't sanitize binding "/proc/self/fd/1": No such file or directory
proot warning: can't sanitize binding "/proc/self/fd/2": No such file or directory
