SAMPLE 0 3.664246906e-09 5.999995232 4.27303064e-08 226.4468694 -0.003206539635 0 0
SAMPLE 0.1 3.916124115e-05 5.999279976 0.0004541745293 1529.198417 0.03992837497 0 0
SAMPLE 0.2 0.0001564476988 5.999274731 0.001804498839 1686.771751 0.07554045682 0 0
SAMPLE 0.3 0.0003538992605 5.999275208 0.004059692845 1750.178532 0.08530612283 0 0
SAMPLE 0.4 0.0006334484206 5.999279976 0.007226952352 1727.432609 0.07790688155 0 0
SAMPLE 0.5 0.0009969151579 5.999279976 0.01131191012 1729.004696 0.06917180225 0 0
SAMPLE 0.6 0.00144600065 5.999279976 0.01631861366 1729.002548 0.05599919967 0 0
SAMPLE 0.7 0.001982283546 5.999279976 0.02224951051 1729.007112 0.03784637051 0 0
SAMPLE 0.8 0.002607212868 5.999279976 0.02910542861 1729.009255 0.0140101352 0 0
SAMPLE 0.9 0.00332210632 5.999279976 0.03688559681 1729.020514 -0.01425901445 0 0
SAMPLE 1 0.004128146917 5.999279976 0.04558763281 1729.02451 -0.04847712569 0 0
SAMPLE 1.1 0.0050263796 5.999282837 0.05520766973 1744.054158 -0.07140541931 0 0
SAMPLE 1.2 0.006017716601 5.999309063 0.06574027985 1734.117876 -0.05704847699 0 0
SAMPLE 1.3 0.007102933247 5.999363422 0.07717862725 1773.359226 -0.01929526307 0 0
SAMPLE 1.4 0.008282663301 5.999407291 0.08951450139 1761.293107 -0.01123698533 0 0
SAMPLE 1.5 0.009557407349 5.999495983 0.1027384028 1720.230619 0.01491951863 0 0
SAMPLE 1.6 0.01092752628 5.999567032 0.1168395728 1748.856897 0.02139025162 0 0
SAMPLE 1.7 0.01239326224 5.999649525 0.1318062991 1749.941433 0.04408757992 0 0
SAMPLE 1.8 0.0139547186 5.999751091 0.14762564 1688.224503 0.05210467892 0 0
SAMPLE 1.9 0.0156118786 5.99985218 0.1642840207 1769.69181 0.07340623915 0 0
SAMPLE 2 0.01736461744 5.999979496 0.1817668527 1752.669864 0.08826542979 0 0
SAMPLE 2.1 0.01921268366 6.000119686 0.200058952 1654.357834 0.09675067689 0 0
SAMPLE 2.2 0.02115572616 6.000264645 0.2191446126 1747.602119 0.1012313265 0 0
SAMPLE 2.3 0.02319329977 6.000451565 0.2390074432 1615.611041 0.1159261134 0 0
SAMPLE 2.4 0.02532483079 6.000650883 0.2596306205 1679.023973 0.138813898 0 0
SAMPLE 2.5 0.02754956856 6.00084877 0.2809961438 1858.673304 0.1483558017 0 0
SAMPLE 2.6 0.02986605465 6.001117229 0.3030783832 1712.335125 0.1619397398 0 0
SAMPLE 2.7 0.03227005899 6.001412868 0.3258201182 1597.757705 0.1774027514 0 0
SAMPLE 2.8 0.03474873304 6.001739502 0.3490640819 1750.137767 0.1964794197 0 0
SAMPLE 2.9 0.03727015853 6.002071381 0.3724319637 1852.01208 0.2110368083 0 0
SAMPLE 3 0.0397727415 6.002536774 0.3951998651 1700.470569 0.2278379319 18.54883957 -2.499122381
SAMPLE 3.1 0.04216692224 6.002902031 0.4163277745 3610.600172 0.6587799268 18.33728027 -1.610604286
SAMPLE 3.2 0.04435535893 6.003464699 0.4346987009 3452.808923 1.036791098 18.2294178 -0.5540089607
SAMPLE 3.3 0.04626691341 6.003865719 0.4495183825 3452.978424 1.377723097 18.22721481 0.5026031137
SAMPLE 3.4 0.04787323251 6.004159451 0.4605135918 3416.453456 1.705438321 18.3306675 1.556140184
SAMPLE 3.5 0.04918467999 6.004505157 0.4678791761 1565.009289 1.686443378 18.49748421 1.456374168
SAMPLE 3.6 0.05023306608 6.004666805 0.4720619619 1511.438936 1.176291867 18.58071518 0.1439423412
SAMPLE 3.7 0.05105152726 6.004621506 0.473520726 2129.97935 0.938741677 18.53684616 -0.8512638211
SAMPLE 3.8 0.05166657269 6.004507065 0.4726272225 2992.657594 1.057345956 18.44779778 -0.7599564195
SAMPLE 3.9 0.05209764466 6.004502296 0.4696598947 3192.11704 1.362313131 18.40640259 -0.04343645647
SAMPLE 4 0.05235935375 6.004507542 0.464838177 2763.180663 1.539347087 18.43178749 0.4598260224
SAMPLE 4.1 0.05246286094 6.004481316 0.4583445489 2300.847937 1.544035895 18.47861862 0.3891887963
SAMPLE 4.2 0.05241749063 6.004316807 0.4503393769 2408.763573 1.498882494 18.49881935 0.005259401165
SAMPLE 4.3 0.05223058909 6.004175186 0.4409611523 2493.75692 1.449206889 18.48413658 -0.2493015975
SAMPLE 4.4 0.05190986767 6.003997803 0.4303427339 2705.512859 1.540902266 18.45944405 -0.1994582117
SAMPLE 4.5 0.0514623858 6.003826141 0.4186049104 2639.511974 1.657214996 18.44958115 0.005381427705
SAMPLE 4.6 0.05089525878 6.003574371 0.4058643281 2548.939454 1.716124127 18.45787239 0.133591488
SAMPLE 4.7 0.0502143614 6.003279686 0.3922261894 2457.222876 1.750373711 18.47073364 0.1006312072
SAMPLE 4.8 0.04942148179 6.003055096 0.3777577877 2464.227195 1.739363933 18.47539139 -0.00794594828
SAMPLE 4.9 0.04850593954 6.002776146 0.3624047637 2557.596386 1.759547587 18.47067833 -0.07177654654
SAMPLE 5 0.04742484167 6.00252676 0.3458036184 2715.00035 1.803496685 18.46392059 -0.05142217875
SAMPLE 5.1 0.04608444124 6.002314568 0.3271162212 2632.8763 1.86091968 18.46166801 0.006208868232
SAMPLE 5.2 0.04434514418 6.002137661 0.3051438034 2460.533574 1.914075096 18.4642868 0.03827746212
SAMPLE 5.3 0.04207046703 6.001778126 0.2789196074 2518.157875 1.932627442 18.46778679 0.02583774365
SAMPLE 5.4 0.0391975008 6.001204014 0.2484053671 2466.619845 1.95113506 18.46882248 -0.004700060003
SAMPLE 5.5 0.03579017147 6.00062418 0.2146805823 2569.301911 1.985007268 18.46735382 -0.0206702929
SAMPLE 5.6 0.03204638138 6.000188351 0.1794571728 2555.795506 2.013403992 18.46549416 -0.01317245979
SAMPLE 5.7 0.02823427692 5.99986124 0.1442207843 2454.356769 2.036177163 18.46500397 0.002982503735
SAMPLE 5.8 0.02458216995 5.999597073 0.1098459214 2573.108416 2.062401622 18.46580887 0.01063740626
SAMPLE 5.9 0.0211903993 5.999456882 0.07670795918 2568.046192 2.106107933 18.46673965 0.006142862607
SAMPLE 6 0.01803169958 5.999509335 0.04503968358 2561.485528 2.133605723 18.46692657 -0.00210713991
SAMPLE 6.1 0.01502454653 5.999587059 0.01505497098 2564.862821 2.153763913 18.46647263 -0.005607503466
SAMPLE 6.2 0.01210882142 5.999653339 -0.01312391181 2541.596836 2.169927257 18.46600533 -0.002896083985
SAMPLE 6.3 0.009275261313 5.999737263 -0.03938343003 2532.9907 2.176666053 18.46591759 0.001388367382
SAMPLE 6.4 0.006556250621 5.999863625 -0.06332894415 2566.422076 2.212005866 18.46619225 0.002798764966
SAMPLE 6.5 0.004004926886 6.000043392 -0.08424280584 2506.627655 2.252135263 18.46642685 0.0009900977602
SAMPLE 6.6 0.001678649685 6.000210285 -0.1014683917 2562.963753 2.283238982 18.46642685 -0.001140940003
SAMPLE 6.7 -0.0003735567443 6.000288963 -0.1148680747 2565.92046 2.228869337 18.46618843 -0.001472672564
SAMPLE 6.8 -0.002121435245 6.000303745 -0.1248860285 2599.301132 2.301416777 18.46616745 -0.0002938217367
SAMPLE 6.9 -0.003563045058 6.000289917 -0.1322194338 2563.165226 2.299664678 18.46616745 0.0004766685015
SAMPLE 7 -0.004725512117 6.00024128 -0.1374037713 2570.782658 2.250420382 18.46616745 0.000944964122
SAMPLE 7.1 -0.005651674699 6.000227451 -0.1406840086 2548.156462 2.165118534 18.46616745 0.001281374833
SAMPLE 7.2 -0.006382287014 6.000179291 -0.1420869827 2561.622745 2.094530407 18.46620941 0.001258719596
SAMPLE 7.3 -0.006945931818 6.000117302 -0.1414742172 2563.615243 1.99838999 18.46620941 0.001101625967
SAMPLE 7.4 -0.007355587557 6.000015259 -0.1385061294 2604.536812 1.913658204 18.46620941 0.001001511118
SAMPLE 7.5 -0.007605425082 5.999912739 -0.1326731592 1334.035649 1.843779246 18.46620941 0.000939285499
SAMPLE 7.6 -0.007672441658 5.99972105 -0.1235631853 2792.676811 1.887304086 18.46620941 -0.0004285342002
SAMPLE 7.7 -0.007530411705 5.999619007 -0.1111694723 2544.67772 1.950321146 18.46620941 -0.0006372001953
SAMPLE 7.8 -0.007174453698 5.999502659 -0.09607168287 2559.716406 2.023206585 18.46620941 -0.0006832407089
SAMPLE 7.9 -0.00663266005 5.999411583 -0.07925974578 2567.780422 2.084391559 18.46620941 -0.0006618725602
SAMPLE 8 -0.00595985353 5.999418259 -0.06185568869 2558.529632 2.14791017 18.46620941 -0.000589564268
SAMPLE 8.1 -0.005222806241 5.999423981 -0.0448760055 2553.141969 2.204818811 18.46620941 -0.0005383272073
SAMPLE 8.2 -0.004487218801 5.999447823 -0.02900370769 2560.133289 2.264119255 18.46620941 -0.0004899173509
SAMPLE 8.3 -0.003810036927 5.999450684 -0.01445796061 2568.061 2.316279737 18.46620941 -0.0004325470654
SAMPLE 8.4 -0.003230744274 5.999458313 -0.0009859851561 2556.621338 2.36260978 18.46620941 -0.000358535297
SAMPLE 8.5 -0.002770161955 5.999473095 0.01190041378 2557.408342 2.402225841 18.46620941 -0.0003232406743
SAMPLE 8.6 -0.002429270418 5.999486446 0.02458097413 2549.719132 2.434813927 18.46620941 -0.000274629303
SAMPLE 8.7 -0.002192245796 5.999492645 0.03710980713 2560.353343 2.465223772 18.46620941 -0.0002586581977
SAMPLE 8.8 -0.002027845243 5.999495983 0.04927593097 2564.813188 2.493936971 18.46620941 -0.0002624544431
SAMPLE 8.9 -0.001892217435 5.999526501 0.0608064048 2565.605173 2.524946257 18.46620941 -0.0002464571153
SAMPLE 9 -0.001736108796 5.999533653 0.07153561711 2540.463427 2.547912569 18.46620369 -0.007077067625
SAMPLE 9.1 -0.001514340634 5.999649525 0.08149374276 1505.120361 2.273977321 18.41610718 -0.9880784154
SAMPLE 9.2 -0.001193889766 5.999638557 0.09094969183 1738.228184 1.998733241 18.2679081 -1.969071746
SAMPLE 9.3 -0.0007567934808 5.999669552 0.1004274413 1727.018483 1.723569088 18.02161026 -2.950081587
SAMPLE 9.4 -0.0002012596524 5.99973917 0.110593155 1495.334725 1.456490368 17.67721176 -3.931092024
SAMPLE 9.5 0.0004656720266 5.99980402 0.1220346093 1768.421015 1.174825432 17.23470879 -4.912102222
SAMPLE 9.6 0.00124138617 5.999845028 0.1350933909 1636.69467 0.8908274496 16.69410706 -5.893112659
SAMPLE 9.7 0.002132450929 5.999869347 0.149824813 1773.920415 0.6294618637 16.05540657 -6.874123096
SAMPLE 9.8 0.003134236205 5.999871731 0.1659488678 1739.845008 0.3503935216 15.31860161 -7.855133533
SAMPLE 9.9 0.004199766088 5.999961376 0.182712093 1688.464349 0.03935278948 14.48369884 -8.83608532
SAMPLE 10 0.005225948989 6.000186443 0.1988616586 1704.145262 -0.2859472938 13.55070114 -9.817027092
SAMPLE 10.1 0.006074241363 6.000415325 0.2129699588 1806.632909 -0.6049435341 12.51961231 -10.79796886
SAMPLE 10.2 0.00662540039 6.000553131 0.224045828 1766.213542 -0.9403492983 11.39042854 -11.77891064
SAMPLE 10.3 0.00684438087 6.000563622 0.2318850309 1751.188133 -1.278678295 10.16314793 -12.75985241
SAMPLE 10.4 0.006813694723 6.0005126 0.2370194197 1816.127832 -1.615258745 8.837776184 -13.74079418
SAMPLE 10.5 0.006695802324 6.000510693 0.2402549237 1693.687741 -1.975471454 7.414308548 -14.72173595
SAMPLE 10.6 0.006642458029 6.000514984 0.2423476428 1757.342266 -2.310388772 5.892746925 -15.70267773
SAMPLE 10.7 0.006723809056 6.00055027 0.2438586801 1753.838928 -2.519943599 4.273087978 -16.68371582
SAMPLE 10.8 0.006922772154 6.00065136 0.2451476902 1705.189925 2.358648099 3.900000095 0
SAMPLE 10.9 0.007190966979 6.000725269 0.2464534938 1728.44527 2.378177509 3.900000095 0
SAMPLE 11 0.007515101228 6.000825882 0.2481676489 1729.754287 2.414278192 3.900000095 0
SAMPLE 11.1 0.007953392342 6.000938892 0.2511332035 1574.409063 2.446994663 3.900000095 0
SAMPLE 11.2 0.008610359393 6.001065254 0.2564245462 1732.794643 2.463597142 3.900000095 0
SAMPLE 11.3 0.009562755004 6.001040459 0.2645058334 1753.649429 2.503010095 3.900000095 0
SAMPLE 11.4 0.01079719048 6.001032829 0.2746037543 1730.48967 2.544906133 3.900000095 0
SAMPLE 11.5 0.01220833138 6.001133919 0.2850469649 1745.846659 2.608846257 3.900000095 0
SAMPLE 11.6 0.01365481876 6.001198292 0.2942600548 1753.805404 2.670431281 3.900000095 0
SAMPLE 11.7 0.01500469632 6.001344681 0.3013899624 1787.800229 2.67549936 3.900000095 0
SAMPLE 11.8 0.01614720002 6.00151968 0.3062132597 1724.833354 2.717837791 3.900000095 0
SAMPLE 11.9 0.01699071191 6.001659393 0.3086605668 1710.50277 2.760125148 3.900000095 0
SAMPLE 12 0.01746822521 6.001717567 0.3084962666 1769.802436 2.762499432 3.900000095 0
SAMPLE 12.1 0.01754154824 6.001767159 0.305406481 1483.810586 2.779477544 3.900000095 0
SAMPLE 12.2 0.01719938964 6.00174427 0.299339056 1754.756396 2.786452579 3.900000095 0
SAMPLE 12.3 0.01646179706 6.001726151 0.2906551957 1726.190116 2.835569665 3.900000095 0
SAMPLE 12.4 0.01539414842 6.001651287 0.2799011171 1660.958338 2.893522235 3.900000095 0
SAMPLE 12.5 0.01409774274 6.001504898 0.2673864961 1677.079095 2.90485617 3.900000095 0
SAMPLE 12.6 0.01265672408 6.001272202 0.2528871894 1669.86373 2.93498657 3.900000095 0
SAMPLE 12.7 0.0110738799 6.001092911 0.2355927825 1469.247758 2.95374305 3.900000095 0
SAMPLE 12.8 0.009261996485 6.000783443 0.2145803422 1747.686602 2.957886136 3.900000095 0
SAMPLE 12.9 0.007121045608 6.000377178 0.1895450354 1737.326761 2.985876284 3.900000095 0
SAMPLE 13 0.004641019739 5.999969006 0.161419943 1723.94244 3.01597627 3.900000095 0
SAMPLE 13.1 0.001932091895 5.999721527 0.1320484281 1730.366876 3.049635541 3.900000095 0
SAMPLE 13.2 -0.0008387999842 5.999604225 0.1033041626 1731.464155 3.078152181 3.900000095 0
SAMPLE 13.3 -0.003538691904 5.999541759 0.07632289827 1725.198687 3.089902657 3.900000095 0
SAMPLE 13.4 -0.00610801205 5.999481201 0.05139007792 1726.105319 3.105993286 3.900000095 0
SAMPLE 13.5 -0.00854479894 5.999534607 0.02826466598 1727.990164 3.125178818 3.900000095 0
SAMPLE 13.6 -0.01087490655 5.999633789 0.006556414068 1727.298695 3.141351287 3.900000095 0
SAMPLE 13.7 -0.01312891673 5.999734879 -0.01395670511 1730.397916 3.156573628 3.900000095 0
SAMPLE 13.8 -0.01532997191 5.999835491 -0.0331161283 1724.842091 3.165801149 3.900000095 0
SAMPLE 13.9 -0.01747835055 5.999938011 -0.05035545677 1725.404686 3.173678215 3.900000095 0
SAMPLE 14 -0.01954452321 6.000049114 -0.06491475552 1729.001815 3.181851401 3.900000095 0
SAMPLE 14.1 -0.02147973888 6.000134945 -0.07613774389 1725.399089 3.18247349 3.900000095 0
SAMPLE 14.2 -0.02323728614 6.000146389 -0.08368650824 1729.448889 3.179620383 3.900000095 0
SAMPLE 14.3 -0.02478858829 6.000101566 -0.08763253689 1736.85728 3.178618283 3.900000095 0
SAMPLE 14.4 -0.02612835355 6.000003338 -0.08840290457 1732.966073 3.176201829 3.900000095 0
SAMPLE 14.5 -0.02727341466 5.999908447 -0.08668862283 1718.707527 3.179568765 3.900000095 0
SAMPLE 14.6 -0.02825943008 5.99981451 -0.0832438767 1734.87947 3.184903301 3.900000095 0
SAMPLE 14.7 -0.02913424 5.99974966 -0.07860635966 1730.152462 3.191747705 3.900000095 0
SAMPLE 14.8 -0.02994980849 5.999731541 -0.0729611516 1730.912311 3.205284776 3.900000095 0
SAMPLE 14.9 -0.03075581416 5.999713421 -0.06622059643 1653.43321 3.216514164 3.900000095 0
SAMPLE 15 -0.03159608692 5.999670506 -0.05826414749 1727.094247 3.237662429 3.900000095 0
SAMPLE 15.1 -0.03250462934 5.999509335 -0.04910182208 1952.226311 3.247231961 3.900000095 0
SAMPLE 15.2 -0.03350040689 5.999426365 -0.03891742602 1580.332884 3.246597356 3.900000095 0
SAMPLE 15.3 -0.03458456695 5.999413013 -0.02802755497 1725.186954 3.253960253 3.900000095 0
SAMPLE 15.4 -0.03574201837 5.99944067 -0.01682940498 1730.461518 3.26355346 3.900000095 0
SAMPLE 15.5 -0.0369457677 5.999463558 -0.005696722772 1723.311873 3.275847494 3.900000095 0
SAMPLE 15.6 -0.03816211224 5.999437332 0.005173371173 1714.510496 3.27886979 3.900000095 0
SAMPLE 15.7 -0.03935915977 5.99938488 0.01586266793 1738.297913 3.281849634 3.900000095 0
SAMPLE 15.8 -0.04051305354 5.99936676 0.02671483532 1718.247984 3.27967706 3.900000095 0
SAMPLE 15.9 -0.04159960523 5.999415398 0.03822916374 1817.700722 3.283056121 3.900000095 0
RESULT {"mode":"rider","velocity_iterations":64,"h":0.002777777778,"substep":0.0006944444444,"breeze":1,"side":0.25,"catch_speed":2.5,"rung_mass":2.937389213,"ladder_mass":176.2433528,"post_startup_residual_j":3.13867401,"post_startup_stretch_m":7.039308548e-05,"hand_positive_j":434.4353851,"hand_negative_j":769.5832874,"loaded_left_n":1044.663477,"loaded_right_n":1517.877239,"max_stretch":0.0001659393311,"min_lambda":-1.641793489,"max_lambda":0,"max_tension":2364.182625,"max_hand_force":866.0607433,"catch_peak":866.0607433,"max_hand_error":0.335462451,"max_power":2603.214584,"max_sway":0.4762857854,"max_rung_speed":0.4386376739,"min_floor_clearance":2.968683512,"release_velocity_jump":0,"departure_speed":0.05799167976,"loaded_root_reaction":2562.540716,"unloaded_root_reaction":1729.031772,"floor_contacts":7600,"rung_contacts":0,"slack_samples":0,"climb_rise":0,"initial_energy":30775.26177,"inserted_energy":15734.00919,"final_energy":34027.46629,"wind_source_j":329.5421347,"aero_loss_j":329.5291739,"hand_work_j":-335.1479023,"rope_loss_j":4.27991845,"contact_loss_j":12145.6752,"max_rope_injection_step_j":0.002624633545,"max_residual_j":3.287029812,"tail_z":0.05091593415,"tail_y":5.999520302,"player_y":3.900000095}

STDERR
proot warning: can't sanitize binding "/proc/self/fd/1": No such file or directory
proot warning: can't sanitize binding "/proc/self/fd/2": No such file or directory
