SAMPLE 0 3.664246906e-09 5.999995232 4.27303064e-08 226.4468694 -0.003206539635 0 0
SAMPLE 0.1 3.916124115e-05 5.999279976 0.0004541745293 1529.198417 0.03992837497 0 0
SAMPLE 0.2 0.0001564476988 5.999274731 0.001804498839 1686.771751 0.07554045682 0 0
SAMPLE 0.3 0.0003538992605 5.999275208 0.004059692845 1750.178532 0.08530612283 0 0
SAMPLE 0.4 0.0006334484206 5.999279976 0.007226952352 1727.432609 0.07790688155 0 0
SAMPLE 0.5 0.0009969151579 5.999279976 0.01131191012 1729.004696 0.06917180225 0 0
SAMPLE 0.6 0.00144600065 5.999279976 0.01631861366 1729.002548 0.05599919967 0 0
SAMPLE 0.7 0.001982283546 5.999279976 0.02224951051 1729.007112 0.03784637051 0 0
SAMPLE 0.8 0.002607212868 5.999279976 0.02910542861 1729.009255 0.0140101352 0 0
SAMPLE 0.9 0.00332210632 5.999279976 0.03688559681 1729.020514 -0.01425901445 0 0
SAMPLE 1 0.004128146917 5.999279976 0.04558763281 1729.02451 -0.04847712569 0 0
SAMPLE 1.1 0.0050263796 5.999282837 0.05520766973 1744.054158 -0.07140541931 0 0
SAMPLE 1.2 0.006017716601 5.999309063 0.06574027985 1734.117876 -0.05704847699 0 0
SAMPLE 1.3 0.007102933247 5.999363422 0.07717862725 1773.359226 -0.01929526307 0 0
SAMPLE 1.4 0.008282663301 5.999407291 0.08951450139 1761.293107 -0.01123698533 0 0
SAMPLE 1.5 0.009557407349 5.999495983 0.1027384028 1720.230619 0.01491951863 0 0
SAMPLE 1.6 0.01092752628 5.999567032 0.1168395728 1748.856897 0.02139025162 0 0
SAMPLE 1.7 0.01239326224 5.999649525 0.1318062991 1749.941433 0.04408757992 0 0
SAMPLE 1.8 0.0139547186 5.999751091 0.14762564 1688.224503 0.05210467892 0 0
SAMPLE 1.9 0.0156118786 5.99985218 0.1642840207 1769.69181 0.07340623915 0 0
SAMPLE 2 0.01736461744 5.999979496 0.1817668527 1752.669864 0.08826542979 0 0
SAMPLE 2.1 0.01921268366 6.000119686 0.200058952 1654.357834 0.09675067689 0 0
SAMPLE 2.2 0.02115572616 6.000264645 0.2191446126 1747.602119 0.1012313265 0 0
SAMPLE 2.3 0.02319329977 6.000451565 0.2390074432 1615.611041 0.1159261134 0 0
SAMPLE 2.4 0.02532483079 6.000650883 0.2596306205 1679.023973 0.138813898 0 0
SAMPLE 2.5 0.02754956856 6.00084877 0.2809961438 1858.673304 0.1483558017 0 0
SAMPLE 2.6 0.02986605465 6.001117229 0.3030783832 1712.335125 0.1619397398 0 0
SAMPLE 2.7 0.03227005899 6.001412868 0.3258201182 1597.757705 0.1774027514 0 0
SAMPLE 2.8 0.03474873304 6.001739502 0.3490640819 1750.137767 0.1964794197 0 0
SAMPLE 2.9 0.03727015853 6.002071381 0.3724319637 1852.01208 0.2110368083 0 0
SAMPLE 3 0.0397727415 6.002536774 0.3951998651 1704.449084 0.2279356315 18.54882812 -2.499228001
SAMPLE 3.1 0.04216687009 6.002920628 0.4163269103 3554.28661 0.6374761068 18.33727646 -1.610438228
SAMPLE 3.2 0.04435536265 6.003452301 0.4346980453 3456.10275 0.9860048648 18.22942924 -0.5538358688
SAMPLE 3.3 0.04626682028 6.003856659 0.4495170712 3439.878205 1.310056167 18.22724342 0.5027793646
SAMPLE 3.4 0.04787307978 6.004156113 0.4605127275 3415.462663 1.645583971 18.33071518 1.556275487
SAMPLE 3.5 0.04918470234 6.004465103 0.4678804874 1784.969435 1.623472962 18.49749756 1.45558548
SAMPLE 3.6 0.05023287982 6.004709244 0.4720607698 1380.198496 1.335386712 18.58048439 0.1403837949
SAMPLE 3.7 0.05105162412 6.004608631 0.47352162 2150.603665 1.118548274 18.53627586 -0.857070744
SAMPLE 3.8 0.05166644976 6.004596233 0.4726245105 3021.940725 1.259713628 18.44709778 -0.7568371296
SAMPLE 3.9 0.05209751055 6.004574776 0.4696570635 3184.855042 1.571167162 18.40625763 -0.0369601734
SAMPLE 4 0.05235932395 6.004509449 0.4648373127 2826.455927 1.751990084 18.43213081 0.4624080956
SAMPLE 4.1 0.05246272683 6.004519463 0.4583433867 2191.428343 1.793050958 18.47895241 0.3869302571
SAMPLE 4.2 0.05241711065 6.004426479 0.4503372908 2227.189469 1.724754918 18.49888992 0.002951704897
SAMPLE 4.3 0.0522303693 6.004239082 0.4409618676 2435.465226 1.704727446 18.48404884 -0.2499162406
SAMPLE 4.4 0.05190974846 6.004047394 0.4303455651 2737.446392 1.774436442 18.45937347 -0.1988510638
SAMPLE 4.5 0.05146249384 6.003829479 0.4186096191 2743.673442 1.857102161 18.44958878 0.005910301581
SAMPLE 4.6 0.05089554191 6.0035882 0.4058696926 2641.884197 1.932142529 18.45790863 0.1335375011
SAMPLE 4.7 0.05021457002 6.003344536 0.392229408 2526.685447 1.942327015 18.47078133 0.1006138027
SAMPLE 4.8 0.04942142591 6.003136635 0.3777517676 2459.972938 1.947941815 18.47543716 -0.00820928812
SAMPLE 4.9 0.04850509018 6.002837658 0.3623574972 2502.278055 1.956811026 18.4706955 -0.07206926495
SAMPLE 5 0.04742170125 6.002645016 0.3456206024 2631.047155 1.99047185 18.46391106 -0.05161779746
SAMPLE 5.1 0.04607705772 6.002391815 0.3266076744 2629.777261 2.039602664 18.46165848 0.006259874906
SAMPLE 5.2 0.04433015734 6.002196312 0.3040224314 2538.570944 2.0728909 18.46427727 0.03832684085
SAMPLE 5.3 0.04204732925 6.001782894 0.2769103944 2561.546397 2.086057187 18.46777153 0.02576361038
SAMPLE 5.4 0.03917136043 6.001135349 0.2453919947 2512.826586 2.101764088 18.46879578 -0.004755935166
SAMPLE 5.5 0.03577199951 6.000541687 0.2108073086 2553.961345 2.13986023 18.4673233 -0.02065885812
SAMPLE 5.6 0.03204578906 6.000090122 0.175094977 2584.370472 2.147632821 18.46545792 -0.01310228556
SAMPLE 5.7 0.02825126611 5.999833107 0.1398587227 2558.250825 2.183410251 18.46496582 0.00299283932
SAMPLE 5.8 0.02460629866 5.999601364 0.1059018895 2590.182855 2.211329601 18.46577263 0.0107462611
SAMPLE 5.9 0.02121028304 5.999525547 0.0734051168 2568.179563 2.239937345 18.46671104 0.006247912534
SAMPLE 6 0.01804335415 5.999406338 0.04247023165 2703.248994 2.282335936 18.46689415 -0.002302276669
SAMPLE 6.1 0.01503076963 5.999466419 0.0133971246 2535.184655 2.301333701 18.46642303 -0.00584275974
SAMPLE 6.2 0.01211183704 5.999543667 -0.01357175317 2588.562168 2.342017962 18.46592522 -0.00344661437
SAMPLE 6.3 0.009273977019 5.999630451 -0.03846426308 2571.93176 2.336468505 18.46580505 0.001176631311
SAMPLE 6.4 0.006549501326 5.999797821 -0.06135980785 2523.12753 2.394625219 18.46606827 0.00287969294
SAMPLE 6.5 0.003994689323 5.999878407 -0.08204877377 2595.316668 2.450807021 18.46633339 0.001280173077
SAMPLE 6.6 0.001668813638 6.000011444 -0.1000081897 2661.551355 2.466431722 18.46633339 -0.0008579751593
SAMPLE 6.7 -0.000381432008 6.000162601 -0.1147727072 2560.488118 2.444678277 18.46613693 -0.00162397942
SAMPLE 6.8 -0.00213024579 6.000203609 -0.1261714548 2483.74813 2.501599847 18.46606064 -0.0003512614931
SAMPLE 6.9 -0.003577687778 6.000213146 -0.1343300194 2474.367528 2.512656943 18.46606064 0.000592695782
SAMPLE 7 -0.004749200307 6.000172138 -0.1394825727 2478.249694 2.482543094 18.46606064 0.001082456089
SAMPLE 7.1 -0.005684294738 6.000104904 -0.1418831795 2591.202502 2.453956597 18.46611977 0.001321422751
SAMPLE 7.2 -0.006421843078 6.000033855 -0.1417922974 2550.804283 2.396380325 18.4661293 0.001051391591
SAMPLE 7.3 -0.0069898027 5.999938965 -0.1394681484 2559.443474 2.323551258 18.4661293 0.0008224725025
SAMPLE 7.4 -0.007400968578 5.999850273 -0.1350830793 2587.853293 2.286451318 18.4661293 0.0007010267
SAMPLE 7.5 -0.007649118081 5.999732018 -0.128629297 2537.183575 2.26995158 18.4661293 0.0006746717845
SAMPLE 7.6 -0.00771079585 5.999654293 -0.1199166328 2436.237968 2.2445963 18.4661293 0.000796986511
SAMPLE 7.7 -0.007561516482 5.999542713 -0.1087496728 2608.485055 2.202211752 18.4661293 0.0007549793809
SAMPLE 7.8 -0.007197766099 5.999462128 -0.0951904133 2541.281522 2.146521069 18.4661293 0.0009927335195
SAMPLE 7.9 -0.006649944931 5.999403477 -0.07969187945 2419.654867 2.098382672 18.4661293 0.001092280378
SAMPLE 8 -0.005974174477 5.999353409 -0.06302292645 2571.24848 2.025577917 18.4661293 0.001296443632
SAMPLE 8.1 -0.005237791222 5.999358177 -0.04603724927 2575.18398 1.972562399 18.46615791 0.001312857261
SAMPLE 8.2 -0.004506468773 5.999399662 -0.02945619076 2480.100998 1.88862304 18.46615791 0.001215608674
SAMPLE 8.3 -0.003836045275 5.999432087 -0.01375681255 2509.209047 1.817040683 18.46615791 0.0009906474734
SAMPLE 8.4 -0.003263985971 5.999364853 0.0008001618553 3038.73581 1.810994044 18.46615791 0.000354798336
SAMPLE 8.5 -0.002808350371 5.999477386 0.01408989448 2535.642428 1.825945556 18.46615791 0.0003842681181
SAMPLE 8.6 -0.002466903999 5.999448776 0.026116319 2574.267591 1.82291636 18.46615791 0.000248941913
SAMPLE 8.7 -0.00222280575 5.99941206 0.03700498492 2658.988176 1.832931622 18.46615791 0.000131506109
SAMPLE 8.8 -0.002045818139 5.99940443 0.04702247679 2577.176115 1.836488798 18.46615791 4.062517473e-05
SAMPLE 8.9 -0.00189469324 5.999426365 0.05655471608 2584.255776 1.878503219 18.46615791 -0.0001526732085
SAMPLE 9 -0.001724612783 5.99946928 0.06604938209 2534.921975 1.897971463 18.46615219 -0.006996500306
SAMPLE 9.1 -0.001494311495 5.999564171 0.07595122606 1655.889218 1.61991414 18.41606331 -0.9879978299
SAMPLE 9.2 -0.001172762364 5.999600887 0.08660180122 1830.543625 1.355422433 18.26787186 -1.96899116
SAMPLE 9.3 -0.0007419263129 5.999634743 0.09817513078 1683.038014 1.087135786 18.02158165 -2.950001001
SAMPLE 9.4 -0.00019729427 5.999692917 0.1106877849 1707.926638 0.8212513568 17.67719078 -3.931011438
SAMPLE 9.5 0.0004573927145 5.999670029 0.1240979806 1795.145417 0.5383397115 17.23469734 -4.912021637
SAMPLE 9.6 0.001223082887 5.999738216 0.1384329498 1720.343548 0.2715661518 16.69410324 -5.893032074
SAMPLE 9.7 0.002108881483 5.999784946 0.1537477374 1752.701506 0.0003790992385 16.05541039 -6.874042511
SAMPLE 9.8 0.003112030681 5.999871731 0.1698073298 1620.336024 -0.2454174268 15.3186121 -7.855052948
SAMPLE 9.9 0.004184586462 6.000005245 0.1857609302 1719.386859 -0.5620308603 14.48371887 -8.836005211
SAMPLE 10 0.005220138468 6.000154972 0.2002600282 1863.665337 -0.8744633577 13.55072784 -9.816946983
SAMPLE 10.1 0.006078120787 6.000385761 0.2120769918 1703.585521 -1.177966948 12.5196476 -10.79788876
SAMPLE 10.2 0.006641700864 6.000423431 0.2208040804 1711.359763 -1.511661403 11.39047146 -11.77883053
SAMPLE 10.3 0.006877753884 6.000460148 0.226976499 1697.547643 -1.825456727 10.16319942 -12.7597723
SAMPLE 10.4 0.006865071598 6.000465393 0.2316380143 1692.141284 -2.16830095 8.837834358 -13.74071407
SAMPLE 10.5 0.006757571828 6.000463486 0.2356391847 1822.225273 -2.498115458 7.414375782 -14.72165585
SAMPLE 10.6 0.006701587699 6.000505924 0.2392491698 1638.615611 -2.838703753 5.892821789 -15.70259762
SAMPLE 10.7 0.006771148648 6.000514507 0.2423720509 1735.435419 -3.050423513 4.273171425 -16.68363571
SAMPLE 10.8 0.006957026199 6.000582218 0.2449478507 1746.092627 1.822121593 3.900000095 0
SAMPLE 10.9 0.007214961573 6.000734329 0.2470525205 1718.457775 1.839083624 3.900000095 0
SAMPLE 11 0.007530362345 6.000854969 0.2488347441 1724.640176 1.883285271 3.900000095 0
SAMPLE 11.1 0.007958705537 6.000954151 0.2507363558 1834.594431 1.920288257 3.900000095 0
SAMPLE 11.2 0.008604632691 6.001041889 0.2538398206 1819.842001 1.931243409 3.900000095 0
SAMPLE 11.3 0.009548750706 6.00116396 0.2595717311 1778.982581 1.969090761 3.900000095 0
SAMPLE 11.4 0.01077871211 6.001112461 0.2686486542 1615.173358 1.996124069 3.900000095 0
SAMPLE 11.5 0.01218565833 6.001088619 0.2803564966 1744.772929 2.029405516 3.900000095 0
SAMPLE 11.6 0.01362207346 6.001154423 0.292915225 1727.47647 2.057288391 3.900000095 0
SAMPLE 11.7 0.01495063119 6.00142765 0.3043890893 1700.505051 2.100088244 3.900000095 0
SAMPLE 11.8 0.01606257632 6.00173378 0.3131453991 1734.181476 2.124347086 3.900000095 0
SAMPLE 11.9 0.01687774248 6.001994133 0.3179180622 1693.460652 2.142615912 3.900000095 0
SAMPLE 12 0.01734216884 6.002061367 0.3180187345 1762.996368 2.152200431 3.900000095 0
SAMPLE 12.1 0.01742536947 6.002033234 0.3135426939 1711.297837 2.172287785 3.900000095 0
SAMPLE 12.2 0.01711501554 6.001913548 0.3052325249 2024.274731 2.221183642 3.900000095 0
SAMPLE 12.3 0.01642222703 6.001861572 0.2940657139 1697.417965 2.240147201 3.900000095 0
SAMPLE 12.4 0.0153996693 6.001706123 0.2809639275 1672.102838 2.259791967 3.900000095 0
SAMPLE 12.5 0.01413631812 6.00140667 0.2665730417 1969.794352 2.280219834 3.900000095 0
SAMPLE 12.6 0.01271105558 6.001173019 0.2509807646 1711.814876 2.293004296 3.900000095 0
SAMPLE 12.7 0.0111318361 6.000930786 0.2335281968 1736.942839 2.337064515 3.900000095 0
SAMPLE 12.8 0.009320772253 6.000721455 0.2130921483 1760.145948 2.37069198 3.900000095 0
SAMPLE 12.9 0.007185393479 6.000430107 0.1889365017 1718.927525 2.399441809 3.900000095 0
SAMPLE 13 0.004714229144 6.000021458 0.1614168733 1722.494436 2.431514492 3.900000095 0
SAMPLE 13.1 0.002011521719 5.999682426 0.1319972575 1876.855001 2.462867758 3.900000095 0
SAMPLE 13.2 -0.0007596864016 5.999535084 0.1025648043 1784.751655 2.469975065 3.900000095 0
SAMPLE 13.3 -0.003466248978 5.999476433 0.07460024208 1767.226292 2.488449074 3.900000095 0
SAMPLE 13.4 -0.006046026945 5.999457836 0.04883511737 1618.830393 2.504065612 3.900000095 0
SAMPLE 13.5 -0.008495631628 5.999453068 0.02539622225 1758.352972 2.517596742 3.900000095 0
SAMPLE 13.6 -0.01083920337 5.999508381 0.004106887151 1607.871531 2.534606088 3.900000095 0
SAMPLE 13.7 -0.01310613286 5.999593258 -0.01528336108 1724.392447 2.553631317 3.900000095 0
SAMPLE 13.8 -0.01531812362 5.999703407 -0.03294458613 1736.731892 2.577484273 3.900000095 0
SAMPLE 13.9 -0.01747399382 5.999783039 -0.04881994426 1745.335291 2.586147236 3.900000095 0
SAMPLE 14 -0.01954367198 5.999870777 -0.06257302314 1720.86714 2.593480235 3.900000095 0
SAMPLE 14.1 -0.02147901431 5.999923229 -0.07370329648 1725.135987 2.596051649 3.900000095 0
SAMPLE 14.2 -0.02323455177 5.999948025 -0.08176217228 1733.545866 2.602049835 3.900000095 0
SAMPLE 14.3 -0.02478311025 5.999905586 -0.08657092601 1831.350814 2.608801764 3.900000095 0
SAMPLE 14.4 -0.02612038888 5.99985218 -0.08823874593 1714.347013 2.612461904 3.900000095 0
SAMPLE 14.5 -0.02726432122 5.999755383 -0.08711196482 1722.966639 2.613711024 3.900000095 0
SAMPLE 14.6 -0.02825096995 5.999675274 -0.08361778408 1728.832277 2.622012674 3.900000095 0
SAMPLE 14.7 -0.02912850305 5.999608517 -0.07819643617 1721.020166 2.629806339 3.900000095 0
SAMPLE 14.8 -0.02994851209 5.999562263 -0.07128492743 1727.001744 2.65406083 3.900000095 0
SAMPLE 14.9 -0.03076011315 5.99947834 -0.06331166625 1711.793904 2.659751167 3.900000095 0
SAMPLE 15 -0.03160626069 5.999444485 -0.05467424914 1746.954117 2.680460042 3.900000095 0
SAMPLE 15.1 -0.03251999617 5.999420643 -0.04570928589 1730.441261 2.692070806 3.900000095 0
SAMPLE 15.2 -0.03351965174 5.999392509 -0.03664800525 1709.88716 2.701657971 3.900000095 0
SAMPLE 15.3 -0.03460600972 5.999362469 -0.02756995149 1726.167002 2.719498362 3.900000095 0
SAMPLE 15.4 -0.0357638523 5.999326229 -0.01838805526 1744.18881 2.735043528 3.900000095 0
SAMPLE 15.5 -0.03696589172 5.99930048 -0.008886754513 1730.524755 2.73562419 3.900000095 0
SAMPLE 15.6 -0.03817826509 5.999307632 0.001184710534 1730.797052 2.73972102 3.900000095 0
SAMPLE 15.7 -0.03936969489 5.999302864 0.01202159002 1736.077501 2.747961701 3.900000095 0
SAMPLE 15.8 -0.0405181013 5.999328613 0.0237362124 1684.31846 2.758651936 3.900000095 0
SAMPLE 15.9 -0.04160133749 5.999337673 0.03649504483 1793.976482 2.767712727 3.900000095 0
RESULT {"mode":"rider","velocity_iterations":64,"h":0.002777777778,"substep":0.0006944444444,"breeze":1,"side":0,"catch_speed":2.5,"rung_mass":2.937389213,"ladder_mass":176.2433528,"post_startup_residual_j":3.23527467,"post_startup_stretch_m":8.690357208e-05,"hand_positive_j":436.0562863,"hand_negative_j":769.8926028,"loaded_left_n":1281.01177,"loaded_right_n":1281.327598,"max_stretch":0.0001659393311,"min_lambda":-1.395105481,"max_lambda":0,"max_tension":2008.951893,"max_hand_force":866.0403156,"catch_peak":866.0403156,"max_hand_error":0.3354434967,"max_power":2602.724638,"max_sway":0.4762841463,"max_rung_speed":0.5308138728,"min_floor_clearance":2.968683512,"release_velocity_jump":0,"departure_speed":0.05921785906,"loaded_root_reaction":2562.339368,"unloaded_root_reaction":1728.039847,"floor_contacts":7600,"rung_contacts":0,"slack_samples":0,"climb_rise":0,"initial_energy":30775.26177,"inserted_energy":15734.02473,"final_energy":34027.40432,"wind_source_j":329.5882102,"aero_loss_j":329.7086535,"hand_work_j":-333.8363165,"rope_loss_j":5.061784985,"contact_loss_j":12145.63074,"max_rope_injection_step_j":0.001885218515,"max_residual_j":3.086918868,"tail_z":0.05060104653,"tail_y":5.999401569,"player_y":3.900000095}

STDERR
proot warning: can't sanitize binding "/proc/self/fd/1": No such file or directory
proot warning: can't sanitize binding "/proc/self/fd/2": No such file or directory
