SAMPLE 0 0 6.007423878 -0.599937439 226.3053391 -0.05672147464 0 0
SAMPLE 0.1 3.331597043e-08 5.979197502 -0.5993158221 2466.925196 -0.2418701404 0 0
SAMPLE 0.2 1.099277711e-06 5.989006996 -0.5952900648 1781.385627 0.3065160974 0 0
SAMPLE 0.3 1.816773761e-06 5.989983559 -0.5890322328 2076.321357 0.534363302 0 0
SAMPLE 0.4 1.990691771e-06 5.991149426 -0.5803120136 1918.451517 0.784122468 0 0
SAMPLE 0.5 1.770896574e-06 5.992091179 -0.5691568851 1651.93306 0.9613273549 0 0
SAMPLE 0.6 1.449150318e-06 5.992479801 -0.5555701852 1610.378651 1.117615252 0 0
SAMPLE 0.7 1.275411137e-06 5.992547989 -0.5395477414 1688.653533 1.29849779 0 0
SAMPLE 0.8 1.379605692e-06 5.992551804 -0.5210713744 1742.267818 1.488416962 0 0
SAMPLE 0.9 1.799731876e-06 5.992568016 -0.500144124 1747.127086 1.685105162 0 0
SAMPLE 1 2.539396974e-06 5.992539883 -0.4767701328 1734.982836 1.879965059 0 0
SAMPLE 1.1 3.586044841e-06 5.992449284 -0.4509665072 1727.658233 2.060065127 0 0
SAMPLE 1.2 4.881348559e-06 5.992321491 -0.4227345586 1727.084093 2.240075523 0 0
SAMPLE 1.3 6.269246569e-06 5.992167473 -0.3920740485 1728.52752 2.429727991 0 0
SAMPLE 1.4 7.459890185e-06 5.991988182 -0.358992964 1729.397011 2.614705646 0 0
SAMPLE 1.5 8.060258551e-06 5.991815567 -0.3234854639 1729.544733 2.815924657 0 0
SAMPLE 1.6 7.703753909e-06 5.991640568 -0.2855546474 1729.515712 3.00553217 0 0
SAMPLE 1.7 6.252859748e-06 5.991469383 -0.2452052385 1729.604688 3.182034578 0 0
SAMPLE 1.8 3.95520965e-06 5.991317749 -0.2024426609 1729.598425 3.360304892 0 0
SAMPLE 1.9 1.42088868e-06 5.991189003 -0.1572783738 1729.47797 3.540892199 0 0
SAMPLE 2 -6.137344144e-07 5.991101742 -0.1097167581 1729.43998 3.704868695 0 0
SAMPLE 2.1 -1.60500133e-06 5.991075516 -0.05976043642 1729.486017 3.860173497 0 0
SAMPLE 2.2 -1.415849169e-06 5.991121769 -0.007413927 1729.593764 4.020637709 0 0
SAMPLE 2.3 -3.146427616e-07 5.991259575 0.04731780291 1729.616537 4.176481309 0 0
SAMPLE 2.4 1.20940831e-06 5.991508007 0.1044277102 1729.584412 4.336458796 0 0
SAMPLE 2.5 2.706925216e-06 5.991891384 0.1639025807 1729.320548 4.505650842 0 0
SAMPLE 2.6 3.908256076e-06 5.992441654 0.2257061005 1729.93854 4.682350489 0 0
SAMPLE 2.7 4.63877177e-06 5.993201256 0.2896966636 1729.471726 4.86058721 0 0
SAMPLE 2.8 4.664691005e-06 5.994233608 0.355409503 1729.324093 5.025127556 0 0
SAMPLE 2.9 3.803258551e-06 5.995652199 0.4216869771 1730.236784 5.184195818 0 0
SAMPLE 3 2.304444251e-06 5.997570992 0.4863456488 1728.981403 5.345422621 0 0
SAMPLE 3.1 9.773804095e-07 5.999959946 0.5462960005 1727.362704 5.507114979 0 0
SAMPLE 3.2 6.6517606e-07 6.002391815 0.5983463526 1728.483171 5.666195585 0 0
SAMPLE 3.3 1.488954126e-06 6.004271507 0.6402653456 1730.387783 5.818240461 0 0
SAMPLE 3.4 2.68041299e-06 6.005388737 0.6713808179 1730.372353 5.964872149 0 0
SAMPLE 3.5 3.21401194e-06 6.005883694 0.6924169064 1728.980416 6.10477761 0 0
SAMPLE 3.6 2.602307632e-06 6.005962849 0.7048305869 1727.833627 6.238483167 0 0
SAMPLE 3.7 1.10919666e-06 6.005779743 0.7101435661 1727.559681 6.367321769 0 0
SAMPLE 3.8 -6.49834476e-07 6.005430698 0.7095840573 1727.912615 6.496063512 0 0
SAMPLE 3.9 -2.135639761e-06 6.004972935 0.7040479779 1728.308079 6.627499331 0 0
SAMPLE 4 -2.986887239e-06 6.004432678 0.6941946745 1728.445407 6.760375169 0 0
SAMPLE 4.1 -2.944869493e-06 6.003837109 0.6805368662 1728.380335 6.89164337 0 0
SAMPLE 4.2 -1.876032115e-06 6.003193855 0.6634944081 1728.813589 7.022098772 0 0
SAMPLE 4.3 9.08837734e-08 6.002554893 0.6434215903 1728.4874 7.141837517 0 0
SAMPLE 4.4 2.477011549e-06 6.001890659 0.6206315756 1728.296346 7.251528199 0 0
SAMPLE 4.5 4.566702046e-06 6.001203537 0.5954046249 1725.938832 7.372086567 0 0
SAMPLE 4.6 5.687895737e-06 6.000555515 0.5679880977 1728.751142 7.499161944 0 0
SAMPLE 4.7 5.496901395e-06 5.99990797 0.5386101007 1728.275183 7.623566561 0 0
SAMPLE 4.8 4.09565655e-06 5.99929285 0.5074740648 1728.315641 7.741443757 0 0
SAMPLE 4.9 1.939730737e-06 5.99868536 0.4747680128 1729.838375 7.848560465 0 0
SAMPLE 5 -3.970831131e-07 5.998125076 0.4406631589 1729.398232 7.953588734 0 0
SAMPLE 5.1 -2.439709078e-06 5.99758625 0.4053227007 1728.570799 8.055621822 0 0
SAMPLE 5.2 -3.920977178e-06 5.99709177 0.368902117 1728.70994 8.158388083 0 0
SAMPLE 5.3 -4.775419256e-06 5.996629238 0.331551373 1728.935833 8.260031785 0 0
SAMPLE 5.4 -5.083179531e-06 5.996217728 0.2934101224 1728.015678 8.362311577 0 0
SAMPLE 5.5 -4.991657988e-06 5.995854378 0.2546089292 1727.827244 8.465327927 0 0
SAMPLE 5.6 -4.654005807e-06 5.995535374 0.215271309 1729.949757 8.568354859 0 0
SAMPLE 5.7 -4.206689937e-06 5.995292187 0.1755146831 1730.484359 8.671348741 0 0
SAMPLE 5.8 -3.789727543e-06 5.995082855 0.135453999 1730.665234 8.769810548 0 0
SAMPLE 5.9 -3.569831279e-06 5.994951248 0.09520195425 1729.932257 8.868136969 0 0
SAMPLE 6 -3.702155709e-06 5.994885921 0.05487037078 1731.717041 8.958959431 0 0
SAMPLE 6.1 -4.219797574e-06 5.994890213 0.01456776913 1731.136643 9.045245706 0 0
SAMPLE 6.2 -4.935024208e-06 5.994956493 -0.02560077608 1729.811009 9.132354431 0 0
SAMPLE 6.3 -5.487202543e-06 5.995114326 -0.06553003937 1729.748622 9.201365162 0 0
SAMPLE 6.4 -5.555980806e-06 5.995331764 -0.1051115319 1728.963622 9.279059854 0 0
SAMPLE 6.5 -5.0794456e-06 5.995607853 -0.144238025 1730.496504 9.356058416 0 0
SAMPLE 6.6 -4.293136044e-06 5.995962143 -0.1828103065 1729.985764 9.435664078 0 0
SAMPLE 6.7 -3.557426226e-06 5.996353149 -0.2207393199 1729.468463 9.515813458 0 0
SAMPLE 6.8 -3.136475925e-06 5.996815681 -0.2579355836 1729.658384 9.599594227 0 0
SAMPLE 6.9 -3.094607791e-06 5.997307301 -0.2943016291 1729.582957 9.684803081 0 0
SAMPLE 7 -3.342419632e-06 5.997848988 -0.3297271132 1728.929916 9.767681978 0 0
SAMPLE 7.1 -3.737932502e-06 5.998414516 -0.3640964925 1728.250286 9.853492803 0 0
SAMPLE 7.2 -4.149893812e-06 5.999016285 -0.3972961903 1728.402493 9.936177388 0 0
SAMPLE 7.3 -4.456589068e-06 5.999633789 -0.4292196035 1728.782894 10.01700542 0 0
SAMPLE 7.4 -4.518769856e-06 6.000261784 -0.4597610533 1726.211832 10.09400172 0 0
SAMPLE 7.5 -4.164092843e-06 6.000911713 -0.4888114333 1728.513806 10.16549013 0 0
SAMPLE 7.6 -3.21955099e-06 6.001555443 -0.5162564516 1729.521272 10.23295587 0 0
SAMPLE 7.7 -1.600897463e-06 6.002202034 -0.5419691205 1729.093015 10.29985223 0 0
SAMPLE 7.8 5.632199418e-07 6.002875328 -0.5658072829 1728.250459 10.3690011 0 0
SAMPLE 7.9 2.866073146e-06 6.003521442 -0.587616384 1727.658907 10.44689792 0 0
SAMPLE 8 4.706176696e-06 6.004152298 -0.6072302461 1729.098395 10.5177023 0 0
SAMPLE 8.1 5.52428537e-06 6.004771709 -0.6244764328 1728.420285 10.57227021 0 0
SAMPLE 8.2 5.079261427e-06 6.005367756 -0.6391742229 1727.414508 10.62983844 0 0
SAMPLE 8.3 3.577225016e-06 6.005928516 -0.6511206031 1727.343551 10.6833683 0 0
SAMPLE 8.4 1.575310648e-06 6.006450653 -0.6600775123 1728.352568 10.73656483 0 0
SAMPLE 8.5 -2.698825483e-07 6.00692749 -0.6657627821 1729.203187 10.79153572 0 0
SAMPLE 8.6 -1.474335932e-06 6.007359505 -0.6678444743 1729.18085 10.84826072 0 0
SAMPLE 8.7 -1.875831003e-06 6.00770998 -0.6659319401 1728.754474 10.90456039 0 0
SAMPLE 8.8 -1.562806574e-06 6.007978439 -0.6595310569 1728.103904 10.96222895 0 0
SAMPLE 8.9 -6.673281518e-07 6.008111954 -0.6479747295 1728.348283 11.01926158 0 0
SAMPLE 9 7.0803884e-07 6.00806427 -0.6302959919 1729.009808 11.07745487 0 0
SAMPLE 9.1 2.286102244e-06 6.007742405 -0.6051567197 1728.41127 11.13686831 0 0
SAMPLE 9.2 3.463612302e-06 6.006958961 -0.5710574985 1728.145367 11.19703158 0 0
SAMPLE 9.3 3.624089459e-06 6.005547523 -0.5269562602 1728.905693 11.25745673 0 0
SAMPLE 9.4 2.734522013e-06 6.003571033 -0.4730308652 1729.045427 11.31725391 0 0
SAMPLE 9.5 1.556030952e-06 6.001491547 -0.4110315442 1729.996358 11.37603955 0 0
SAMPLE 9.6 1.097767381e-06 5.999841213 -0.3438893855 1729.972732 11.4330077 0 0
SAMPLE 9.7 1.785477366e-06 5.99874258 -0.2747631669 1729.261204 11.48771954 0 0
SAMPLE 9.8 3.186646381e-06 5.998115063 -0.2061783522 1729.416339 11.5394323 0 0
SAMPLE 9.9 4.472434739e-06 5.997808933 -0.13969028 1729.068186 11.59198768 0 0
SAMPLE 10 5.032900845e-06 5.997741699 -0.07604542375 1729.583496 11.64338159 0 0
SAMPLE 10.1 4.690371497e-06 5.997829914 -0.01551195513 1729.362317 11.68989944 0 0
SAMPLE 10.2 3.548850827e-06 5.998038769 0.04184761271 1729.716302 11.73682735 0 0
SAMPLE 10.3 1.839935521e-06 5.998345375 0.09604426473 1729.429304 11.79507157 0 0
SAMPLE 10.4 -7.569094862e-08 5.998711109 0.1471186727 1729.941988 11.84151118 0 0
SAMPLE 10.5 -1.685219672e-06 5.999127388 0.1951112002 1730.231425 11.87453938 0 0
SAMPLE 10.6 -2.429109827e-06 5.999584198 0.240059495 1729.407603 11.90793519 0 0
SAMPLE 10.7 -1.937595925e-06 6.000050545 0.2820007205 1729.702856 11.94151232 0 0
SAMPLE 10.8 -2.37221542e-07 6.000536919 0.3209674656 1729.328288 11.97659248 0 0
SAMPLE 10.9 2.220059514e-06 6.001017094 0.3569988608 1728.877126 12.00560806 0 0
SAMPLE 11 4.745168553e-06 6.001502037 0.3901358843 1728.965491 12.03511094 0 0
SAMPLE 11.1 6.695890988e-06 6.001973629 0.4204230607 1728.998425 12.06159051 0 0
SAMPLE 11.2 7.699703019e-06 6.002424717 0.4479013085 1729.029929 12.09163115 0 0
SAMPLE 11.3 7.715520042e-06 6.002851009 0.4726070166 1729.060236 12.11937486 0 0
SAMPLE 11.4 6.953214324e-06 6.00324297 0.4945728183 1728.972708 12.14734682 0 0
SAMPLE 11.5 5.735979357e-06 6.003590584 0.5138322115 1728.03719 12.17041522 0 0
SAMPLE 11.6 4.377652203e-06 6.003894806 0.5304229259 1729.368134 12.19310892 0 0
SAMPLE 11.7 3.111677415e-06 6.004166126 0.5443854928 1728.660221 12.21900817 0 0
SAMPLE 11.8 2.072124516e-06 6.004372597 0.5557634234 1728.255397 12.23781588 0 0
SAMPLE 11.9 1.32405512e-06 6.004561901 0.5645917654 1728.558507 12.26254004 0 0
SAMPLE 12 9.038137705e-07 6.004693031 0.5709030032 1728.949071 12.28385722 0 0
SAMPLE 12.1 8.190870631e-07 6.004754543 0.5747270584 1728.839665 12.30583833 0 0
SAMPLE 12.2 9.947834769e-07 6.004809856 0.5760937929 1729.050266 12.33294661 0 0
SAMPLE 12.3 1.220465379e-06 6.004800797 0.5750344992 1728.176966 12.35794847 0 0
SAMPLE 12.4 1.19441188e-06 6.004743099 0.5715869665 1727.581472 12.38232254 0 0
SAMPLE 12.5 6.944161441e-07 6.00462532 0.5657856464 1728.920742 12.4056498 0 0
SAMPLE 12.6 -2.489661313e-07 6.004460335 0.5576617718 1728.790846 12.43470304 0 0
SAMPLE 12.7 -1.337340791e-06 6.004254341 0.5472496748 1728.130144 12.46163148 0 0
SAMPLE 12.8 -2.186396159e-06 6.004000664 0.5345951915 1728.590964 12.48951783 0 0
SAMPLE 12.9 -2.566768899e-06 6.003702641 0.5197456479 1730.482074 12.51603681 0 0
SAMPLE 13 -2.508870011e-06 6.003393173 0.5027360916 1728.543297 12.54642884 0 0
SAMPLE 13.1 -2.229126267e-06 6.003054142 0.4835909605 1728.847302 12.57525191 0 0
SAMPLE 13.2 -1.971530992e-06 6.002696514 0.4623329341 1729.181318 12.60501551 0 0
SAMPLE 13.3 -1.901835844e-06 6.002326488 0.438993454 1729.26281 12.63477464 0 0
SAMPLE 13.4 -2.098111509e-06 6.001955509 0.4136160314 1729.100346 12.66349597 0 0
SAMPLE 13.5 -2.591349357e-06 6.001581192 0.3862490952 1729.015375 12.68967684 0 0
SAMPLE 13.6 -3.390263373e-06 6.001208782 0.3569380641 1729.695098 12.7176881 0 0
SAMPLE 13.7 -4.474322395e-06 6.000848293 0.3257206082 1729.480127 12.75028468 0 0
SAMPLE 13.8 -5.752005109e-06 6.000511646 0.2926279604 1729.18883 12.78283099 0 0
SAMPLE 13.9 -7.002939128e-06 6.000205517 0.2576895356 1729.770576 12.81874469 0 0
SAMPLE 14 -7.865393854e-06 5.999923229 0.2209340185 1729.879947 12.85815976 0 0
SAMPLE 14.1 -7.930508218e-06 5.999657154 0.182394743 1729.438471 12.8972315 0 0
SAMPLE 14.2 -6.937870239e-06 5.999468803 0.1421120167 1729.197527 12.93177525 0 0
SAMPLE 14.3 -4.972564966e-06 5.999311924 0.1001343206 1729.341274 12.95994473 0 0
SAMPLE 14.4 -2.506726105e-06 5.999210358 0.05650939047 1729.411515 12.98866893 0 0
SAMPLE 14.5 -2.309374167e-07 5.999168873 0.01127489563 1729.701993 13.02110291 0 0
SAMPLE 14.6 1.236860612e-06 5.999202728 -0.03554134816 1730.030612 13.05623381 0 0
SAMPLE 14.7 1.598613267e-06 5.999316216 -0.0839112103 1730.0248 13.09011679 0 0
SAMPLE 14.8 9.641715906e-07 5.999515057 -0.1337950528 1729.663809 13.12622042 0 0
SAMPLE 14.9 -2.704083784e-07 5.999826431 -0.1851463616 1730.28003 13.16269367 0 0
SAMPLE 15 -1.675718295e-06 6.00025177 -0.2379193902 1730.163102 13.20304571 0 0
SAMPLE 15.1 -2.977818212e-06 6.00082159 -0.2920828164 1729.1489 13.24229861 0 0
SAMPLE 15.2 -3.977126198e-06 6.001552582 -0.3476013541 1730.848075 13.28186797 0 0
SAMPLE 15.3 -4.363622338e-06 6.002495289 -0.4043014348 1729.548198 13.32589981 0 0
SAMPLE 15.4 -3.824216037e-06 6.003704548 -0.4615058899 1729.429337 13.3678429 0 0
SAMPLE 15.5 -2.4572862e-06 6.005261421 -0.5176044106 1729.145606 13.4093296 0 0
SAMPLE 15.6 -9.807417882e-07 6.007215977 -0.5699879527 1729.089313 13.44831462 0 0
SAMPLE 15.7 -2.990574899e-07 6.00932169 -0.6156421304 1728.751279 13.4884435 0 0
SAMPLE 15.8 -7.48138973e-07 6.011052608 -0.6521328092 1728.145186 13.52942606 0 0
SAMPLE 15.9 -1.797974392e-06 6.01210022 -0.6783069372 1728.795724 13.57265359 0 0
RESULT {"mode":"unloaded","velocity_iterations":64,"h":0.01111111111,"substep":0.002777777778,"breeze":0,"side":0,"catch_speed":0,"rung_mass":2.937389213,"ladder_mass":176.2433528,"post_startup_residual_j":9.106683215,"post_startup_stretch_m":0.0003173351288,"hand_positive_j":0,"hand_negative_j":0,"loaded_left_n":0,"loaded_right_n":0,"max_stretch":0.002543270588,"min_lambda":-6.968010426,"max_lambda":0,"max_tension":2508.483753,"max_hand_force":0,"catch_peak":0,"max_hand_error":0,"max_power":0,"max_sway":0.7105680704,"max_rung_speed":0.69296211,"min_floor_clearance":2.937611045,"release_velocity_jump":0,"departure_speed":0,"loaded_root_reaction":0,"unloaded_root_reaction":1728.982454,"floor_contacts":0,"rung_contacts":0,"slack_samples":0,"climb_rise":0,"initial_energy":30781.85301,"inserted_energy":0,"final_energy":30779.78544,"wind_source_j":0,"aero_loss_j":0.8147277779,"hand_work_j":0,"rope_loss_j":14.86517533,"contact_loss_j":0,"max_rope_injection_step_j":0.05080087034,"max_residual_j":13.61233406,"tail_z":-0.6940505505,"tail_y":6.01245594,"player_y":0}

STDERR
proot warning: can't sanitize binding "/proc/self/fd/1": No such file or directory
proot warning: can't sanitize binding "/proc/self/fd/2": No such file or directory
