SAMPLE 0 -3.664246906e-09 5.999995232 -4.27303064e-08 226.4468694 -0.003206539635 0 0
SAMPLE 0.1 -3.916124842e-05 5.999279976 -0.0004541745293 1529.198459 0.03992837449 0 0
SAMPLE 0.2 -0.0001564479317 5.999274731 -0.001804498839 1686.77115 0.07554039021 0 0
SAMPLE 0.3 -0.00035390025 5.999284267 -0.004059692845 1734.746197 0.08652418644 0 0
SAMPLE 0.4 -0.0006334503996 5.999268055 -0.007226953749 1773.382811 0.09187673731 0 0
SAMPLE 0.5 -0.0009969181847 5.999280453 -0.01131191291 1720.714428 0.08791837341 0 0
SAMPLE 0.6 -0.001446003676 5.999261856 -0.01631861739 1737.445407 0.08879942269 0 0
SAMPLE 0.7 -0.001982285175 5.999273777 -0.02224951796 1750.644174 0.09075365124 0 0
SAMPLE 0.8 -0.002607210772 5.999279976 -0.02910543606 1696.690295 0.08813676119 0 0
SAMPLE 0.9 -0.003322101664 5.999284744 -0.03688560799 1770.632675 0.09882437525 0 0
SAMPLE 1 -0.004128141794 5.999262333 -0.04558764398 1783.68574 0.1076021253 0 0
SAMPLE 1.1 -0.005026378669 5.999304771 -0.05520768464 1617.906864 0.1225815758 0 0
SAMPLE 1.2 -0.006017717533 5.99933672 -0.06574029475 1757.933909 0.1280550026 0 0
SAMPLE 1.3 -0.007102931384 5.999385357 -0.07717864215 1693.888368 0.1376507733 0 0
SAMPLE 1.4 -0.00828265585 5.999424934 -0.08951451629 1743.111082 0.1538384913 0 0
SAMPLE 1.5 -0.00955739338 5.999459267 -0.1027384251 1844.853063 0.1674247428 0 0
SAMPLE 1.6 -0.01092751045 5.999542713 -0.1168396026 1350.820247 0.1763238367 0 0
SAMPLE 1.7 -0.0123932464 5.999646187 -0.1318063289 1756.775974 0.2091710881 0 0
SAMPLE 1.8 -0.01395470463 5.999739647 -0.1476256847 1706.272528 0.2305949236 0 0
SAMPLE 1.9 -0.01561186742 5.999865055 -0.1642840654 1684.739796 0.2522692131 0 0
SAMPLE 2 -0.01736460812 5.999995232 -0.1817668974 1745.953259 0.2560029131 0 0
SAMPLE 2.1 -0.01921267807 6.000089169 -0.2000589967 1862.415209 0.2623944281 0 0
SAMPLE 2.2 -0.02115572058 6.000287533 -0.2191446573 1708.166278 0.2857770922 0 0
SAMPLE 2.3 -0.02319329232 6.000437737 -0.2390075773 1641.92393 0.2855123335 0 0
SAMPLE 2.4 -0.02532482147 6.000655174 -0.2596308589 1735.030512 0.3121792325 0 0
SAMPLE 2.5 -0.02754955925 6.000875473 -0.280996412 1711.396444 0.3126907973 0 0
SAMPLE 2.6 -0.02986604907 6.001124382 -0.3030786514 1704.789981 0.3389664148 0 0
SAMPLE 2.7 -0.03227004781 6.001403332 -0.3258203268 1756.969599 0.3508033021 0 0
SAMPLE 2.8 -0.03474869952 6.001720905 -0.3490643799 1752.744356 0.3690851821 0 0
SAMPLE 2.9 -0.03727008775 6.002100468 -0.3724318445 1681.554736 0.3801179496 0 0
SAMPLE 3 -0.03977270797 6.002510071 -0.3952005804 1762.84385 0.3944120363 0 0
SAMPLE 3.1 -0.0421667546 6.002981186 -0.4163257778 1767.05747 0.4121351377 0 0
SAMPLE 3.2 -0.04435554892 6.003446102 -0.4346983433 1720.937339 0.4292922191 0 0
SAMPLE 3.3 -0.04626726732 6.003805637 -0.4495186508 1797.01568 0.4428248996 0 0
SAMPLE 3.4 -0.04787357524 6.004067421 -0.4605149627 1663.120484 0.4582960249 0 0
SAMPLE 3.5 -0.04918564856 6.004199982 -0.4678892791 1773.027978 0.4870752454 0 0
SAMPLE 3.6 -0.05023426563 6.004253387 -0.4720770121 1744.381605 0.4947836641 0 0
SAMPLE 3.7 -0.05105242878 6.004258156 -0.4735333025 1639.683595 0.5132320731 0 0
SAMPLE 3.8 -0.05166708678 6.004192829 -0.4726344049 1737.478892 0.5120520536 0 0
SAMPLE 3.9 -0.05209808424 6.00406599 -0.4696640074 1747.639565 0.5079159246 0 0
SAMPLE 4 -0.05235985667 6.003931999 -0.4648410976 1737.691567 0.5118556866 0 0
SAMPLE 4.1 -0.0524635613 6.00377512 -0.4583473206 1727.58838 0.5199518898 0 0
SAMPLE 4.2 -0.05241808668 6.003591537 -0.4503414035 1728.959223 0.5335925461 0 0
SAMPLE 4.3 -0.0522313267 6.003398418 -0.4409658015 1728.763154 0.554685683 0 0
SAMPLE 4.4 -0.05191064999 6.003200054 -0.4303506613 1724.395381 0.580928436 0 0
SAMPLE 4.5 -0.05146330595 6.002976418 -0.4186174572 1713.931028 0.608736424 0 0
SAMPLE 4.6 -0.05089614168 6.0027771 -0.4058798254 1729.499503 0.6554037516 0 0
SAMPLE 4.7 -0.05021576211 6.002573013 -0.3922486901 1728.852571 0.7063019199 0 0
SAMPLE 4.8 -0.04942850024 6.002378941 -0.3778320551 1728.852796 0.7663741596 0 0
SAMPLE 4.9 -0.04854080081 6.002031803 -0.3627368808 2040.007958 0.7881577395 0 0
SAMPLE 5 -0.04755815119 6.001838207 -0.3470602334 1665.927973 0.793461534 0 0
SAMPLE 5.1 -0.04648726061 6.001589298 -0.3309058547 1729.828021 0.8271440605 0 0
SAMPLE 5.2 -0.04533392936 6.001447201 -0.3143689632 1370.276698 0.9244354131 0 0
SAMPLE 5.3 -0.04410435632 6.001223564 -0.2975434959 1628.568351 0.9472966647 0 0
SAMPLE 5.4 -0.0428045094 6.000992298 -0.2805179656 1770.9928 0.9557356369 0 0
SAMPLE 5.5 -0.04144043475 6.00074625 -0.2633784115 1779.578192 0.9675681568 0 0
SAMPLE 5.6 -0.04001805559 6.000572205 -0.2462062389 1725.863661 0.9915582497 0 0
SAMPLE 5.7 -0.03854357451 6.000400543 -0.2290816009 1595.915163 1.009353144 0 0
SAMPLE 5.8 -0.03702288866 6.000187397 -0.2120794207 1669.152778 1.019806321 0 0
SAMPLE 5.9 -0.03546144813 6.000039101 -0.1952700913 1766.918432 1.039455804 0 0
SAMPLE 6 -0.03386467695 5.999895573 -0.1787195206 1778.122309 1.048005024 0 0
SAMPLE 6.1 -0.03223773837 5.999796391 -0.162490353 1725.551047 1.098225238 0 0
SAMPLE 6.2 -0.0305862613 5.999717236 -0.1466441602 1790.151794 1.158886576 0 0
SAMPLE 6.3 -0.02891575731 5.999647141 -0.1312375665 1727.091912 1.212326573 0 0
SAMPLE 6.4 -0.0272316616 5.999512672 -0.1163218915 2068.593911 1.246214847 0 0
SAMPLE 6.5 -0.02553826943 5.999488831 -0.1019383594 1700.946053 1.257063168 0 0
SAMPLE 6.6 -0.02383976802 5.999430656 -0.08812466264 1568.315923 1.286627796 0 0
SAMPLE 6.7 -0.02213981189 5.999355793 -0.07491470873 1614.106888 1.302495769 0 0
SAMPLE 6.8 -0.02044240572 5.999318123 -0.06234195456 1759.866481 1.310223989 0 0
SAMPLE 6.9 -0.01875213347 5.999305725 -0.05044031516 1729.753308 1.332425728 0 0
SAMPLE 7 -0.01707330719 5.999307156 -0.03923950344 1728.899228 1.352152429 0 0
SAMPLE 7.1 -0.01540953666 5.999307156 -0.02876150236 1728.997041 1.365397593 0 0
SAMPLE 7.2 -0.01376392692 5.999307156 -0.01902195625 1728.977301 1.373289467 0 0
SAMPLE 7.3 -0.01213982236 5.999307156 -0.01003526524 1728.97555 1.376961624 0 0
SAMPLE 7.4 -0.01054087281 5.999307156 -0.001816660864 1728.968615 1.377439709 0 0
SAMPLE 7.5 -0.008970412426 5.999307156 0.005620467477 1728.961749 1.375643528 0 0
SAMPLE 7.6 -0.007431287784 5.999307156 0.0122671565 1728.963277 1.372309356 0 0
SAMPLE 7.7 -0.005926333833 5.999307156 0.01811817661 1728.949595 1.36808895 0 0
SAMPLE 7.8 -0.004458789248 5.999307156 0.02316855825 1728.949853 1.363861067 0 0
SAMPLE 7.9 -0.003032230074 5.999307156 0.02741068229 1728.95035 1.360337795 0 0
SAMPLE 8 -0.001650471124 5.999316692 0.03083336726 1728.951981 1.35970478 0 0
SAMPLE 8.1 -0.0003175422316 5.999329567 0.03342310339 1728.945647 1.360409229 0 0
SAMPLE 8.2 0.0009622476646 5.999342918 0.03516539931 1729.169784 1.360669111 0 0
SAMPLE 8.3 0.002184290206 5.999357224 0.0360442698 1728.934197 1.359583763 0 0
SAMPLE 8.4 0.003343505552 5.999373913 0.036038775 1728.94417 1.359533366 0 0
SAMPLE 8.5 0.004433916882 5.999394894 0.03511850163 1728.949817 1.359711465 0 0
SAMPLE 8.6 0.005448074546 5.999414921 0.03323844448 1728.957833 1.359145673 0 0
SAMPLE 8.7 0.006376374979 5.999440193 0.03033287451 1728.961781 1.358333623 0 0
SAMPLE 8.8 0.007206435781 5.999464035 0.02630687505 1728.947155 1.356238482 0 0
SAMPLE 8.9 0.007922190242 5.999491692 0.0210284628 1728.963342 1.352941033 0 0
SAMPLE 9 0.008501762524 5.999519348 0.01428891718 1728.919156 1.347539842 0 0
SAMPLE 9.1 0.008915116079 5.999539375 0.005776050501 1729.017363 1.34030124 0 0
SAMPLE 9.2 0.00912641827 5.999544144 -0.004880069289 1707.485594 1.331411274 0 0
SAMPLE 9.3 0.009105921723 5.999465942 -0.01795739494 1730.153204 1.330458185 0 0
SAMPLE 9.4 0.008849525824 5.999377728 -0.03341222182 1853.775708 1.337468567 0 0
SAMPLE 9.5 0.008385962807 5.999334812 -0.05077824742 1722.907398 1.3354682 0 0
SAMPLE 9.6 0.007770406548 5.999333382 -0.06927372515 1690.524408 1.348893182 0 0
SAMPLE 9.7 0.007064256817 5.999341488 -0.08806966245 1800.52311 1.3464022 0 0
SAMPLE 9.8 0.006317749619 5.999435425 -0.1064936072 1720.931828 1.356117056 0 0
SAMPLE 9.9 0.005563588347 5.999522686 -0.1241122857 1724.417655 1.344097275 0 0
SAMPLE 10 0.004819671158 5.999615669 -0.1406880915 1735.494903 1.329468248 0 0
SAMPLE 10.1 0.004094779026 5.999719143 -0.1561000645 1723.900795 1.3230181 0 0
SAMPLE 10.2 0.003393113147 5.999824047 -0.1702845097 1726.469985 1.317123323 0 0
SAMPLE 10.3 0.002716913354 5.999938965 -0.1832044572 1725.625287 1.313733229 0 0
SAMPLE 10.4 0.002067711437 6.000031471 -0.1948389709 1697.748544 1.320209199 0 0
SAMPLE 10.5 0.001447176677 6.000135422 -0.2051769197 1698.950914 1.327110546 0 0
SAMPLE 10.6 0.0008569244528 6.000205994 -0.2142166197 1714.87632 1.333724197 0 0
SAMPLE 10.7 0.0002987987245 6.000288963 -0.2219619751 1697.899067 1.364689999 0 0
SAMPLE 10.8 -0.000225777927 6.000341415 -0.2284223139 1733.644231 1.363440825 0 0
SAMPLE 10.9 -0.0007157453801 6.000374794 -0.2336132675 1732.837176 1.364680435 0 0
SAMPLE 11 -0.001170286094 6.000404835 -0.2375566959 1731.333324 1.368928448 0 0
SAMPLE 11.1 -0.001588621759 6.000427246 -0.2402826101 1711.784941 1.370744254 0 0
SAMPLE 11.2 -0.001970288111 6.000429153 -0.2418274879 1732.242577 1.370155159 0 0
SAMPLE 11.3 -0.00231487141 6.000429153 -0.2422334254 1728.665757 1.373126342 0 0
SAMPLE 11.4 -0.002621894702 6.000402451 -0.2415496111 1728.634687 1.377957362 0 0
SAMPLE 11.5 -0.00289089838 6.000386715 -0.2398291826 1729.626627 1.377343255 0 0
SAMPLE 11.6 -0.003121442627 6.000372887 -0.2371304184 1728.79455 1.392314351 0 0
SAMPLE 11.7 -0.003313120222 6.000337124 -0.2335145921 1732.983575 1.402911885 0 0
SAMPLE 11.8 -0.00346559356 6.000321388 -0.2290460914 1729.095773 1.417474031 0 0
SAMPLE 11.9 -0.003578584641 6.000223637 -0.2237934768 1747.195147 1.425998535 0 0
SAMPLE 12 -0.003651830833 6.000179768 -0.2178264409 1727.252896 1.439290861 0 0
SAMPLE 12.1 -0.003685098374 6.000167847 -0.2112190425 1728.969499 1.467997071 0 0
SAMPLE 12.2 -0.003677962581 6.000117302 -0.2040450573 1731.27826 1.49594014 0 0
SAMPLE 12.3 -0.003629687708 5.999998569 -0.1963780075 1797.598063 1.505327217 0 0
SAMPLE 12.4 -0.003539333818 5.999912262 -0.1882903427 1667.016659 1.508613418 0 0
SAMPLE 12.5 -0.00340603618 5.999839783 -0.1798565835 1720.821362 1.529527001 0 0
SAMPLE 12.6 -0.003229163354 5.999813557 -0.1711516082 1732.085144 1.570997661 0 0
SAMPLE 12.7 -0.003008261789 5.999806881 -0.1622503996 1728.713868 1.618607577 0 0
SAMPLE 12.8 -0.002742733341 5.999798298 -0.1532245725 1728.941729 1.668315577 0 0
SAMPLE 12.9 -0.002431405941 5.99979353 -0.1441408396 1728.966794 1.718879483 0 0
SAMPLE 13 -0.002072384581 5.999788761 -0.1350601912 1728.969526 1.76878204 0 0
SAMPLE 13.1 -0.001663491363 5.99978447 -0.126040712 1728.972979 1.817049677 0 0
SAMPLE 13.2 -0.00120289519 5.999608994 -0.1171415001 2004.158561 1.832931827 0 0
SAMPLE 13.3 -0.0006891339435 5.999500275 -0.1084203795 1999.11702 1.829828701 0 0
SAMPLE 13.4 -0.000120482393 5.999466419 -0.09993157536 1700.196925 1.829482788 0 0
SAMPLE 13.5 0.0005053101922 5.999448776 -0.09172260761 1729.221121 1.858855211 0 0
SAMPLE 13.6 0.001190594863 5.999448776 -0.08383442461 1728.930948 1.889558719 0 0
SAMPLE 13.7 0.001937522669 5.999448776 -0.07630527765 1728.980765 1.915989724 0 0
SAMPLE 13.8 0.002748213476 5.999448776 -0.06917175651 1728.993091 1.938198086 0 0
SAMPLE 13.9 0.003625107929 5.999448776 -0.0624666214 1728.972629 1.956364811 0 0
SAMPLE 14 0.004570918623 5.999448776 -0.05621585995 1728.980921 1.970834552 0 0
SAMPLE 14.1 0.005588410422 5.999448776 -0.05043757707 1728.995444 1.981938643 0 0
SAMPLE 14.2 0.006680328399 5.999448776 -0.04514335468 1728.976132 1.99005773 0 0
SAMPLE 14.3 0.007849287242 5.999448776 -0.04034122452 1728.985333 1.995591493 0 0
SAMPLE 14.4 0.009097579867 5.999448776 -0.0360372439 1728.97172 1.998898223 0 0
SAMPLE 14.5 0.01042712852 5.999448776 -0.03223457932 1728.967755 2.000282199 0 0
SAMPLE 14.6 0.01183970831 5.999450684 -0.02893131226 1728.97172 2.000246204 0 0
SAMPLE 14.7 0.01333723869 5.999453545 -0.02611833252 1728.949473 1.99877568 0 0
SAMPLE 14.8 0.01492194273 5.999455452 -0.02377917245 1728.956733 1.995616386 0 0
SAMPLE 14.9 0.01659627445 5.999458313 -0.02189156041 1728.955119 1.990905642 0 0
SAMPLE 15 0.01836233027 5.999458313 -0.02042972296 1728.955376 1.984569438 0 0
SAMPLE 15.1 0.02022129111 5.999459267 -0.01936524734 1728.964233 1.97637369 0 0
SAMPLE 15.2 0.02217325009 5.99946022 -0.01866889745 1728.980591 1.966035788 0 0
SAMPLE 15.3 0.02421558276 5.99946022 -0.01832604967 1728.968883 1.953109365 0 0
SAMPLE 15.4 0.02633635513 5.999455452 -0.01841778494 1727.793407 1.93723211 0 0
SAMPLE 15.5 0.02850392088 5.999466896 -0.01921986602 1729.196776 1.919208795 0 0
SAMPLE 15.6 0.03066252545 5.999496937 -0.02124241367 1729.127389 1.898779126 0 0
SAMPLE 15.7 0.03274256736 5.999534607 -0.02510301769 1729.804684 1.874167293 0 0
SAMPLE 15.8 0.0346824266 5.999566555 -0.03130238503 1729.185319 1.848250739 0 0
SAMPLE 15.9 0.03644605353 5.999547482 -0.04004909843 1745.845278 1.844451787 0 0
RESULT {"mode":"unloaded","velocity_iterations":64,"h":0.002777777778,"substep":0.0006944444444,"breeze":-1,"side":0,"catch_speed":0,"rung_mass":2.937389213,"ladder_mass":176.2433528,"post_startup_residual_j":1.687818155,"post_startup_stretch_m":3.585219383e-05,"hand_positive_j":0,"hand_negative_j":0,"loaded_left_n":0,"loaded_right_n":0,"max_stretch":0.0001659393311,"min_lambda":-1.364305615,"max_lambda":0,"max_tension":1964.600086,"max_hand_force":0,"catch_peak":0,"max_hand_error":0,"max_power":0,"max_sway":0.4762970507,"max_rung_speed":0.2355443984,"min_floor_clearance":2.968683512,"release_velocity_jump":0,"departure_speed":0,"loaded_root_reaction":0,"unloaded_root_reaction":1727.755464,"floor_contacts":0,"rung_contacts":0,"slack_samples":0,"climb_rise":0,"initial_energy":30775.26177,"inserted_energy":0,"final_energy":30775.08558,"wind_source_j":328.9463018,"aero_loss_j":328.2899501,"hand_work_j":0,"rope_loss_j":2.682442544,"contact_loss_j":0,"max_rope_injection_step_j":0.001472987787,"max_residual_j":2.000508952,"tail_z":-0.05115738139,"tail_y":5.999510765,"player_y":0}

STDERR
proot warning: can't sanitize binding "/proc/self/fd/1": No such file or directory
proot warning: can't sanitize binding "/proc/self/fd/2": No such file or directory
