SAMPLE 0 3.664246906e-09 5.999995232 4.27303064e-08 -0 -0.003220507981 0 0
SAMPLE 0.1 3.920499512e-05 5.996617317 0.0004546828859 2188.63835 0.08503860091 0 0
SAMPLE 0.2 0.0001565484854 5.99716711 0.001805666601 1695.718479 0.2171574837 0 0
SAMPLE 0.3 0.0003540556063 5.997414112 0.004061502405 1729.098116 0.3382785409 0 0
SAMPLE 0.4 0.0006336576771 5.997595787 0.007229352836 1729.026567 0.4282858645 0 0
SAMPLE 0.5 0.0009971744148 5.997780323 0.011314895 1728.985298 0.4936055133 0 0
SAMPLE 0.6 0.00144630461 5.997931957 0.01632214338 1728.995682 0.5691985272 0 0
SAMPLE 0.7 0.001982626505 5.99804163 0.02225347236 1729.01106 0.6395519378 0 0
SAMPLE 0.8 0.002607590519 5.998152256 0.02910977788 1729.01226 0.7140367583 0 0
SAMPLE 0.9 0.003322515404 5.998261452 0.03689031675 1729.020857 0.7909656623 0 0
SAMPLE 1 0.004128584173 5.998371601 0.04559275135 1729.024424 0.8697618511 0 0
SAMPLE 1.1 0.005026848987 5.998482227 0.05521306768 1729.02806 0.9485971641 0 0
SAMPLE 1.2 0.006018208805 5.99859333 0.06574581563 1729.031747 1.025842602 0 0
SAMPLE 1.3 0.007103438955 5.99870348 0.07718428969 1729.034799 1.099593259 0 0
SAMPLE 1.4 0.008283177391 5.998812675 0.08952029049 1729.040185 1.165522275 0 0
SAMPLE 1.5 0.009557922371 5.99894619 0.1027443111 1729.039992 1.242987897 0 0
SAMPLE 1.6 0.01092803199 5.999170303 0.1168456748 1729.037086 1.436364548 0 0
SAMPLE 1.7 0.01239375491 5.999395847 0.1318123192 1729.042969 1.631617839 0 0
SAMPLE 1.8 0.0139551973 5.999606609 0.1476315707 1729.031378 1.805533241 0 0
SAMPLE 1.9 0.01561234612 5.999796391 0.1642898023 1729.035132 1.900175514 0 0
SAMPLE 2 0.01736507379 5.999958515 0.1817723662 1702.203802 1.961171303 0 0
SAMPLE 2.1 0.01921313256 6.000105858 0.2000641078 1775.734489 2.002981644 0 0
SAMPLE 2.2 0.02115616575 6.000275135 0.219149366 1702.3316 2.011460586 0 0
SAMPLE 2.3 0.02319371514 6.000451565 0.2390117347 1660.719432 2.029685017 0 0
SAMPLE 2.4 0.0253252238 6.000647545 0.2596344352 1796.580457 2.04916015 0 0
SAMPLE 2.5 0.02754993178 6.00087595 0.2809996605 1700.825461 2.057236555 0 0
SAMPLE 2.6 0.02986636944 6.001133442 0.3030817509 1646.150534 2.071587222 0 0
SAMPLE 2.7 0.03227026388 6.001403332 0.3258230388 1745.077123 2.086565284 0 0
SAMPLE 2.8 0.03474877402 6.001707554 0.3490659297 1836.785238 2.096134561 0 0
SAMPLE 2.9 0.03726987168 6.002095699 0.3724304438 1635.592274 2.107210469 0 0
SAMPLE 3 0.03977215663 6.002528667 0.3951954544 1731.446072 2.122710656 18.54881477 -2.498478174
SAMPLE 3.1 0.04216611013 6.002915859 0.4163197577 3560.013281 2.535195693 18.33732033 -1.609820366
SAMPLE 3.2 0.04435477778 6.003442764 0.4346909523 3414.42512 2.904331798 18.22953796 -0.553217411
SAMPLE 3.3 0.04626663402 6.00387001 0.4495120943 3446.851222 3.242377887 18.22741318 0.5033977628
SAMPLE 3.4 0.04787343368 6.004161835 0.4605125487 3399.02761 3.570374453 18.33094597 1.556742072
SAMPLE 3.5 0.04918551818 6.004451752 0.4678861797 1740.755468 3.543051907 18.49765015 1.453882813
SAMPLE 3.6 0.05023382604 6.00469923 0.4720710516 1430.48719 3.251020179 18.58044815 0.1387122273
SAMPLE 3.7 0.05105247349 6.004618645 0.4735333622 2136.202 3.016991006 18.53612518 -0.8575254083
SAMPLE 3.8 0.0516673848 6.004597664 0.4726360738 3026.93776 3.147007989 18.44698334 -0.7557365298
SAMPLE 3.9 0.05209870264 6.004570484 0.4696668983 3185.050192 3.448315882 18.40626526 -0.03576719016
SAMPLE 4 0.05236054957 6.004589081 0.4648428559 2594.544939 3.635888017 18.43221855 0.4627959132
SAMPLE 4.1 0.05246441811 6.004517555 0.4583506882 2238.851683 3.686792567 18.47901344 0.3862695694
SAMPLE 4.2 0.05241907015 6.004412651 0.4503454864 2186.589092 3.614861859 18.49887848 0.002278369851
SAMPLE 4.3 0.05223251507 6.004232407 0.4409708083 2495.883853 3.589685266 18.48398781 -0.2500503957
SAMPLE 4.4 0.05191197246 6.004063129 0.430355221 2703.914371 3.662132679 18.45933723 -0.1983027756
SAMPLE 4.5 0.05146484077 6.00385952 0.4186224639 2736.773139 3.748386814 18.44960785 0.006446082145
SAMPLE 4.6 0.05089820176 6.003592968 0.4058890939 2650.225859 3.820109296 18.45795822 0.133577019
SAMPLE 4.7 0.05021745712 6.003346443 0.3922546208 2526.803565 3.831525601 18.47081566 0.1002583429
SAMPLE 4.8 0.04942441732 6.00314188 0.3777784109 2351.581026 3.830471052 18.47543335 -0.008552693762
SAMPLE 4.9 0.04850838706 6.002836227 0.362380445 2518.415548 3.846579826 18.47066498 -0.0720705688
SAMPLE 5 0.04742670804 6.002650738 0.345638603 2634.867537 3.881273041 18.4638958 -0.05134912208
SAMPLE 5.1 0.04608760402 6.00239563 0.3266291916 2630.978073 3.929460614 18.46166992 0.006457604934
SAMPLE 5.2 0.04435255751 6.002197266 0.3040615618 2528.784055 3.963573876 18.46429825 0.03830627725
SAMPLE 5.3 0.04208805785 6.001787186 0.2769788504 2557.014814 3.983611766 18.46778488 0.0256060157
SAMPLE 5.4 0.03923368827 6.001144886 0.2454918027 2512.512677 4.000595962 18.46879387 -0.004883478861
SAMPLE 5.5 0.03585422412 6.000540257 0.2109352648 2556.879898 4.033398428 18.46731377 -0.02066215687
SAMPLE 5.6 0.03214178607 6.000094891 0.1752443314 2577.826811 4.042392881 18.4654541 -0.0130420411
SAMPLE 5.7 0.02835395001 5.999813557 0.1400239915 2584.510337 4.09179385 18.46496582 0.002954136115
SAMPLE 5.8 0.02471062727 5.999594688 0.1060721651 2582.769016 4.122853101 18.46576881 0.01068620384
SAMPLE 5.9 0.02131411806 5.999522209 0.07356214523 2568.38956 4.15821249 18.46670532 0.006241641939
SAMPLE 6 0.01814625226 5.99943924 0.04259848967 2491.814676 4.20474481 18.46689034 -0.002191255568
SAMPLE 6.1 0.01513215061 5.999464512 0.01349285338 2548.137677 4.220305962 18.46642113 -0.005782675464
SAMPLE 6.2 0.01221025828 5.999541759 -0.01349752583 2586.15916 4.256704734 18.46592903 -0.003378704423
SAMPLE 6.3 0.009367070161 5.999629974 -0.03840119019 2566.449718 4.274488027 18.46581078 0.001191350631
SAMPLE 6.4 0.006634194404 5.999807835 -0.06130452827 2469.573857 4.342302524 18.4660759 0.002886406379
SAMPLE 6.5 0.004067466594 5.999845982 -0.08200781047 2731.028648 4.388826499 18.46633339 0.001140283654
SAMPLE 6.6 0.001726552146 6.000045776 -0.09998612106 2540.606752 4.418536926 18.46633339 -0.0008952287026
SAMPLE 6.7 -0.0003413426457 6.000166416 -0.1147716045 2565.747529 4.388770061 18.46612167 -0.001504242071
SAMPLE 6.8 -0.002108782064 6.000214577 -0.1261935532 2516.369686 4.482847186 18.46610069 -0.0005264859647
SAMPLE 6.9 -0.003574597416 6.000226021 -0.1343779713 2563.203787 4.518765887 18.46610069 0.0001658092806
SAMPLE 7 -0.004762914032 6.000189781 -0.1395536065 2580.737421 4.531619025 18.46610069 0.0005466040457
SAMPLE 7.1 -0.005712100305 6.000103951 -0.1419695914 2658.827795 4.493474445 18.46610069 0.0008405933622
SAMPLE 7.2 -0.00645992253 6.000062466 -0.1418834478 2549.887398 4.45002119 18.46610069 0.00118267932
SAMPLE 7.3 -0.007034691051 5.999969006 -0.1395556927 2553.142474 4.373692483 18.46614265 0.001324457116
SAMPLE 7.4 -0.007450028788 5.999864101 -0.1351611465 2590.939992 4.293168445 18.46614265 0.0009897870477
SAMPLE 7.5 -0.007701155264 5.999745369 -0.1286954284 2564.989432 4.226878589 18.46614265 0.0008219584706
SAMPLE 7.6 -0.007766109891 5.999665737 -0.1199740916 2550.43684 4.187926424 18.46614265 0.0007950567524
SAMPLE 7.7 -0.007621625904 5.999519825 -0.1088067293 2638.413087 4.189525154 18.46614265 0.0004415903823
SAMPLE 7.8 -0.00726435706 5.999464035 -0.09525357932 2541.404058 4.172930954 18.46614265 0.0007078236667
SAMPLE 7.9 -0.006724150386 5.999408722 -0.07976727933 2563.582067 4.147288708 18.46614265 0.0008277745801
SAMPLE 8 -0.006055686623 5.999362469 -0.06311298907 2255.66928 4.114787824 18.46614265 0.0009103171178
SAMPLE 8.1 -0.005324890371 5.999342442 -0.04613938555 2585.154115 4.073539348 18.46614265 0.0008792144945
SAMPLE 8.2 -0.004596346989 5.99938345 -0.02956417203 2592.480694 4.022617519 18.46614265 0.0009665554389
SAMPLE 8.3 -0.003925313242 5.999344349 -0.01386248879 2925.960769 3.987071592 18.46614265 0.0004491229774
SAMPLE 8.4 -0.003349866485 5.99945116 0.0006992324488 2554.536431 4.000816144 18.46614265 0.0005749830161
SAMPLE 8.5 -0.002887638286 5.999483585 0.01400310919 2558.745322 3.990761351 18.46614265 0.0006624477101
SAMPLE 8.6 -0.00253777625 5.999433517 0.02604408748 2676.772859 3.953530773 18.46614265 0.0006295531057
SAMPLE 8.7 -0.002284722636 5.999424458 0.03694682196 2547.693199 3.915862619 18.46614265 0.0005468172603
SAMPLE 8.8 -0.002099630423 5.999410629 0.04697392881 2569.794607 3.891843597 18.46614265 0.0003983670904
SAMPLE 8.9 -0.001942279283 5.999432564 0.05651179329 2607.689397 3.898301005 18.46614265 0.0001992391481
SAMPLE 9 -0.001768397982 5.99945116 0.0660084486 2483.104425 3.946078042 18.46613884 -0.00685633719
SAMPLE 9.1 -0.001536533004 5.999547958 0.07590952516 1667.744572 3.673496458 18.41606331 -0.9878576994
SAMPLE 9.2 -0.001214663032 5.999593258 0.08656000346 1755.924136 3.407820202 18.26788712 -1.968851089
SAMPLE 9.3 -0.0007834337885 5.999643803 0.09813651443 1708.247988 3.12246099 18.02160835 -2.94986105
SAMPLE 9.4 -0.0002373984171 5.999653339 0.1106563285 1774.09312 2.860718257 17.67723274 -3.930871487
SAMPLE 9.5 0.0004200905969 5.999693394 0.1240754426 1741.711989 2.587816788 17.23475456 -4.911881924
SAMPLE 9.6 0.001188969938 5.999705315 0.1384154707 1810.331608 2.315722664 16.69417381 -5.892892361
SAMPLE 9.7 0.0020776561 5.999786377 0.1537311226 1582.883017 2.049168356 16.05549622 -6.873902798
SAMPLE 9.8 0.003083677264 5.999873638 0.1697916538 1729.009394 1.785749761 15.31871128 -7.854913235
SAMPLE 9.9 0.004160783719 5.999987125 0.1857529283 1794.508453 1.503663657 14.48383236 -8.835865021
SAMPLE 10 0.005205191672 6.000192642 0.2002672702 1678.222252 1.203635883 13.55085754 -9.816806793
SAMPLE 10.1 0.006076279096 6.000388145 0.2121047825 1756.690618 0.8852780092 12.51978874 -10.79774857
SAMPLE 10.2 0.006653729826 6.00042963 0.2208420038 1720.415731 0.5532927534 11.39062786 -11.77869034
SAMPLE 10.3 0.006900079548 6.000460148 0.2270191461 1671.315715 0.2342686257 10.16337013 -12.75963211
SAMPLE 10.4 0.006892105564 6.000461578 0.2316870391 1710.224264 -0.10664539 8.838017464 -13.74057388
SAMPLE 10.5 0.006785830017 6.000463009 0.2357005924 1787.543887 -0.4381958447 7.414574146 -14.72151566
SAMPLE 10.6 0.006733062677 6.000507355 0.2393227965 1633.392391 -0.7739275478 5.893034458 -15.70245743
SAMPLE 10.7 0.006810729858 6.000519276 0.2424481213 1734.858378 -0.9922730859 4.273398399 -16.68349457
SAMPLE 10.8 0.007007729728 6.000582218 0.2450167388 1743.755531 3.880929298 3.900000095 0
SAMPLE 10.9 0.007275351789 6.000730038 0.2471151203 1720.346178 3.897432883 3.900000095 0
SAMPLE 11 0.00759496633 6.000856876 0.2489028573 1720.141745 3.946179843 3.900000095 0
SAMPLE 11.1 0.008019982837 6.000971317 0.2508241832 1681.513556 3.979525083 3.900000095 0
SAMPLE 11.2 0.008656024002 6.001076698 0.2539528906 1503.224283 3.994087274 3.900000095 0
SAMPLE 11.3 0.00958439149 6.001193047 0.2597004771 865.1503187 4.007767147 3.900000095 0
SAMPLE 11.4 0.01079428382 6.001096725 0.268770963 1716.798634 4.0387742 3.900000095 0
SAMPLE 11.5 0.01218196191 6.001060009 0.2804539502 1625.943399 4.082320162 3.900000095 0
SAMPLE 11.6 0.01360415015 6.001113892 0.2929798067 1726.281502 4.100303702 3.900000095 0
SAMPLE 11.7 0.0149270324 6.001421928 0.3044289351 1719.744542 4.16512057 3.900000095 0
SAMPLE 11.8 0.0160430558 6.001730919 0.3131800294 1673.39899 4.186873674 3.900000095 0
SAMPLE 11.9 0.01686955802 6.002010822 0.317967236 1744.676329 4.213353077 3.900000095 0
SAMPLE 12 0.0173476357 6.002077103 0.3180961013 1570.375096 4.234922152 3.900000095 0
SAMPLE 12.1 0.01744193397 6.002033234 0.3136484623 1728.453139 4.255100011 3.900000095 0
SAMPLE 12.2 0.01713864505 6.001944065 0.3053575456 1870.905831 4.302858567 3.900000095 0
SAMPLE 12.3 0.01645099558 6.001880646 0.2942014933 1720.808616 4.325468005 3.900000095 0
SAMPLE 12.4 0.01543376781 6.001663208 0.2811056077 1924.945946 4.356169867 3.900000095 0
SAMPLE 12.5 0.01417605579 6.001441002 0.2667161226 1728.065194 4.363056113 3.900000095 0
SAMPLE 12.6 0.01275690272 6.001167297 0.2511220574 1711.78428 4.405767096 3.900000095 0
SAMPLE 12.7 0.01118408889 6.000909805 0.2336524576 1487.571589 4.418019992 3.900000095 0
SAMPLE 12.8 0.009379882365 6.000692368 0.2131777108 1733.13078 4.443126116 3.900000095 0
SAMPLE 12.9 0.007251264527 6.000392914 0.1889745146 1727.685331 4.48016376 3.900000095 0
SAMPLE 13 0.004786209669 5.99999094 0.1614207774 1722.535103 4.512942685 3.900000095 0
SAMPLE 13.1 0.002087527886 5.999664783 0.1319898665 1867.76851 4.552729475 3.900000095 0
SAMPLE 13.2 -0.0006826008321 5.999552727 0.1025599092 1712.107567 4.562462006 3.900000095 0
SAMPLE 13.3 -0.00339145679 5.999483585 0.07459877431 1655.820616 4.586187259 3.900000095 0
SAMPLE 13.4 -0.00597648276 5.999453068 0.04883221164 1740.021679 4.599714558 3.900000095 0
SAMPLE 13.5 -0.008432720788 5.999475956 0.02538598143 1631.446354 4.615662333 3.900000095 0
SAMPLE 13.6 -0.01078302227 5.999548912 0.004089612514 1728.378684 4.626441519 3.900000095 0
SAMPLE 13.7 -0.0130558107 5.999658585 -0.01530442387 1726.642181 4.648827477 3.900000095 0
SAMPLE 13.8 -0.01527213119 5.99973917 -0.03296390921 1730.776106 4.664699418 3.900000095 0
SAMPLE 13.9 -0.01743094437 5.999837875 -0.04883355647 1713.356282 4.683814875 3.900000095 0
SAMPLE 14 -0.01950322278 5.999921322 -0.06257900596 1730.762911 4.695693414 3.900000095 0
SAMPLE 14.1 -0.02144222707 5.999983788 -0.07369800657 1724.913721 4.699816349 3.900000095 0
SAMPLE 14.2 -0.02320363745 5.999988079 -0.08175746351 1691.497047 4.708115546 3.900000095 0
SAMPLE 14.3 -0.02476045862 5.999955177 -0.08657283336 1773.84589 4.714244056 3.900000095 0
SAMPLE 14.4 -0.02610806562 5.999906063 -0.08825868368 1725.695648 4.716390995 3.900000095 0
SAMPLE 14.5 -0.0272635743 5.999753475 -0.08714613318 1874.621748 4.725575405 3.900000095 0
SAMPLE 14.6 -0.02826183103 5.999677658 -0.08366627991 1611.451113 4.738811561 3.900000095 0
SAMPLE 14.7 -0.02915007807 5.999594212 -0.07825685292 1651.52159 4.750292393 3.900000095 0
SAMPLE 14.8 -0.0299789086 5.999525547 -0.07135326415 1743.168728 4.759876929 3.900000095 0
SAMPLE 14.9 -0.03079663962 5.99947691 -0.06338324398 1721.762972 4.776093129 3.900000095 0
SAMPLE 15 -0.03164611012 5.999452114 -0.05474643409 1729.747037 4.78989533 3.900000095 0
SAMPLE 15.1 -0.03256078064 5.99940443 -0.04578007013 1814.518733 4.80617744 3.900000095 0
SAMPLE 15.2 -0.03355981782 5.999396324 -0.03671650216 1719.677234 4.821875562 3.900000095 0
SAMPLE 15.3 -0.03464508429 5.999369621 -0.02763604745 1726.683445 4.838879741 3.900000095 0
SAMPLE 15.4 -0.03580252454 5.999329567 -0.01845411025 1759.473705 4.852417589 3.900000095 0
SAMPLE 15.5 -0.03700556234 5.999317646 -0.008956517093 1731.064561 4.855299497 3.900000095 0
SAMPLE 15.6 -0.03822036833 5.999320984 0.001109678997 1730.540129 4.856348554 3.900000095 0
SAMPLE 15.7 -0.03941500932 5.999281406 0.01194359362 1862.149791 4.867039918 3.900000095 0
SAMPLE 15.8 -0.04056639224 5.9993186 0.0236591734 1596.340152 4.868956546 3.900000095 0
SAMPLE 15.9 -0.04165210947 5.999359131 0.03642013669 1734.123868 4.878849232 3.900000095 0
RESULT {"mode":"rider","h":0.002777777778,"substep":0.0006944444445,"breeze":1,"side":0,"catch_speed":2.5,"rung_mass":2.937389213,"ladder_mass":176.2433528,"max_stretch":0.0003448486328,"min_lambda":-1.420511127,"max_lambda":0,"max_tension":2045.536022,"max_hand_force":866.0407448,"catch_peak":866.0407448,"max_hand_error":0.3353024125,"max_power":2599.624232,"max_sway":0.4762961566,"max_rung_speed":0.5391315818,"min_floor_clearance":2.965105207,"release_velocity_jump":0,"departure_speed":0.05912495404,"loaded_root_reaction":2560.303439,"unloaded_root_reaction":1727.813321,"floor_contacts":7600,"rung_contacts":0,"slack_samples":0,"climb_rise":0,"initial_energy":30775.26177,"inserted_energy":15733.85462,"final_energy":34027.41829,"wind_source_j":329.5907449,"aero_loss_j":329.7153665,"hand_work_j":-333.5563889,"rope_loss_j":7.281446414,"contact_loss_j":12145.61995,"max_rope_injection_step_j":0.002146050011,"max_residual_j":4.890176773,"tail_z":0.05052415282,"tail_y":5.999411583,"player_y":3.900000095}
