SAMPLE 0 5.862795049e-08 5.999924183 6.836849025e-07 -0 -0.06584566476 0 0
SAMPLE 0.1 4.216978778e-05 5.946873188 0.0004890358541 2799.678278 -0.4265243851 0 0
SAMPLE 0.2 0.0001658550609 5.936589241 0.001912793843 1523.492068 0.2924945738 0 0
SAMPLE 0.3 0.0003700345114 5.940594673 0.004244851414 1959.149633 0.6752456352 0 0
SAMPLE 0.4 0.0006562267663 5.943750381 0.007487665862 2150.56301 1.152286077 0 0
SAMPLE 0.5 0.001026191167 5.946783066 0.01164620277 1942.2951 1.629741531 0 0
SAMPLE 0.6 0.001481598592 5.949355125 0.0167241469 1717.520611 2.080329559 0 0
SAMPLE 0.7 0.002024009125 5.951352596 0.0227237232 1656.903709 2.540560337 0 0
SAMPLE 0.8 0.002654852113 5.952979565 0.02964551188 1691.999556 3.036556715 0 0
SAMPLE 0.9 0.003375420347 5.954434872 0.03748844564 1727.746957 3.567118616 0 0
SAMPLE 1 0.004186874256 5.955799103 0.04624986649 1737.365664 4.118852481 0 0
SAMPLE 1.1 0.005090232939 5.957070351 0.05592558905 1733.640429 4.679485857 0 0
SAMPLE 1.2 0.006086366717 5.958251953 0.06650973111 1729.576949 5.250889577 0 0
SAMPLE 1.3 0.007175995503 5.959366322 0.07799486816 1728.35435 5.836721035 0 0
SAMPLE 1.4 0.008359714411 5.960406303 0.09037230909 1728.576884 6.432635539 0 0
SAMPLE 1.5 0.009638002142 5.961396694 0.1036324129 1728.931454 7.027567398 0 0
SAMPLE 1.6 0.01101123542 5.962342262 0.1177645847 1729.066113 7.617045936 0 0
SAMPLE 1.7 0.01247967593 5.963256836 0.1327573657 1729.056633 8.21553183 0 0
SAMPLE 1.8 0.01404348668 5.964151859 0.1485985368 1729.036493 8.807041435 0 0
SAMPLE 1.9 0.01570270211 5.96501255 0.1652748883 1729.037793 9.405206424 0 0
SAMPLE 2 0.01745721884 5.965854645 0.1827723235 1729.025756 9.993400066 0 0
SAMPLE 2.1 0.01930681802 5.966687202 0.2010760903 1729.020687 10.59133415 0 0
SAMPLE 2.2 0.02125117369 5.967504978 0.2201706767 1729.015173 11.18403757 0 0
SAMPLE 2.3 0.02328986861 5.968327045 0.240040198 1729.002809 11.75893011 0 0
SAMPLE 2.4 0.02542235889 5.969138145 0.2606683373 1728.996849 12.34114212 0 0
SAMPLE 2.5 0.02764789574 5.969957829 0.2820369601 1728.987043 12.91284262 0 0
SAMPLE 2.6 0.02996480092 5.970775127 0.3041176498 1728.969188 13.46237459 0 0
SAMPLE 2.7 0.03236796334 5.971621513 0.3268428445 1728.962507 14.01486416 0 0
SAMPLE 2.8 0.03484271094 5.972498417 0.3500337005 1728.941734 14.57022965 0 0
SAMPLE 2.9 0.03735502437 5.973408699 0.3732864559 1728.917855 15.11388242 0 0
SAMPLE 3 0.03984375671 5.974345684 0.3958778977 1729.620985 15.60600043 18.52580261 -2.495664597
SAMPLE 3.1 0.04222230986 5.974101067 0.4168219566 2821.270694 17.25843335 18.31670189 -1.593625784
SAMPLE 3.2 0.04440324754 5.97434473 0.4351077676 3190.821106 19.02173013 18.21163559 -0.5370371938
SAMPLE 3.3 0.04631744325 5.974704266 0.4499569535 3509.556568 20.84083104 18.21223259 0.5195781589
SAMPLE 3.4 0.04793054983 5.975367069 0.4610297978 3567.289547 22.66436147 18.31843567 1.565121412
SAMPLE 3.5 0.04923868924 5.978345871 0.4683623016 1882.729791 23.02008889 18.48269272 1.41313529
SAMPLE 3.6 0.05028504878 5.980039597 0.472523421 1349.585455 22.19441711 18.56144524 0.1326191574
SAMPLE 3.7 0.05110751837 5.979279995 0.47401613 2127.405268 21.65521918 18.5176487 -0.8327286839
SAMPLE 3.8 0.05172714591 5.978354931 0.4731541574 2986.430507 22.45557271 18.43144417 -0.7330799699
SAMPLE 3.9 0.0521610193 5.978347778 0.470200032 3128.204153 23.84065898 18.39212799 -0.04565690458
SAMPLE 4 0.05242336169 5.979075909 0.465377599 2771.466305 24.93947317 18.41642189 0.4356081784
SAMPLE 4.1 0.05252592638 5.979886055 0.4588789642 2297.234415 25.34386424 18.4610939 0.3766281903
SAMPLE 4.2 0.05247903615 5.980167866 0.4508680403 2241.574351 25.37167587 18.48108292 0.02067005076
SAMPLE 4.3 0.05229091644 5.979955673 0.4414789081 2468.447651 25.55030994 18.46836853 -0.2247020304
SAMPLE 4.4 0.05196817219 5.979784966 0.430830121 2713.848534 26.07765619 18.44555855 -0.1903129518
SAMPLE 4.5 0.0515177995 5.979856491 0.4190452695 2717.938286 26.7653577 18.43574905 -0.005201355089
SAMPLE 4.6 0.05094673485 5.980080128 0.4062466919 2592.638912 27.36176385 18.44275284 0.1193834171
SAMPLE 4.7 0.05026096478 5.980306625 0.3925471604 2513.468051 27.79896832 18.4547596 0.09947331995
SAMPLE 4.8 0.04946124554 5.980424404 0.3780104518 2482.907722 28.12720532 18.45993996 0.00395113416
SAMPLE 4.9 0.04853004962 5.980433941 0.3625409305 2519.363794 28.47703042 18.4564991 -0.05909648165
SAMPLE 5 0.04741298407 5.980446339 0.345693022 2615.142774 28.92131393 18.45059204 -0.04825175554
SAMPLE 5.1 0.04600096866 5.980585575 0.3265376091 2601.557597 29.41179358 18.44825745 0.00140035525
SAMPLE 5.2 0.04415380582 5.980701447 0.3038223684 2570.338635 29.86339855 18.45035744 0.03368498012
SAMPLE 5.3 0.04177208617 5.980653763 0.2766278386 2569.17287 30.27731564 18.45366859 0.0272083059
SAMPLE 5.4 0.03886933997 5.980404377 0.2450809926 2540.54289 30.66678422 18.45511627 0.001815294381
SAMPLE 5.5 0.03557605669 5.980137825 0.2104679942 2539.144133 31.0467171 18.45430756 -0.01430127304
SAMPLE 5.6 0.03207667172 5.979995728 0.1746366918 2548.126952 31.44220642 18.45290184 -0.01085435692
SAMPLE 5.7 0.02853159979 5.979975224 0.1391948462 2584.784362 31.84156611 18.45246696 0.002081739483
SAMPLE 5.8 0.02504631877 5.980115891 0.1050772443 2566.577485 32.21990965 18.4531765 0.01023508236
SAMPLE 5.9 0.02167607285 5.980302811 0.07263857871 2570.475445 32.58306687 18.4541626 0.008218019269
SAMPLE 6 0.01843810268 5.980550289 0.04199678451 2556.764876 32.94110033 18.45464325 0.001509240596
SAMPLE 6.1 0.01532292273 5.980876446 0.01326370798 2548.928576 33.29676176 18.45453835 -0.00259168935
SAMPLE 6.2 0.01231294498 5.981207848 -0.01351904217 2571.855943 33.65619018 18.45430183 -0.001410558936
SAMPLE 6.3 0.009407802485 5.981606483 -0.0384272486 2573.149343 34.00993804 18.45434952 0.002251873491
SAMPLE 6.4 0.006640520878 5.982037067 -0.06144858897 2569.94165 34.35800457 18.45470619 0.004245131277
SAMPLE 6.5 0.004069717135 5.982475281 -0.08225499839 2562.792489 34.69050494 18.45510292 0.003449735697
SAMPLE 6.6 0.00175329065 5.982928276 -0.1002842337 2559.07509 35.012147 18.45534325 0.001442823559
SAMPLE 6.7 -0.0002748414699 5.983335495 -0.1150620058 2561.537798 35.32445177 18.45541573 0.0002603467437
SAMPLE 6.8 -0.002010972705 5.983690739 -0.126426667 2566.427047 35.63972173 18.45545006 0.0007243367727
SAMPLE 6.9 -0.003472847631 5.983991623 -0.1345144361 2566.492842 35.95941813 18.45557594 0.001845858525
SAMPLE 7 -0.004687245935 5.984244347 -0.1395954937 2557.111302 36.28175207 18.45580673 0.002664001659
SAMPLE 7.1 -0.005681664217 5.984457493 -0.1419487 2549.942715 36.60938438 18.45608139 0.002557395492
SAMPLE 7.2 -0.006480875891 5.984630108 -0.1418382078 2559.653969 36.92386149 18.45629692 0.00181540288
SAMPLE 7.3 -0.007103577722 5.984783173 -0.1395076364 2568.957783 37.21436862 18.45643997 0.001272005728
SAMPLE 7.4 -0.00755668385 5.984955311 -0.1351202875 2570.34503 37.51137284 18.4565773 0.00121898728
SAMPLE 7.5 -0.007830543444 5.98513031 -0.1286810189 2561.849733 37.79188591 18.45671463 0.001366682001
SAMPLE 7.6 -0.007901410572 5.985297203 -0.1200388595 2558.820512 38.05465916 18.45685196 0.001468823059
SAMPLE 7.7 -0.007746183313 5.985431194 -0.1090141237 2562.253542 38.30948509 18.45698929 0.001602641307
SAMPLE 7.8 -0.00736352941 5.985557556 -0.09562973678 2567.348927 38.58939146 18.45716476 0.001761427615
SAMPLE 7.9 -0.006788631901 5.985704422 -0.08027095348 2567.742085 38.87078041 18.45734978 0.001641434501
SAMPLE 8 -0.0060891537 5.985896111 -0.06364820898 2561.653652 39.11134099 18.45749474 0.001742787077
SAMPLE 8.1 -0.005344706122 5.986124516 -0.0466118753 2557.736332 39.37137602 18.45767212 0.001714802696
SAMPLE 8.2 -0.004625913221 5.986372948 -0.02992526628 2563.782578 39.6033136 18.45780945 0.001685348572
SAMPLE 8.3 -0.003981304355 5.986629009 -0.01412304491 2562.654972 39.84307213 18.45796204 0.001666826429
SAMPLE 8.4 -0.003436615225 5.986876488 0.0004985062405 2560.853624 40.07608554 18.45809937 0.001541479956
SAMPLE 8.5 -0.002999325749 5.987106323 0.013821017 2559.007142 40.32235077 18.45823669 0.001377274282
SAMPLE 8.6 -0.002663047053 5.987307549 0.02586061694 2557.883015 40.57730321 18.45837402 0.00114892167
SAMPLE 8.7 -0.002409263281 5.987499237 0.03676589206 2561.148423 40.79638771 18.4584713 0.001029107254
SAMPLE 8.8 -0.002207532059 5.987694263 0.04681877792 2564.992375 41.02131492 18.45858955 0.001095327199
SAMPLE 8.9 -0.002017599298 5.987915039 0.05641487613 2566.926936 41.25062053 18.4587059 0.0009756985819
SAMPLE 9 -0.001796938013 5.988162994 0.06601078808 2563.384824 41.48385949 18.45874786 -0.0262088757
SAMPLE 9.1 -0.0015113845 5.988967896 0.07602926344 2069.057426 40.56487878 18.40571404 -1.007208705
SAMPLE 9.2 -0.001141264918 5.989745617 0.08679842204 1774.238484 39.61809371 18.25457954 -1.988210559
SAMPLE 9.3 -0.000681911828 5.990218163 0.09847052395 1619.933947 38.6390417 18.0053463 -2.969212294
SAMPLE 9.4 -0.0001342604519 5.990400314 0.1110554263 1637.806563 37.66305968 17.65801239 -3.950214148
SAMPLE 9.5 0.0005066787126 5.990495682 0.1245170832 1704.635591 36.6998082 17.21257782 -4.931207657
SAMPLE 9.6 0.001258536126 5.990643024 0.1388791949 1741.363129 35.73635764 16.66904449 -5.912200928
SAMPLE 9.7 0.002139116172 5.990866661 0.1541697979 1742.466478 34.76423157 16.02741241 -6.893194199
SAMPLE 9.8 0.003131454811 5.991133213 0.1701252908 1726.80929 33.78075976 15.28768063 -7.874187469
SAMPLE 9.9 0.004155980423 5.991420269 0.185912624 1727.373372 32.80411297 14.44984818 -8.855195999
SAMPLE 10 0.005088612903 5.991755962 0.2002607137 1732.089858 31.83028561 13.51391602 -9.836206436
SAMPLE 10.1 0.005821706261 5.992055893 0.212036863 1734.323763 30.8582832 12.47988319 -10.81721687
SAMPLE 10.2 0.006316207349 5.992249489 0.2208366543 1733.188711 29.88835719 11.34774876 -11.79822731
SAMPLE 10.3 0.006605214439 5.992408752 0.2270973325 1737.800591 28.92358609 10.1175127 -12.77923775
SAMPLE 10.4 0.006759969518 5.992581367 0.2317264229 1725.159168 27.96607331 8.789175034 -13.76024818
SAMPLE 10.5 0.006853944622 5.992754936 0.235551849 1706.16941 27.00470594 7.362737656 -14.74125862
SAMPLE 10.6 0.006944539957 5.992881775 0.2389889956 1711.852873 26.04141673 5.838199139 -15.72226906
SAMPLE 10.7 0.007066194899 5.99301672 0.2421111465 1727.812611 25.07845955 4.215559006 -16.7032795
SAMPLE 10.8 0.00722833164 5.993227482 0.2448937297 1731.518343 52.37416289 3.897999525 0
SAMPLE 10.9 0.007426579949 5.993476391 0.2473440021 1726.436549 52.52490509 3.897999525 0
SAMPLE 11 0.007673623506 5.993710518 0.2495912611 1725.238023 52.6675662 3.897999525 0
SAMPLE 11.1 0.008031132631 5.993956089 0.2521373332 1718.863111 52.79901853 3.897999525 0
SAMPLE 11.2 0.00860329438 5.994187355 0.2560335696 1718.800274 52.92708507 3.897999525 0
SAMPLE 11.3 0.009477008134 5.994411469 0.2624818087 1726.814502 53.05247724 3.897999525 0
SAMPLE 11.4 0.01065290719 5.994486332 0.2719455361 1735.525028 53.17521771 3.897999525 0
SAMPLE 11.5 0.0120318206 5.994608402 0.2836424708 1734.580232 53.29833625 3.897999525 0
SAMPLE 11.6 0.0134602692 5.994803429 0.2959097028 1735.410069 53.42162863 3.897999525 0
SAMPLE 11.7 0.01478399988 5.995199203 0.3069601059 1734.809421 53.54785077 3.897999525 0
SAMPLE 11.8 0.01587395556 5.995650291 0.3152742386 1721.5758 53.67149609 3.897999525 0
SAMPLE 11.9 0.01663453318 5.996020794 0.3196819127 1720.609651 53.79688793 3.897999525 0
SAMPLE 12 0.01701202802 5.996190548 0.3195453286 1736.551127 53.92673828 3.897999525 0
SAMPLE 12.1 0.01700260863 5.99625349 0.3149400055 1746.413036 54.06065501 3.897999525 0
SAMPLE 12.2 0.01664558984 5.996306896 0.3065455556 1737.670439 54.19677097 3.897999525 0
SAMPLE 12.3 0.01600415632 5.996311665 0.2952949703 1728.982346 54.3356172 3.897999525 0
SAMPLE 12.4 0.0151413409 5.996265411 0.2820509076 1722.553307 54.47539344 3.897999525 0
SAMPLE 12.5 0.01409685519 5.996119976 0.2673733234 1722.697535 54.6111898 3.897999525 0
SAMPLE 12.6 0.01286711078 5.99594593 0.2512795031 1730.24303 54.73912898 3.897999525 0
SAMPLE 12.7 0.01139890868 5.99578619 0.2331416905 1736.782426 54.8556251 3.897999525 0
SAMPLE 12.8 0.009612779133 5.995645523 0.2120053619 1733.782677 54.96544768 3.897999525 0
SAMPLE 12.9 0.007458528969 5.99540329 0.1873140633 1726.893399 55.06660664 3.897999525 0
SAMPLE 13 0.004970783368 5.995087624 0.1595379114 1726.024308 55.16888879 3.897999525 0
SAMPLE 13.1 0.002272696467 5.994903564 0.130155012 1721.522606 55.26705581 3.897999525 0
SAMPLE 13.2 -0.0004808743251 5.99485445 0.1009673551 1721.797387 55.36234523 3.897999525 0
SAMPLE 13.3 -0.003173171077 5.994880676 0.07332912832 1730.288834 55.45432184 3.897999525 0
SAMPLE 13.4 -0.005752588622 5.994954109 0.04786681384 1735.653043 55.54440758 3.897999525 0
SAMPLE 13.5 -0.008217865601 5.995064259 0.02466266043 1729.714119 55.62810257 3.897999525 0
SAMPLE 13.6 -0.01059141289 5.995207787 0.003549148561 1724.453594 55.70875318 3.897999525 0
SAMPLE 13.7 -0.01289919484 5.995363235 -0.01569284126 1724.547868 55.78773136 3.897999525 0
SAMPLE 13.8 -0.0151571082 5.995508671 -0.03320772573 1725.93037 55.86711344 3.897999525 0
SAMPLE 13.9 -0.01735845022 5.995647907 -0.04895073548 1728.570583 55.94770985 3.897999525 0
SAMPLE 14 -0.01946879737 5.9957757 -0.06263147295 1731.559229 56.02590087 3.897999525 0
SAMPLE 14.1 -0.02143511362 5.995886803 -0.073784329 1733.476954 56.10521493 3.897999525 0
SAMPLE 14.2 -0.02320650592 5.995976448 -0.08195916563 1728.746774 56.17609455 3.897999525 0
SAMPLE 14.3 -0.02475468442 5.99601841 -0.08691138029 1729.482912 56.24985563 3.897999525 0
SAMPLE 14.4 -0.02608264051 5.996014118 -0.08869092166 1730.450963 56.32255422 3.897999525 0
SAMPLE 14.5 -0.02722041681 5.995988369 -0.08760409057 1727.231804 56.38855342 3.897999525 0
SAMPLE 14.6 -0.02821360342 5.995955467 -0.08409669995 1727.303181 56.45221187 3.897999525 0
SAMPLE 14.7 -0.02911225148 5.995925903 -0.07864440978 1733.114206 56.51725506 3.897999525 0
SAMPLE 14.8 -0.02996445261 5.995915413 -0.07171214372 1733.152268 56.57449366 3.897999525 0
SAMPLE 14.9 -0.03081410378 5.995926857 -0.06374115497 1726.183951 56.62685527 3.897999525 0
SAMPLE 15 -0.03169929236 5.995940685 -0.05513194203 1724.109516 56.67838554 3.897999525 0
SAMPLE 15.1 -0.0326484181 5.995955467 -0.04621227831 1725.102067 56.73083188 3.897999525 0
SAMPLE 15.2 -0.03367444128 5.995968342 -0.03719262406 1726.834954 56.78817938 3.897999525 0
SAMPLE 15.3 -0.03477178141 5.995976448 -0.02812931314 1728.401155 56.84487051 3.897999525 0
SAMPLE 15.4 -0.03591970354 5.995992661 -0.01892540045 1730.688898 56.90316167 3.897999525 0
SAMPLE 15.5 -0.03709097207 5.996023655 -0.009373006411 1730.102437 56.96076214 3.897999525 0
SAMPLE 15.6 -0.03826115653 5.996068954 0.0007667320897 1730.538071 57.02132707 3.897999525 0
SAMPLE 15.7 -0.0394144319 5.996134758 0.01167783793 1730.234732 57.08433653 3.897999525 0
SAMPLE 15.8 -0.04053901881 5.996224403 0.02347721346 1726.464033 57.14542283 3.897999525 0
SAMPLE 15.9 -0.04160759225 5.996324062 0.03634333983 1724.668514 57.21196069 3.897999525 0
RESULT {"mode":"rider","h":0.01111111111,"substep":0.002777777778,"breeze":1,"side":0,"catch_speed":2.5,"rung_mass":2.937389213,"ladder_mass":176.2433528,"max_stretch":0.005569076538,"min_lambda":-6.117956638,"max_lambda":0,"max_tension":2202.46439,"max_hand_force":866.0386849,"catch_peak":866.0386849,"max_hand_error":0.3328507543,"max_power":2557.796871,"max_sway":0.4767841697,"max_rung_speed":1.24962759,"min_floor_clearance":2.888341577,"release_velocity_jump":0,"departure_speed":0.05795926973,"loaded_root_reaction":2562.697281,"unloaded_root_reaction":1729.027635,"floor_contacts":1900,"rung_contacts":0,"slack_samples":0,"climb_rise":0,"initial_energy":30775.26177,"inserted_energy":15719.09414,"final_energy":34022.40796,"wind_source_j":329.603833,"aero_loss_j":329.8160702,"hand_work_j":-326.2858392,"rope_loss_j":53.31190509,"contact_loss_j":12149.41797,"max_rope_injection_step_j":0.03831258783,"max_residual_j":57.2799966,"tail_z":0.05024914816,"tail_y":5.996422291,"player_y":3.897999525}
