SAMPLE 0 5.862795049e-08 5.999924183 6.836849025e-07 226.4468694 -0.05671836714 0 0
SAMPLE 0.1 4.178911695e-05 5.973630905 0.0004846449883 2372.880464 -0.2093764595 0 0
SAMPLE 0.2 0.0001622168202 5.980061054 0.001869519707 1857.975908 0.3236161531 0 0
SAMPLE 0.3 0.0003629684797 5.981322765 0.004159591626 2149.55248 0.5685752823 0 0
SAMPLE 0.4 0.0006459191209 5.982962132 0.007361731958 1832.292541 0.8258076035 0 0
SAMPLE 0.5 0.001012726338 5.984190941 0.011481422 1541.124245 1.001494127 0 0
SAMPLE 0.6 0.001465014881 5.984764099 0.01652251929 1574.084929 1.169242139 0 0
SAMPLE 0.7 0.002004466485 5.9851017 0.02248730138 1705.11764 1.374872625 0 0
SAMPLE 0.8 0.002632724587 5.98550415 0.02937646024 1762.282743 1.590423927 0 0
SAMPLE 0.9 0.00335124461 5.985950947 0.03718913347 1752.977479 1.800494883 0 0
SAMPLE 1 0.004161232151 5.9863801 0.04592294618 1732.811626 2.008845416 0 0
SAMPLE 1.1 0.005063674413 5.986768246 0.05557399243 1725.202435 2.205972693 0 0
SAMPLE 1.2 0.006059360225 5.987122059 0.06613693386 1726.283458 2.397998204 0 0
SAMPLE 1.3 0.00714887958 5.987446785 0.07760494202 1728.501254 2.594194208 0 0
SAMPLE 1.4 0.00833260268 5.987776279 0.08996978402 1729.32958 2.798653532 0 0
SAMPLE 1.5 0.00961069297 5.988116264 0.1032219157 1729.286918 3.007916024 0 0
SAMPLE 1.6 0.01098320819 5.988452911 0.1173504889 1729.103259 3.201672429 0 0
SAMPLE 1.7 0.01245024893 5.988780499 0.1323436499 1729.030662 3.392898006 0 0
SAMPLE 1.8 0.01401211787 5.989115715 0.1481886804 1729.017423 3.59168261 0 0
SAMPLE 1.9 0.01566932164 5.989439964 0.1648718119 1729.018345 3.777119853 0 0
SAMPLE 2 0.01742238924 5.989770412 0.1823787689 1729.033102 3.963691745 0 0
SAMPLE 2.1 0.01927156374 5.990114212 0.2006946802 1729.017169 4.146416442 0 0
SAMPLE 2.2 0.02121662349 5.990474224 0.2198038697 1729.017026 4.329927925 0 0
SAMPLE 2.3 0.02325687744 5.990854263 0.2396902144 1729.008611 4.515287412 0 0
SAMPLE 2.4 0.02539140917 5.991244316 0.2603369355 1728.995578 4.70440408 0 0
SAMPLE 2.5 0.02761924081 5.991643906 0.2817257047 1728.974015 4.896278331 0 0
SAMPLE 2.6 0.02993884124 5.992065907 0.3038299978 1729.069087 5.091063049 0 0
SAMPLE 2.7 0.03234567866 5.992516041 0.3265881836 1728.91266 5.285082857 0 0
SAMPLE 2.8 0.03482595459 5.993001461 0.3498333097 1728.906769 5.465669958 0 0
SAMPLE 2.9 0.03734610602 5.993532181 0.3731707633 1729.099028 5.637500606 0 0
SAMPLE 3 0.03984373808 5.994114876 0.3958688676 1728.844438 5.805832766 0 0
SAMPLE 3.1 0.04223040119 5.994739056 0.4168947339 1728.610344 5.971757724 0 0
SAMPLE 3.2 0.04441210255 5.995350838 0.4351686239 1728.873665 6.131757884 0 0
SAMPLE 3.3 0.04631795734 5.995873928 0.4499106407 1729.165443 6.286628254 0 0
SAMPLE 3.4 0.04791856557 5.99627924 0.4608484805 1729.075087 6.433484503 0 0
SAMPLE 3.5 0.0492236428 5.996573925 0.468167752 1728.776062 6.574956824 0 0
SAMPLE 3.6 0.0502647832 5.996770382 0.472296834 1728.599369 6.716183293 0 0
SAMPLE 3.7 0.05107677728 5.996896267 0.4736940563 1728.620378 6.860164405 0 0
SAMPLE 3.8 0.05168736354 5.9969697 0.472739011 1728.702682 7.002284932 0 0
SAMPLE 3.9 0.05211578682 5.996998787 0.4697193503 1728.756132 7.141113111 0 0
SAMPLE 4 0.05237560719 5.99698782 0.4648587406 1728.763512 7.275980435 0 0
SAMPLE 4.1 0.0524773635 5.996940613 0.4583382308 1728.757917 7.416480682 0 0
SAMPLE 4.2 0.0524301976 5.99686861 0.4503104091 1728.765728 7.561165841 0 0
SAMPLE 4.3 0.05224238336 5.996776104 0.4409107864 1728.771839 7.706093661 0 0
SAMPLE 4.4 0.05192124099 5.996672153 0.4302667081 1728.787271 7.854649177 0 0
SAMPLE 4.5 0.05147327855 5.996554852 0.418500334 1728.810926 8.007680633 0 0
SAMPLE 4.6 0.05090460926 5.996431828 0.4057291746 1728.810927 8.162259256 0 0
SAMPLE 4.7 0.0502213724 5.996305466 0.3920671344 1728.833158 8.309113862 0 0
SAMPLE 4.8 0.0494300127 5.996178627 0.3776243925 1728.847372 8.443010092 0 0
SAMPLE 4.9 0.04853721336 5.996054649 0.3625067174 1728.895814 8.570313251 0 0
SAMPLE 5 0.04754967615 5.995934486 0.3468153477 1728.89029 8.689008893 0 0
SAMPLE 5.1 0.0464739874 5.995819569 0.3306469917 1728.8647 8.804311385 0 0
SAMPLE 5.2 0.0453165248 5.995709419 0.3140957952 1728.938032 8.919305753 0 0
SAMPLE 5.3 0.04408351704 5.995607376 0.2972542346 1728.980261 9.035638829 0 0
SAMPLE 5.4 0.04278102145 5.995515823 0.2802128494 1728.901376 9.150059834 0 0
SAMPLE 5.5 0.04141496494 5.995427608 0.263058722 1728.878653 9.266053028 0 0
SAMPLE 5.6 0.03999111056 5.995343208 0.2458748817 1729.012476 9.383989463 0 0
SAMPLE 5.7 0.03851515055 5.995272636 0.2287405431 1729.085108 9.503854638 0 0
SAMPLE 5.8 0.03699283302 5.995211601 0.2117315084 1729.049923 9.623730315 0 0
SAMPLE 5.9 0.03542993218 5.99516058 0.1949192584 1729.034037 9.741916879 0 0
SAMPLE 6 0.03383213282 5.995123386 0.1783704907 1729.061676 9.859106477 0 0
SAMPLE 6.1 0.03220491111 5.995100498 0.1621471494 1729.038135 9.966935271 0 0
SAMPLE 6.2 0.03055337071 5.995087624 0.1463062018 1728.793926 10.05790632 0 0
SAMPLE 6.3 0.02888247371 5.995084286 0.1309014857 1728.883694 10.14574981 0 0
SAMPLE 6.4 0.02719704434 5.995097637 0.1159828901 1729.000256 10.23072727 0 0
SAMPLE 6.5 0.02550188452 5.995108128 0.101596348 1729.070898 10.31453836 0 0
SAMPLE 6.6 0.02380173281 5.995121956 0.08778375387 1729.067433 10.41169747 0 0
SAMPLE 6.7 0.02210113406 5.995154858 0.07458326221 1729.048226 10.5142811 0 0
SAMPLE 6.8 0.02040432766 5.995180607 0.06202892959 1730.139131 10.60812858 0 0
SAMPLE 6.9 0.01871511713 5.995224476 0.05014970526 1729.434586 10.68689631 0 0
SAMPLE 7 0.01703718491 5.995252609 0.03897021711 1728.408622 10.76145403 0 0
SAMPLE 7.1 0.01537400018 5.995312214 0.02851118706 1729.052333 10.83940989 0 0
SAMPLE 7.2 0.01372902188 5.995380878 0.01879074983 1729.170591 10.9192751 0 0
SAMPLE 7.3 0.01210564841 5.995451927 0.009824356064 1729.107986 10.99399949 0 0
SAMPLE 7.4 0.01050724182 5.995521069 0.001624845783 1728.963688 11.06515639 0 0
SAMPLE 7.5 0.008937176317 5.995585442 -0.005797247402 1728.36799 11.13610262 0 0
SAMPLE 7.6 0.007398827933 5.995646477 -0.01243282016 1728.867404 11.20340091 0 0
SAMPLE 7.7 0.005895578768 5.995710373 -0.01827318966 1728.696103 11.26870026 0 0
SAMPLE 7.8 0.00443074014 5.995783329 -0.02330950461 1728.548011 11.33402461 0 0
SAMPLE 7.9 0.003007444087 5.995849609 -0.02753305249 1728.752854 11.39980711 0 0
SAMPLE 8 0.001628640341 5.995917797 -0.03093520179 1728.984047 11.46703012 0 0
SAMPLE 8.1 0.0002975077077 5.995941162 -0.03350638598 1729.028044 11.52889514 0 0
SAMPLE 8.2 -0.0009819681291 5.996043205 -0.03523368016 1728.548114 11.59071751 0 0
SAMPLE 8.3 -0.002204677323 5.996109486 -0.03609917685 1729.520574 11.65232883 0 0
SAMPLE 8.4 -0.003364503616 5.996192455 -0.0360776633 1728.92872 11.71370145 0 0
SAMPLE 8.5 -0.004454548005 5.996266365 -0.03513518721 1729.06035 11.77681846 0 0
SAMPLE 8.6 -0.005467021372 5.996323109 -0.0332255289 1730.415183 11.84193529 0 0
SAMPLE 8.7 -0.006392606534 5.996414661 -0.03028386086 1729.426209 11.90713085 0 0
SAMPLE 8.8 -0.00721960701 5.99644804 -0.02621952817 1729.4792 11.97198626 0 0
SAMPLE 8.9 -0.00793199148 5.996565342 -0.0208962746 1728.87413 12.03769421 0 0
SAMPLE 9 -0.008507318795 5.996638775 -0.01410211064 1728.904823 12.10218492 0 0
SAMPLE 9.1 -0.00891475752 5.996706963 -0.00552275544 1728.915929 12.16418231 0 0
SAMPLE 9.2 -0.009119074792 5.996747017 0.005207320675 1729.50601 12.22615744 0 0
SAMPLE 9.3 -0.009093002416 5.996778011 0.01834520884 1729.231439 12.2854477 0 0
SAMPLE 9.4 -0.008833453991 5.996779919 0.03382927179 1728.954258 12.3438416 0 0
SAMPLE 9.5 -0.008369132876 5.996798515 0.0511934869 1728.922243 12.40749623 0 0
SAMPLE 9.6 -0.007753713056 5.996842384 0.06967297941 1729.813964 12.47025843 0 0
SAMPLE 9.7 -0.007047999185 5.996942043 0.08844989538 1729.377603 12.52965911 0 0
SAMPLE 9.8 -0.006302814931 5.997066975 0.1068578437 1729.046986 12.58316248 0 0
SAMPLE 9.9 -0.005551199894 5.997210979 0.1244614348 1728.947285 12.63714449 0 0
SAMPLE 10 -0.004810348153 5.997366905 0.1410193592 1728.954632 12.6891804 0 0
SAMPLE 10.1 -0.004087808076 5.997519493 0.1564084888 1728.46935 12.74185331 0 0
SAMPLE 10.2 -0.003387088422 5.997680187 0.1705646068 1728.671736 12.79113122 0 0
SAMPLE 10.3 -0.002710710512 5.997835636 0.1834537834 1728.893725 12.83564176 0 0
SAMPLE 10.4 -0.002061155159 5.99798727 0.1950581074 1729.003019 12.87796824 0 0
SAMPLE 10.5 -0.001440618187 5.998085499 0.2053704113 1729.035788 12.92130868 0 0
SAMPLE 10.6 -0.0008507159073 5.998231888 0.2143874764 1729.353167 12.9579592 0 0
SAMPLE 10.7 -0.0002925917215 5.998353004 0.2221151739 1729.27374 12.99126667 0 0
SAMPLE 10.8 0.0002325852838 5.998456001 0.228561908 1728.883268 13.02032538 0 0
SAMPLE 10.9 0.0007235524827 5.998548508 0.2337398678 1728.768016 13.04936851 0 0
SAMPLE 11 0.00117911608 5.998625755 0.2376673669 1728.830602 13.07438922 0 0
SAMPLE 11.1 0.001598304603 5.99868536 0.2403726578 1728.893325 13.10119647 0 0
SAMPLE 11.2 0.001980453264 5.998735905 0.2418947369 1728.902559 13.12971896 0 0
SAMPLE 11.3 0.002325152978 5.998773098 0.2422809005 1728.88584 13.15778705 0 0
SAMPLE 11.4 0.002631994896 5.998796463 0.2415818423 1728.897322 13.18539968 0 0
SAMPLE 11.5 0.002900505206 5.998806 0.2398497462 1728.889838 13.21020592 0 0
SAMPLE 11.6 0.003130157711 5.998800755 0.2371391356 1728.886026 13.23204852 0 0
SAMPLE 11.7 0.003320531454 5.998779774 0.2335096002 1729.421546 13.25638401 0 0
SAMPLE 11.8 0.003471387783 5.998749733 0.2290259898 1730.16324 13.28108758 0 0
SAMPLE 11.9 0.003582606325 5.998727798 0.223756507 1728.907653 13.30433107 0 0
SAMPLE 12 0.003654073691 5.998695374 0.2177733928 1728.293755 13.32817246 0 0
SAMPLE 12.1 0.003685529111 5.99864769 0.211149767 1726.662844 13.35086224 0 0
SAMPLE 12.2 0.003676575143 5.998613834 0.2039594799 1729.111064 13.38034386 0 0
SAMPLE 12.3 0.003626740072 5.998575211 0.1962770671 1729.122597 13.40987013 0 0
SAMPLE 12.4 0.003535458818 5.998538017 0.1881775409 1728.643915 13.44141656 0 0
SAMPLE 12.5 0.003401933005 5.998501301 0.1797353178 1727.869849 13.47100601 0 0
SAMPLE 12.6 0.003225109074 5.998469353 0.1710231602 1727.978627 13.50421283 0 0
SAMPLE 12.7 0.003003852675 5.998434067 0.1621130705 1728.79568 13.54115222 0 0
SAMPLE 12.8 0.002737048082 5.998407841 0.1530745476 1729.204708 13.58239736 0 0
SAMPLE 12.9 0.002423567232 5.998386383 0.1439748853 1729.133869 13.62609912 0 0
SAMPLE 13 0.002062143991 5.998368263 0.1348793209 1728.966265 13.67010551 0 0
SAMPLE 13.1 0.001651313156 5.998348713 0.1258509308 1728.923507 13.71207309 0 0
SAMPLE 13.2 0.001189397881 5.998333931 0.1169493794 1728.977273 13.75225335 0 0
SAMPLE 13.3 0.0006745404098 5.998320103 0.1082304791 1729.011263 13.78922387 0 0
SAMPLE 13.4 0.0001047140831 5.998309135 0.09974578768 1728.995987 13.82264442 0 0
SAMPLE 13.5 -0.0005222707405 5.998298645 0.0915428251 1728.999628 13.852964 0 0
SAMPLE 13.6 -0.001208743197 5.998289108 0.08366495371 1728.994205 13.87909939 0 0
SAMPLE 13.7 -0.001957125962 5.998281956 0.07615084201 1728.990996 13.90112814 0 0
SAMPLE 13.8 -0.002769855782 5.998273849 0.06903363019 1728.979117 13.91932506 0 0
SAMPLE 13.9 -0.003649328137 5.998276234 0.06234106794 1728.992353 13.94289873 0 0
SAMPLE 14 -0.00459781941 5.998302937 0.05609641224 1728.974381 13.98269298 0 0
SAMPLE 14.1 -0.005617447663 5.998329639 0.05031970888 1728.981453 14.02086088 0 0
SAMPLE 14.2 -0.006710336544 5.99835968 0.04502754658 1728.972373 14.05749389 0 0
SAMPLE 14.3 -0.007878922857 5.998386383 0.04023172706 1728.969489 14.09202653 0 0
SAMPLE 14.4 -0.009126107208 5.998414516 0.03593801707 1728.963961 14.12548602 0 0
SAMPLE 14.5 -0.01045495365 5.998441219 0.0321460776 1728.962468 14.1573079 0 0
SAMPLE 14.6 -0.01186820399 5.998466969 0.02885046043 1728.959961 14.1887603 0 0
SAMPLE 14.7 -0.01336800493 5.998495579 0.02604119666 1728.960922 14.21879093 0 0
SAMPLE 14.8 -0.01495604124 5.998522282 0.02370353974 1728.963548 14.24857299 0 0
SAMPLE 14.9 -0.0166337844 5.998548985 0.02181796357 1728.960801 14.27699127 0 0
SAMPLE 15 -0.01840254851 5.998576641 0.02036082558 1728.969109 14.30469675 0 0
SAMPLE 15.1 -0.02026351355 5.998601437 0.01930339821 1728.967272 14.33087047 0 0
SAMPLE 15.2 -0.02221736312 5.998633385 0.01861173846 1728.975184 14.35777639 0 0
SAMPLE 15.3 -0.02426152676 5.998661995 0.01827419735 1728.98162 14.38202355 0 0
SAMPLE 15.4 -0.02638284303 5.998693466 0.01838122495 1728.983525 14.4032907 0 0
SAMPLE 15.5 -0.02854830027 5.998736382 0.01922279969 1728.992123 14.42217829 0 0
SAMPLE 15.6 -0.0307023786 5.99879837 0.02130900882 1728.99013 14.44457825 0 0
SAMPLE 15.7 -0.03277748823 5.998893261 0.02524116077 1728.995038 14.49120104 0 0
SAMPLE 15.8 -0.03471339494 5.998981476 0.0315006189 1729.00125 14.53788699 0 0
SAMPLE 15.9 -0.03647376224 5.999043941 0.04028969258 1728.998329 14.57984382 0 0
RESULT {"mode":"unloaded","velocity_iterations":64,"h":0.01111111111,"substep":0.002777777778,"breeze":1,"side":0,"catch_speed":2.5,"rung_mass":2.937389213,"ladder_mass":176.2433528,"max_stretch":0.002639770508,"min_lambda":-6.876168251,"max_lambda":0,"max_tension":2475.42057,"max_hand_force":0,"catch_peak":0,"max_hand_error":0,"max_power":0,"max_sway":0.4764521718,"max_rung_speed":0.5011420846,"min_floor_clearance":2.932899625,"release_velocity_jump":0,"departure_speed":0,"loaded_root_reaction":0,"unloaded_root_reaction":1728.955402,"floor_contacts":0,"rung_contacts":0,"slack_samples":0,"climb_rise":0,"initial_energy":30775.26177,"inserted_energy":0,"final_energy":30774.49798,"wind_source_j":328.9508561,"aero_loss_j":328.3144615,"hand_work_j":0,"rope_loss_j":16.01278971,"contact_loss_j":0,"max_rope_injection_step_j":0.04261952155,"max_residual_j":14.61259615,"tail_z":0.05117179081,"tail_y":5.999085903,"player_y":0}
