SAMPLE 0 3.664246906e-09 5.999995232 4.27303064e-08 -0 -0.003220507981 0 0
SAMPLE 0.1 3.920499512e-05 5.996617317 0.0004546828859 2188.63835 0.08503860091 0 0
SAMPLE 0.2 0.0001565484854 5.99716711 0.001805666601 1695.718479 0.2171574837 0 0
SAMPLE 0.3 0.0003540556063 5.997414112 0.004061502405 1729.098116 0.3382785409 0 0
SAMPLE 0.4 0.0006336576771 5.997595787 0.007229352836 1729.026567 0.4282858645 0 0
SAMPLE 0.5 0.0009971744148 5.997780323 0.011314895 1728.985298 0.4936055133 0 0
SAMPLE 0.6 0.00144630461 5.997931957 0.01632214338 1728.995682 0.5691985272 0 0
SAMPLE 0.7 0.001982626505 5.99804163 0.02225347236 1729.01106 0.6395519378 0 0
SAMPLE 0.8 0.002607590519 5.998152256 0.02910977788 1729.01226 0.7140367583 0 0
SAMPLE 0.9 0.003322515404 5.998261452 0.03689031675 1729.020857 0.7909656623 0 0
SAMPLE 1 0.004128584173 5.998371601 0.04559275135 1729.024424 0.8697618511 0 0
SAMPLE 1.1 0.005026848987 5.998482227 0.05521306768 1729.02806 0.9485971641 0 0
SAMPLE 1.2 0.006018208805 5.99859333 0.06574581563 1729.031747 1.025842602 0 0
SAMPLE 1.3 0.007103438955 5.99870348 0.07718428969 1729.034799 1.099593259 0 0
SAMPLE 1.4 0.008283177391 5.998812675 0.08952029049 1729.040185 1.165522275 0 0
SAMPLE 1.5 0.009557922371 5.99894619 0.1027443111 1729.039992 1.242987897 0 0
SAMPLE 1.6 0.01092803199 5.999170303 0.1168456748 1729.037086 1.436364548 0 0
SAMPLE 1.7 0.01239375491 5.999395847 0.1318123192 1729.042969 1.631617839 0 0
SAMPLE 1.8 0.0139551973 5.999606609 0.1476315707 1729.031378 1.805533241 0 0
SAMPLE 1.9 0.01561234612 5.999796391 0.1642898023 1729.035132 1.900175514 0 0
SAMPLE 2 0.01736507379 5.999958515 0.1817723662 1702.203802 1.961171303 0 0
SAMPLE 2.1 0.01921313256 6.000105858 0.2000641078 1775.734489 2.002981644 0 0
SAMPLE 2.2 0.02115616575 6.000275135 0.219149366 1702.3316 2.011460586 0 0
SAMPLE 2.3 0.02319371514 6.000451565 0.2390117347 1660.719432 2.029685017 0 0
SAMPLE 2.4 0.0253252238 6.000647545 0.2596344352 1796.580457 2.04916015 0 0
SAMPLE 2.5 0.02754993178 6.00087595 0.2809996605 1700.825461 2.057236555 0 0
SAMPLE 2.6 0.02986636944 6.001133442 0.3030817509 1646.150534 2.071587222 0 0
SAMPLE 2.7 0.03227026388 6.001403332 0.3258230388 1745.077123 2.086565284 0 0
SAMPLE 2.8 0.03474877402 6.001707554 0.3490659297 1836.785238 2.096134561 0 0
SAMPLE 2.9 0.03726987168 6.002095699 0.3724304438 1635.592274 2.107210469 0 0
SAMPLE 3 0.03977215663 6.002529144 0.3951954544 1730.704129 2.125079565 0 0
SAMPLE 3.1 0.04216590524 6.002990246 0.416318357 1580.797115 2.141712924 0 0
SAMPLE 3.2 0.0443547368 6.003452778 0.4346913099 1754.285766 2.164831137 0 0
SAMPLE 3.3 0.04626694694 6.003781796 0.4495158195 1849.296183 2.178708623 0 0
SAMPLE 3.4 0.04787377641 6.004079819 0.4605153799 1699.45599 2.197281265 0 0
SAMPLE 3.5 0.04918643832 6.004211903 0.4678950012 1734.019756 2.20662112 0 0
SAMPLE 3.6 0.05023543537 6.004258633 0.4720871449 1770.587476 2.230503405 0 0
SAMPLE 3.7 0.05105367303 6.004256725 0.473546654 1723.35783 2.240917588 0 0
SAMPLE 3.8 0.05166829005 6.004184246 0.4726486206 1575.222387 2.244486249 0 0
SAMPLE 3.9 0.05209925398 6.004081249 0.4696769714 1752.240928 2.264475844 0 0
SAMPLE 4 0.05236111954 6.003941536 0.4648530781 1729.101498 2.264830031 0 0
SAMPLE 4.1 0.05246498808 6.003785133 0.4583590925 1731.431426 2.275645837 0 0
SAMPLE 4.2 0.05241968855 6.003601551 0.4503531754 1728.410079 2.288692495 0 0
SAMPLE 4.3 0.05223313347 6.003409863 0.4409779906 1728.779597 2.309457869 0 0
SAMPLE 4.4 0.05191268772 6.003211021 0.4303635061 1731.920262 2.336378183 0 0
SAMPLE 4.5 0.0514655821 6.002991676 0.4186314344 1717.803427 2.368281941 0 0
SAMPLE 4.6 0.05089877918 6.002786636 0.405897826 1728.826993 2.412898773 0 0
SAMPLE 4.7 0.05021877959 6.002585888 0.3922725022 1728.934274 2.4635252 0 0
SAMPLE 4.8 0.04943150654 6.002388477 0.3778586686 1717.624139 2.524431158 0 0
SAMPLE 4.9 0.0485428758 6.00216198 0.362757206 1726.163569 2.557843429 0 0
SAMPLE 5 0.04755916446 6.001893997 0.3470717072 1756.035077 2.598974029 0 0
SAMPLE 5.1 0.04648697749 6.001653671 0.3309060335 1729.302408 2.602451174 0 0
SAMPLE 5.2 0.04533299059 6.001382828 0.3143615425 1547.605831 2.606822369 0 0
SAMPLE 5.3 0.04410308227 6.001143932 0.2975316644 1764.969307 2.617069187 0 0
SAMPLE 5.4 0.04280315712 6.000925541 0.280503422 1699.68234 2.623960656 0 0
SAMPLE 5.5 0.041439116 6.000728607 0.2633625567 1715.87912 2.640594759 0 0
SAMPLE 5.6 0.04001693055 6.000496864 0.2461903542 1817.584941 2.659217099 0 0
SAMPLE 5.7 0.03854237124 6.000328064 0.229064256 1790.703467 2.668630826 0 0
SAMPLE 5.8 0.03702127561 6.000188351 0.2120590061 1722.942188 2.717779895 0 0
SAMPLE 5.9 0.03545937315 6.00011158 0.1952470094 1662.088273 2.822102544 0 0
SAMPLE 6 0.03386239335 5.999878407 0.1786974967 1962.915144 2.844630637 0 0
SAMPLE 6.1 0.03223557025 5.999806404 0.1624732018 1672.20334 2.854665667 0 0
SAMPLE 6.2 0.03058475442 5.999681473 0.1466336697 1619.556696 2.876362471 0 0
SAMPLE 6.3 0.02891506627 5.999556065 0.1312317699 1804.17609 2.885662042 0 0
SAMPLE 6.4 0.02723128721 5.999470234 0.116316475 1740.791091 2.91541669 0 0
SAMPLE 6.5 0.02553792112 5.999461651 0.1019320562 1727.799656 2.983018458 0 0
SAMPLE 6.6 0.02383921854 5.999459267 0.08811788261 1729.234184 3.041449929 0 0
SAMPLE 6.7 0.02213919722 5.999458313 0.07490920275 1729.040073 3.088159635 0 0
SAMPLE 6.8 0.02044197731 5.99940443 0.06233884022 1826.25264 3.109608978 0 0
SAMPLE 6.9 0.01875160448 5.99938345 0.0504373163 1735.869082 3.108817938 0 0
SAMPLE 7 0.0170724038 5.999372959 0.03923319653 1731.819282 3.12719808 0 0
SAMPLE 7.1 0.01540827565 5.999372959 0.02875013836 1728.856039 3.140095837 0 0
SAMPLE 7.2 0.01376281586 5.999372959 0.01900772564 1728.995222 3.147997166 0 0
SAMPLE 7.3 0.01213925704 5.999372959 0.01002275851 1728.969919 3.151653178 0 0
SAMPLE 7.4 0.01054054778 5.999372959 0.001809223555 1728.958367 3.152134718 0 0
SAMPLE 7.5 0.008969600312 5.999372959 -0.005622563418 1728.973507 3.150338524 0 0
SAMPLE 7.6 0.007429700345 5.999372959 -0.01226536557 1728.943793 3.146982692 0 0
SAMPLE 7.7 0.005924508441 5.999372959 -0.01811354421 1728.954076 3.142784579 0 0
SAMPLE 7.8 0.00445758272 5.999372959 -0.02316139638 1728.933699 3.138317446 0 0
SAMPLE 7.9 0.00303213275 5.999372959 -0.02740140632 1728.940909 3.133731843 0 0
SAMPLE 8 0.001651414903 5.999372959 -0.03082304448 1728.934952 3.129389489 0 0
SAMPLE 8.1 0.0003191310971 5.999377728 -0.03341307864 1728.943415 3.127244451 0 0
SAMPLE 8.2 -0.0009605225059 5.999387264 -0.03515656292 1728.943226 3.126078344 0 0
SAMPLE 8.3 -0.00218295888 5.999403477 -0.03603603318 1728.943449 3.126088005 0 0
SAMPLE 8.4 -0.003343048971 5.999419212 -0.03602945432 1728.95598 3.125830201 0 0
SAMPLE 8.5 -0.004434527829 5.999438763 -0.03510745242 1728.944513 3.12571134 0 0
SAMPLE 8.6 -0.005449510179 5.99946022 -0.03322827071 1728.953937 3.125237455 0 0
SAMPLE 8.7 -0.006378142629 5.999485493 -0.03032868169 1728.951447 3.124474073 0 0
SAMPLE 8.8 -0.007208166644 5.999511242 -0.02631265856 1728.959789 3.122539467 0 0
SAMPLE 8.9 -0.007923830301 5.999540806 -0.02104438655 1728.966827 3.119441479 0 0
SAMPLE 9 -0.008503366262 5.999566555 -0.0143104326 1728.968045 3.114029047 0 0
SAMPLE 9.1 -0.008916473947 5.999587536 -0.005797319114 1728.957968 3.106808178 0 0
SAMPLE 9.2 -0.009126986377 5.999587536 0.004865943454 1728.677475 3.098483206 0 0
SAMPLE 9.3 -0.00910540577 5.999566078 0.01795294695 1728.642284 3.088249996 0 0
SAMPLE 9.4 -0.008847722784 5.999465466 0.03341579437 1624.149686 3.088137344 0 0
SAMPLE 9.5 -0.008383936249 5.999345779 0.05078227073 1908.368113 3.09185971 0 0
SAMPLE 9.6 -0.007769172546 5.999333858 0.06927661598 1794.306413 3.105605443 0 0
SAMPLE 9.7 -0.007064532023 5.999338627 0.08806882799 1835.412845 3.095959396 0 0
SAMPLE 9.8 -0.006319549866 5.99943924 0.1064894348 1711.992812 3.118770121 0 0
SAMPLE 9.9 -0.005566304084 5.999536037 0.1241070181 1735.208804 3.111048299 0 0
SAMPLE 10 -0.004822421353 5.999633312 0.1406833827 1732.869666 3.096470277 0 0
SAMPLE 10.1 -0.004096847959 5.999732018 0.1560976356 1731.109521 3.083663278 0 0
SAMPLE 10.2 -0.003394230269 5.99983263 0.1702852547 1746.232735 3.070658939 0 0
SAMPLE 10.3 -0.002717247466 5.999952316 0.1832075864 1727.314239 3.06769052 0 0
SAMPLE 10.4 -0.00206759572 6.000043869 0.1948436648 1735.869406 3.06733275 0 0
SAMPLE 10.5 -0.00144687423 6.00012207 0.2051823288 1756.228224 3.072589978 0 0
SAMPLE 10.6 -0.0008566094912 6.000231266 0.2142209262 1674.864211 3.105689635 0 0
SAMPLE 10.7 -0.0002984671446 6.000304222 0.2219638526 1723.360585 3.103142952 0 0
SAMPLE 10.8 0.0002260899491 6.000352383 0.2284211069 1728.086068 3.096444679 0 0
SAMPLE 10.9 0.0007161575486 6.000378609 0.2336112708 1729.108929 3.097133 0 0
SAMPLE 11 0.001171136159 6.000403404 0.2375599593 1711.109349 3.099512672 0 0
SAMPLE 11.1 0.001590303029 6.000415325 0.2402954698 1730.051142 3.100675015 0 0
SAMPLE 11.2 0.001972817583 6.00042057 0.241849497 1728.811392 3.099043671 0 0
SAMPLE 11.3 0.002317820676 6.000414371 0.2422604263 1726.572527 3.096871429 0 0
SAMPLE 11.4 0.002624718007 6.000399113 0.2415757775 1725.266642 3.101057365 0 0
SAMPLE 11.5 0.002893297002 6.000383854 0.2398513556 1729.669833 3.107387628 0 0
SAMPLE 11.6 0.003123437287 6.000367165 0.2371479422 1729.10089 3.116061967 0 0
SAMPLE 11.7 0.003314929316 6.000315666 0.2335287482 1742.592974 3.131417971 0 0
SAMPLE 11.8 0.003467406845 6.000243664 0.2290581167 1719.902773 3.128039941 0 0
SAMPLE 11.9 0.003580484772 6.000227928 0.2238030434 1728.870232 3.149315145 0 0
SAMPLE 12 0.003653814783 6.000213146 0.2178340405 1728.874402 3.171869951 0 0
SAMPLE 12.1 0.003686963813 6.000146866 0.2112234235 1709.606221 3.182406892 0 0
SAMPLE 12.2 0.003679322079 6.000066757 0.2040447146 1706.671391 3.203609171 0 0
SAMPLE 12.3 0.003630224848 5.999923229 0.1963729411 1935.672744 3.213160333 0 0
SAMPLE 12.4 0.003539082129 5.999897957 0.1882821321 1705.591583 3.224740157 0 0
SAMPLE 12.5 0.003405417316 5.999866962 0.179848358 1729.544902 3.26053123 0 0
SAMPLE 12.6 0.003228661371 5.999857903 0.1711448282 1728.954734 3.305171445 0 0
SAMPLE 12.7 0.003008089494 5.999849796 0.1622448415 1728.936953 3.35302329 0 0
SAMPLE 12.8 0.002742745448 5.999843121 0.1532191783 1728.938639 3.40284732 0 0
SAMPLE 12.9 0.002431358444 5.999839306 0.1441350877 1728.943655 3.453314099 0 0
SAMPLE 13 0.002072278876 5.999833107 0.1350545287 1728.955742 3.503264013 0 0
SAMPLE 13.1 0.001663584844 5.999763489 0.1260368526 1555.962256 3.51982201 0 0
SAMPLE 13.2 0.001203298452 5.99955225 0.1171398908 1963.412261 3.524592576 0 0
SAMPLE 13.3 0.0006895447732 5.999492168 0.1084193662 1848.956023 3.522458393 0 0
SAMPLE 13.4 0.0001205102017 5.999454975 0.09992875159 1656.911183 3.524853691 0 0
SAMPLE 13.5 -0.0005056096707 5.999419212 0.09171568602 1731.030607 3.5487217 0 0
SAMPLE 13.6 -0.001190756564 5.999418736 0.08382319659 1728.45023 3.580189593 0 0
SAMPLE 13.7 -0.001937301829 5.999418736 0.07629149407 1729.020916 3.606682967 0 0
SAMPLE 13.8 -0.002748023951 5.999420643 0.06915753335 1728.97795 3.628992796 0 0
SAMPLE 13.9 -0.003625638084 5.999420643 0.06245356798 1728.989847 3.647196345 0 0
SAMPLE 14 -0.004572427366 5.999420643 0.05620503053 1728.984165 3.66164295 0 0
SAMPLE 14.1 -0.005590518471 5.999420643 0.05042931437 1728.979822 3.672732909 0 0
SAMPLE 14.2 -0.006682367064 5.999402523 0.04513761774 1729.667049 3.682091161 0 0
SAMPLE 14.3 -0.007850673981 5.999403954 0.04033793882 1729.123177 3.687813512 0 0
SAMPLE 14.4 -0.009097925387 5.999404907 0.03603636846 1728.954881 3.691204861 0 0
SAMPLE 14.5 -0.01042630337 5.999409676 0.03223546594 1728.967017 3.693124128 0 0
SAMPLE 14.6 -0.0118379537 5.999411583 0.02893305942 1728.959807 3.693069989 0 0
SAMPLE 14.7 -0.01333520282 5.999414444 0.02612129599 1728.948838 3.691586221 0 0
SAMPLE 14.8 -0.01492040791 5.999417782 0.0237852037 1728.961797 3.688523901 0 0
SAMPLE 14.9 -0.01659562811 5.999419689 0.02190153301 1728.96329 3.683810106 0 0
SAMPLE 15 -0.01836236566 5.999420643 0.02044378966 1728.97074 3.677479701 0 0
SAMPLE 15.1 -0.02022154815 5.999417782 0.01938052289 1729.433673 3.669769075 0 0
SAMPLE 15.2 -0.02217357606 5.999417782 0.01867922768 1728.966756 3.659341306 0 0
SAMPLE 15.3 -0.02421633154 5.99941206 0.0183282923 1727.270136 3.646446528 0 0
SAMPLE 15.4 -0.02633796073 5.999415398 0.01841219515 1728.980332 3.631440679 0 0
SAMPLE 15.5 -0.02850631438 5.999431133 0.01920976862 1729.007487 3.613400593 0 0
SAMPLE 15.6 -0.03066485375 5.999459743 0.02123069949 1729.404533 3.593092832 0 0
SAMPLE 15.7 -0.03274383023 5.99949789 0.02509208955 1730.465966 3.568834257 0 0
SAMPLE 15.8 -0.03468220681 5.999524593 0.03129136935 1723.576014 3.541256363 0 0
SAMPLE 15.9 -0.03644460812 5.99952507 0.04004012048 1721.285073 3.533324962 0 0
RESULT {"mode":"unloaded","h":0.002777777778,"substep":0.0006944444445,"breeze":1,"side":0,"catch_speed":2.5,"rung_mass":2.937389213,"ladder_mass":176.2433528,"max_stretch":0.0003448486328,"min_lambda":-1.292768121,"max_lambda":0,"max_tension":1861.586094,"max_hand_force":0,"catch_peak":0,"max_hand_error":0,"max_power":0,"max_sway":0.4763102531,"max_rung_speed":0.306353271,"min_floor_clearance":2.965105207,"release_velocity_jump":0,"departure_speed":0,"loaded_root_reaction":0,"unloaded_root_reaction":1727.570135,"floor_contacts":0,"rung_contacts":0,"slack_samples":0,"climb_rise":0,"initial_energy":30775.26177,"inserted_energy":0,"final_energy":30775.06936,"wind_source_j":328.946679,"aero_loss_j":328.2921775,"hand_work_j":0,"rope_loss_j":4.384778954,"contact_loss_j":0,"max_rope_injection_step_j":0.002146050011,"max_residual_j":3.693310561,"tail_z":0.05115099251,"tail_y":5.999501228,"player_y":0}
