SAMPLE 0 5.862795049e-08 5.999924183 6.836849025e-07 -0 -0.06584566476 0 0
SAMPLE 0.1 4.216978778e-05 5.946873188 0.0004890358541 2799.678278 -0.4265243851 0 0
SAMPLE 0.2 0.0001658550609 5.936589241 0.001912793843 1523.492068 0.2924945738 0 0
SAMPLE 0.3 0.0003700345114 5.940594673 0.004244851414 1959.149633 0.6752456352 0 0
SAMPLE 0.4 0.0006562267663 5.943750381 0.007487665862 2150.56301 1.152286077 0 0
SAMPLE 0.5 0.001026191167 5.946783066 0.01164620277 1942.2951 1.629741531 0 0
SAMPLE 0.6 0.001481598592 5.949355125 0.0167241469 1717.520611 2.080329559 0 0
SAMPLE 0.7 0.002024009125 5.951352596 0.0227237232 1656.903709 2.540560337 0 0
SAMPLE 0.8 0.002654852113 5.952979565 0.02964551188 1691.999556 3.036556715 0 0
SAMPLE 0.9 0.003375420347 5.954434872 0.03748844564 1727.746957 3.567118616 0 0
SAMPLE 1 0.004186874256 5.955799103 0.04624986649 1737.365664 4.118852481 0 0
SAMPLE 1.1 0.005090232939 5.957070351 0.05592558905 1733.640429 4.679485857 0 0
SAMPLE 1.2 0.006086366717 5.958251953 0.06650973111 1729.576949 5.250889577 0 0
SAMPLE 1.3 0.007175995503 5.959366322 0.07799486816 1728.35435 5.836721035 0 0
SAMPLE 1.4 0.008359714411 5.960406303 0.09037230909 1728.576884 6.432635539 0 0
SAMPLE 1.5 0.009638002142 5.961396694 0.1036324129 1728.931454 7.027567398 0 0
SAMPLE 1.6 0.01101123542 5.962342262 0.1177645847 1729.066113 7.617045936 0 0
SAMPLE 1.7 0.01247967593 5.963256836 0.1327573657 1729.056633 8.21553183 0 0
SAMPLE 1.8 0.01404348668 5.964151859 0.1485985368 1729.036493 8.807041435 0 0
SAMPLE 1.9 0.01570270211 5.96501255 0.1652748883 1729.037793 9.405206424 0 0
SAMPLE 2 0.01745721884 5.965854645 0.1827723235 1729.025756 9.993400066 0 0
SAMPLE 2.1 0.01930681802 5.966687202 0.2010760903 1729.020687 10.59133415 0 0
SAMPLE 2.2 0.02125117369 5.967504978 0.2201706767 1729.015173 11.18403757 0 0
SAMPLE 2.3 0.02328986861 5.968327045 0.240040198 1729.002809 11.75893011 0 0
SAMPLE 2.4 0.02542235889 5.969138145 0.2606683373 1728.996849 12.34114212 0 0
SAMPLE 2.5 0.02764789574 5.969957829 0.2820369601 1728.987043 12.91284262 0 0
SAMPLE 2.6 0.02996480092 5.970775127 0.3041176498 1728.969188 13.46237459 0 0
SAMPLE 2.7 0.03236796334 5.971621513 0.3268428445 1728.962507 14.01486416 0 0
SAMPLE 2.8 0.03484271094 5.972498417 0.3500337005 1728.941734 14.57022965 0 0
SAMPLE 2.9 0.03735502437 5.973408699 0.3732864559 1728.917855 15.11388242 0 0
SAMPLE 3 0.03984375671 5.974346638 0.3958778679 1728.898953 15.63800601 0 0
SAMPLE 3.1 0.0422225669 5.9753232 0.4168265462 1728.867831 16.15774162 0 0
SAMPLE 3.2 0.04440327734 5.976277351 0.4351098239 1728.8295 16.67100733 0 0
SAMPLE 3.3 0.04631656036 5.977127075 0.4499486983 1728.797538 17.18461436 0 0
SAMPLE 3.4 0.04792973027 5.977857113 0.4610223174 1728.777162 17.67937513 0 0
SAMPLE 3.5 0.04924745113 5.978475094 0.4684608877 1728.766913 18.16322361 0 0
SAMPLE 3.6 0.05029779673 5.978995323 0.4726671875 1728.753335 18.63416184 0 0
SAMPLE 3.7 0.05111495778 5.979429722 0.474106431 1728.749249 19.11290917 0 0
SAMPLE 3.8 0.05172806606 5.979795933 0.4731755555 1728.740975 19.58117896 0 0
SAMPLE 3.9 0.05215781555 5.980110645 0.4701738358 1728.741868 20.03057756 0 0
SAMPLE 4 0.0524184294 5.980386257 0.465328604 1728.748202 20.48228981 0 0
SAMPLE 4.1 0.05252054334 5.980630398 0.4588216841 1728.75112 20.94407317 0 0
SAMPLE 4.2 0.05247313157 5.980844975 0.4508047998 1728.762346 21.39586098 0 0
SAMPLE 4.3 0.05228473246 5.98103857 0.4414128661 1728.779683 21.83246925 0 0
SAMPLE 4.4 0.0519627668 5.981214046 0.4307730198 1728.782654 22.2721883 0 0
SAMPLE 4.5 0.05151404813 5.981370449 0.4190073609 1728.805175 22.71092094 0 0
SAMPLE 4.6 0.05094495416 5.981511116 0.4062317908 1728.827662 23.13786616 0 0
SAMPLE 4.7 0.05026190355 5.981638432 0.39256078 1728.828334 23.55447872 0 0
SAMPLE 4.8 0.04947143048 5.981752872 0.3781040609 1728.857328 23.96052817 0 0
SAMPLE 4.9 0.04858002439 5.981867313 0.3629672825 1728.86974 24.35511971 0 0
SAMPLE 5 0.04759393632 5.981975555 0.3472530544 1728.882291 24.74101724 0 0
SAMPLE 5.1 0.04651924223 5.982077122 0.3310601115 1728.909209 25.11909719 0 0
SAMPLE 5.2 0.04536205903 5.982181072 0.3144839108 1728.926222 25.49038108 0 0
SAMPLE 5.3 0.04412858933 5.982286453 0.2976176441 1728.931375 25.85013667 0 0
SAMPLE 5.4 0.04282500222 5.982398987 0.2805515826 1728.956166 26.20660015 0 0
SAMPLE 5.5 0.04145731777 5.982518196 0.2633711994 1728.965302 26.56062896 0 0
SAMPLE 5.6 0.04003152251 5.982649803 0.2461586744 1728.983793 26.91621979 0 0
SAMPLE 5.7 0.03855367377 5.982792377 0.2289937884 1728.997256 27.26994034 0 0
SAMPLE 5.8 0.03702982143 5.982948303 0.211954087 1729.006221 27.60696322 0 0
SAMPLE 5.9 0.03546572477 5.983118057 0.1951136887 1729.02475 27.93675642 0 0
SAMPLE 6 0.03386680782 5.983299732 0.1785403043 1729.03459 28.26057186 0 0
SAMPLE 6.1 0.03223831207 5.98348856 0.1622957438 1729.046734 28.57867204 0 0
SAMPLE 6.2 0.03058530577 5.983663559 0.1464366168 1729.070432 28.8937289 0 0
SAMPLE 6.3 0.02891279198 5.983846188 0.1310153455 1729.081185 29.21260621 0 0
SAMPLE 6.4 0.02722585388 5.984050274 0.1160810664 1729.074446 29.51881577 0 0
SAMPLE 6.5 0.02552966215 5.984256268 0.1016800553 1729.073919 29.81349587 0 0
SAMPLE 6.6 0.02382900752 5.984475613 0.08785488456 1729.062438 30.10510307 0 0
SAMPLE 6.7 0.02212809399 5.984697342 0.07464330643 1729.045308 30.4001518 0 0
SAMPLE 6.8 0.02043077722 5.984920025 0.06207792461 1729.043318 30.6824561 0 0
SAMPLE 6.9 0.01874078438 5.985122681 0.05018782243 1729.024128 30.94879972 0 0
SAMPLE 7 0.01706189476 5.985332489 0.03899856284 1729.013194 31.22188868 0 0
SAMPLE 7.1 0.01539784018 5.985555172 0.02853113599 1729.006191 31.49733919 0 0
SAMPLE 7.2 0.01375218015 5.985780716 0.01880320162 1728.98748 31.76689603 0 0
SAMPLE 7.3 0.01212832518 5.986007214 0.009830947034 1728.983532 32.0306436 0 0
SAMPLE 7.4 0.01052962244 5.986232281 0.001628773869 1728.971756 32.28824679 0 0
SAMPLE 7.5 0.008959236555 5.986457348 -0.005792342126 1728.962453 32.53697597 0 0
SAMPLE 7.6 0.007420138456 5.986683369 -0.01242460497 1728.956891 32.78094067 0 0
SAMPLE 7.7 0.005915336777 5.986909389 -0.01826109178 1728.950368 33.0240057 0 0
SAMPLE 7.8 0.004448094405 5.987146854 -0.02329395525 1728.948016 33.26432106 0 0
SAMPLE 7.9 0.003021950601 5.987388611 -0.02751472592 1728.944514 33.49143916 0 0
SAMPLE 8 0.001640558126 5.98762989 -0.03091484681 1728.94242 33.7079675 0 0
SAMPLE 8.1 0.0003077157889 5.987863064 -0.0334844552 1728.945389 33.9238176 0 0
SAMPLE 8.2 -0.0009723433759 5.9880867 -0.03521038219 1728.941767 34.14301917 0 0
SAMPLE 8.3 -0.002194782719 5.988301277 -0.03607456386 1728.9452 34.36758424 0 0
SAMPLE 8.4 -0.003354016924 5.988512516 -0.03605230525 1728.947878 34.59703556 0 0
SAMPLE 8.5 -0.004443523474 5.988723755 -0.03510989621 1728.947774 34.83062787 0 0
SAMPLE 8.6 -0.005455632228 5.988934517 -0.03320139274 1728.950572 35.0600038 0 0
SAMPLE 8.7 -0.006381149404 5.989142895 -0.030262243 1728.953198 35.27551693 0 0
SAMPLE 8.8 -0.007208368741 5.989350796 -0.02619793266 1728.956957 35.47242812 0 0
SAMPLE 8.9 -0.007921012118 5.989557266 -0.02086652257 1728.95809 35.65862813 0 0
SAMPLE 9 -0.008496199735 5.9897542 -0.01405256148 1728.961608 35.84143467 0 0
SAMPLE 9.1 -0.008903536946 5.989933491 -0.005458898377 1728.966586 36.01848132 0 0
SAMPLE 9.2 -0.00911035575 5.990091801 0.005244106986 1728.967529 36.18642773 0 0
SAMPLE 9.3 -0.009092809632 5.990218639 0.01828080416 1728.97582 36.34837325 0 0
SAMPLE 9.4 -0.008848059922 5.990316391 0.03359981626 1728.988453 36.50629379 0 0
SAMPLE 9.5 -0.008401014842 5.990433693 0.05078824237 1728.99216 36.67684295 0 0
SAMPLE 9.6 -0.007799548563 5.99058342 0.06914322823 1729.00651 36.85293762 0 0
SAMPLE 9.7 -0.007100907154 5.99077034 0.08787362278 1729.000261 37.03055595 0 0
SAMPLE 9.8 -0.006356310565 5.99098587 0.1062963083 1728.998097 37.19805018 0 0
SAMPLE 9.9 -0.005601707846 5.991220951 0.1239405721 1728.998715 37.35722387 0 0
SAMPLE 10 -0.00485720532 5.991471291 0.1405401528 1728.981359 37.517351 0 0
SAMPLE 10.1 -0.004131782334 5.991728306 0.1559636146 1728.985615 37.67640829 0 0
SAMPLE 10.2 -0.003429046599 5.991985798 0.1701497436 1728.965067 37.82876558 0 0
SAMPLE 10.3 -0.002751155989 5.992233753 0.1830708981 1728.965204 37.97744841 0 0
SAMPLE 10.4 -0.002100258367 5.992474079 0.1947150081 1728.949977 38.12558725 0 0
SAMPLE 10.5 -0.001478465158 5.992710114 0.2050743252 1728.928914 38.27192606 0 0
SAMPLE 10.6 -0.0008873040206 5.992932796 0.2141429633 1728.931677 38.41733207 0 0
SAMPLE 10.7 -0.0003278421937 5.993142128 0.2219194919 1728.909223 38.56402331 0 0
SAMPLE 10.8 0.0001988610893 5.993338585 0.2284091711 1728.917702 38.70865704 0 0
SAMPLE 10.9 0.0006915332051 5.99352169 0.2336249202 1728.896227 38.85085408 0 0
SAMPLE 11 0.001148844487 5.993691921 0.237588346 1728.899162 38.97893056 0 0
SAMPLE 11.1 0.001569887856 5.993844986 0.2403309792 1728.893565 39.10212521 0 0
SAMPLE 11.2 0.001954253064 5.993983746 0.2418934554 1728.887093 39.22093243 0 0
SAMPLE 11.3 0.002301566536 5.994103909 0.2423209846 1728.884192 39.34053645 0 0
SAMPLE 11.4 0.002611001953 5.994202137 0.2416604608 1728.884328 39.46122637 0 0
SAMPLE 11.5 0.002881681314 5.994288921 0.2399606854 1728.887229 39.58627327 0 0
SAMPLE 11.6 0.003113095183 5.994363308 0.2372748703 1728.882181 39.70771293 0 0
SAMPLE 11.7 0.003305235645 5.994425774 0.2336635292 1728.896291 39.83510085 0 0
SAMPLE 11.8 0.003458288964 5.994481564 0.2291940898 1728.884995 39.96691605 0 0
SAMPLE 11.9 0.003572203685 5.994535446 0.2239379585 1728.899448 40.10332079 0 0
SAMPLE 12 0.003646525787 5.99458456 0.217967391 1728.907412 40.24435256 0 0
SAMPLE 12.1 0.003680591471 5.994632244 0.2113544792 1728.898588 40.38670117 0 0
SAMPLE 12.2 0.003673811909 5.994678974 0.2041718662 1728.912114 40.5294701 0 0
SAMPLE 12.3 0.003625718178 5.994723797 0.1964939535 1728.905263 40.67606289 0 0
SAMPLE 12.4 0.0035357913 5.99476862 0.1883966625 1728.912454 40.82150657 0 0
SAMPLE 12.5 0.003403294832 5.994813919 0.1799554229 1728.905296 40.95895153 0 0
SAMPLE 12.6 0.003227280453 5.994858265 0.1712432355 1728.911442 41.08185769 0 0
SAMPLE 12.7 0.003006767016 5.994903088 0.1623312682 1728.928799 41.20441038 0 0
SAMPLE 12.8 0.002740853233 5.994950294 0.1532901078 1728.936493 41.32756305 0 0
SAMPLE 12.9 0.002428560285 5.994999886 0.144189477 1728.958194 41.45122225 0 0
SAMPLE 13 0.002068541013 5.995049953 0.1350951642 1728.957356 41.57219453 0 0
SAMPLE 13.1 0.001659076661 5.995096684 0.1260682046 1728.973391 41.69006608 0 0
SAMPLE 13.2 0.001198370592 5.99514246 0.1171663553 1728.97844 41.80361792 0 0
SAMPLE 13.3 0.0006846737815 5.995197773 0.1084444746 1728.984656 41.91393083 0 0
SAMPLE 13.4 0.0001160626707 5.995243073 0.09995356947 1728.988417 42.01630707 0 0
SAMPLE 13.5 -0.0005096935201 5.995286942 0.09174052626 1728.990478 42.11294842 0 0
SAMPLE 13.6 -0.001194922836 5.995326042 0.08384925872 1728.991218 42.20275378 0 0
SAMPLE 13.7 -0.001941852155 5.995371819 0.07632059604 1728.990292 42.28522327 0 0
SAMPLE 13.8 -0.002752710367 5.995410442 0.06919056922 1728.9871 42.3508823 0 0
SAMPLE 13.9 -0.003629974322 5.995448112 0.06248904392 1728.986568 42.4102723 0 0
SAMPLE 14 -0.004576349165 5.995504379 0.05623966083 1728.979136 42.47205777 0 0
SAMPLE 14.1 -0.005594528746 5.995570183 0.05046142265 1728.978449 42.52891127 0 0
SAMPLE 14.2 -0.006687035318 5.995636463 0.04516952857 1728.974312 42.58586482 0 0
SAMPLE 14.3 -0.007856256329 5.995699883 0.04037506133 1728.971326 42.64307976 0 0
SAMPLE 14.4 -0.009104528464 5.995758057 0.03608370572 1728.966742 42.70058172 0 0
SAMPLE 14.5 -0.01043417491 5.99581337 0.03229503334 1728.966124 42.75815663 0 0
SAMPLE 14.6 -0.01184748951 5.995868683 0.02900282852 1728.961043 42.81392131 0 0
SAMPLE 14.7 -0.01334666088 5.99592495 0.0261964649 1728.963274 42.86891333 0 0
SAMPLE 14.8 -0.01493357588 5.995980263 0.02386160009 1728.962484 42.92439994 0 0
SAMPLE 14.9 -0.01660975628 5.996037006 0.02197910473 1728.960527 42.97937515 0 0
SAMPLE 15 -0.01837660186 5.996091366 0.02052387223 1728.969624 43.03459276 0 0
SAMPLE 15.1 -0.02023561485 5.996145725 0.01946610957 1728.968336 43.09294659 0 0
SAMPLE 15.2 -0.02218742482 5.996203899 0.01877883449 1728.973914 43.15063124 0 0
SAMPLE 15.3 -0.02422812209 5.996265888 0.01846837439 1728.979561 43.20897526 0 0
SAMPLE 15.4 -0.02634268813 5.996328831 0.01863978803 1728.976023 43.26352819 0 0
SAMPLE 15.5 -0.02849832736 5.996400833 0.0195710212 1728.990716 43.31931648 0 0
SAMPLE 15.6 -0.03064327314 5.996489048 0.02172846906 1728.986045 43.37764638 0 0
SAMPLE 15.7 -0.03271508589 5.996596336 0.02566664666 1728.997252 43.44169238 0 0
SAMPLE 15.8 -0.03465618193 5.996705532 0.03185446933 1728.984136 43.50122437 0 0
SAMPLE 15.9 -0.03642847762 5.996795177 0.04052274302 1728.995875 43.55324141 0 0
RESULT {"mode":"unloaded","h":0.01111111111,"substep":0.002777777778,"breeze":1,"side":0,"catch_speed":2.5,"rung_mass":2.937389213,"ladder_mass":176.2433528,"max_stretch":0.005569076538,"min_lambda":-5.437802792,"max_lambda":0,"max_tension":1957.609005,"max_hand_force":0,"catch_peak":0,"max_hand_error":0,"max_power":0,"max_sway":0.4768695533,"max_rung_speed":1.24962759,"min_floor_clearance":2.888341577,"release_velocity_jump":0,"departure_speed":0,"loaded_root_reaction":0,"unloaded_root_reaction":1728.957075,"floor_contacts":0,"rung_contacts":0,"slack_samples":0,"climb_rise":0,"initial_energy":30775.26177,"inserted_energy":0,"final_energy":30772.09644,"wind_source_j":328.9916151,"aero_loss_j":328.4986787,"hand_work_j":0,"rope_loss_j":47.25692407,"contact_loss_j":0,"max_rope_injection_step_j":0.03831258783,"max_residual_j":43.59864989,"tail_z":0.05128188059,"tail_y":5.99685812,"player_y":0}
