SAMPLE 0 5.862795049e-08 5.999924183 6.836849025e-07 -0 -0.06584566476 0 0
SAMPLE 0.1 4.216978778e-05 5.946873188 0.0004890358541 2457.359612 -0.4092384802 0 0
SAMPLE 0.2 0.0001658166875 5.931529045 0.001912352745 1351.965465 0.3698799826 0 0
SAMPLE 0.3 0.0003698825894 5.93667078 0.004243135918 1742.914348 0.6817032503 0 0
SAMPLE 0.4 0.0006559402682 5.940381527 0.007484437898 1731.021164 1.049501761 0 0
SAMPLE 0.5 0.001025761943 5.943306923 0.01164137945 1728.880654 1.451414736 0 0
SAMPLE 0.6 0.001481021987 5.945748806 0.01671770029 1729.005209 1.888493448 0 0
SAMPLE 0.7 0.002023280365 5.947853088 0.02271562815 1729.015386 2.358495538 0 0
SAMPLE 0.8 0.002653968753 5.94970417 0.0296357628 1729.007402 2.859622549 0 0
SAMPLE 0.9 0.003374379827 5.951368809 0.03747707233 1729.019484 3.388569867 0 0
SAMPLE 1 0.004185674246 5.952884197 0.04623692855 1729.035136 3.941256292 0 0
SAMPLE 1.1 0.005088870414 5.954276085 0.0559110865 1729.027957 4.508153307 0 0
SAMPLE 1.2 0.006084840745 5.955552578 0.06649369001 1729.025756 5.099611519 0 0
SAMPLE 1.3 0.00717431074 5.956741333 0.07797735184 1729.040052 5.701261898 0 0
SAMPLE 1.4 0.008357872255 5.957873821 0.09035344422 1729.032872 6.32601641 0 0
SAMPLE 1.5 0.009636013769 5.958942413 0.1036123112 1729.040198 6.960831936 0 0
SAMPLE 1.6 0.01100911107 5.959963799 0.1177433506 1729.033018 7.596153221 0 0
SAMPLE 1.7 0.0124774389 5.960932255 0.1327350438 1729.035554 8.231946882 0 0
SAMPLE 1.8 0.01404114719 5.961883545 0.1485751718 1729.038811 8.874678588 0 0
SAMPLE 1.9 0.0157002788 5.962808132 0.1652506292 1729.027408 9.504263046 0 0
SAMPLE 2 0.01745474339 5.963702202 0.182747364 1729.030682 10.12716275 0 0
SAMPLE 2.1 0.01930431835 5.964590549 0.2010505795 1729.020378 10.74391267 0 0
SAMPLE 2.2 0.02124867961 5.96544981 0.220144853 1729.013525 11.35443564 0 0
SAMPLE 2.3 0.02328738756 5.966308594 0.2400143445 1729.005882 11.96606332 0 0
SAMPLE 2.4 0.02541993745 5.967179775 0.2606427073 1728.993141 12.58128321 0 0
SAMPLE 2.5 0.02764555626 5.968046188 0.2820116282 1728.988056 13.18679461 0 0
SAMPLE 2.6 0.0299625285 5.968904495 0.3040922582 1728.970561 13.7757278 0 0
SAMPLE 2.7 0.03236567229 5.969779015 0.326816529 1728.95952 14.35310992 0 0
SAMPLE 2.8 0.0348402448 5.970685959 0.3500043154 1728.936224 14.93315465 0 0
SAMPLE 2.9 0.03735212609 5.971626759 0.3732511401 1728.928411 15.51273017 0 0
SAMPLE 3 0.03983940184 5.972599983 0.3958284259 1728.898867 16.07263964 0 0
SAMPLE 3.1 0.04221753404 5.973608494 0.4167725444 1728.866372 16.62658351 0 0
SAMPLE 3.2 0.04439847916 5.97460556 0.4350547493 1728.827578 17.17373261 0 0
SAMPLE 3.3 0.04631251469 5.975488186 0.4498997033 1728.793126 17.71075826 0 0
SAMPLE 3.4 0.04792701453 5.976241112 0.4609879851 1728.761662 18.23482899 0 0
SAMPLE 3.5 0.04924644157 5.976882458 0.4684467614 1728.757816 18.74821473 0 0
SAMPLE 3.6 0.0502983667 5.977436066 0.4726725817 1728.762587 19.25891246 0 0
SAMPLE 3.7 0.05111660808 5.977918625 0.4741256237 1728.743001 19.76644967 0 0
SAMPLE 3.8 0.0517302081 5.978325367 0.4732022285 1728.749009 20.26953169 0 0
SAMPLE 3.9 0.05216020346 5.978671074 0.4702044129 1728.739053 20.76040691 0 0
SAMPLE 4 0.05242104456 5.978972912 0.4653597772 1728.754844 21.23208316 0 0
SAMPLE 4.1 0.05252345279 5.979227543 0.4588519037 1728.751515 21.69955908 0 0
SAMPLE 4.2 0.05247635767 5.979447365 0.4508361816 1728.753009 22.17137029 0 0
SAMPLE 4.3 0.05228817463 5.979644299 0.4414512515 1728.773985 22.6419647 0 0
SAMPLE 4.4 0.0519666709 5.97982645 0.4308229685 1728.797381 23.11058855 0 0
SAMPLE 4.5 0.05151868612 5.979997635 0.4190684259 1728.793452 23.5694767 0 0
SAMPLE 4.6 0.05095040798 5.980161667 0.4062994123 1728.816815 24.01798517 0 0
SAMPLE 4.7 0.05026784912 5.980324745 0.3926281035 1728.844126 24.45196917 0 0
SAMPLE 4.8 0.0494774282 5.980484009 0.378166616 1728.855337 24.8747316 0 0
SAMPLE 4.9 0.04858579859 5.980631351 0.363024354 1728.870238 25.29654114 0 0
SAMPLE 5 0.04759947583 5.980761051 0.3473065495 1728.889329 25.71964932 0 0
SAMPLE 5.1 0.04652474821 5.980891705 0.3311134577 1728.908933 26.13338821 0 0
SAMPLE 5.2 0.04536782205 5.981025696 0.3145408928 1728.916456 26.52810459 0 0
SAMPLE 5.3 0.04413488135 5.981167793 0.2976821065 1728.936903 26.90847699 0 0
SAMPLE 5.4 0.04283200577 5.981306076 0.2806248963 1728.955256 27.27799685 0 0
SAMPLE 5.5 0.041465085 5.981443882 0.2634512484 1728.966246 27.648225 0 0
SAMPLE 5.6 0.04003985599 5.981581211 0.246240586 1728.986591 28.01978766 0 0
SAMPLE 5.7 0.03856214881 5.981726646 0.2290727794 1728.991678 28.38069294 0 0
SAMPLE 5.8 0.03703795373 5.981884003 0.2120274752 1729.011886 28.73991834 0 0
SAMPLE 5.9 0.03547335416 5.982052803 0.1951819062 1729.023256 29.09247781 0 0
SAMPLE 6 0.03387415782 5.982236385 0.1786064655 1729.031312 29.43761675 0 0
SAMPLE 6.1 0.03224561363 5.982429981 0.1623630971 1729.051969 29.77543594 0 0
SAMPLE 6.2 0.03059247509 5.982637882 0.1465058327 1729.068303 30.09805169 0 0
SAMPLE 6.3 0.02891973034 5.982861042 0.1310838163 1729.079795 30.41090923 0 0
SAMPLE 6.4 0.0272325594 5.983091831 0.1161448509 1729.069468 30.7280864 0 0
SAMPLE 6.5 0.02553604916 5.983299255 0.1017365009 1729.078451 31.04981779 0 0
SAMPLE 6.6 0.02383493632 5.983520031 0.08790478855 1729.065905 31.38244648 0 0
SAMPLE 6.7 0.02213353477 5.983747005 0.07469047606 1729.04881 31.72399859 0 0
SAMPLE 6.8 0.02043586224 5.983987331 0.06212595105 1729.034821 32.04133059 0 0
SAMPLE 6.9 0.01874569245 5.984228611 0.0502367802 1729.027235 32.33080035 0 0
SAMPLE 7 0.01706672646 5.984486103 0.03904560581 1729.018893 32.61868188 0 0
SAMPLE 7.1 0.01540271565 5.984741688 0.02857418731 1729.002483 32.9037756 0 0
SAMPLE 7.2 0.01375718508 5.98499918 0.01884232089 1728.986399 33.17990105 0 0
SAMPLE 7.3 0.01213334873 5.985243797 0.009866959415 1728.984425 33.45473038 0 0
SAMPLE 7.4 0.01053444296 5.985476494 0.001661925693 1728.971499 33.72578713 0 0
SAMPLE 7.5 0.008963780478 5.985702991 -0.005761907902 1728.960822 33.98200983 0 0
SAMPLE 7.6 0.007424498443 5.985929489 -0.01239637751 1728.956719 34.23732679 0 0
SAMPLE 7.7 0.005919509567 5.98615551 -0.01823512092 1728.950883 34.49040582 0 0
SAMPLE 7.8 0.004451872315 5.986394882 -0.02327149548 1728.945235 34.7413533 0 0
SAMPLE 7.9 0.003025090555 5.986638546 -0.0274972599 1728.947175 34.99127689 0 0
SAMPLE 8 0.001642967574 5.986881256 -0.03090284579 1728.940909 35.24082443 0 0
SAMPLE 8.1 0.0003094154526 5.98712492 -0.03347749636 1728.941355 35.49018699 0 0
SAMPLE 8.2 -0.0009713173495 5.987367153 -0.03520780802 1728.945956 35.72319398 0 0
SAMPLE 8.3 -0.002194338711 5.987609863 -0.0360756591 1728.943054 35.93921621 0 0
SAMPLE 8.4 -0.003353921464 5.987849712 -0.03605634719 1728.946316 36.15723241 0 0
SAMPLE 8.5 -0.004443509504 5.988082409 -0.0351161249 1728.949148 36.37865205 0 0
SAMPLE 8.6 -0.005455624312 5.988305092 -0.03320863843 1728.950761 36.60398684 0 0
SAMPLE 8.7 -0.006381244864 5.988522053 -0.03026861511 1728.95385 36.83223772 0 0
SAMPLE 8.8 -0.007208562922 5.988734722 -0.02620233968 1728.956597 37.06325376 0 0
SAMPLE 8.9 -0.007921108045 5.988944054 -0.02087043785 1728.96293 37.28798405 0 0
SAMPLE 9 -0.008496222086 5.98914814 -0.0140593946 1728.956115 37.50511639 0 0
SAMPLE 9.1 -0.008903944865 5.989346504 -0.005471474025 1728.967272 37.70252814 0 0
SAMPLE 9.2 -0.009111776017 5.989528179 0.005224472377 1728.965246 37.88517112 0 0
SAMPLE 9.3 -0.009095426649 5.989674568 0.01825273782 1728.974687 38.06039564 0 0
SAMPLE 9.4 -0.00885164924 5.989791393 0.03356024623 1728.995869 38.23213416 0 0
SAMPLE 9.5 -0.008405599743 5.989920616 0.05073255301 1728.999971 38.41018953 0 0
SAMPLE 9.6 -0.007805528585 5.990084171 0.06906831264 1729.000193 38.58493334 0 0
SAMPLE 9.7 -0.007108489051 5.99028635 0.08778103441 1729.001205 38.76080638 0 0
SAMPLE 9.8 -0.00636511296 5.990509987 0.1061927304 1729.001462 38.93645518 0 0
SAMPLE 9.9 -0.005610879511 5.990746975 0.1238351613 1728.991728 39.11280238 0 0
SAMPLE 10 -0.004865908995 5.990998745 0.1404417157 1728.987813 39.29095701 0 0
SAMPLE 10.1 -0.004139617085 5.991261482 0.1558779478 1728.971591 39.46540202 0 0
SAMPLE 10.2 -0.003436113009 5.991521358 0.1700777262 1728.974697 39.6278214 0 0
SAMPLE 10.3 -0.002757841256 5.991771221 0.1830066741 1728.955419 39.78720263 0 0
SAMPLE 10.4 -0.002106954111 5.992015839 0.1946493536 1728.94069 39.94429012 0 0
SAMPLE 10.5 -0.001485339017 5.992251873 0.2050021291 1728.940329 40.09785179 0 0
SAMPLE 10.6 -0.0008942579734 5.992475033 0.2140676975 1728.920227 40.24798869 0 0
SAMPLE 10.7 -0.0003346216981 5.992684364 0.2218495607 1728.916776 40.39746607 0 0
SAMPLE 10.8 0.0001925250253 5.992881775 0.2283514291 1728.909617 40.54581432 0 0
SAMPLE 10.9 0.00068584783 5.993065357 0.2335806638 1728.90009 40.69394649 0 0
SAMPLE 11 0.001143898349 5.993234634 0.2375539839 1728.894287 40.83609173 0 0
SAMPLE 11.1 0.001565552084 5.993388653 0.2403007597 1728.888776 40.97888677 0 0
SAMPLE 11.2 0.001950182253 5.993528843 0.241862759 1728.884072 41.12192875 0 0
SAMPLE 11.3 0.002297383035 5.993658066 0.2422880828 1728.887436 41.2554053 0 0
SAMPLE 11.4 0.002606523456 5.993776321 0.2416261882 1728.887144 41.37788599 0 0
SAMPLE 11.5 0.002876988146 5.993879795 0.2399273068 1728.884259 41.49658689 0 0
SAMPLE 11.6 0.003108435776 5.993975639 0.2372457832 1728.885409 41.61251977 0 0
SAMPLE 11.7 0.003300920594 5.994044781 0.2336421013 1728.894334 41.72915203 0 0
SAMPLE 11.8 0.003454647493 5.994102478 0.2291821241 1728.899243 41.84982436 0 0
SAMPLE 11.9 0.003569493536 5.994156361 0.2239353806 1728.898058 41.97477603 0 0
SAMPLE 12 0.003644750221 5.994211674 0.2179728001 1728.899155 42.1048969 0 0
SAMPLE 12.1 0.003679455956 5.994261742 0.211365357 1728.901626 42.2380291 0 0
SAMPLE 12.2 0.003673029132 5.994310856 0.2041856498 1728.907204 42.37185101 0 0
SAMPLE 12.3 0.003625369864 5.994356632 0.1965093762 1728.905744 42.50963607 0 0
SAMPLE 12.4 0.003536214586 5.994401932 0.1884149462 1728.908146 42.65454293 0 0
SAMPLE 12.5 0.003404613119 5.994447708 0.1799797714 1728.910874 42.80383455 0 0
SAMPLE 12.6 0.003229227848 5.994495392 0.1712759286 1728.910807 42.95945781 0 0
SAMPLE 12.7 0.003008962842 5.994547367 0.1623708606 1728.930104 43.11451607 0 0
SAMPLE 12.8 0.002743091667 5.994604111 0.1533313692 1728.938862 43.25939099 0 0
SAMPLE 12.9 0.002430813154 5.994659901 0.144227013 1728.949062 43.39465074 0 0
SAMPLE 13 0.002070846735 5.994717121 0.1351275593 1728.965269 43.52370596 0 0
SAMPLE 13.1 0.001661472837 5.994773865 0.1260982901 1728.966731 43.64994424 0 0
SAMPLE 13.2 0.001200849074 5.994832516 0.1171977296 1728.983933 43.77209466 0 0
SAMPLE 13.3 0.000687210646 5.994894981 0.1084787697 1728.979558 43.88929868 0 0
SAMPLE 13.4 0.0001187314556 5.994951725 0.09999090433 1728.993035 44.00012766 0 0
SAMPLE 13.5 -0.0005067284801 5.995009422 0.09178126603 1728.988195 44.10591976 0 0
SAMPLE 13.6 -0.001191583578 5.995066166 0.08389381319 1728.987939 44.20544835 0 0
SAMPLE 13.7 -0.001938216737 5.995122433 0.07636869699 1728.993416 44.29886214 0 0
SAMPLE 13.8 -0.002748836996 5.995173931 0.06924141943 1728.984988 44.38431313 0 0
SAMPLE 13.9 -0.00362574053 5.995220184 0.06254200637 1728.983186 44.46983979 0 0
SAMPLE 14 -0.004571557045 5.995287895 0.05629434809 1728.98595 44.56312778 0 0
SAMPLE 14.1 -0.005589110311 5.995361805 0.05051681027 1728.97081 44.6457492 0 0
SAMPLE 14.2 -0.006681111176 5.995435238 0.04522399977 1728.981179 44.71850922 0 0
SAMPLE 14.3 -0.007850031368 5.995504379 0.04042719305 1728.966056 44.78231769 0 0
SAMPLE 14.4 -0.009098236449 5.995571613 0.03613281995 1728.97215 44.84175832 0 0
SAMPLE 14.5 -0.01042808965 5.995627403 0.032341104 1728.962039 44.89654929 0 0
SAMPLE 14.6 -0.01184185408 5.995681763 0.02904635668 1728.962107 44.94930248 0 0
SAMPLE 14.7 -0.01334151067 5.995738983 0.02623838186 1728.962931 44.99942708 0 0
SAMPLE 14.8 -0.01492869295 5.995794296 0.02390274033 1728.963257 45.0496872 0 0
SAMPLE 14.9 -0.01660490409 5.995850563 0.02202012017 1728.962415 45.09926313 0 0
SAMPLE 15 -0.01837174594 5.995906353 0.02056599036 1728.966534 45.15027975 0 0
SAMPLE 15.1 -0.02023074776 5.995960236 0.01951119117 1728.971546 45.20287162 0 0
SAMPLE 15.2 -0.02218226343 5.996019363 0.01882813871 1728.971425 45.25528937 0 0
SAMPLE 15.3 -0.02422222868 5.996080399 0.01852174848 1728.982976 45.30810574 0 0
SAMPLE 15.4 -0.02633596584 5.996144295 0.01869699731 1728.97925 45.35834811 0 0
SAMPLE 15.5 -0.02849116549 5.996215343 0.01963246427 1728.992604 45.40822573 0 0
SAMPLE 15.6 -0.03063604236 5.996304512 0.02179458179 1728.988362 45.46289906 0 0
SAMPLE 15.7 -0.03270785511 5.996415138 0.02573581226 1728.989219 45.5338806 0 0
SAMPLE 15.8 -0.0346489884 5.996528625 0.03192164376 1728.991465 45.59804177 0 0
SAMPLE 15.9 -0.03642174602 5.996619225 0.04058107361 1728.989626 45.65517421 0 0
RESULT {"mode":"unloaded","velocity_iterations":256,"h":0.01111111111,"substep":0.002777777778,"breeze":1,"side":0,"catch_speed":2.5,"rung_mass":2.937389213,"ladder_mass":176.2433528,"max_stretch":0.005581474304,"min_lambda":-5.732248306,"max_lambda":0,"max_tension":2063.60939,"max_hand_force":0,"catch_peak":0,"max_hand_error":0,"max_power":0,"max_sway":0.4768899083,"max_rung_speed":1.24962759,"min_floor_clearance":2.888341577,"release_velocity_jump":0,"departure_speed":0,"loaded_root_reaction":0,"unloaded_root_reaction":1728.956923,"floor_contacts":0,"rung_contacts":0,"slack_samples":0,"climb_rise":0,"initial_energy":30775.26177,"inserted_energy":0,"final_energy":30771.89002,"wind_source_j":328.9887683,"aero_loss_j":328.4845396,"hand_work_j":0,"rope_loss_j":49.57994602,"contact_loss_j":0,"max_rope_injection_step_j":0.01353300333,"max_residual_j":45.70396375,"tail_z":0.05132618546,"tail_y":5.996685982,"player_y":0}
