SETTLE tick=1 time=0.01111111111 input_x=0 P=28.12000084,80.27151489,-137 V=0,-0.1090000048,0 slip=0,0,0 net_lateral_force_n=0 support=0 grounded=0 balancing=0 ground_work_j=0 deaths=0
SETTLE tick=2 time=0.02222222222 input_x=0 P=28.12000084,80.26909637,-137 V=0,-0.2180000097,0 slip=0,0,0 net_lateral_force_n=0 support=0 grounded=0 balancing=0 ground_work_j=0 deaths=0
SETTLE tick=3 time=0.03333333333 input_x=0 P=28.12000084,80.26546478,-137 V=0,-0.3270000219,0 slip=0,0,0 net_lateral_force_n=0 support=0 grounded=0 balancing=0 ground_work_j=0 deaths=0
SETTLE tick=4 time=0.04444444444 input_x=0 P=28.12000084,80.26062012,-137 V=0,-0.4360000193,0 slip=0,0,0 net_lateral_force_n=0 support=0 grounded=0 balancing=0 ground_work_j=0 deaths=0
SETTLE tick=5 time=0.05555555556 input_x=0 P=28.12000084,80.25456238,-137 V=0,-0.5450000167,0 slip=0,0,0 net_lateral_force_n=0 support=0 grounded=0 balancing=0 ground_work_j=0 deaths=0
SETTLE tick=6 time=0.06666666667 input_x=0 P=28.12000084,80.24729919,-137 V=0,-0.6540000439,0 slip=0,0,0 net_lateral_force_n=0 support=0 grounded=0 balancing=0 ground_work_j=0 deaths=0
SETTLE tick=7 time=0.07777777778 input_x=0 P=28.12000084,80.23882294,-137 V=0,-0.763000071,0 slip=0,0,0 net_lateral_force_n=0 support=0 grounded=0 balancing=0 ground_work_j=0 deaths=0
SETTLE tick=8 time=0.08888888889 input_x=0 P=28.12000084,80.22913361,-137 V=0,-0.8720000982,0 slip=0,0,0 net_lateral_force_n=0 support=0 grounded=0 balancing=0 ground_work_j=0 deaths=0
SETTLE tick=9 time=0.1 input_x=0 P=28.12000084,80.2182312,-137 V=0,-0.9810001254,0 slip=0,0,0 net_lateral_force_n=0 support=1900 grounded=1 balancing=0 ground_work_j=0 deaths=0
SETTLE tick=10 time=0.1111111111 input_x=0 P=28.12000084,80.20700836,-136.9996033 V=0,-1.010242105,0.03625361994 slip=0,-0.1679793745,0.3695548773 net_lateral_force_n=0 support=1900 grounded=1 balancing=1 ground_work_j=0 deaths=0
START tick=10 time=0.1111111111 input_x=0 P=28.12000084,80.20700836,-136.9996033 V=0,-1.010242105,0.03625361994 slip=0,-0.1679793745,0.3695548773 net_lateral_force_n=0 support=1900 grounded=1 balancing=1 ground_work_j=0 deaths=0
GENTLE tick=11 time=0.1222222222 input_x=0.25 P=28.12090683,80.20482635,-136.9947968 V=0.08155076951,-0.1963982284,0.4320760667 slip=0,-0.1866437197,0.4106164873 net_lateral_force_n=623.8633867 support=1900 grounded=1 balancing=1 ground_work_j=0 deaths=0
GENTLE tick=12 time=0.1333333333 input_x=0.25 P=28.12191582,80.20281982,-136.990387 V=0.09081126004,-0.1803711802,0.3968166113 slip=0.08155076951,-0.1963982135,0.4320760667 net_lateral_force_n=70.84275261 support=1900 grounded=1 balancing=1 ground_work_j=0 deaths=0
GENTLE tick=13 time=0.1444444444 input_x=0.25 P=28.12301254,80.2009964,-136.9863739 V=0.09875824302,-0.1642884314,0.3614345491 slip=0.09081126004,-0.1803711802,0.3968166113 net_lateral_force_n=60.7944198 support=1900 grounded=1 balancing=1 ground_work_j=0 deaths=0
GENTLE tick=14 time=0.1555555556 input_x=0.25 P=28.12418365,80.19934845,-136.9827576 V=0.1054637581,-0.1481608748,0.3259539604 slip=0.09875824302,-0.1642884314,0.3614345491 net_lateral_force_n=51.29719041 support=1900 grounded=1 balancing=1 ground_work_j=0 deaths=0
GENTLE tick=15 time=0.1666666667 input_x=0.25 P=28.12541771,80.19788361,-136.979538 V=0.1110047922,-0.1319982558,0.2903961837 slip=0.1054637581,-0.1481608748,0.3259539604 net_lateral_force_n=42.38891043 support=1900 grounded=1 balancing=1 ground_work_j=0 deaths=0
GENTLE tick=16 time=0.1777777778 input_x=0.25 P=28.12670135,80.19659424,-136.9766998 V=0.1154636741,-0.1158090457,0.2547799051 slip=0.1110047922,-0.1319982558,0.2903961837 net_lateral_force_n=34.11044665 support=1900 grounded=1 balancing=1 ground_work_j=0 deaths=0
GENTLE tick=17 time=0.1888888889 input_x=0.25 P=28.12802315,80.19548798,-136.9742584 V=0.1189286113,-0.09960048646,0.2191210836 slip=0.1154636741,-0.1158090457,0.2547799051 net_lateral_force_n=26.50676966 support=1900 grounded=1 balancing=1 ground_work_j=0 deaths=0
GENTLE tick=18 time=0.2 input_x=0.25 P=28.12937355,80.19456482,-136.9722137 V=0.1214945614,-0.0833786279,0.1834329963 slip=0.1189286113,-0.09960048646,0.2191210836 net_lateral_force_n=19.62951869 support=1900 grounded=1 balancing=1 ground_work_j=0 deaths=0
GENTLE tick=19 time=0.2111111111 input_x=0.25 P=28.13074303,80.19380951,-136.9705811 V=0.12326473,-0.06771736592,0.1474675983 slip=0.1214945614,-0.0833786279,0.1834329963 net_lateral_force_n=13.54178935 support=1900 grounded=1 balancing=1 ground_work_j=0 deaths=0
GENTLE tick=20 time=0.2222222222 input_x=0.25 P=28.13212395,80.19324493,-136.9693298 V=0.1243548617,-0.05091319606,0.1120090485 slip=0.12326473,-0.06714829803,0.1477262676 net_lateral_force_n=8.339507505 support=1900 grounded=1 balancing=1 ground_work_j=0 deaths=0
GENTLE tick=21 time=0.2333333333 input_x=0.25 P=28.1335125,80.19285583,-136.9684753 V=0.1248884872,-0.03467588499,0.07628694177 slip=0.1243548617,-0.05091319606,0.1120090485 net_lateral_force_n=4.082234949 support=1900 grounded=1 balancing=1 ground_work_j=0 deaths=0
GENTLE tick=22 time=0.2444444444 input_x=0.25 P=28.13490105,80.19258118,-136.9678802 V=0.125,-0.02460203879,0.05412447825 slip=0.1248884872,-0.03467588127,0.07628694177 net_lateral_force_n=0.8530732244 support=1900 grounded=1 balancing=1 ground_work_j=0 deaths=0
GENTLE tick=23 time=0.2555555556 input_x=0.25 P=28.1362896,80.19232941,-136.9673157 V=0.125,-0.02287705801,0.05032953247 slip=0.125,-0.0246020332,0.05412448198 net_lateral_force_n=0 support=1900 grounded=1 balancing=1 ground_work_j=0 deaths=0
GENTLE tick=24 time=0.2666666667 input_x=0.25 P=28.13767815,80.19207764,-136.9667664 V=0.125,-0.02258168161,0.04967971146 slip=0.125,-0.02287705801,0.05032953247 net_lateral_force_n=0 support=1900 grounded=1 balancing=1 ground_work_j=0 deaths=0
GENTLE tick=25 time=0.2777777778 input_x=0.25 P=28.1390667,80.19182587,-136.966217 V=0.125,-0.02253110148,0.04956844077 slip=0.125,-0.02258168533,0.04967971146 net_lateral_force_n=0 support=1900 grounded=1 balancing=1 ground_work_j=0 deaths=0
GENTLE tick=26 time=0.2888888889 input_x=0.25 P=28.14045525,80.1915741,-136.9656677 V=0.125,-0.02252244204,0.04954938591 slip=0.125,-0.02253110707,0.04956843704 net_lateral_force_n=0 support=1900 grounded=1 balancing=1 ground_work_j=0 deaths=0
GENTLE tick=27 time=0.3 input_x=0.25 P=28.1418438,80.19132233,-136.9651184 V=0.125,-0.02252096683,0.04954612628 slip=0.125,-0.02252244577,0.04954938591 net_lateral_force_n=0 support=1900 grounded=1 balancing=1 ground_work_j=0 deaths=0
GENTLE tick=28 time=0.3111111111 input_x=0.25 P=28.14323235,80.19107056,-136.9645691 V=0.125,-0.02252071165,0.04954556748 slip=0.125,-0.02252096683,0.04954612628 net_lateral_force_n=0 support=1900 grounded=1 balancing=1 ground_work_j=0 deaths=0
GENTLE tick=29 time=0.3222222222 input_x=0.25 P=28.1446209,80.19081879,-136.9640198 V=0.125,-0.02252066135,0.04954547435 slip=0.125,-0.02252071165,0.04954556748 net_lateral_force_n=0 support=1900 grounded=1 balancing=1 ground_work_j=0 deaths=0
GENTLE tick=30 time=0.3333333333 input_x=0.25 P=28.14600945,80.19056702,-136.9634705 V=0.125,-0.02252065949,0.049545452 slip=0.125,-0.02252066694,0.04954547063 net_lateral_force_n=0 support=1900 grounded=1 balancing=1 ground_work_j=0 deaths=0
GENTLE tick=31 time=0.3444444444 input_x=0.25 P=28.14739799,80.19031525,-136.9629211 V=0.125,-0.02252065763,0.04954545572 slip=0.125,-0.02252065763,0.049545452 net_lateral_force_n=0 support=1900 grounded=1 balancing=1 ground_work_j=0 deaths=0
GENTLE tick=32 time=0.3555555556 input_x=0.25 P=28.14878654,80.19006348,-136.9623718 V=0.125,-0.02252066322,0.049545452 slip=0.125,-0.02252066135,0.04954545572 net_lateral_force_n=0 support=1900 grounded=1 balancing=1 ground_work_j=0 deaths=0
GENTLE tick=33 time=0.3666666667 input_x=0.25 P=28.15017509,80.18981171,-136.9618225 V=0.125,-0.02252066135,0.049545452 slip=0.125,-0.02252065949,0.049545452 net_lateral_force_n=0 support=1900 grounded=1 balancing=1 ground_work_j=0 deaths=0
GENTLE tick=34 time=0.3777777778 input_x=0.25 P=28.15156364,80.18955994,-136.9612732 V=0.125,-0.02252065949,0.04954545572 slip=0.125,-0.02252065763,0.049545452 net_lateral_force_n=0 support=1900 grounded=1 balancing=1 ground_work_j=0 deaths=0
GENTLE tick=35 time=0.3888888889 input_x=0.25 P=28.15295219,80.18930817,-136.9607239 V=0.125,-0.02252065577,0.04954545572 slip=0.125,-0.02252066135,0.04954545572 net_lateral_force_n=0 support=1900 grounded=1 balancing=1 ground_work_j=0 deaths=0
GENTLE tick=36 time=0.4 input_x=0.25 P=28.15434074,80.1890564,-136.9601746 V=0.125,-0.02252066135,0.049545452 slip=0.125,-0.02252065949,0.04954545572 net_lateral_force_n=0 support=1900 grounded=1 balancing=1 ground_work_j=0 deaths=0
GENTLE tick=37 time=0.4111111111 input_x=0.25 P=28.15572929,80.18880463,-136.9596252 V=0.125,-0.02252066135,0.049545452 slip=0.125,-0.02252066135,0.049545452 net_lateral_force_n=0 support=1900 grounded=1 balancing=1 ground_work_j=0 deaths=0
NEUTRAL tick=38 time=0.4222222222 input_x=0 P=28.15623665,80.18847656,-136.9589081 V=0.04566156864,-0.0293386206,0.06454496831 slip=0.125,-0.02252065763,0.049545452 net_lateral_force_n=-606.9389999 support=1900 grounded=1 balancing=1 ground_work_j=0 deaths=0
NEUTRAL tick=39 time=0.4333333333 input_x=0 P=28.15623665,80.18821716,-136.9583282 V=-3.725290298e-09,-0.02368811518,0.05211386457 slip=0.04566156864,-0.0293386206,0.06454496831 net_lateral_force_n=-349.3110286 support=1900 grounded=1 balancing=1 ground_work_j=0 deaths=0
NEUTRAL tick=40 time=0.4444444444 input_x=0 P=28.15623665,80.18796539,-136.9577789 V=0,-0.02272056043,0.0499852486 slip=-3.725290298e-09,-0.0236881189,0.05211386457 net_lateral_force_n=2.849847078e-05 support=1900 grounded=1 balancing=1 ground_work_j=0 deaths=0
NEUTRAL tick=41 time=0.4555555556 input_x=0 P=28.15623665,80.18771362,-136.9572296 V=0,-0.02255488932,0.04962075874 slip=0,-0.02272056416,0.0499852486 net_lateral_force_n=0 support=1900 grounded=1 balancing=1 ground_work_j=0 deaths=0
NEUTRAL tick=42 time=0.4666666667 input_x=0 P=28.15623665,80.18746185,-136.9566803 V=0,-0.02252651565,0.04955834895 slip=0,-0.02255488746,0.04962075874 net_lateral_force_n=0 support=1900 grounded=1 balancing=1 ground_work_j=0 deaths=0
NEUTRAL tick=43 time=0.4777777778 input_x=0 P=28.15623665,80.18721008,-136.956131 V=0,-0.02252166346,0.04954765737 slip=0,-0.02252651937,0.04955834895 net_lateral_force_n=0 support=1900 grounded=1 balancing=1 ground_work_j=0 deaths=0
NEUTRAL tick=44 time=0.4888888889 input_x=0 P=28.15623665,80.18695831,-136.9555817 V=0,-0.02252083085,0.04954582825 slip=0,-0.02252165973,0.04954765737 net_lateral_force_n=0 support=1900 grounded=1 balancing=1 ground_work_j=0 deaths=0
NEUTRAL tick=45 time=0.5 input_x=0 P=28.15623665,80.18670654,-136.9550323 V=0,-0.02252069674,0.04954552278 slip=0,-0.02252082899,0.04954582825 net_lateral_force_n=0 support=1900 grounded=1 balancing=1 ground_work_j=0 deaths=0
NEUTRAL tick=46 time=0.5111111111 input_x=0 P=28.15623665,80.18645477,-136.954483 V=0,-0.02252066322,0.04954546317 slip=0,-0.02252069302,0.04954552278 net_lateral_force_n=0 support=1900 grounded=1 balancing=1 ground_work_j=0 deaths=0
NEUTRAL tick=47 time=0.5222222222 input_x=0 P=28.15623665,80.186203,-136.9539337 V=0,-0.0225206539,0.049545452 slip=0,-0.02252066135,0.04954546317 net_lateral_force_n=0 support=1900 grounded=1 balancing=1 ground_work_j=0 deaths=0
NEUTRAL tick=48 time=0.5333333333 input_x=0 P=28.15623665,80.18595123,-136.9533844 V=0,-0.02252066135,0.049545452 slip=0,-0.02252065763,0.049545452 net_lateral_force_n=0 support=1900 grounded=1 balancing=1 ground_work_j=0 deaths=0
NEUTRAL tick=49 time=0.5444444444 input_x=0 P=28.15623665,80.18569946,-136.9528351 V=0,-0.02252065949,0.04954545572 slip=0,-0.02252066135,0.049545452 net_lateral_force_n=0 support=1900 grounded=1 balancing=1 ground_work_j=0 deaths=0
NEUTRAL tick=50 time=0.5555555556 input_x=0 P=28.15623665,80.18544769,-136.9522858 V=0,-0.02252066322,0.049545452 slip=0,-0.02252066135,0.04954545572 net_lateral_force_n=0 support=1900 grounded=1 balancing=1 ground_work_j=0 deaths=0
NEUTRAL tick=51 time=0.5666666667 input_x=0 P=28.15623665,80.18519592,-136.9517365 V=0,-0.02252065949,0.04954545572 slip=0,-0.02252065949,0.049545452 net_lateral_force_n=0 support=1900 grounded=1 balancing=1 ground_work_j=0 deaths=0
NEUTRAL tick=52 time=0.5777777778 input_x=0 P=28.15623665,80.18494415,-136.9511871 V=0,-0.02252066322,0.04954545572 slip=0,-0.02252066135,0.04954545572 net_lateral_force_n=0 support=1900 grounded=1 balancing=1 ground_work_j=0 deaths=0
NEUTRAL tick=53 time=0.5888888889 input_x=0 P=28.15623665,80.18469238,-136.9506378 V=0,-0.02252065949,0.04954545572 slip=0,-0.02252066135,0.04954545572 net_lateral_force_n=0 support=1900 grounded=1 balancing=1 ground_work_j=0 deaths=0
NEUTRAL tick=54 time=0.6 input_x=0 P=28.15623665,80.18444061,-136.9500885 V=0,-0.02252066322,0.04954545572 slip=0,-0.02252066135,0.04954545572 net_lateral_force_n=0 support=1900 grounded=1 balancing=1 ground_work_j=0 deaths=0
NEUTRAL tick=55 time=0.6111111111 input_x=0 P=28.15623665,80.18418884,-136.9495392 V=0,-0.02252065949,0.04954545572 slip=0,-0.02252066135,0.04954545572 net_lateral_force_n=0 support=1900 grounded=1 balancing=1 ground_work_j=0 deaths=0
NEUTRAL tick=56 time=0.6222222222 input_x=0 P=28.15623665,80.18393707,-136.9489899 V=0,-0.02252066322,0.049545452 slip=0,-0.02252066135,0.04954545572 net_lateral_force_n=0 support=1900 grounded=1 balancing=1 ground_work_j=0 deaths=0
NEUTRAL tick=57 time=0.6333333333 input_x=0 P=28.15623665,80.1836853,-136.9484406 V=0,-0.02252065949,0.04954545572 slip=0,-0.02252065949,0.049545452 net_lateral_force_n=0 support=1900 grounded=1 balancing=1 ground_work_j=0 deaths=0
NEUTRAL tick=58 time=0.6444444444 input_x=0 P=28.15623665,80.18343353,-136.9478912 V=0,-0.02252065577,0.049545452 slip=0,-0.02252066135,0.04954545572 net_lateral_force_n=0 support=1900 grounded=1 balancing=1 ground_work_j=0 deaths=0
NEUTRAL tick=59 time=0.6555555556 input_x=0 P=28.15623665,80.18318176,-136.9473419 V=0,-0.0225206539,0.049545452 slip=0,-0.02252065763,0.049545452 net_lateral_force_n=0 support=1900 grounded=1 balancing=1 ground_work_j=0 deaths=0
NEUTRAL tick=60 time=0.6666666667 input_x=0 P=28.15623665,80.18292999,-136.9467926 V=0,-0.02252066135,0.049545452 slip=0,-0.02252065763,0.049545452 net_lateral_force_n=0 support=1900 grounded=1 balancing=1 ground_work_j=0 deaths=0
NEUTRAL tick=61 time=0.6777777778 input_x=0 P=28.15623665,80.18267822,-136.9462433 V=0,-0.02252065949,0.04954545572 slip=0,-0.02252065949,0.049545452 net_lateral_force_n=0 support=1900 grounded=1 balancing=1 ground_work_j=0 deaths=0
NEUTRAL tick=62 time=0.6888888889 input_x=0 P=28.15623665,80.18242645,-136.945694 V=0,-0.02252066322,0.049545452 slip=0,-0.02252066135,0.04954545572 net_lateral_force_n=0 support=1900 grounded=1 balancing=1 ground_work_j=0 deaths=0
NEUTRAL tick=63 time=0.7 input_x=0 P=28.15623665,80.18217468,-136.9451447 V=0,-0.02252065949,0.04954545572 slip=0,-0.02252065949,0.049545452 net_lateral_force_n=0 support=1900 grounded=1 balancing=1 ground_work_j=0 deaths=0
NEUTRAL tick=64 time=0.7111111111 input_x=0 P=28.15623665,80.18192291,-136.9445953 V=0,-0.02252065577,0.04954545572 slip=0,-0.02252066135,0.04954545572 net_lateral_force_n=0 support=1900 grounded=1 balancing=1 ground_work_j=0 deaths=0
AFTER result=DELIBERATE_CORRECTION_AND_NEUTRAL_BRAKING_PASSED settled_ticks=10 start_x=28.12000084 gentle_x=28.15572929 neutral_x=28.15623665 gentle_delta_x=0.03572845459 neutral_delta_x=0.0005073547363 support=1900 source_ground_command_force_unexposed=1 net_force_includes_solver=1 post_stage_pose_or_velocity_writes=0
