BRACE_FOOT position=28.0403,77.9,-130.986 velocity=0,0,0 grounded=1 support=1900 balance=0 crouch=0 deaths=0
FIRST_LANDING position=28.0007,82.8984,-143.954 velocity=0,0,0 grounded=1 support=1900 balance=0 crouch=0 deaths=0
GAP_TAKEOFF position=30.0303,82.8984,-143.999 velocity=4.16925,0,0 grounded=1 support=1900 balance=0 crouch=0 deaths=0
GAP_LANDING position=33.6292,82.8934,-144 velocity=0,0,0 grounded=1 support=1900 balance=0 crouch=0 deaths=0
STANDING_BLOCKED position=33.9954,84.8839,-138.711 velocity=0.00118017,7.45058e-09,2.6077e-08 grounded=1 support=1900 balance=1 crouch=0 deaths=0
CROUCHED_PASS position=33.9972,85.4677,-136.767 velocity=0.001052,0.0679299,0.149446 grounded=1 support=1900 balance=1 crouch=1 deaths=0
UPPER_JUNCTION position=33.9995,87.8985,-131.539 velocity=0,0,0 grounded=1 support=1900 balance=0 crouch=0 deaths=0
MANTLE_READY position=26.7215,87.8991,-131.989 velocity=0,0,0 grounded=1 support=1900 balance=1 crouch=0 deaths=0
TOWER_MANTLE_START gravity=1 hands=2 state=4
TOWER_MANTLE_TRANSFER seconds=1.52222 supported=1 gravity=1
RING_88 position=24.8401,88.9,-131.999 velocity=0,0,0 grounded=1 support=11 balance=0 crouch=0 deaths=0
UPPER_CHECKPOINT_RETRY position=25.865,88.9,-127.956 velocity=0,0,0 grounded=1 support=11 balance=0 crouch=0 deaths=1
BRACE_FOOT position=28.0403,77.9,-130.986 velocity=0,0,0 grounded=1 support=1900 balance=0 crouch=0 deaths=0
FIRST_LANDING position=28.0007,82.8984,-143.954 velocity=0,0,0 grounded=1 support=1900 balance=0 crouch=0 deaths=0
GAP_TAKEOFF position=29.8095,82.8984,-144.19 velocity=3.706,0,0 grounded=1 support=1900 balance=0 crouch=0 deaths=0
GAP_LANDING position=33.613,82.8934,-144.2 velocity=0,0,0 grounded=1 support=1900 balance=0 crouch=0 deaths=0
BRACE_FOOT position=28.0403,77.9,-130.986 velocity=0,0,0 grounded=1 support=1900 balance=0 crouch=0 deaths=0
FIRST_LANDING position=28.0007,82.8984,-143.954 velocity=0,0,0 grounded=1 support=1900 balance=0 crouch=0 deaths=0
GAP_TAKEOFF position=30.3274,82.8984,-143.805 velocity=4.69951,0,0 grounded=1 support=1900 balance=0 crouch=0 deaths=0
GAP_LANDING position=33.6449,82.8934,-143.8 velocity=0,0,0 grounded=1 support=1900 balance=0 crouch=0 deaths=0
BRACE_FOOT position=28.0403,77.9,-130.986 velocity=0,0,0 grounded=1 support=1900 balance=0 crouch=0 deaths=0
FIRST_LANDING position=28.0007,82.8984,-143.954 velocity=0,0,0 grounded=1 support=1900 balance=0 crouch=0 deaths=0
GAP_WITHOUT_JUMP position=32.4606,80.527,-143.998 velocity=0.00624962,2.03912,-0.00352592 grounded=0 support=0 balance=0 crouch=0 deaths=0
GAP_RECOVERY position=32.4666,77.88,-144.002 velocity=0,0,0 grounded=1 support=1900 balance=0 crouch=0 deaths=0
DELIBERATE_BALANCE_CORRECTION position=27.9948,80.1709,-136.921 velocity=-0.1,-0.0225207,0.0495455 grounded=1 support=1900 balance=1 crouch=0 deaths=0
DELIBERATE_SIDE_EXIT position=31.7194,77.88,-136.543 velocity=0,0,0 grounded=1 support=1900 balance=0 crouch=0 deaths=0
PASS scraperx_sim AS-021 braced bay parkour to +88, gap, crouch and recovery
