Godot Engine v4.7.stable.official.5b4e0cb0f - https://godotengine.org
WARNING: Could not set V-Sync mode, as changing V-Sync mode is not supported by the graphics driver.
     at: set_use_vsync (platform/linuxbsd/x11/gl_manager_x11.cpp:372)
OpenGL API 3.3 (Core Profile) Mesa 26.0.8-1ubuntu0.3 - Compatibility - Using Device: Mesa - softpipe
WARNING: Started the engine as `root`/superuser. This is a security risk, and subsystems like audio may not work correctly.
Set the environment variable `GODOT_SILENCE_ROOT_WARNING` to 1 to silence this warning.
     at: setup2 (main/main.cpp:3577)
ALSA lib confmisc.c:855:(parse_card) [error.core] cannot find card '0'
ALSA lib conf.c:5211:(_snd_config_evaluate) [error.core] function snd_func_card_inum returned error: No such file or directory
ALSA lib confmisc.c:422:(snd_func_concat) [error.core] error evaluating strings
ALSA lib conf.c:5211:(_snd_config_evaluate) [error.core] function snd_func_concat returned error: No such file or directory
ALSA lib confmisc.c:1342:(snd_func_refer) [error.core] error evaluating name
ALSA lib conf.c:5211:(_snd_config_evaluate) [error.core] function snd_func_refer returned error: No such file or directory
ALSA lib conf.c:5734:(snd_config_expand) [error.core] Evaluate error: No such file or directory
ALSA lib pcm.c:2722:(snd_pcm_open_noupdate) [error.pcm] Unknown PCM default
ERROR: Condition "status < 0" is true. Returning: ERR_CANT_OPEN
   at: init_output_device (drivers/alsa/audio_driver_alsa.cpp:97)
WARNING: All audio drivers failed, falling back to the dummy driver.
     at: initialize (servers/audio/audio_server.cpp:258)

SCRAPERX_EXTENSION_LOADED api=4.7 authority=scraperx_sim scene=slingshot
SCRAPERX_VIEWPORT size=192x164 aspect=1.171 fov=82.0 far=2000
KIT_PARITY_DIFF expected=["KitBody2900",[["mesh",[["90c52849ceae0126da6412a41effa7fa919b60d29ee2c616285ced31683b8517",["4a3420ff",0.0199999995529652,0.899999976158142,0.0,0.0,true]]]]]] actual=["KitBody2900",[["mesh",[["90c52849ceae0126da6412a41effa7fa919b60d29ee2c616285ced31683b8517",["4a3420ff",0.0199999995529652,0.899999976158142,0,0,true]]]]]]
SCRAPERX_AUDIO_BANK clips=28 msec=468 driver=Dummy
ERROR: SCRAPERX_KIT_VIEW FAIL enabled body has a visible mesh 0
   at: push_error (core/variant/variant_utility.cpp:1023)
   GDScript backtrace (most recent call first):
       [0] _check (res://tests/kit_view_test.gd:20)
       [1] _sample (res://tests/kit_view_test.gd:72)
       [2] _run (res://tests/kit_view_test.gd:207)
SCRAPERX_KIT_VIEW FAIL checks=32786 rigid_bodies=29 renderer=X11
