Test project /data/data/com.termux/files/usr/tmp/scraperx-continuation-1pc10lpd/host-build
      Start  5: scraperx_sim.athletic_traversal
      Start  8: scraperx_sim.swing_stair_route_0
 1/28 Test  #5: scraperx_sim.athletic_traversal ..........***Failed    0.06 sec
FAIL: default world must contain the player, physical slingshot pouch, stair, upper lift and teeter movers

      Start  7: scraperx_sim.ascent_route
 2/28 Test  #7: scraperx_sim.ascent_route ................   Passed    5.63 sec
      Start 15: scraperx_sim.swing_stair_route_7
 3/28 Test  #8: scraperx_sim.swing_stair_route_0 .........   Passed    7.91 sec
      Start 13: scraperx_sim.swing_stair_route_5
 4/28 Test #15: scraperx_sim.swing_stair_route_7 .........   Passed    8.07 sec
      Start 10: scraperx_sim.swing_stair_route_2
 5/28 Test #13: scraperx_sim.swing_stair_route_5 .........   Passed    7.28 sec
      Start 12: scraperx_sim.swing_stair_route_4
 6/28 Test #10: scraperx_sim.swing_stair_route_2 .........   Passed    7.17 sec
      Start  9: scraperx_sim.swing_stair_route_1
 7/28 Test #12: scraperx_sim.swing_stair_route_4 .........   Passed    7.01 sec
      Start 28: scraperx_sim.north_service_frame_360hz
 8/28 Test #28: scraperx_sim.north_service_frame_360hz ...   Passed    6.68 sec
      Start  3: scraperx_sim.launcher_and_restart
 9/28 Test  #9: scraperx_sim.swing_stair_route_1 .........   Passed    9.33 sec
      Start 26: scraperx_sim.north_service_frame
10/28 Test #26: scraperx_sim.north_service_frame .........   Passed    7.53 sec
      Start 11: scraperx_sim.swing_stair_route_3
11/28 Test #11: scraperx_sim.swing_stair_route_3 .........   Passed    7.96 sec
      Start 27: scraperx_sim.north_service_frame_60hz
12/28 Test #27: scraperx_sim.north_service_frame_60hz ....   Passed    7.44 sec
      Start 25: scraperx_sim.braced_bay
13/28 Test #25: scraperx_sim.braced_bay ..................   Passed    8.30 sec
      Start 23: scraperx_sim.teeter_route
14/28 Test #23: scraperx_sim.teeter_route ................   Passed    6.41 sec
      Start 22: scraperx_sim.pipe_bridge_refinement
15/28 Test #22: scraperx_sim.pipe_bridge_refinement ......   Passed    5.52 sec
      Start 20: scraperx_sim.pipe_bridge_regrab
16/28 Test  #3: scraperx_sim.launcher_and_restart ........   Passed   46.78 sec
      Start 16: scraperx_sim.pipe_bridge_route
17/28 Test #20: scraperx_sim.pipe_bridge_regrab ..........   Passed    4.32 sec
      Start 18: scraperx_sim.pipe_bridge_rack_only
18/28 Test #16: scraperx_sim.pipe_bridge_route ...........   Passed    3.90 sec
      Start 21: scraperx_sim.pipe_bridge_passenger
19/28 Test #18: scraperx_sim.pipe_bridge_rack_only .......   Passed    3.20 sec
      Start 14: scraperx_sim.swing_stair_route_6
20/28 Test #14: scraperx_sim.swing_stair_route_6 .........   Passed    1.93 sec
      Start 19: scraperx_sim.pipe_bridge_empty_release
21/28 Test #21: scraperx_sim.pipe_bridge_passenger .......   Passed    4.23 sec
      Start 17: scraperx_sim.pipe_bridge_no_input
22/28 Test #19: scraperx_sim.pipe_bridge_empty_release ...   Passed    2.66 sec
      Start  2: scraperx_sim.slingshot_machine
23/28 Test #17: scraperx_sim.pipe_bridge_no_input ........   Passed    2.29 sec
      Start  6: scraperx_sim.parkour_flow
24/28 Test  #6: scraperx_sim.parkour_flow ................   Passed    0.84 sec
      Start 24: scraperx_sim.teeter_physics
25/28 Test  #2: scraperx_sim.slingshot_machine ...........   Passed    1.37 sec
      Start  4: scraperx_sim.landing_response
26/28 Test #24: scraperx_sim.teeter_physics ..............   Passed    0.94 sec
      Start  1: scraperx_sim.slingshot_model
27/28 Test  #1: scraperx_sim.slingshot_model .............   Passed    0.17 sec
28/28 Test  #4: scraperx_sim.landing_response ............   Passed    3.52 sec

96% tests passed, 1 tests failed out of 28

Total Test time (real) =  90.49 sec

The following tests FAILED:
	  5 - scraperx_sim.athletic_traversal (Failed)
Errors while running CTest
