[  5%] Building CXX object CMakeFiles/scraperx_sim.dir/src/sim/inspection_junction_route.cpp.o
[  5%] Building CXX object CMakeFiles/scraperx_sim.dir/src/sim/simulation.cpp.o
/data/data/com.termux/files/usr/tmp/scraperx-launch-repair-09h3foao/host-source/src/sim/simulation.cpp: In lambda function:
/data/data/com.termux/files/usr/tmp/scraperx-launch-repair-09h3foao/host-source/src/sim/simulation.cpp:3081:90: note: parameter passing for argument of type 'std::pair<float, float>' when C++17 is enabled changed to match C++14 in GCC 10.1
 3081 |             return std::pair<float, float>{(min_x + max_x) * 0.5F, (max_x - min_x) * 0.5F};
      |                                                                                          ^
[  8%] Building CXX object CMakeFiles/scraperx_sim.dir/src/sim/deformable_plank.cpp.o
[ 10%] Linking CXX static library libscraperx_sim.a
[ 94%] Built target scraperx_sim
[ 97%] Linking CXX executable scraperx_deformable_plank_player_tests
[100%] Built target scraperx_deformable_plank_player_tests
[ 94%] Built target scraperx_sim
[ 97%] Building CXX object CMakeFiles/scraperx_deformable_plank_tests.dir/tests/deformable_plank_tests.cpp.o
[100%] Linking CXX executable scraperx_deformable_plank_tests
[100%] Built target scraperx_deformable_plank_tests
[ 94%] Built target scraperx_sim
[ 97%] Building CXX object CMakeFiles/scraperx_inspection_junction_route_tests.dir/tests/inspection_junction_route_tests.cpp.o
[100%] Linking CXX executable scraperx_inspection_junction_route_tests
[100%] Built target scraperx_inspection_junction_route_tests
[ 92%] Built target scraperx_sim
[ 94%] Building CXX object CMakeFiles/scraperx_native.dir/src/bridge/register_types.cpp.o
[ 97%] Building CXX object CMakeFiles/scraperx_native.dir/src/bridge/scraperx_simulation.cpp.o
[100%] Linking CXX shared library /data/data/com.termux/files/usr/tmp/scraperx-launch-repair-09h3foao/host-source/godot/addons/scraperx_native/bin/linux/libscraperx_native.so
[100%] Built target scraperx_native
