PLANK_PLAYER,native_player_fall_overload,begin,tick=0,x=-6.800000191,y=410.899993896,z=-128.199996948,vx=0.000000000,vy=0.000000000,vz=0.000000000,grounded=0,support=0,board_centre_y=406.980987549,gravity=1.000000000,deaths=0,landings=0,jump_work_j=0.000000000,peak_strength_ratio=0.000000000,broken_mask=0
PLANK_PLAYER,native_player_fall_overload,actual_player_rupture,tick=72,x=-6.800194263,y=407.761718750,z=-128.199996948,vx=-0.026557766,vy=-6.919944286,vz=0.000000001,grounded=1,support=2886,board_centre_y=406.845535278,gravity=1.000000000,deaths=0,landings=1,jump_work_j=0.000000000,peak_strength_ratio=1.341147542,broken_mask=112
PLANK_NATIVE_POSE,native_player_fall_overload,actual_player_rupture,entity=2880,body_index=219,x=-7.901448727,y=406.963989258,z=-128.199996948,qx=-0.000000000,qy=0.000000000,qz=-0.085239194,qw=0.996360540,vx=-0.125593439,vy=-0.849975169,vz=0.000000000
PLANK_NATIVE_POSE,native_player_fall_overload,actual_player_rupture,entity=2881,body_index=220,x=-7.704029083,y=406.930938721,z=-128.199996948,qx=-0.000000000,qy=0.000000000,qz=-0.080599710,qw=0.996746600,vx=-0.396079332,vy=-2.497634649,vz=-0.000000001
PLANK_NATIVE_POSE,native_player_fall_overload,actual_player_rupture,entity=2882,body_index=221,x=-7.506248474,y=406.900665283,z=-128.199996948,qx=-0.000000000,qy=0.000000000,qz=-0.071031228,qw=0.997474134,vx=-0.611637294,vy=-4.007400036,vz=-0.000000002
PLANK_NATIVE_POSE,native_player_fall_overload,actual_player_rupture,entity=2883,body_index=222,x=-7.307839870,y=406.875152588,z=-128.199996948,qx=0.000000000,qy=0.000000000,qz=-0.056953587,qw=0.998376846,vx=-0.765963793,vy=-5.283616543,vz=-0.000000003
PLANK_NATIVE_POSE,native_player_fall_overload,actual_player_rupture,entity=2884,body_index=223,x=-7.108736992,y=406.856140137,z=-128.199996948,qx=0.000000000,qy=0.000000000,qz=-0.037857920,qw=0.999283135,vx=-0.853035510,vy=-6.234791279,vz=-0.000000004
PLANK_NATIVE_POSE,native_player_fall_overload,actual_player_rupture,entity=2885,body_index=224,x=-6.909056187,y=406.845764160,z=-128.199996948,qx=0.000000001,qy=0.000000000,qz=-0.014759494,qw=0.999891102,vx=-0.882476568,vy=-6.749219894,vz=-0.000000004
PLANK_NATIVE_POSE,native_player_fall_overload,actual_player_rupture,entity=2886,body_index=225,x=-6.709127903,y=406.845306396,z=-128.199996948,qx=0.000000001,qy=0.000000000,qz=0.013427829,qw=0.999909878,vx=-0.890130877,vy=-6.801431656,vz=-0.000000003
PLANK_NATIVE_POSE,native_player_fall_overload,actual_player_rupture,entity=2887,body_index=226,x=-6.509438992,y=406.855621338,z=-128.199996948,qx=0.000000001,qy=0.000000000,qz=0.037643347,qw=0.999291241,vx=-0.919365466,vy=-6.296952248,vz=-0.000000003
PLANK_NATIVE_POSE,native_player_fall_overload,actual_player_rupture,entity=2888,body_index=227,x=-6.310329437,y=406.874420166,z=-128.199996948,qx=0.000000000,qy=0.000000000,qz=0.056688778,qw=0.998391926,vx=-1.004863858,vy=-5.360239983,vz=-0.000000002
PLANK_NATIVE_POSE,native_player_fall_overload,actual_player_rupture,entity=2889,body_index=228,x=-6.111932755,y=406.900024414,z=-128.199996948,qx=0.000000000,qy=0.000000000,qz=0.071521632,qw=0.997439027,vx=-1.161615729,vy=-4.075199127,vz=-0.000000001
PLANK_NATIVE_POSE,native_player_fall_overload,actual_player_rupture,entity=2890,body_index=229,x=-5.914182186,y=406.930480957,z=-128.199996948,qx=0.000000000,qy=0.000000000,qz=0.081213810,qw=0.996696770,vx=-1.382983088,vy=-2.547456503,vz=-0.000000001
PLANK_NATIVE_POSE,native_player_fall_overload,actual_player_rupture,entity=2891,body_index=230,x=-5.716873169,y=406.963836670,z=-128.199996948,qx=0.000000000,qy=0.000000000,qz=0.086095624,qw=0.996286929,vx=-1.649549007,vy=-0.867019713,vz=-0.000000000
PLANK_PLAYER,native_player_fall_overload,tick,tick=90,x=-6.749438286,y=406.183197021,z=-128.268463135,vx=1.002121925,vy=-8.856346130,vz=-1.205989838,grounded=0,support=0,board_centre_y=404.797790527,gravity=1.000000000,deaths=0,landings=2,jump_work_j=0.000000000,peak_strength_ratio=1.341147542,broken_mask=112
PLANK_PLAYER,native_player_fall_overload,tick,tick=180,x=-5.675325871,y=404.392181396,z=-129.167037964,vx=0.067679875,vy=0.000000000,vz=0.960460663,grounded=1,support=1936,board_centre_y=403.518997192,gravity=1.000000000,deaths=0,landings=3,jump_work_j=0.000000000,peak_strength_ratio=1.341147542,broken_mask=112
PLANK_PLAYER,native_player_fall_overload,tick,tick=270,x=-5.775802612,y=404.399963379,z=-127.490226746,vx=-0.080166981,vy=0.000000000,vz=1.498172402,grounded=1,support=1936,board_centre_y=403.518997192,gravity=1.000000000,deaths=0,landings=4,jump_work_j=0.000000000,peak_strength_ratio=1.341147542,broken_mask=112
PLANK_PLAYER,native_player_fall_overload,tick,tick=360,x=-5.789636612,y=404.399963379,z=-127.191497803,vx=-0.000259159,vy=0.000000000,vz=0.005899873,grounded=1,support=1936,board_centre_y=403.518997192,gravity=1.000000000,deaths=0,landings=4,jump_work_j=0.000000000,peak_strength_ratio=1.341147542,broken_mask=112
PLANK_PLAYER,native_player_fall_overload,tick,tick=450,x=-5.789669514,y=404.399963379,z=-127.190635681,vx=-0.000000838,vy=0.000000000,vz=0.000019073,grounded=1,support=1936,board_centre_y=403.518997192,gravity=1.000000000,deaths=0,landings=4,jump_work_j=0.000000000,peak_strength_ratio=1.341147542,broken_mask=112
PLANK_PLAYER,native_player_fall_overload,stable_recovered_with_damage,tick=467,x=-5.789669514,y=404.399963379,z=-127.190635681,vx=-0.000000284,vy=0.000000000,vz=0.000006457,grounded=1,support=1936,board_centre_y=403.518997192,gravity=1.000000000,deaths=0,landings=4,jump_work_j=0.000000000,peak_strength_ratio=1.341147542,broken_mask=112
PLANK_NATIVE_POSE,native_player_fall_overload,native_fragments_after_player_impact,entity=2880,body_index=219,x=-8.001836777,y=406.881042480,z=-128.199996948,qx=0.000000803,qy=-0.000000818,qz=-0.713573277,qw=0.700580657,vx=0.001698378,vy=-0.000031291,vz=-0.000000005
PLANK_NATIVE_POSE,native_player_fall_overload,native_fragments_after_player_impact,entity=2881,body_index=220,x=-8.005511284,y=406.681091309,z=-128.199996948,qx=0.000000803,qy=-0.000000818,qz=-0.713573277,qw=0.700580657,vx=0.005077588,vy=-0.000114861,vz=-0.000000077
PLANK_NATIVE_POSE,native_player_fall_overload,native_fragments_after_player_impact,entity=2882,body_index=221,x=-8.009185791,y=406.481140137,z=-128.199996948,qx=0.000000803,qy=-0.000000818,qz=-0.713573873,qw=0.700580060,vx=0.008482653,vy=-0.000194416,vz=-0.000000204
PLANK_NATIVE_POSE,native_player_fall_overload,native_fragments_after_player_impact,entity=2883,body_index=222,x=-8.012860298,y=406.281188965,z=-128.199996948,qx=0.000000803,qy=-0.000000818,qz=-0.713575959,qw=0.700577855,vx=0.011887624,vy=-0.000269471,vz=-0.000000351
PLANK_NATIVE_POSE,native_player_fall_overload,native_fragments_after_player_impact,entity=2884,body_index=223,x=-8.016537666,y=406.081237793,z=-128.199996948,qx=0.000000803,qy=-0.000000818,qz=-0.713576257,qw=0.700577557,vx=0.015273232,vy=-0.000333054,vz=-0.000000509
PLANK_NATIVE_POSE,native_player_fall_overload,native_fragments_after_player_impact,entity=2885,body_index=224,x=-7.825843811,y=403.518981934,z=-127.686485291,qx=0.000059448,qy=0.450106919,qz=0.000057657,qw=0.892974675,vx=0.000000000,vy=-0.000000000,vz=-0.000000000
PLANK_NATIVE_POSE,native_player_fall_overload,native_fragments_after_player_impact,entity=2886,body_index=225,x=-7.022204399,y=403.519012451,z=-126.460769653,qx=0.000008145,qy=0.993617237,qz=-0.000024929,qw=-0.112804554,vx=0.000000000,vy=0.000000000,vz=-0.000000000
PLANK_NATIVE_POSE,native_player_fall_overload,native_fragments_after_player_impact,entity=2887,body_index=226,x=-5.400567532,y=403.519012451,z=-128.253585815,qx=-0.194327950,qy=0.000022224,qz=-0.980936646,qw=-0.000042491,vx=0.000060342,vy=-0.000018503,vz=-0.000531979
PLANK_NATIVE_POSE,native_player_fall_overload,native_fragments_after_player_impact,entity=2888,body_index=227,x=-5.585461617,y=403.519012451,z=-128.177337646,qx=-0.194320306,qy=0.000024094,qz=-0.980938196,qw=-0.000033896,vx=0.000109287,vy=-0.000012489,vz=-0.000192572
PLANK_NATIVE_POSE,native_player_fall_overload,native_fragments_after_player_impact,entity=2889,body_index=228,x=-5.770356655,y=403.519012451,z=-128.101089478,qx=-0.194329128,qy=0.000030605,qz=-0.980936408,qw=-0.000016437,vx=0.000084878,vy=-0.000013379,vz=0.000166950
PLANK_NATIVE_POSE,native_player_fall_overload,native_fragments_after_player_impact,entity=2890,body_index=229,x=-5.955251217,y=403.519012451,z=-128.024826050,qx=-0.194338217,qy=0.000034769,qz=-0.980934620,qw=0.000065633,vx=0.000130099,vy=0.001619601,vz=-0.000164649
PLANK_NATIVE_POSE,native_player_fall_overload,native_fragments_after_player_impact,entity=2891,body_index=230,x=-6.140145302,y=403.518981934,z=-127.948577881,qx=-0.194330201,qy=0.000036536,qz=-0.980936229,qw=0.000074526,vx=0.000097349,vy=0.004887677,vz=-0.000464646
PASS DEFORMABLE_PLANK_PLAYER_FRACTURE actual_gravity_loaded85kg=1 actual_rupture=1 ordinary_air_steering=1 actual_recovery_tray=1 persistent_damage=1 no_assisted_elevation=1
