PLANK_PLAYER,steel_start,tick,tick=90,x=-8.800000191,y=407.899993896,z=-128.199996948,vx=0.000000000,vy=0.000000000,vz=0.000000000,grounded=1,support=1935,board_centre_y=406.979019165,gravity=1.000000000,deaths=0,landings=1,jump_work_j=0.000000000,peak_strength_ratio=0.021765860,broken_mask=0
PLANK_PLAYER,steel_start,tick,tick=180,x=-8.800000191,y=407.899993896,z=-128.199996948,vx=0.000000000,vy=0.000000000,vz=0.000000000,grounded=1,support=1935,board_centre_y=406.979019165,gravity=1.000000000,deaths=0,landings=1,jump_work_j=0.000000000,peak_strength_ratio=0.021765860,broken_mask=0
PLANK_PLAYER,steel_start,tick,tick=270,x=-8.800000191,y=407.899993896,z=-128.199996948,vx=0.000000000,vy=0.000000000,vz=0.000000000,grounded=1,support=1935,board_centre_y=406.979019165,gravity=1.000000000,deaths=0,landings=1,jump_work_j=0.000000000,peak_strength_ratio=0.021765860,broken_mask=0
PLANK_PLAYER,steel_start,tick,tick=360,x=-8.800000191,y=407.899993896,z=-128.199996948,vx=0.000000000,vy=0.000000000,vz=0.000000000,grounded=1,support=1935,board_centre_y=406.979019165,gravity=1.000000000,deaths=0,landings=1,jump_work_j=0.000000000,peak_strength_ratio=0.021765860,broken_mask=0
PLANK_NATIVE_POSE,steel_start,gravity_only_baseline,entity=2880,body_index=219,x=-7.900000095,y=406.980712891,z=-128.199996948,qx=-0.000000002,qy=-0.000000000,qz=-0.001308111,qw=0.999999166,vx=0.000001804,vy=0.000689288,vz=0.000000000
PLANK_NATIVE_POSE,steel_start,gravity_only_baseline,entity=2881,body_index=220,x=-7.700000763,y=406.980224609,z=-128.199996948,qx=-0.000000002,qy=-0.000000000,qz=-0.001203569,qw=0.999999285,vx=0.000019432,vy=0.001709515,vz=0.000000000
PLANK_NATIVE_POSE,steel_start,gravity_only_baseline,entity=2882,body_index=221,x=-7.500001431,y=406.979736328,z=-128.199996948,qx=-0.000000001,qy=-0.000000000,qz=-0.001007900,qw=0.999999523,vx=0.000006673,vy=0.002089206,vz=0.000000001
PLANK_NATIVE_POSE,steel_start,gravity_only_baseline,entity=2883,body_index=222,x=-7.300001621,y=406.979400635,z=-128.199996948,qx=-0.000000001,qy=-0.000000000,qz=-0.000763807,qw=0.999999762,vx=0.000018476,vy=0.002162170,vz=0.000000002
PLANK_NATIVE_POSE,steel_start,gravity_only_baseline,entity=2884,body_index=223,x=-7.100001335,y=406.979125977,z=-128.199996948,qx=-0.000000000,qy=-0.000000000,qz=-0.000473707,qw=0.999999940,vx=0.000009718,vy=0.002188221,vz=-0.000000003
PLANK_NATIVE_POSE,steel_start,gravity_only_baseline,entity=2885,body_index=224,x=-6.900001526,y=406.979034424,z=-128.199996948,qx=0.000000001,qy=0.000000001,qz=-0.000156837,qw=1.000000000,vx=0.000015195,vy=0.002186792,vz=0.000000032
PLANK_NATIVE_POSE,steel_start,gravity_only_baseline,entity=2886,body_index=225,x=-6.700001240,y=406.979003906,z=-128.199996948,qx=-0.000000001,qy=-0.000000001,qz=0.000168899,qw=1.000000000,vx=0.000013382,vy=0.002187458,vz=0.000000036
PLANK_NATIVE_POSE,steel_start,gravity_only_baseline,entity=2887,body_index=226,x=-6.500001431,y=406.979156494,z=-128.199996948,qx=0.000000002,qy=0.000000001,qz=0.000529316,qw=0.999999881,vx=0.000012941,vy=0.000543045,vz=0.000000000
PLANK_NATIVE_POSE,steel_start,gravity_only_baseline,entity=2888,body_index=227,x=-6.300001621,y=406.979400635,z=-128.199996948,qx=0.000000002,qy=0.000000001,qz=0.000689642,qw=0.999999762,vx=0.000009484,vy=0.002156217,vz=0.000000000
PLANK_NATIVE_POSE,steel_start,gravity_only_baseline,entity=2889,body_index=228,x=-6.100001335,y=406.979766846,z=-128.199996948,qx=0.000000003,qy=0.000000001,qz=0.001150033,qw=0.999999404,vx=-0.000064799,vy=0.000532338,vz=0.000000000
PLANK_NATIVE_POSE,steel_start,gravity_only_baseline,entity=2890,body_index=229,x=-5.900002003,y=406.980224609,z=-128.199996948,qx=0.000000004,qy=0.000000002,qz=0.001137002,qw=0.999999344,vx=-0.000058152,vy=-0.001861339,vz=-0.000000000
PLANK_NATIVE_POSE,steel_start,gravity_only_baseline,entity=2891,body_index=230,x=-5.700003147,y=406.980712891,z=-128.199996948,qx=0.000000004,qy=0.000000002,qz=0.001317533,qw=0.999999166,vx=-0.000062557,vy=0.000314939,vz=-0.000000000
PLANK_PLAYER,walk_left_seams_to_centre,begin,tick=360,x=-8.800000191,y=407.899993896,z=-128.199996948,vx=0.000000000,vy=0.000000000,vz=0.000000000,grounded=1,support=1935,board_centre_y=406.979019165,gravity=1.000000000,deaths=0,landings=1,jump_work_j=0.000000000,peak_strength_ratio=0.021765860,broken_mask=0
PLANK_WALKED_SEAM,index=0,native_x=-7.800015326,support=2880,tick=406
PLANK_WALKED_SEAM,index=1,native_x=-7.600177390,support=2882,tick=411
PLANK_WALKED_SEAM,index=2,native_x=-7.400294222,support=2883,tick=416
PLANK_WALKED_SEAM,index=3,native_x=-7.200420246,support=2884,tick=422
PLANK_WALKED_SEAM,index=4,native_x=-7.000577292,support=2885,tick=430
PLANK_WALKED_SEAM,index=5,native_x=-6.800543972,support=2886,tick=440
PLANK_PLAYER,walk_left_seams_to_centre,tick,tick=450,x=-6.707807064,y=407.870544434,z=-128.199996948,vx=0.407847106,vy=0.016928898,vz=-0.000012668,grounded=1,support=2887,board_centre_y=406.951934814,gravity=1.000000000,deaths=0,landings=1,jump_work_j=0.000000000,peak_strength_ratio=0.293072701,broken_mask=0
PLANK_PLAYER,walk_left_seams_to_centre,arrived,tick=504,x=-6.790660381,y=407.865600586,z=-128.199996948,vx=-0.093622178,vy=0.019553211,vz=-0.000014449,grounded=1,support=2885,board_centre_y=406.947158813,gravity=1.000000000,deaths=0,landings=1,jump_work_j=0.000000000,peak_strength_ratio=0.300295025,broken_mask=0
PLANK_PLAYER,real85kg_standing_load,begin,tick=504,x=-6.790660381,y=407.865600586,z=-128.199996948,vx=-0.093622178,vy=0.019553211,vz=-0.000014449,grounded=1,support=2885,board_centre_y=406.947158813,gravity=1.000000000,deaths=0,landings=1,jump_work_j=0.000000000,peak_strength_ratio=0.300295025,broken_mask=0
PLANK_PLAYER,real85kg_standing_load,tick,tick=540,x=-6.818706036,y=407.866699219,z=-128.199996948,vx=-0.026707208,vy=0.031990569,vz=-0.000001453,grounded=1,support=2885,board_centre_y=406.948348999,gravity=1.000000000,deaths=0,landings=1,jump_work_j=0.000000000,peak_strength_ratio=0.300295025,broken_mask=0
PLANK_PLAYER,real85kg_standing_load,tick,tick=630,x=-6.809819221,y=407.864318848,z=-128.199996948,vx=-0.007713641,vy=-0.002620588,vz=-0.000000005,grounded=1,support=2885,board_centre_y=406.946823120,gravity=1.000000000,deaths=0,landings=1,jump_work_j=0.000000000,peak_strength_ratio=0.301631749,broken_mask=0
PLANK_PLAYER,real85kg_standing_load,tick,tick=720,x=-6.801360130,y=407.866668701,z=-128.199996948,vx=0.003699972,vy=-0.031865723,vz=-0.000000001,grounded=1,support=2885,board_centre_y=406.948791504,gravity=1.000000000,deaths=0,landings=1,jump_work_j=0.000000000,peak_strength_ratio=0.301631749,broken_mask=0
PLANK_PLAYER,real85kg_standing_load,tick,tick=810,x=-6.798283577,y=407.868530273,z=-128.199996948,vx=-0.021555254,vy=-0.004947099,vz=-0.000000000,grounded=1,support=2886,board_centre_y=406.950363159,gravity=1.000000000,deaths=0,landings=1,jump_work_j=0.000000000,peak_strength_ratio=0.302197784,broken_mask=0
PLANK_PLAYER_LOAD,extra_sag_m=0.031295776,native_player_mass_kg=85,point_load_reference_m=0.03114
PLANK_NATIVE_POSE,real85kg_standing_load,real_standing_load,entity=2880,body_index=219,x=-7.900088310,y=406.976776123,z=-128.199996948,qx=0.000000018,qy=-0.000000000,qz=-0.021168722,qw=0.999775946,vx=0.000225440,vy=0.005316546,vz=-0.000000000
PLANK_NATIVE_POSE,real85kg_standing_load,real_standing_load,entity=2881,body_index=220,x=-7.700259209,y=406.968536377,z=-128.199996948,qx=0.000000017,qy=-0.000000001,qz=-0.019722428,qw=0.999805510,vx=0.000383983,vy=0.006753270,vz=-0.000000001
PLANK_NATIVE_POSE,real85kg_standing_load,real_standing_load,entity=2882,body_index=221,x=-7.500395298,y=406.961151123,z=-128.199996948,qx=0.000000016,qy=-0.000000001,qz=-0.017663486,qw=0.999844015,vx=0.000346237,vy=0.009546141,vz=-0.000000001
PLANK_NATIVE_POSE,real85kg_standing_load,real_standing_load,entity=2883,body_index=222,x=-7.300498962,y=406.954742432,z=-128.199996948,qx=0.000000014,qy=-0.000000001,qz=-0.013802173,qw=0.999904752,vx=0.000683345,vy=0.015603364,vz=-0.000000002
PLANK_NATIVE_POSE,real85kg_standing_load,real_standing_load,entity=2884,body_index=223,x=-7.100550652,y=406.950286865,z=-128.199996948,qx=0.000000013,qy=-0.000000001,qz=-0.009200115,qw=0.999957681,vx=0.000882604,vy=0.017494513,vz=-0.000000003
PLANK_NATIVE_POSE,real85kg_standing_load,real_standing_load,entity=2885,body_index=224,x=-6.900572300,y=406.947631836,z=-128.199996948,qx=0.000000012,qy=-0.000000001,qz=-0.003379460,qw=0.999994278,vx=0.000972037,vy=0.022843279,vz=-0.000000003
PLANK_NATIVE_POSE,real85kg_standing_load,real_standing_load,entity=2886,body_index=225,x=-6.700575829,y=406.947814941,z=-128.199996948,qx=0.000000011,qy=-0.000000000,qz=0.003596685,qw=0.999993563,vx=0.000982699,vy=0.022711705,vz=-0.000000002
PLANK_NATIVE_POSE,real85kg_standing_load,real_standing_load,entity=2887,body_index=226,x=-6.500595093,y=406.950256348,z=-128.199996948,qx=0.000000010,qy=0.000000000,qz=0.009228394,qw=0.999957502,vx=0.001053046,vy=0.021166766,vz=-0.000000001
PLANK_NATIVE_POSE,real85kg_standing_load,real_standing_load,entity=2888,body_index=227,x=-6.300653458,y=406.955017090,z=-128.199996948,qx=0.000000009,qy=0.000000001,qz=0.013964280,qw=0.999902546,vx=0.001024532,vy=0.017226072,vz=-0.000000001
PLANK_NATIVE_POSE,real85kg_standing_load,real_standing_load,entity=2889,body_index=228,x=-6.100749493,y=406.961181641,z=-128.199996948,qx=0.000000009,qy=0.000000002,qz=0.017437374,qw=0.999848008,vx=0.001307984,vy=0.008608486,vz=-0.000000001
PLANK_NATIVE_POSE,real85kg_standing_load,real_standing_load,entity=2890,body_index=229,x=-5.900890827,y=406.968719482,z=-128.199996948,qx=0.000000008,qy=0.000000003,qz=0.019637249,qw=0.999807239,vx=0.001316735,vy=0.006713530,vz=-0.000000001
PLANK_NATIVE_POSE,real85kg_standing_load,real_standing_load,entity=2891,body_index=230,x=-5.701053143,y=406.976715088,z=-128.199996948,qx=0.000000008,qy=0.000000005,qz=0.021048229,qw=0.999778509,vx=0.001724722,vy=0.004064644,vz=-0.000000000
PLANK_PLAYER,ordinary_centre_jump,begin,tick=864,x=-6.811156750,y=407.865936279,z=-128.199996948,vx=-0.027569862,vy=0.025571417,vz=-0.000000037,grounded=1,support=2885,board_centre_y=406.947723389,gravity=1.000000000,deaths=0,landings=1,jump_work_j=0.000000000,peak_strength_ratio=0.302266508,broken_mask=0
PLANK_PLAYER,ordinary_centre_jump,actual_free_flight,tick=865,x=-6.811463833,y=407.868560791,z=-128.199996948,vx=-0.027569862,vy=0.197759002,vz=-0.000000037,grounded=0,support=0,board_centre_y=406.916809082,gravity=1.000000000,deaths=0,landings=1,jump_work_j=1285.622465793,peak_strength_ratio=0.823842764,broken_mask=0
PLANK_NATIVE_POSE,ordinary_centre_jump,jump_board_motion,entity=2880,body_index=219,x=-7.900352478,y=406.972595215,z=-128.199996948,qx=0.000000018,qy=-0.000000001,qz=-0.042127933,qw=0.999112248,vx=-0.012948993,vy=-0.161963835,vz=-0.000000000
PLANK_NATIVE_POSE,ordinary_centre_jump,jump_board_motion,entity=2881,body_index=220,x=-7.701003551,y=406.956268311,z=-128.199996948,qx=0.000000017,qy=-0.000000001,qz=-0.039286748,qw=0.999228001,vx=-0.043417890,vy=-0.464833945,vz=-0.000000002
PLANK_NATIVE_POSE,ordinary_centre_jump,jump_board_motion,entity=2882,body_index=221,x=-7.501528740,y=406.941680908,z=-128.199996948,qx=0.000000015,qy=-0.000000001,qz=-0.033995546,qw=0.999422014,vx=-0.063350424,vy=-0.699552298,vz=-0.000000003
PLANK_NATIVE_POSE,ordinary_centre_jump,jump_board_motion,entity=2883,body_index=222,x=-7.301897526,y=406.929595947,z=-128.199996948,qx=0.000000014,qy=-0.000000001,qz=-0.026015060,qw=0.999661565,vx=-0.074102409,vy=-0.846407235,vz=-0.000000003
PLANK_NATIVE_POSE,ordinary_centre_jump,jump_board_motion,entity=2884,body_index=223,x=-7.102080822,y=406.921173096,z=-128.199996948,qx=0.000000012,qy=-0.000000001,qz=-0.016613329,qw=0.999862015,vx=-0.078406617,vy=-0.916522980,vz=-0.000000002
PLANK_NATIVE_POSE,ordinary_centre_jump,jump_board_motion,entity=2885,body_index=224,x=-6.902143955,y=406.916656494,z=-128.199996948,qx=0.000000011,qy=-0.000000001,qz=-0.005367612,qw=0.999985635,vx=-0.079457358,vy=-0.952498853,vz=-0.000000001
PLANK_NATIVE_POSE,ordinary_centre_jump,jump_board_motion,entity=2886,body_index=225,x=-6.702155590,y=406.916961670,z=-128.199996948,qx=0.000000010,qy=-0.000000000,qz=0.006304145,qw=0.999980152,vx=-0.079471089,vy=-1.011648655,vz=-0.000000001
PLANK_NATIVE_POSE,ordinary_centre_jump,jump_board_motion,entity=2887,body_index=226,x=-6.502218723,y=406.921508789,z=-128.199996948,qx=0.000000009,qy=0.000000000,qz=0.017061206,qw=0.999854505,vx=-0.079303779,vy=-1.066071391,vz=-0.000000002
PLANK_NATIVE_POSE,ordinary_centre_jump,jump_board_motion,entity=2888,body_index=227,x=-6.302416801,y=406.930328369,z=-128.199996948,qx=0.000000009,qy=0.000000001,qz=0.026415562,qw=0.999651074,vx=-0.082367778,vy=-1.038047671,vz=-0.000000004
PLANK_NATIVE_POSE,ordinary_centre_jump,jump_board_motion,entity=2889,body_index=228,x=-6.102769852,y=406.942199707,z=-128.199996948,qx=0.000000008,qy=0.000000002,qz=0.033633031,qw=0.999434292,vx=-0.093731306,vy=-0.881522357,vz=-0.000000005
PLANK_NATIVE_POSE,ordinary_centre_jump,jump_board_motion,entity=2890,body_index=229,x=-5.903290272,y=406.956756592,z=-128.199996948,qx=0.000000008,qy=0.000000004,qz=0.038702469,qw=0.999250770,vx=-0.117180608,vy=-0.591023028,vz=-0.000000003
PLANK_NATIVE_POSE,ordinary_centre_jump,jump_board_motion,entity=2891,body_index=230,x=-5.703920364,y=406.972656250,z=-128.199996948,qx=0.000000008,qy=0.000000005,qz=0.041369818,qw=0.999143898,vx=-0.149466991,vy=-0.207291663,vz=-0.000000000
PLANK_PLAYER_JUMP,board_motion_m=0.030914307,jump_work_delta_j=1285.622465793
PLANK_PLAYER,actual_timber_landing_braking,begin,tick=867,x=-6.810365200,y=407.871215820,z=-128.199996948,vx=-0.030824915,vy=0.188285634,vz=-0.000000929,grounded=1,support=2885,board_centre_y=406.953231812,gravity=1.000000000,deaths=0,landings=2,jump_work_j=1285.622465793,peak_strength_ratio=0.823842764,broken_mask=0
PLANK_PLAYER,actual_timber_landing_braking,arrived,tick=867,x=-6.810365200,y=407.871215820,z=-128.199996948,vx=-0.030824915,vy=0.188285634,vz=-0.000000929,grounded=1,support=2885,board_centre_y=406.953231812,gravity=1.000000000,deaths=0,landings=2,jump_work_j=1285.622465793,peak_strength_ratio=0.823842764,broken_mask=0
PLANK_NATIVE_POSE,actual_timber_landing_braking,actual_timber_landing,entity=2880,body_index=219,x=-7.900049686,y=406.977813721,z=-128.199996948,qx=0.000000018,qy=-0.000000000,qz=-0.015992280,qw=0.999872208,vx=0.001575793,vy=0.048957538,vz=-0.000000000
PLANK_NATIVE_POSE,actual_timber_landing_braking,actual_timber_landing,entity=2881,body_index=220,x=-7.700138569,y=406.971466064,z=-128.199996948,qx=0.000000017,qy=-0.000000001,qz=-0.015405301,qw=0.999881387,vx=-0.000548361,vy=0.130809918,vz=0.000000001
PLANK_NATIVE_POSE,actual_timber_landing_braking,actual_timber_landing,entity=2882,body_index=221,x=-7.500221729,y=406.965545654,z=-128.199996948,qx=0.000000016,qy=-0.000000001,qz=-0.014608216,qw=0.999893308,vx=-0.001119405,vy=0.185449794,vz=0.000000001
PLANK_NATIVE_POSE,actual_timber_landing_braking,actual_timber_landing,entity=2883,body_index=222,x=-7.300294876,y=406.960052490,z=-128.199996948,qx=0.000000015,qy=-0.000000001,qz=-0.012380009,qw=0.999923408,vx=-0.001804589,vy=0.204077289,vz=-0.000000001
PLANK_NATIVE_POSE,actual_timber_landing_braking,actual_timber_landing,entity=2884,body_index=223,x=-7.100337029,y=406.955841064,z=-128.199996948,qx=0.000000013,qy=-0.000000001,qz=-0.009312680,qw=0.999956667,vx=-0.002535757,vy=0.200708359,vz=-0.000000001
PLANK_NATIVE_POSE,actual_timber_landing_braking,actual_timber_landing,entity=2885,body_index=224,x=-6.900358677,y=406.953063965,z=-128.199996948,qx=0.000000012,qy=-0.000000001,qz=-0.003578059,qw=0.999993622,vx=-0.003062185,vy=0.198455766,vz=-0.000000003
PLANK_NATIVE_POSE,actual_timber_landing_braking,actual_timber_landing,entity=2886,body_index=225,x=-6.700364113,y=406.953399658,z=-128.199996948,qx=0.000000011,qy=-0.000000000,qz=0.004036208,qw=0.999991894,vx=-0.002931783,vy=0.219456345,vz=-0.000000007
PLANK_NATIVE_POSE,actual_timber_landing_braking,actual_timber_landing,entity=2887,body_index=226,x=-6.500379562,y=406.955810547,z=-128.199996948,qx=0.000000010,qy=0.000000000,qz=0.008974395,qw=0.999959767,vx=-0.003388157,vy=0.222257555,vz=-0.000000008
PLANK_NATIVE_POSE,actual_timber_landing_braking,actual_timber_landing,entity=2888,body_index=227,x=-6.300427914,y=406.960266113,z=-128.199996948,qx=0.000000010,qy=0.000000001,qz=0.012606904,qw=0.999920607,vx=-0.004188857,vy=0.224917263,vz=-0.000000005
PLANK_NATIVE_POSE,actual_timber_landing_braking,actual_timber_landing,entity=2889,body_index=228,x=-6.100494385,y=406.965545654,z=-128.199996948,qx=0.000000009,qy=0.000000002,qz=0.014313454,qw=0.999897599,vx=-0.005001243,vy=0.205580652,vz=-0.000000002
PLANK_NATIVE_POSE,actual_timber_landing_braking,actual_timber_landing,entity=2890,body_index=229,x=-5.900581360,y=406.971588135,z=-128.199996948,qx=0.000000008,qy=0.000000003,qz=0.015494017,qw=0.999880016,vx=-0.005285579,vy=0.148028433,vz=-0.000000001
PLANK_NATIVE_POSE,actual_timber_landing_braking,actual_timber_landing,entity=2891,body_index=230,x=-5.700668812,y=406.977783203,z=-128.199996948,qx=0.000000008,qy=0.000000005,qz=0.015836781,qw=0.999874651,vx=-0.005156172,vy=0.052645095,vz=0.000000000
PLANK_PLAYER,walk_remaining_seams_to_right_steel,begin,tick=867,x=-6.810365200,y=407.871215820,z=-128.199996948,vx=-0.030824915,vy=0.188285634,vz=-0.000000929,grounded=1,support=2885,board_centre_y=406.953231812,gravity=1.000000000,deaths=0,landings=2,jump_work_j=1285.622465793,peak_strength_ratio=0.823842764,broken_mask=0
PLANK_WALKED_SEAM,index=6,native_x=-6.600830871,support=2886,tick=891
PLANK_PLAYER,walk_remaining_seams_to_right_steel,tick,tick=900,x=-6.403794289,y=407.876464844,z=-128.199996948,vx=2.111943722,vy=0.186554626,vz=-0.000004372,grounded=1,support=2887,board_centre_y=406.955978394,gravity=1.000000000,deaths=0,landings=2,jump_work_j=1285.622465793,peak_strength_ratio=0.823842764,broken_mask=0
PLANK_WALKED_SEAM,index=7,native_x=-6.400278778,support=2887,tick=901
PLANK_WALKED_SEAM,index=8,native_x=-6.200208748,support=2888,tick=908
PLANK_WALKED_SEAM,index=9,native_x=-6.000358280,support=2889,tick=915
PLANK_WALKED_SEAM,index=10,native_x=-5.800017887,support=2890,tick=921
PLANK_PLAYER,walk_remaining_seams_to_right_steel,arrived,tick=981,x=-4.885810375,y=407.899963379,z=-128.199996948,vx=0.099987239,vy=0.000000000,vz=-0.000013381,grounded=1,support=1935,board_centre_y=406.979034424,gravity=1.000000000,deaths=0,landings=2,jump_work_j=1285.622465793,peak_strength_ratio=0.823842764,broken_mask=0
PLANK_PLAYER,plank_unloads_on_steel_exit,begin,tick=981,x=-4.885810375,y=407.899963379,z=-128.199996948,vx=0.099987239,vy=0.000000000,vz=-0.000013381,grounded=1,support=1935,board_centre_y=406.979034424,gravity=1.000000000,deaths=0,landings=2,jump_work_j=1285.622465793,peak_strength_ratio=0.823842764,broken_mask=0
PLANK_PLAYER,plank_unloads_on_steel_exit,tick,tick=990,x=-4.878259659,y=407.899963379,z=-128.199996948,vx=0.056350980,vy=0.000000000,vz=-0.000007541,grounded=1,support=1935,board_centre_y=406.979034424,gravity=1.000000000,deaths=0,landings=2,jump_work_j=1285.622465793,peak_strength_ratio=0.823842764,broken_mask=0
PLANK_PLAYER,plank_unloads_on_steel_exit,tick,tick=1080,x=-4.868538857,y=407.899963379,z=-128.199996948,vx=0.000182168,vy=0.000000000,vz=-0.000000024,grounded=1,support=1935,board_centre_y=406.979034424,gravity=1.000000000,deaths=0,landings=2,jump_work_j=1285.622465793,peak_strength_ratio=0.823842764,broken_mask=0
PLANK_PLAYER,plank_unloads_on_steel_exit,tick,tick=1170,x=-4.868516445,y=407.899963379,z=-128.199996948,vx=0.000000589,vy=0.000000000,vz=-0.000000000,grounded=1,support=1935,board_centre_y=406.979034424,gravity=1.000000000,deaths=0,landings=2,jump_work_j=1285.622465793,peak_strength_ratio=0.823842764,broken_mask=0
PLANK_PLAYER,plank_unloads_on_steel_exit,tick,tick=1260,x=-4.868516445,y=407.899963379,z=-128.199996948,vx=0.000000002,vy=0.000000000,vz=-0.000000000,grounded=1,support=1935,board_centre_y=406.979034424,gravity=1.000000000,deaths=0,landings=2,jump_work_j=1285.622465793,peak_strength_ratio=0.823842764,broken_mask=0
PLANK_PLAYER_UNLOAD,max_segment_y_error_m=0.000030518
PLANK_NATIVE_POSE,plank_unloads_on_steel_exit,unloaded_baseline_return,entity=2880,body_index=219,x=-7.900000095,y=406.980712891,z=-128.199996948,qx=0.000000016,qy=-0.000000000,qz=-0.001306001,qw=0.999999166,vx=0.000001137,vy=0.000436813,vz=-0.000000000
PLANK_NATIVE_POSE,plank_unloads_on_steel_exit,unloaded_baseline_return,entity=2881,body_index=220,x=-7.700000286,y=406.980224609,z=-128.199996948,qx=0.000000015,qy=0.000000001,qz=-0.001194553,qw=0.999999344,vx=-0.000072867,vy=0.000874727,vz=-0.000000000
PLANK_NATIVE_POSE,plank_unloads_on_steel_exit,unloaded_baseline_return,entity=2882,body_index=221,x=-7.500001431,y=406.979736328,z=-128.199996948,qx=0.000000014,qy=0.000000001,qz=-0.001013831,qw=0.999999523,vx=0.000003662,vy=0.000908818,vz=-0.000000001
PLANK_NATIVE_POSE,plank_unloads_on_steel_exit,unloaded_baseline_return,entity=2883,body_index=222,x=-7.300001621,y=406.979400635,z=-128.199996948,qx=0.000000013,qy=0.000000002,qz=-0.000689114,qw=0.999999762,vx=0.000011409,vy=-0.001707811,vz=-0.000000001
PLANK_NATIVE_POSE,plank_unloads_on_steel_exit,unloaded_baseline_return,entity=2884,body_index=223,x=-7.100001335,y=406.979156494,z=-128.199996948,qx=0.000000011,qy=0.000000002,qz=-0.000522822,qw=0.999999940,vx=0.000009063,vy=-0.002514316,vz=-0.000000002
PLANK_NATIVE_POSE,plank_unloads_on_steel_exit,unloaded_baseline_return,entity=2885,body_index=224,x=-6.900001526,y=406.979034424,z=-128.199996948,qx=0.000000010,qy=0.000000002,qz=-0.000214334,qw=1.000000000,vx=0.000011261,vy=0.000996382,vz=-0.000000002
PLANK_NATIVE_POSE,plank_unloads_on_steel_exit,unloaded_baseline_return,entity=2886,body_index=225,x=-6.700001240,y=406.979034424,z=-128.199996948,qx=0.000000009,qy=0.000000003,qz=0.000235390,qw=1.000000000,vx=0.000011619,vy=-0.000108754,vz=-0.000000002
PLANK_NATIVE_POSE,plank_unloads_on_steel_exit,unloaded_baseline_return,entity=2887,body_index=226,x=-6.500001431,y=406.979187012,z=-128.199996948,qx=0.000000008,qy=0.000000003,qz=0.000402584,qw=0.999999940,vx=0.000010754,vy=-0.000086942,vz=-0.000000003
PLANK_NATIVE_POSE,plank_unloads_on_steel_exit,unloaded_baseline_return,entity=2888,body_index=227,x=-6.300001621,y=406.979400635,z=-128.199996948,qx=0.000000007,qy=0.000000004,qz=0.000841485,qw=0.999999702,vx=0.000024550,vy=-0.000128887,vz=-0.000000003
PLANK_NATIVE_POSE,plank_unloads_on_steel_exit,unloaded_baseline_return,entity=2889,body_index=228,x=-6.100001335,y=406.979797363,z=-128.199996948,qx=0.000000005,qy=0.000000004,qz=0.000991563,qw=0.999999523,vx=0.000019015,vy=-0.001962481,vz=-0.000000002
PLANK_NATIVE_POSE,plank_unloads_on_steel_exit,unloaded_baseline_return,entity=2890,body_index=229,x=-5.900001526,y=406.980194092,z=-128.199996948,qx=0.000000004,qy=0.000000004,qz=0.001192763,qw=0.999999344,vx=0.000028339,vy=-0.000713413,vz=-0.000000000
PLANK_NATIVE_POSE,plank_unloads_on_steel_exit,unloaded_baseline_return,entity=2891,body_index=230,x=-5.700002670,y=406.980743408,z=-128.199996948,qx=0.000000003,qy=0.000000004,qz=0.001292149,qw=0.999999225,vx=-0.000000398,vy=-0.000233356,vz=0.000000000
PLANK_SELECTED_SUPPORTS,2880,2881,2882,2883,2884,2885,2886,2887,2888,2889,2890,2891
PLANK_PLAYER,onward_right_steel_walking,begin,tick=1341,x=-4.868516445,y=407.899963379,z=-128.199996948,vx=0.000000000,vy=0.000000000,vz=-0.000000000,grounded=1,support=1935,board_centre_y=406.979034424,gravity=1.000000000,deaths=0,landings=2,jump_work_j=1285.622465793,peak_strength_ratio=0.823842764,broken_mask=0
PLANK_PLAYER,onward_right_steel_walking,tick,tick=1350,x=-4.828184605,y=407.899963379,z=-128.199996948,vx=0.784799874,vy=0.000000000,vz=-0.000006814,grounded=1,support=1935,board_centre_y=406.979034424,gravity=1.000000000,deaths=0,landings=2,jump_work_j=1285.622465793,peak_strength_ratio=0.823842764,broken_mask=0
PLANK_PLAYER,onward_right_steel_walking,arrived,tick=1404,x=-4.491211891,y=407.899963379,z=-128.199996948,vx=0.093896642,vy=0.000000000,vz=-0.000013586,grounded=1,support=1935,board_centre_y=406.979034424,gravity=1.000000000,deaths=0,landings=2,jump_work_j=1285.622465793,peak_strength_ratio=0.823842764,broken_mask=0
PLANK_PLAYER,onward_right_steel_walking,tick,tick=1440,x=-4.476602077,y=407.899963379,z=-128.199996948,vx=0.009472806,vy=0.000000000,vz=-0.000001371,grounded=1,support=1935,board_centre_y=406.979034424,gravity=1.000000000,deaths=0,landings=2,jump_work_j=1285.622465793,peak_strength_ratio=0.823842764,broken_mask=0
PASS DEFORMABLE_PLANK_PLAYER normal_world=1 seams=11 native85kg_load=1 ordinary_jump_landing=1 unload_return=1 onward_steel=1 initial_steel_staging_only=1 gravity=1 deaths=0 grip=unverified
PLANK_PLAYER,onward_right_steel_walking,tick,tick=90,x=-8.800000191,y=407.899993896,z=-128.199996948,vx=0.000000000,vy=0.000000000,vz=0.000000000,grounded=1,support=1935,board_centre_y=406.979019165,gravity=1.000000000,deaths=0,landings=1,jump_work_j=0.000000000,peak_strength_ratio=0.021765860,broken_mask=0
PLANK_PLAYER,onward_right_steel_walking,tick,tick=180,x=-8.800000191,y=407.899993896,z=-128.199996948,vx=0.000000000,vy=0.000000000,vz=0.000000000,grounded=1,support=1935,board_centre_y=406.979019165,gravity=1.000000000,deaths=0,landings=1,jump_work_j=0.000000000,peak_strength_ratio=0.021765860,broken_mask=0
PLANK_PLAYER,onward_right_steel_walking,tick,tick=270,x=-8.800000191,y=407.899993896,z=-128.199996948,vx=0.000000000,vy=0.000000000,vz=0.000000000,grounded=1,support=1935,board_centre_y=406.979019165,gravity=1.000000000,deaths=0,landings=1,jump_work_j=0.000000000,peak_strength_ratio=0.021765860,broken_mask=0
PLANK_PLAYER,onward_right_steel_walking,tick,tick=360,x=-8.800000191,y=407.899993896,z=-128.199996948,vx=0.000000000,vy=0.000000000,vz=0.000000000,grounded=1,support=1935,board_centre_y=406.979019165,gravity=1.000000000,deaths=0,landings=1,jump_work_j=0.000000000,peak_strength_ratio=0.021765860,broken_mask=0
PLANK_PLAYER,grip_approach_on_actual_wood,begin,tick=360,x=-8.800000191,y=407.899993896,z=-128.199996948,vx=0.000000000,vy=0.000000000,vz=0.000000000,grounded=1,support=1935,board_centre_y=406.979019165,gravity=1.000000000,deaths=0,landings=1,jump_work_j=0.000000000,peak_strength_ratio=0.021765860,broken_mask=0
PLANK_PLAYER,grip_approach_on_actual_wood,tick,tick=450,x=-6.707807064,y=407.870544434,z=-128.199996948,vx=0.407847106,vy=0.016928898,vz=-0.000012668,grounded=1,support=2887,board_centre_y=406.951934814,gravity=1.000000000,deaths=0,landings=1,jump_work_j=0.000000000,peak_strength_ratio=0.293072701,broken_mask=0
PLANK_PLAYER,grip_approach_on_actual_wood,arrived,tick=504,x=-6.790660381,y=407.865600586,z=-128.199996948,vx=-0.093622178,vy=0.019553211,vz=-0.000014449,grounded=1,support=2885,board_centre_y=406.947158813,gravity=1.000000000,deaths=0,landings=1,jump_work_j=0.000000000,peak_strength_ratio=0.300295025,broken_mask=0
PLANK_PLAYER,ordinary_side_walkoff_catch,begin,tick=504,x=-6.790660381,y=407.865600586,z=-128.199996948,vx=-0.093622178,vy=0.019553211,vz=-0.000014449,grounded=1,support=2885,board_centre_y=406.947158813,gravity=1.000000000,deaths=0,landings=1,jump_work_j=0.000000000,peak_strength_ratio=0.300295025,broken_mask=0
PLANK_HANDS,grip=0,grip_entity=0,constraints=0,state=0,left=0.000000000,0.000000000,0.000000000,right=0.000000000,0.000000000,0.000000000,force_y=0.000000000
PLANK_PLAYER,ordinary_side_walkoff_catch,tick,tick=540,x=-6.819135189,y=407.837249756,z=-127.942131042,vx=-0.009500870,vy=-0.431969285,vz=0.850040495,grounded=1,support=2885,board_centre_y=406.962768555,gravity=1.000000000,deaths=0,landings=1,jump_work_j=0.000000000,peak_strength_ratio=0.310857892,broken_mask=0
PLANK_HANDS,grip=0,grip_entity=0,constraints=0,state=0,left=0.000000000,0.000000000,0.000000000,right=0.000000000,0.000000000,0.000000000,force_y=0.000000000
PLANK_PLAYER,ordinary_side_walkoff_catch,actual_two_hand_catch,tick=586,x=-6.821033001,y=406.765808105,z=-127.514259338,vx=-0.002690820,vy=-4.268725872,vz=0.804835916,grounded=0,support=0,board_centre_y=406.962234497,gravity=1.000000000,deaths=0,landings=1,jump_work_j=0.000000000,peak_strength_ratio=0.310857892,broken_mask=0
PLANK_HANDS,grip=0,grip_entity=0,constraints=2,state=4,left=-7.021202087,406.980987549,-128.104843140,right=-6.821301460,406.980316162,-128.104812622,force_y=1092.657104492
PLANK_PLAYER,actual_hanging_player_load,begin,tick=586,x=-6.821033001,y=406.765808105,z=-127.514259338,vx=-0.002690820,vy=-4.268725872,vz=0.804835916,grounded=0,support=0,board_centre_y=406.962234497,gravity=1.000000000,deaths=0,landings=1,jump_work_j=0.000000000,peak_strength_ratio=0.310857892,broken_mask=0
PLANK_HANDS,grip=0,grip_entity=0,constraints=2,state=4,left=-7.021202087,406.980987549,-128.104843140,right=-6.821301460,406.980316162,-128.104812622,force_y=1092.657104492
PLANK_PLAYER,actual_hanging_player_load,tick,tick=630,x=-6.822318554,y=405.896362305,z=-127.545181274,vx=0.003976261,vy=0.788490534,vz=0.194316685,grounded=0,support=0,board_centre_y=406.917648315,gravity=1.000000000,deaths=0,landings=1,jump_work_j=0.000000000,peak_strength_ratio=0.693128169,broken_mask=0
PLANK_HANDS,grip=0,grip_entity=0,constraints=2,state=4,left=-7.022728443,406.937194824,-128.104995728,right=-6.823169708,406.934875488,-128.104965210,force_y=1732.050781250
PLANK_PLAYER,actual_hanging_player_load,tick,tick=720,x=-6.823387623,y=406.502624512,z=-127.523704529,vx=0.002558435,vy=1.173611999,vz=-0.029244345,grounded=0,support=0,board_centre_y=406.917602539,gravity=1.000000000,deaths=0,landings=1,jump_work_j=0.000000000,peak_strength_ratio=0.693128169,broken_mask=0
PLANK_HANDS,grip=0,grip_entity=0,constraints=2,state=4,left=-7.022723198,406.937103271,-128.104949951,right=-6.823159218,406.934875488,-128.104949951,force_y=1732.050781250
PLANK_PLAYER,actual_hanging_player_load,tick,tick=810,x=-6.819928169,y=406.757171631,z=-127.523139954,vx=-0.001533593,vy=-0.227945596,vz=0.000159236,grounded=0,support=0,board_centre_y=406.963348389,gravity=1.000000000,deaths=0,landings=1,jump_work_j=0.000000000,peak_strength_ratio=0.693128169,broken_mask=0
PLANK_HANDS,grip=0,grip_entity=0,constraints=2,state=4,left=-7.021197319,406.982513428,-128.104965210,right=-6.821288109,406.981903076,-128.104980469,force_y=451.341171265
PLANK_HANG_LOAD,extra_sag_m=0.025253296,max_hand_force_n=922.545712794
PLANK_NATIVE_POSE,actual_hanging_player_load,actual_hand_load,entity=2880,body_index=219,x=-7.900062561,y=406.977508545,z=-128.199996948,qx=-0.000000120,qy=-0.000000088,qz=-0.017791292,qw=0.999841809,vx=0.000241459,vy=0.006727342,vz=-0.000001532
PLANK_NATIVE_POSE,actual_hanging_player_load,actual_hand_load,entity=2881,body_index=220,x=-7.700188160,y=406.970397949,z=-128.199996948,qx=0.000375532,qy=-0.000041657,qz=-0.016866295,qw=0.999857783,vx=0.000697840,vy=0.026493544,vz=-0.001512995
PLANK_NATIVE_POSE,actual_hanging_player_load,actual_hand_load,entity=2882,body_index=221,x=-7.500282288,y=406.964294434,z=-128.199996948,qx=0.000753704,qy=0.000029620,qz=-0.014364017,qw=0.999896526,vx=0.001136736,vy=0.040475164,vz=-0.001870940
PLANK_NATIVE_POSE,actual_hanging_player_load,actual_hand_load,entity=2883,body_index=222,x=-7.300354004,y=406.959014893,z=-128.200012207,qx=0.001131227,qy=0.000021362,qz=-0.011450980,qw=0.999933839,vx=0.001426649,vy=0.050156880,vz=0.000208131
PLANK_NATIVE_POSE,actual_hanging_player_load,actual_hand_load,entity=2884,body_index=223,x=-7.100387573,y=406.955413818,z=-128.200012207,qx=0.001509418,qy=-0.000045138,qz=-0.006935894,qw=0.999974847,vx=0.001582150,vy=0.055806167,vz=-0.000570025
PLANK_NATIVE_POSE,actual_hanging_player_load,actual_hand_load,entity=2885,body_index=224,x=-6.900399208,y=406.953582764,z=-128.200012207,qx=0.001566655,qy=0.000002999,qz=-0.001916657,qw=0.999996960,vx=0.001577542,vy=0.056912705,vz=-0.002244362
PLANK_NATIVE_POSE,actual_hanging_player_load,actual_hand_load,entity=2886,body_index=225,x=-6.700401783,y=406.953948975,z=-128.200012207,qx=0.001303621,qy=0.000040230,qz=0.003434345,qw=0.999993265,vx=0.001566488,vy=0.058113120,vz=-0.000634079
PLANK_NATIVE_POSE,actual_hanging_player_load,actual_hand_load,entity=2887,body_index=226,x=-6.500416279,y=406.956146240,z=-128.200012207,qx=0.001041855,qy=-0.000030327,qz=0.007719520,qw=0.999969721,vx=0.001592463,vy=0.057493478,vz=-0.000126245
PLANK_NATIVE_POSE,actual_hanging_player_load,actual_hand_load,entity=2888,body_index=227,x=-6.300454617,y=406.960021973,z=-128.199996948,qx=0.000780966,qy=-0.000026956,qz=0.011531675,qw=0.999933243,vx=0.001687475,vy=0.050507229,vz=-0.002046794
PLANK_NATIVE_POSE,actual_hanging_player_load,actual_hand_load,entity=2889,body_index=228,x=-6.100519657,y=406.965087891,z=-128.199996948,qx=0.000519552,qy=0.000042764,qz=0.013947564,qw=0.999902606,vx=0.002000234,vy=0.037926916,vz=-0.001229859
PLANK_NATIVE_POSE,actual_hanging_player_load,actual_hand_load,entity=2890,body_index=229,x=-5.900609016,y=406.971069336,z=-128.199996948,qx=0.000260033,qy=-0.000002970,qz=0.015956912,qw=0.999872684,vx=0.002555377,vy=0.022746783,vz=0.000220717
PLANK_NATIVE_POSE,actual_hanging_player_load,actual_hand_load,entity=2891,body_index=230,x=-5.700716972,y=406.977630615,z=-128.199996948,qx=0.000000071,qy=0.000000782,qz=0.016810121,qw=0.999858737,vx=0.003038661,vy=0.005392861,vz=0.000002635
PLANK_PLAYER,ordinary_release_to_real_recovery_tray,begin,tick=857,x=-6.821127892,y=406.711883545,z=-127.523269653,vx=0.008553905,vy=0.151181251,vz=-0.000263425,grounded=0,support=0,board_centre_y=406.964157104,gravity=1.000000000,deaths=0,landings=1,jump_work_j=0.000000000,peak_strength_ratio=0.693128169,broken_mask=0
PLANK_HANDS,grip=1,grip_entity=2886,constraints=0,state=0,left=0.000000000,0.000000000,0.000000000,right=0.000000000,0.000000000,0.000000000,force_y=0.000000000
PLANK_PLAYER,ordinary_release_to_real_recovery_tray,tick,tick=900,x=-6.817027092,y=405.657928467,z=-127.523269653,vx=0.008553905,vy=-4.535820484,vz=-0.000263425,grounded=0,support=0,board_centre_y=406.979064941,gravity=1.000000000,deaths=0,landings=1,jump_work_j=0.000000000,peak_strength_ratio=0.693128169,broken_mask=0
PLANK_HANDS,grip=0,grip_entity=0,constraints=0,state=0,left=0.000000000,0.000000000,0.000000000,right=0.000000000,0.000000000,0.000000000,force_y=0.000000000
PLANK_PLAYER,ordinary_release_to_real_recovery_tray,tick,tick=990,x=-6.813560963,y=404.399963379,z=-127.523269653,vx=0.000105399,vy=0.000000000,vz=-0.000003246,grounded=1,support=1936,board_centre_y=406.979064941,gravity=1.000000000,deaths=0,landings=2,jump_work_j=0.000000000,peak_strength_ratio=0.693128169,broken_mask=0
PLANK_HANDS,grip=0,grip_entity=0,constraints=0,state=0,left=0.000000000,0.000000000,0.000000000,right=0.000000000,0.000000000,0.000000000,force_y=0.000000000
PLANK_PLAYER,ordinary_release_to_real_recovery_tray,tick,tick=1080,x=-6.813555241,y=404.399963379,z=-127.523269653,vx=0.000000341,vy=0.000000000,vz=-0.000000010,grounded=1,support=1936,board_centre_y=406.979064941,gravity=1.000000000,deaths=0,landings=2,jump_work_j=0.000000000,peak_strength_ratio=0.693128169,broken_mask=0
PLANK_HANDS,grip=0,grip_entity=0,constraints=0,state=0,left=0.000000000,0.000000000,0.000000000,right=0.000000000,0.000000000,0.000000000,force_y=0.000000000
PLANK_PLAYER,ordinary_release_to_real_recovery_tray,tick,tick=1170,x=-6.813555241,y=404.399963379,z=-127.523269653,vx=0.000000001,vy=0.000000000,vz=-0.000000000,grounded=1,support=1936,board_centre_y=406.979064941,gravity=1.000000000,deaths=0,landings=2,jump_work_j=0.000000000,peak_strength_ratio=0.693128169,broken_mask=0
PLANK_HANDS,grip=0,grip_entity=0,constraints=0,state=0,left=0.000000000,0.000000000,0.000000000,right=0.000000000,0.000000000,0.000000000,force_y=0.000000000
PLANK_PLAYER,ordinary_release_to_real_recovery_tray,tick,tick=1260,x=-6.813555241,y=404.399963379,z=-127.523269653,vx=0.000000000,vy=0.000000000,vz=-0.000000000,grounded=1,support=1936,board_centre_y=406.979064941,gravity=1.000000000,deaths=0,landings=2,jump_work_j=0.000000000,peak_strength_ratio=0.693128169,broken_mask=0
PLANK_HANDS,grip=0,grip_entity=0,constraints=0,state=0,left=0.000000000,0.000000000,0.000000000,right=0.000000000,0.000000000,0.000000000,force_y=0.000000000
PASS DEFORMABLE_PLANK_GRIP actual_two_hands=1 actual_segment_edges=1 finite_force=1 native85kg_load=1 passive_release=1 actual_recovery_tray=1 unload_return=1
