PASS DEFORMABLE_PLANK fracture mask=508 peak_ratio=1.931498408 serial=7 discarded_strain_j=0.000000055 substep_queue=1 finish_momentum_preserved=1 native_contact_query=1 checkpoint=1
PLANK_TRANSIENT,axial_X,positive,tick=0,response=0.000009563,linear=0.000202916,angular=0.000000000
PLANK_TRANSIENT,axial_X,positive,tick=1,response=0.000010047,linear=0.000010715,angular=0.000000000
PLANK_TRANSIENT,axial_X,positive,tick=2,response=0.000010073,linear=0.000000000,angular=0.000000000
PLANK_TRANSIENT,axial_X,positive,tick=3,response=0.000010074,linear=0.000000000,angular=0.000000000
PLANK_TRANSIENT,axial_X,positive,tick=4,response=0.000010074,linear=0.000000000,angular=0.000000000
PLANK_TRANSIENT,axial_X,positive,tick=5,response=0.000010074,linear=0.000000000,angular=0.000000000
PLANK_TRANSIENT,axial_X,positive,tick=6,response=0.000010074,linear=0.000000000,angular=0.000000000
PLANK_TRANSIENT,axial_X,positive,tick=7,response=0.000010074,linear=0.000000000,angular=0.000000000
PLANK_TRANSIENT,axial_X,positive,tick=8,response=0.000010074,linear=0.000000000,angular=0.000000000
PLANK_TRANSIENT,axial_X,positive,tick=9,response=0.000010074,linear=0.000000000,angular=0.000000000
PLANK_TRANSIENT,axial_X,positive,tick=10,response=0.000010074,linear=0.000000000,angular=0.000000000
PLANK_TRANSIENT,axial_X,positive,tick=11,response=0.000010074,linear=0.000000000,angular=0.000000000
PLANK_TRANSIENT,axial_X,positive,tick=12,response=0.000010074,linear=0.000000000,angular=0.000000000
PLANK_TRANSIENT,axial_X,positive,tick=13,response=0.000010074,linear=0.000000000,angular=0.000000000
PLANK_TRANSIENT,axial_X,positive,tick=14,response=0.000010074,linear=0.000000000,angular=0.000000000
PLANK_TRANSIENT,axial_X,positive,tick=15,response=0.000010074,linear=0.000000000,angular=0.000000000
PLANK_TRANSIENT,axial_X,positive,tick=16,response=0.000010074,linear=0.000000000,angular=0.000000000
PLANK_TRANSIENT,axial_X,positive,tick=17,response=0.000010074,linear=0.000000000,angular=0.000000000
PLANK_TRANSIENT,axial_X,positive,tick=18,response=0.000010074,linear=0.000000000,angular=0.000000000
PLANK_TRANSIENT,axial_X,positive,tick=19,response=0.000010074,linear=0.000000000,angular=0.000000000
PLANK_TRANSIENT,axial_X,positive,tick=90,response=0.000010074,linear=0.000000000,angular=0.000000000
PLANK_TRANSIENT,axial_X,positive,tick=180,response=0.000010074,linear=0.000000000,angular=0.000000000
PLANK_TRANSIENT,axial_X,positive,tick=270,response=0.000010074,linear=0.000000000,angular=0.000000000
PLANK_SETTLE,axial_X,positive,ticks=360,response=0.000010074,linear_mps=0.000000000,angular_radps=0.000000000
PLANK_RESPONSE,axial_X,measured=0.000010074,expected=0.000010073,relative_error=0.000086406
PLANK_TRANSIENT,axial_X,unloaded,tick=0,response=0.000000510,linear=0.000203577,angular=0.000000000
PLANK_TRANSIENT,axial_X,unloaded,tick=1,response=0.000000026,linear=0.000010310,angular=0.000000000
PLANK_TRANSIENT,axial_X,unloaded,tick=2,response=0.000000001,linear=0.000000522,angular=0.000000000
PLANK_TRANSIENT,axial_X,unloaded,tick=3,response=0.000000000,linear=0.000000026,angular=0.000000000
PLANK_TRANSIENT,axial_X,unloaded,tick=4,response=0.000000000,linear=0.000000001,angular=0.000000000
PLANK_TRANSIENT,axial_X,unloaded,tick=5,response=0.000000000,linear=0.000000000,angular=0.000000000
PLANK_TRANSIENT,axial_X,unloaded,tick=6,response=0.000000000,linear=0.000000000,angular=0.000000000
PLANK_TRANSIENT,axial_X,unloaded,tick=7,response=0.000000000,linear=0.000000000,angular=0.000000000
PLANK_TRANSIENT,axial_X,unloaded,tick=8,response=0.000000000,linear=0.000000000,angular=0.000000000
PLANK_TRANSIENT,axial_X,unloaded,tick=9,response=0.000000000,linear=0.000000000,angular=0.000000000
PLANK_TRANSIENT,axial_X,unloaded,tick=10,response=0.000000000,linear=0.000000000,angular=0.000000000
PLANK_TRANSIENT,axial_X,unloaded,tick=11,response=0.000000000,linear=0.000000000,angular=0.000000000
PLANK_TRANSIENT,axial_X,unloaded,tick=12,response=0.000000000,linear=0.000000000,angular=0.000000000
PLANK_TRANSIENT,axial_X,unloaded,tick=13,response=0.000000000,linear=0.000000000,angular=0.000000000
PLANK_TRANSIENT,axial_X,unloaded,tick=14,response=0.000000000,linear=0.000000000,angular=0.000000000
PLANK_TRANSIENT,axial_X,unloaded,tick=15,response=0.000000000,linear=0.000000000,angular=0.000000000
PLANK_TRANSIENT,axial_X,unloaded,tick=16,response=0.000000000,linear=0.000000000,angular=0.000000000
PLANK_TRANSIENT,axial_X,unloaded,tick=17,response=0.000000000,linear=0.000000000,angular=0.000000000
PLANK_TRANSIENT,axial_X,unloaded,tick=18,response=0.000000000,linear=0.000000000,angular=0.000000000
PLANK_TRANSIENT,axial_X,unloaded,tick=19,response=0.000000000,linear=0.000000000,angular=0.000000000
PLANK_TRANSIENT,axial_X,unloaded,tick=90,response=0.000000000,linear=0.000000000,angular=0.000000000
PLANK_TRANSIENT,axial_X,unloaded,tick=180,response=0.000000000,linear=0.000000000,angular=0.000000000
PLANK_TRANSIENT,axial_X,unloaded,tick=270,response=0.000000000,linear=0.000000000,angular=0.000000000
PLANK_SETTLE,axial_X,unloaded,ticks=360,response=0.000000000,linear_mps=0.000000000,angular_radps=0.000000000
PLANK_TRANSIENT,axial_X,negative,tick=0,response=-0.000009563,linear=0.000202916,angular=0.000000000
PLANK_TRANSIENT,axial_X,negative,tick=1,response=-0.000010047,linear=0.000010715,angular=0.000000000
PLANK_TRANSIENT,axial_X,negative,tick=2,response=-0.000010073,linear=0.000000000,angular=0.000000000
PLANK_TRANSIENT,axial_X,negative,tick=3,response=-0.000010074,linear=0.000000000,angular=0.000000000
PLANK_TRANSIENT,axial_X,negative,tick=4,response=-0.000010074,linear=0.000000000,angular=0.000000000
PLANK_TRANSIENT,axial_X,negative,tick=5,response=-0.000010074,linear=0.000000000,angular=0.000000000
PLANK_TRANSIENT,axial_X,negative,tick=6,response=-0.000010074,linear=0.000000000,angular=0.000000000
PLANK_TRANSIENT,axial_X,negative,tick=7,response=-0.000010074,linear=0.000000000,angular=0.000000000
PLANK_TRANSIENT,axial_X,negative,tick=8,response=-0.000010074,linear=0.000000000,angular=0.000000000
PLANK_TRANSIENT,axial_X,negative,tick=9,response=-0.000010074,linear=0.000000000,angular=0.000000000
PLANK_TRANSIENT,axial_X,negative,tick=10,response=-0.000010074,linear=0.000000000,angular=0.000000000
PLANK_TRANSIENT,axial_X,negative,tick=11,response=-0.000010074,linear=0.000000000,angular=0.000000000
PLANK_TRANSIENT,axial_X,negative,tick=12,response=-0.000010074,linear=0.000000000,angular=0.000000000
PLANK_TRANSIENT,axial_X,negative,tick=13,response=-0.000010074,linear=0.000000000,angular=0.000000000
PLANK_TRANSIENT,axial_X,negative,tick=14,response=-0.000010074,linear=0.000000000,angular=0.000000000
PLANK_TRANSIENT,axial_X,negative,tick=15,response=-0.000010074,linear=0.000000000,angular=0.000000000
PLANK_TRANSIENT,axial_X,negative,tick=16,response=-0.000010074,linear=0.000000000,angular=0.000000000
PLANK_TRANSIENT,axial_X,negative,tick=17,response=-0.000010074,linear=0.000000000,angular=0.000000000
PLANK_TRANSIENT,axial_X,negative,tick=18,response=-0.000010074,linear=0.000000000,angular=0.000000000
PLANK_TRANSIENT,axial_X,negative,tick=19,response=-0.000010074,linear=0.000000000,angular=0.000000000
PLANK_TRANSIENT,axial_X,negative,tick=90,response=-0.000010074,linear=0.000000000,angular=0.000000000
PLANK_TRANSIENT,axial_X,negative,tick=180,response=-0.000010074,linear=0.000000000,angular=0.000000000
PLANK_TRANSIENT,axial_X,negative,tick=270,response=-0.000010074,linear=0.000000000,angular=0.000000000
PLANK_SETTLE,axial_X,negative,ticks=360,response=-0.000010074,linear_mps=0.000000000,angular_radps=0.000000000
PLANK_RESPONSE,axial_X,measured=-0.000010074,expected=-0.000010073,relative_error=0.000086406
PLANK_TRANSIENT,axial_X,unloaded,tick=0,response=-0.000000510,linear=0.000203577,angular=0.000000000
PLANK_TRANSIENT,axial_X,unloaded,tick=1,response=-0.000000026,linear=0.000010310,angular=0.000000000
PLANK_TRANSIENT,axial_X,unloaded,tick=2,response=-0.000000001,linear=0.000000522,angular=0.000000000
PLANK_TRANSIENT,axial_X,unloaded,tick=3,response=-0.000000000,linear=0.000000026,angular=0.000000000
PLANK_TRANSIENT,axial_X,unloaded,tick=4,response=-0.000000000,linear=0.000000001,angular=0.000000000
PLANK_TRANSIENT,axial_X,unloaded,tick=5,response=-0.000000000,linear=0.000000000,angular=0.000000000
PLANK_TRANSIENT,axial_X,unloaded,tick=6,response=-0.000000000,linear=0.000000000,angular=0.000000000
PLANK_TRANSIENT,axial_X,unloaded,tick=7,response=-0.000000000,linear=0.000000000,angular=0.000000000
PLANK_TRANSIENT,axial_X,unloaded,tick=8,response=-0.000000000,linear=0.000000000,angular=0.000000000
PLANK_TRANSIENT,axial_X,unloaded,tick=9,response=-0.000000000,linear=0.000000000,angular=0.000000000
PLANK_TRANSIENT,axial_X,unloaded,tick=10,response=-0.000000000,linear=0.000000000,angular=0.000000000
PLANK_TRANSIENT,axial_X,unloaded,tick=11,response=-0.000000000,linear=0.000000000,angular=0.000000000
PLANK_TRANSIENT,axial_X,unloaded,tick=12,response=-0.000000000,linear=0.000000000,angular=0.000000000
PLANK_TRANSIENT,axial_X,unloaded,tick=13,response=-0.000000000,linear=0.000000000,angular=0.000000000
PLANK_TRANSIENT,axial_X,unloaded,tick=14,response=-0.000000000,linear=0.000000000,angular=0.000000000
PLANK_TRANSIENT,axial_X,unloaded,tick=15,response=-0.000000000,linear=0.000000000,angular=0.000000000
PLANK_TRANSIENT,axial_X,unloaded,tick=16,response=-0.000000000,linear=0.000000000,angular=0.000000000
PLANK_TRANSIENT,axial_X,unloaded,tick=17,response=-0.000000000,linear=0.000000000,angular=0.000000000
PLANK_TRANSIENT,axial_X,unloaded,tick=18,response=-0.000000000,linear=0.000000000,angular=0.000000000
PLANK_TRANSIENT,axial_X,unloaded,tick=19,response=-0.000000000,linear=0.000000000,angular=0.000000000
PLANK_TRANSIENT,axial_X,unloaded,tick=90,response=0.000000000,linear=0.000000000,angular=0.000000000
PLANK_TRANSIENT,axial_X,unloaded,tick=180,response=0.000000000,linear=0.000000000,angular=0.000000000
PLANK_TRANSIENT,axial_X,unloaded,tick=270,response=0.000000000,linear=0.000000000,angular=0.000000000
PLANK_SETTLE,axial_X,unloaded,ticks=360,response=0.000000000,linear_mps=0.000000000,angular_radps=0.000000000
PLANK_TRANSIENT,torsion_X_assumed_nu0.30,positive,tick=0,response=0.000094970,linear=0.000000000,angular=0.002019361
PLANK_TRANSIENT,torsion_X_assumed_nu0.30,positive,tick=1,response=0.000098876,linear=0.000000000,angular=0.000212748
PLANK_TRANSIENT,torsion_X_assumed_nu0.30,positive,tick=2,response=0.000098876,linear=0.000000000,angular=0.000212669
PLANK_TRANSIENT,torsion_X_assumed_nu0.30,positive,tick=3,response=0.000098876,linear=0.000000000,angular=0.000212669
PLANK_TRANSIENT,torsion_X_assumed_nu0.30,positive,tick=4,response=0.000098876,linear=0.000000000,angular=0.000212669
PLANK_TRANSIENT,torsion_X_assumed_nu0.30,positive,tick=5,response=0.000098876,linear=0.000000000,angular=0.000212669
PLANK_TRANSIENT,torsion_X_assumed_nu0.30,positive,tick=6,response=0.000098876,linear=0.000000000,angular=0.000212669
PLANK_TRANSIENT,torsion_X_assumed_nu0.30,positive,tick=7,response=0.000098876,linear=0.000000000,angular=0.000212669
PLANK_TRANSIENT,torsion_X_assumed_nu0.30,positive,tick=8,response=0.000098876,linear=0.000000000,angular=0.000212669
PLANK_TRANSIENT,torsion_X_assumed_nu0.30,positive,tick=9,response=0.000098876,linear=0.000000000,angular=0.000212669
PLANK_TRANSIENT,torsion_X_assumed_nu0.30,positive,tick=10,response=0.000098876,linear=0.000000000,angular=0.000212669
PLANK_TRANSIENT,torsion_X_assumed_nu0.30,positive,tick=11,response=0.000098876,linear=0.000000000,angular=0.000212669
PLANK_TRANSIENT,torsion_X_assumed_nu0.30,positive,tick=12,response=0.000098876,linear=0.000000000,angular=0.000212669
PLANK_TRANSIENT,torsion_X_assumed_nu0.30,positive,tick=13,response=0.000098876,linear=0.000000000,angular=0.000212669
PLANK_TRANSIENT,torsion_X_assumed_nu0.30,positive,tick=14,response=0.000098876,linear=0.000000000,angular=0.000212669
PLANK_TRANSIENT,torsion_X_assumed_nu0.30,positive,tick=15,response=0.000098876,linear=0.000000000,angular=0.000212669
PLANK_TRANSIENT,torsion_X_assumed_nu0.30,positive,tick=16,response=0.000098876,linear=0.000000000,angular=0.000212669
PLANK_TRANSIENT,torsion_X_assumed_nu0.30,positive,tick=17,response=0.000098876,linear=0.000000000,angular=0.000212669
PLANK_TRANSIENT,torsion_X_assumed_nu0.30,positive,tick=18,response=0.000098876,linear=0.000000000,angular=0.000212669
PLANK_TRANSIENT,torsion_X_assumed_nu0.30,positive,tick=19,response=0.000098876,linear=0.000000000,angular=0.000212669
PLANK_TRANSIENT,torsion_X_assumed_nu0.30,positive,tick=90,response=0.000098876,linear=0.000000000,angular=0.000212669
PLANK_TRANSIENT,torsion_X_assumed_nu0.30,positive,tick=180,response=0.000098876,linear=0.000000000,angular=0.000212669
PLANK_TRANSIENT,torsion_X_assumed_nu0.30,positive,tick=270,response=0.000098876,linear=0.000000000,angular=0.000212669
PLANK_SETTLE,torsion_X_assumed_nu0.30,positive,ticks=360,response=0.000098876,linear_mps=0.000000000,angular_radps=0.000212669
PLANK_RESPONSE,torsion_X_assumed_nu0.30,measured=0.000098876,expected=0.000100000,relative_error=-0.011244072
PLANK_TRANSIENT,torsion_X_assumed_nu0.30,unloaded,tick=0,response=0.000004974,linear=0.000000000,angular=0.001996907
PLANK_TRANSIENT,torsion_X_assumed_nu0.30,unloaded,tick=1,response=0.000001112,linear=0.000000000,angular=0.000210313
PLANK_TRANSIENT,torsion_X_assumed_nu0.30,unloaded,tick=2,response=0.000001112,linear=0.000000000,angular=0.000210311
PLANK_TRANSIENT,torsion_X_assumed_nu0.30,unloaded,tick=3,response=0.000001112,linear=0.000000000,angular=0.000210311
PLANK_TRANSIENT,torsion_X_assumed_nu0.30,unloaded,tick=4,response=0.000001112,linear=0.000000000,angular=0.000210311
PLANK_TRANSIENT,torsion_X_assumed_nu0.30,unloaded,tick=5,response=0.000001112,linear=0.000000000,angular=0.000210311
PLANK_TRANSIENT,torsion_X_assumed_nu0.30,unloaded,tick=6,response=0.000001112,linear=0.000000000,angular=0.000210311
PLANK_TRANSIENT,torsion_X_assumed_nu0.30,unloaded,tick=7,response=0.000001112,linear=0.000000000,angular=0.000210311
PLANK_TRANSIENT,torsion_X_assumed_nu0.30,unloaded,tick=8,response=0.000001112,linear=0.000000000,angular=0.000210311
PLANK_TRANSIENT,torsion_X_assumed_nu0.30,unloaded,tick=9,response=0.000001112,linear=0.000000000,angular=0.000210311
PLANK_TRANSIENT,torsion_X_assumed_nu0.30,unloaded,tick=10,response=0.000001112,linear=0.000000000,angular=0.000210311
PLANK_TRANSIENT,torsion_X_assumed_nu0.30,unloaded,tick=11,response=0.000001112,linear=0.000000000,angular=0.000210311
PLANK_TRANSIENT,torsion_X_assumed_nu0.30,unloaded,tick=12,response=0.000001112,linear=0.000000000,angular=0.000210311
PLANK_TRANSIENT,torsion_X_assumed_nu0.30,unloaded,tick=13,response=0.000001112,linear=0.000000000,angular=0.000210311
PLANK_TRANSIENT,torsion_X_assumed_nu0.30,unloaded,tick=14,response=0.000001112,linear=0.000000000,angular=0.000210311
PLANK_TRANSIENT,torsion_X_assumed_nu0.30,unloaded,tick=15,response=0.000001112,linear=0.000000000,angular=0.000210311
PLANK_TRANSIENT,torsion_X_assumed_nu0.30,unloaded,tick=16,response=0.000001112,linear=0.000000000,angular=0.000210311
PLANK_TRANSIENT,torsion_X_assumed_nu0.30,unloaded,tick=17,response=0.000001112,linear=0.000000000,angular=0.000210311
PLANK_TRANSIENT,torsion_X_assumed_nu0.30,unloaded,tick=18,response=0.000001112,linear=0.000000000,angular=0.000210311
PLANK_TRANSIENT,torsion_X_assumed_nu0.30,unloaded,tick=19,response=0.000001112,linear=0.000000000,angular=0.000210311
PLANK_TRANSIENT,torsion_X_assumed_nu0.30,unloaded,tick=90,response=0.000001112,linear=0.000000000,angular=0.000210311
PLANK_TRANSIENT,torsion_X_assumed_nu0.30,unloaded,tick=180,response=0.000001112,linear=0.000000000,angular=0.000210311
PLANK_TRANSIENT,torsion_X_assumed_nu0.30,unloaded,tick=270,response=0.000001112,linear=0.000000000,angular=0.000210311
PLANK_SETTLE,torsion_X_assumed_nu0.30,unloaded,ticks=360,response=0.000001112,linear_mps=0.000000000,angular_radps=0.000210311
PLANK_TRANSIENT,torsion_X_assumed_nu0.30,negative,tick=0,response=-0.000094914,linear=0.000000000,angular=0.002041803
PLANK_TRANSIENT,torsion_X_assumed_nu0.30,negative,tick=1,response=-0.000098863,linear=0.000000000,angular=0.000215222
PLANK_TRANSIENT,torsion_X_assumed_nu0.30,negative,tick=2,response=-0.000098863,linear=0.000000000,angular=0.000215054
PLANK_TRANSIENT,torsion_X_assumed_nu0.30,negative,tick=3,response=-0.000098863,linear=0.000000000,angular=0.000215054
PLANK_TRANSIENT,torsion_X_assumed_nu0.30,negative,tick=4,response=-0.000098863,linear=0.000000000,angular=0.000215054
PLANK_TRANSIENT,torsion_X_assumed_nu0.30,negative,tick=5,response=-0.000098863,linear=0.000000000,angular=0.000215054
PLANK_TRANSIENT,torsion_X_assumed_nu0.30,negative,tick=6,response=-0.000098863,linear=0.000000000,angular=0.000215054
PLANK_TRANSIENT,torsion_X_assumed_nu0.30,negative,tick=7,response=-0.000098863,linear=0.000000000,angular=0.000215054
PLANK_TRANSIENT,torsion_X_assumed_nu0.30,negative,tick=8,response=-0.000098863,linear=0.000000000,angular=0.000215054
PLANK_TRANSIENT,torsion_X_assumed_nu0.30,negative,tick=9,response=-0.000098863,linear=0.000000000,angular=0.000215054
PLANK_TRANSIENT,torsion_X_assumed_nu0.30,negative,tick=10,response=-0.000098863,linear=0.000000000,angular=0.000215054
PLANK_TRANSIENT,torsion_X_assumed_nu0.30,negative,tick=11,response=-0.000098863,linear=0.000000000,angular=0.000215054
PLANK_TRANSIENT,torsion_X_assumed_nu0.30,negative,tick=12,response=-0.000098863,linear=0.000000000,angular=0.000215054
PLANK_TRANSIENT,torsion_X_assumed_nu0.30,negative,tick=13,response=-0.000098863,linear=0.000000000,angular=0.000215054
PLANK_TRANSIENT,torsion_X_assumed_nu0.30,negative,tick=14,response=-0.000098863,linear=0.000000000,angular=0.000215054
PLANK_TRANSIENT,torsion_X_assumed_nu0.30,negative,tick=15,response=-0.000098863,linear=0.000000000,angular=0.000215054
PLANK_TRANSIENT,torsion_X_assumed_nu0.30,negative,tick=16,response=-0.000098863,linear=0.000000000,angular=0.000215054
PLANK_TRANSIENT,torsion_X_assumed_nu0.30,negative,tick=17,response=-0.000098863,linear=0.000000000,angular=0.000215054
PLANK_TRANSIENT,torsion_X_assumed_nu0.30,negative,tick=18,response=-0.000098863,linear=0.000000000,angular=0.000215054
PLANK_TRANSIENT,torsion_X_assumed_nu0.30,negative,tick=19,response=-0.000098863,linear=0.000000000,angular=0.000215054
PLANK_TRANSIENT,torsion_X_assumed_nu0.30,negative,tick=90,response=-0.000098863,linear=0.000000000,angular=0.000215054
PLANK_TRANSIENT,torsion_X_assumed_nu0.30,negative,tick=180,response=-0.000098863,linear=0.000000000,angular=0.000215054
PLANK_TRANSIENT,torsion_X_assumed_nu0.30,negative,tick=270,response=-0.000098863,linear=0.000000000,angular=0.000215054
PLANK_SETTLE,torsion_X_assumed_nu0.30,negative,ticks=360,response=-0.000098863,linear_mps=0.000000000,angular_radps=0.000215054
PLANK_RESPONSE,torsion_X_assumed_nu0.30,measured=-0.000098863,expected=-0.000100000,relative_error=-0.011366599
PLANK_TRANSIENT,torsion_X_assumed_nu0.30,unloaded,tick=0,response=-0.000004973,linear=0.000000000,angular=0.001996660
PLANK_TRANSIENT,torsion_X_assumed_nu0.30,unloaded,tick=1,response=-0.000001112,linear=0.000000000,angular=0.000210287
PLANK_TRANSIENT,torsion_X_assumed_nu0.30,unloaded,tick=2,response=-0.000001112,linear=0.000000000,angular=0.000210285
PLANK_TRANSIENT,torsion_X_assumed_nu0.30,unloaded,tick=3,response=-0.000001112,linear=0.000000000,angular=0.000210285
PLANK_TRANSIENT,torsion_X_assumed_nu0.30,unloaded,tick=4,response=-0.000001112,linear=0.000000000,angular=0.000210285
PLANK_TRANSIENT,torsion_X_assumed_nu0.30,unloaded,tick=5,response=-0.000001112,linear=0.000000000,angular=0.000210285
PLANK_TRANSIENT,torsion_X_assumed_nu0.30,unloaded,tick=6,response=-0.000001112,linear=0.000000000,angular=0.000210285
PLANK_TRANSIENT,torsion_X_assumed_nu0.30,unloaded,tick=7,response=-0.000001112,linear=0.000000000,angular=0.000210285
PLANK_TRANSIENT,torsion_X_assumed_nu0.30,unloaded,tick=8,response=-0.000001112,linear=0.000000000,angular=0.000210285
PLANK_TRANSIENT,torsion_X_assumed_nu0.30,unloaded,tick=9,response=-0.000001112,linear=0.000000000,angular=0.000210285
PLANK_TRANSIENT,torsion_X_assumed_nu0.30,unloaded,tick=10,response=-0.000001112,linear=0.000000000,angular=0.000210285
PLANK_TRANSIENT,torsion_X_assumed_nu0.30,unloaded,tick=11,response=-0.000001112,linear=0.000000000,angular=0.000210285
PLANK_TRANSIENT,torsion_X_assumed_nu0.30,unloaded,tick=12,response=-0.000001112,linear=0.000000000,angular=0.000210285
PLANK_TRANSIENT,torsion_X_assumed_nu0.30,unloaded,tick=13,response=-0.000001112,linear=0.000000000,angular=0.000210285
PLANK_TRANSIENT,torsion_X_assumed_nu0.30,unloaded,tick=14,response=-0.000001112,linear=0.000000000,angular=0.000210285
PLANK_TRANSIENT,torsion_X_assumed_nu0.30,unloaded,tick=15,response=-0.000001112,linear=0.000000000,angular=0.000210285
PLANK_TRANSIENT,torsion_X_assumed_nu0.30,unloaded,tick=16,response=-0.000001112,linear=0.000000000,angular=0.000210285
PLANK_TRANSIENT,torsion_X_assumed_nu0.30,unloaded,tick=17,response=-0.000001112,linear=0.000000000,angular=0.000210285
PLANK_TRANSIENT,torsion_X_assumed_nu0.30,unloaded,tick=18,response=-0.000001112,linear=0.000000000,angular=0.000210285
PLANK_TRANSIENT,torsion_X_assumed_nu0.30,unloaded,tick=19,response=-0.000001112,linear=0.000000000,angular=0.000210285
PLANK_TRANSIENT,torsion_X_assumed_nu0.30,unloaded,tick=90,response=-0.000001112,linear=0.000000000,angular=0.000210285
PLANK_TRANSIENT,torsion_X_assumed_nu0.30,unloaded,tick=180,response=-0.000001112,linear=0.000000000,angular=0.000210285
PLANK_TRANSIENT,torsion_X_assumed_nu0.30,unloaded,tick=270,response=-0.000001112,linear=0.000000000,angular=0.000210285
PLANK_SETTLE,torsion_X_assumed_nu0.30,unloaded,ticks=360,response=-0.000001112,linear_mps=0.000000000,angular_radps=0.000210285
PLANK_TRANSIENT,strong_bending_Y,positive,tick=0,response=0.000094929,linear=0.000000000,angular=0.002017203
PLANK_TRANSIENT,strong_bending_Y,positive,tick=1,response=0.000098863,linear=0.000000000,angular=0.000217942
PLANK_TRANSIENT,strong_bending_Y,positive,tick=2,response=0.000098863,linear=0.000000000,angular=0.000217438
PLANK_TRANSIENT,strong_bending_Y,positive,tick=3,response=0.000098863,linear=0.000000000,angular=0.000217438
PLANK_TRANSIENT,strong_bending_Y,positive,tick=4,response=0.000098863,linear=0.000000000,angular=0.000217438
PLANK_TRANSIENT,strong_bending_Y,positive,tick=5,response=0.000098863,linear=0.000000000,angular=0.000217438
PLANK_TRANSIENT,strong_bending_Y,positive,tick=6,response=0.000098863,linear=0.000000000,angular=0.000217438
PLANK_TRANSIENT,strong_bending_Y,positive,tick=7,response=0.000098863,linear=0.000000000,angular=0.000217438
PLANK_TRANSIENT,strong_bending_Y,positive,tick=8,response=0.000098863,linear=0.000000000,angular=0.000217438
PLANK_TRANSIENT,strong_bending_Y,positive,tick=9,response=0.000098863,linear=0.000000000,angular=0.000217438
PLANK_TRANSIENT,strong_bending_Y,positive,tick=10,response=0.000098863,linear=0.000000000,angular=0.000217438
PLANK_TRANSIENT,strong_bending_Y,positive,tick=11,response=0.000098863,linear=0.000000000,angular=0.000217438
PLANK_TRANSIENT,strong_bending_Y,positive,tick=12,response=0.000098863,linear=0.000000000,angular=0.000217438
PLANK_TRANSIENT,strong_bending_Y,positive,tick=13,response=0.000098863,linear=0.000000000,angular=0.000217438
PLANK_TRANSIENT,strong_bending_Y,positive,tick=14,response=0.000098863,linear=0.000000000,angular=0.000217438
PLANK_TRANSIENT,strong_bending_Y,positive,tick=15,response=0.000098863,linear=0.000000000,angular=0.000217438
PLANK_TRANSIENT,strong_bending_Y,positive,tick=16,response=0.000098863,linear=0.000000000,angular=0.000217438
PLANK_TRANSIENT,strong_bending_Y,positive,tick=17,response=0.000098863,linear=0.000000000,angular=0.000217438
PLANK_TRANSIENT,strong_bending_Y,positive,tick=18,response=0.000098863,linear=0.000000000,angular=0.000217438
PLANK_TRANSIENT,strong_bending_Y,positive,tick=19,response=0.000098863,linear=0.000000000,angular=0.000217438
PLANK_TRANSIENT,strong_bending_Y,positive,tick=90,response=0.000098863,linear=0.000000000,angular=0.000217438
PLANK_TRANSIENT,strong_bending_Y,positive,tick=180,response=0.000098863,linear=0.000000000,angular=0.000217438
PLANK_TRANSIENT,strong_bending_Y,positive,tick=270,response=0.000098863,linear=0.000000000,angular=0.000217438
PLANK_SETTLE,strong_bending_Y,positive,ticks=360,response=0.000098863,linear_mps=0.000000000,angular_radps=0.000217438
PLANK_RESPONSE,strong_bending_Y,measured=0.000098863,expected=0.000100000,relative_error=-0.011369873
PLANK_TRANSIENT,strong_bending_Y,unloaded,tick=0,response=0.000005007,linear=0.000000000,angular=0.001997794
PLANK_TRANSIENT,strong_bending_Y,unloaded,tick=1,response=0.000001126,linear=0.000000000,angular=0.000213081
PLANK_TRANSIENT,strong_bending_Y,unloaded,tick=2,response=0.000001126,linear=0.000000000,angular=0.000213081
PLANK_TRANSIENT,strong_bending_Y,unloaded,tick=3,response=0.000001126,linear=0.000000000,angular=0.000213081
PLANK_TRANSIENT,strong_bending_Y,unloaded,tick=4,response=0.000001126,linear=0.000000000,angular=0.000213081
PLANK_TRANSIENT,strong_bending_Y,unloaded,tick=5,response=0.000001126,linear=0.000000000,angular=0.000213081
PLANK_TRANSIENT,strong_bending_Y,unloaded,tick=6,response=0.000001126,linear=0.000000000,angular=0.000213081
PLANK_TRANSIENT,strong_bending_Y,unloaded,tick=7,response=0.000001126,linear=0.000000000,angular=0.000213081
PLANK_TRANSIENT,strong_bending_Y,unloaded,tick=8,response=0.000001126,linear=0.000000000,angular=0.000213081
PLANK_TRANSIENT,strong_bending_Y,unloaded,tick=9,response=0.000001126,linear=0.000000000,angular=0.000213081
PLANK_TRANSIENT,strong_bending_Y,unloaded,tick=10,response=0.000001126,linear=0.000000000,angular=0.000213081
PLANK_TRANSIENT,strong_bending_Y,unloaded,tick=11,response=0.000001126,linear=0.000000000,angular=0.000213081
PLANK_TRANSIENT,strong_bending_Y,unloaded,tick=12,response=0.000001126,linear=0.000000000,angular=0.000213081
PLANK_TRANSIENT,strong_bending_Y,unloaded,tick=13,response=0.000001126,linear=0.000000000,angular=0.000213081
PLANK_TRANSIENT,strong_bending_Y,unloaded,tick=14,response=0.000001126,linear=0.000000000,angular=0.000213081
PLANK_TRANSIENT,strong_bending_Y,unloaded,tick=15,response=0.000001126,linear=0.000000000,angular=0.000213081
PLANK_TRANSIENT,strong_bending_Y,unloaded,tick=16,response=0.000001126,linear=0.000000000,angular=0.000213081
PLANK_TRANSIENT,strong_bending_Y,unloaded,tick=17,response=0.000001126,linear=0.000000000,angular=0.000213081
PLANK_TRANSIENT,strong_bending_Y,unloaded,tick=18,response=0.000001126,linear=0.000000000,angular=0.000213081
PLANK_TRANSIENT,strong_bending_Y,unloaded,tick=19,response=0.000001126,linear=0.000000000,angular=0.000213081
PLANK_TRANSIENT,strong_bending_Y,unloaded,tick=90,response=0.000001126,linear=0.000000000,angular=0.000213081
PLANK_TRANSIENT,strong_bending_Y,unloaded,tick=180,response=0.000001126,linear=0.000000000,angular=0.000213081
PLANK_TRANSIENT,strong_bending_Y,unloaded,tick=270,response=0.000001126,linear=0.000000000,angular=0.000213081
PLANK_SETTLE,strong_bending_Y,unloaded,ticks=360,response=0.000001126,linear_mps=0.000000000,angular_radps=0.000213081
PLANK_TRANSIENT,strong_bending_Y,negative,tick=0,response=-0.000094885,linear=0.000000000,angular=0.002044359
PLANK_TRANSIENT,strong_bending_Y,negative,tick=1,response=-0.000098856,linear=0.000000000,angular=0.000217942
PLANK_TRANSIENT,strong_bending_Y,negative,tick=2,response=-0.000098856,linear=0.000000000,angular=0.000217438
PLANK_TRANSIENT,strong_bending_Y,negative,tick=3,response=-0.000098856,linear=0.000000000,angular=0.000217438
PLANK_TRANSIENT,strong_bending_Y,negative,tick=4,response=-0.000098856,linear=0.000000000,angular=0.000217438
PLANK_TRANSIENT,strong_bending_Y,negative,tick=5,response=-0.000098856,linear=0.000000000,angular=0.000217438
PLANK_TRANSIENT,strong_bending_Y,negative,tick=6,response=-0.000098856,linear=0.000000000,angular=0.000217438
PLANK_TRANSIENT,strong_bending_Y,negative,tick=7,response=-0.000098856,linear=0.000000000,angular=0.000217438
PLANK_TRANSIENT,strong_bending_Y,negative,tick=8,response=-0.000098856,linear=0.000000000,angular=0.000217438
PLANK_TRANSIENT,strong_bending_Y,negative,tick=9,response=-0.000098856,linear=0.000000000,angular=0.000217438
PLANK_TRANSIENT,strong_bending_Y,negative,tick=10,response=-0.000098856,linear=0.000000000,angular=0.000217438
PLANK_TRANSIENT,strong_bending_Y,negative,tick=11,response=-0.000098856,linear=0.000000000,angular=0.000217438
PLANK_TRANSIENT,strong_bending_Y,negative,tick=12,response=-0.000098856,linear=0.000000000,angular=0.000217438
PLANK_TRANSIENT,strong_bending_Y,negative,tick=13,response=-0.000098856,linear=0.000000000,angular=0.000217438
PLANK_TRANSIENT,strong_bending_Y,negative,tick=14,response=-0.000098856,linear=0.000000000,angular=0.000217438
PLANK_TRANSIENT,strong_bending_Y,negative,tick=15,response=-0.000098856,linear=0.000000000,angular=0.000217438
PLANK_TRANSIENT,strong_bending_Y,negative,tick=16,response=-0.000098856,linear=0.000000000,angular=0.000217438
PLANK_TRANSIENT,strong_bending_Y,negative,tick=17,response=-0.000098856,linear=0.000000000,angular=0.000217438
PLANK_TRANSIENT,strong_bending_Y,negative,tick=18,response=-0.000098856,linear=0.000000000,angular=0.000217438
PLANK_TRANSIENT,strong_bending_Y,negative,tick=19,response=-0.000098856,linear=0.000000000,angular=0.000217438
PLANK_TRANSIENT,strong_bending_Y,negative,tick=90,response=-0.000098856,linear=0.000000000,angular=0.000217438
PLANK_TRANSIENT,strong_bending_Y,negative,tick=180,response=-0.000098856,linear=0.000000000,angular=0.000217438
PLANK_TRANSIENT,strong_bending_Y,negative,tick=270,response=-0.000098856,linear=0.000000000,angular=0.000217438
PLANK_SETTLE,strong_bending_Y,negative,ticks=360,response=-0.000098856,linear_mps=0.000000000,angular_radps=0.000217438
PLANK_RESPONSE,strong_bending_Y,measured=-0.000098856,expected=-0.000100000,relative_error=-0.011444452
PLANK_TRANSIENT,strong_bending_Y,unloaded,tick=0,response=-0.000005006,linear=0.000000000,angular=0.001997644
PLANK_TRANSIENT,strong_bending_Y,unloaded,tick=1,response=-0.000001126,linear=0.000000000,angular=0.000213065
PLANK_TRANSIENT,strong_bending_Y,unloaded,tick=2,response=-0.000001126,linear=0.000000000,angular=0.000213065
PLANK_TRANSIENT,strong_bending_Y,unloaded,tick=3,response=-0.000001126,linear=0.000000000,angular=0.000213065
PLANK_TRANSIENT,strong_bending_Y,unloaded,tick=4,response=-0.000001126,linear=0.000000000,angular=0.000213065
PLANK_TRANSIENT,strong_bending_Y,unloaded,tick=5,response=-0.000001126,linear=0.000000000,angular=0.000213065
PLANK_TRANSIENT,strong_bending_Y,unloaded,tick=6,response=-0.000001126,linear=0.000000000,angular=0.000213065
PLANK_TRANSIENT,strong_bending_Y,unloaded,tick=7,response=-0.000001126,linear=0.000000000,angular=0.000213065
PLANK_TRANSIENT,strong_bending_Y,unloaded,tick=8,response=-0.000001126,linear=0.000000000,angular=0.000213065
PLANK_TRANSIENT,strong_bending_Y,unloaded,tick=9,response=-0.000001126,linear=0.000000000,angular=0.000213065
PLANK_TRANSIENT,strong_bending_Y,unloaded,tick=10,response=-0.000001126,linear=0.000000000,angular=0.000213065
PLANK_TRANSIENT,strong_bending_Y,unloaded,tick=11,response=-0.000001126,linear=0.000000000,angular=0.000213065
PLANK_TRANSIENT,strong_bending_Y,unloaded,tick=12,response=-0.000001126,linear=0.000000000,angular=0.000213065
PLANK_TRANSIENT,strong_bending_Y,unloaded,tick=13,response=-0.000001126,linear=0.000000000,angular=0.000213065
PLANK_TRANSIENT,strong_bending_Y,unloaded,tick=14,response=-0.000001126,linear=0.000000000,angular=0.000213065
PLANK_TRANSIENT,strong_bending_Y,unloaded,tick=15,response=-0.000001126,linear=0.000000000,angular=0.000213065
PLANK_TRANSIENT,strong_bending_Y,unloaded,tick=16,response=-0.000001126,linear=0.000000000,angular=0.000213065
PLANK_TRANSIENT,strong_bending_Y,unloaded,tick=17,response=-0.000001126,linear=0.000000000,angular=0.000213065
PLANK_TRANSIENT,strong_bending_Y,unloaded,tick=18,response=-0.000001126,linear=0.000000000,angular=0.000213065
PLANK_TRANSIENT,strong_bending_Y,unloaded,tick=19,response=-0.000001126,linear=0.000000000,angular=0.000213065
PLANK_TRANSIENT,strong_bending_Y,unloaded,tick=90,response=-0.000001126,linear=0.000000000,angular=0.000213065
PLANK_TRANSIENT,strong_bending_Y,unloaded,tick=180,response=-0.000001126,linear=0.000000000,angular=0.000213065
PLANK_TRANSIENT,strong_bending_Y,unloaded,tick=270,response=-0.000001126,linear=0.000000000,angular=0.000213065
PLANK_SETTLE,strong_bending_Y,unloaded,ticks=360,response=-0.000001126,linear_mps=0.000000000,angular_radps=0.000213065
PLANK_TRANSIENT,weak_bending_Z,positive,tick=0,response=0.000094989,linear=0.000000000,angular=0.002019055
PLANK_TRANSIENT,weak_bending_Z,positive,tick=1,response=0.000098884,linear=0.000000000,angular=0.000211149
PLANK_TRANSIENT,weak_bending_Z,positive,tick=2,response=0.000098884,linear=0.000000000,angular=0.000211239
PLANK_TRANSIENT,weak_bending_Z,positive,tick=3,response=0.000098884,linear=0.000000000,angular=0.000211239
PLANK_TRANSIENT,weak_bending_Z,positive,tick=4,response=0.000098884,linear=0.000000000,angular=0.000211239
PLANK_TRANSIENT,weak_bending_Z,positive,tick=5,response=0.000098884,linear=0.000000000,angular=0.000211239
PLANK_TRANSIENT,weak_bending_Z,positive,tick=6,response=0.000098884,linear=0.000000000,angular=0.000211239
PLANK_TRANSIENT,weak_bending_Z,positive,tick=7,response=0.000098884,linear=0.000000000,angular=0.000211239
PLANK_TRANSIENT,weak_bending_Z,positive,tick=8,response=0.000098884,linear=0.000000000,angular=0.000211239
PLANK_TRANSIENT,weak_bending_Z,positive,tick=9,response=0.000098884,linear=0.000000000,angular=0.000211239
PLANK_TRANSIENT,weak_bending_Z,positive,tick=10,response=0.000098884,linear=0.000000000,angular=0.000211239
PLANK_TRANSIENT,weak_bending_Z,positive,tick=11,response=0.000098884,linear=0.000000000,angular=0.000211239
PLANK_TRANSIENT,weak_bending_Z,positive,tick=12,response=0.000098884,linear=0.000000000,angular=0.000211239
PLANK_TRANSIENT,weak_bending_Z,positive,tick=13,response=0.000098884,linear=0.000000000,angular=0.000211239
PLANK_TRANSIENT,weak_bending_Z,positive,tick=14,response=0.000098884,linear=0.000000000,angular=0.000211239
PLANK_TRANSIENT,weak_bending_Z,positive,tick=15,response=0.000098884,linear=0.000000000,angular=0.000211239
PLANK_TRANSIENT,weak_bending_Z,positive,tick=16,response=0.000098884,linear=0.000000000,angular=0.000211239
PLANK_TRANSIENT,weak_bending_Z,positive,tick=17,response=0.000098884,linear=0.000000000,angular=0.000211239
PLANK_TRANSIENT,weak_bending_Z,positive,tick=18,response=0.000098884,linear=0.000000000,angular=0.000211239
PLANK_TRANSIENT,weak_bending_Z,positive,tick=19,response=0.000098884,linear=0.000000000,angular=0.000211239
PLANK_TRANSIENT,weak_bending_Z,positive,tick=90,response=0.000098884,linear=0.000000000,angular=0.000211239
PLANK_TRANSIENT,weak_bending_Z,positive,tick=180,response=0.000098884,linear=0.000000000,angular=0.000211239
PLANK_TRANSIENT,weak_bending_Z,positive,tick=270,response=0.000098884,linear=0.000000000,angular=0.000211239
PLANK_SETTLE,weak_bending_Z,positive,ticks=360,response=0.000098884,linear_mps=0.000000000,angular_radps=0.000211239
PLANK_RESPONSE,weak_bending_Z,measured=0.000098884,expected=0.000100000,relative_error=-0.011156106
PLANK_TRANSIENT,weak_bending_Z,unloaded,tick=0,response=0.000004956,linear=0.000000000,angular=0.001996489
PLANK_TRANSIENT,weak_bending_Z,unloaded,tick=1,response=0.000001104,linear=0.000000000,angular=0.000208809
PLANK_TRANSIENT,weak_bending_Z,unloaded,tick=2,response=0.000001104,linear=0.000000000,angular=0.000208805
PLANK_TRANSIENT,weak_bending_Z,unloaded,tick=3,response=0.000001104,linear=0.000000000,angular=0.000208805
PLANK_TRANSIENT,weak_bending_Z,unloaded,tick=4,response=0.000001104,linear=0.000000000,angular=0.000208805
PLANK_TRANSIENT,weak_bending_Z,unloaded,tick=5,response=0.000001104,linear=0.000000000,angular=0.000208805
PLANK_TRANSIENT,weak_bending_Z,unloaded,tick=6,response=0.000001104,linear=0.000000000,angular=0.000208805
PLANK_TRANSIENT,weak_bending_Z,unloaded,tick=7,response=0.000001104,linear=0.000000000,angular=0.000208805
PLANK_TRANSIENT,weak_bending_Z,unloaded,tick=8,response=0.000001104,linear=0.000000000,angular=0.000208805
PLANK_TRANSIENT,weak_bending_Z,unloaded,tick=9,response=0.000001104,linear=0.000000000,angular=0.000208805
PLANK_TRANSIENT,weak_bending_Z,unloaded,tick=10,response=0.000001104,linear=0.000000000,angular=0.000208805
PLANK_TRANSIENT,weak_bending_Z,unloaded,tick=11,response=0.000001104,linear=0.000000000,angular=0.000208805
PLANK_TRANSIENT,weak_bending_Z,unloaded,tick=12,response=0.000001104,linear=0.000000000,angular=0.000208805
PLANK_TRANSIENT,weak_bending_Z,unloaded,tick=13,response=0.000001104,linear=0.000000000,angular=0.000208805
PLANK_TRANSIENT,weak_bending_Z,unloaded,tick=14,response=0.000001104,linear=0.000000000,angular=0.000208805
PLANK_TRANSIENT,weak_bending_Z,unloaded,tick=15,response=0.000001104,linear=0.000000000,angular=0.000208805
PLANK_TRANSIENT,weak_bending_Z,unloaded,tick=16,response=0.000001104,linear=0.000000000,angular=0.000208805
PLANK_TRANSIENT,weak_bending_Z,unloaded,tick=17,response=0.000001104,linear=0.000000000,angular=0.000208805
PLANK_TRANSIENT,weak_bending_Z,unloaded,tick=18,response=0.000001104,linear=0.000000000,angular=0.000208805
PLANK_TRANSIENT,weak_bending_Z,unloaded,tick=19,response=0.000001104,linear=0.000000000,angular=0.000208805
PLANK_TRANSIENT,weak_bending_Z,unloaded,tick=90,response=0.000001104,linear=0.000000000,angular=0.000208805
PLANK_TRANSIENT,weak_bending_Z,unloaded,tick=180,response=0.000001104,linear=0.000000000,angular=0.000208805
PLANK_TRANSIENT,weak_bending_Z,unloaded,tick=270,response=0.000001104,linear=0.000000000,angular=0.000208805
PLANK_SETTLE,weak_bending_Z,unloaded,ticks=360,response=0.000001104,linear_mps=0.000000000,angular_radps=0.000208805
PLANK_TRANSIENT,weak_bending_Z,negative,tick=0,response=-0.000094933,linear=0.000000000,angular=0.002041178
PLANK_TRANSIENT,weak_bending_Z,negative,tick=1,response=-0.000098871,linear=0.000000000,angular=0.000213390
PLANK_TRANSIENT,weak_bending_Z,negative,tick=2,response=-0.000098871,linear=0.000000000,angular=0.000213623
PLANK_TRANSIENT,weak_bending_Z,negative,tick=3,response=-0.000098871,linear=0.000000000,angular=0.000213623
PLANK_TRANSIENT,weak_bending_Z,negative,tick=4,response=-0.000098871,linear=0.000000000,angular=0.000213623
PLANK_TRANSIENT,weak_bending_Z,negative,tick=5,response=-0.000098871,linear=0.000000000,angular=0.000213623
PLANK_TRANSIENT,weak_bending_Z,negative,tick=6,response=-0.000098871,linear=0.000000000,angular=0.000213623
PLANK_TRANSIENT,weak_bending_Z,negative,tick=7,response=-0.000098871,linear=0.000000000,angular=0.000213623
PLANK_TRANSIENT,weak_bending_Z,negative,tick=8,response=-0.000098871,linear=0.000000000,angular=0.000213623
PLANK_TRANSIENT,weak_bending_Z,negative,tick=9,response=-0.000098871,linear=0.000000000,angular=0.000213623
PLANK_TRANSIENT,weak_bending_Z,negative,tick=10,response=-0.000098871,linear=0.000000000,angular=0.000213623
PLANK_TRANSIENT,weak_bending_Z,negative,tick=11,response=-0.000098871,linear=0.000000000,angular=0.000213623
PLANK_TRANSIENT,weak_bending_Z,negative,tick=12,response=-0.000098871,linear=0.000000000,angular=0.000213623
PLANK_TRANSIENT,weak_bending_Z,negative,tick=13,response=-0.000098871,linear=0.000000000,angular=0.000213623
PLANK_TRANSIENT,weak_bending_Z,negative,tick=14,response=-0.000098871,linear=0.000000000,angular=0.000213623
PLANK_TRANSIENT,weak_bending_Z,negative,tick=15,response=-0.000098871,linear=0.000000000,angular=0.000213623
PLANK_TRANSIENT,weak_bending_Z,negative,tick=16,response=-0.000098871,linear=0.000000000,angular=0.000213623
PLANK_TRANSIENT,weak_bending_Z,negative,tick=17,response=-0.000098871,linear=0.000000000,angular=0.000213623
PLANK_TRANSIENT,weak_bending_Z,negative,tick=18,response=-0.000098871,linear=0.000000000,angular=0.000213623
PLANK_TRANSIENT,weak_bending_Z,negative,tick=19,response=-0.000098871,linear=0.000000000,angular=0.000213623
PLANK_TRANSIENT,weak_bending_Z,negative,tick=90,response=-0.000098871,linear=0.000000000,angular=0.000213623
PLANK_TRANSIENT,weak_bending_Z,negative,tick=180,response=-0.000098871,linear=0.000000000,angular=0.000213623
PLANK_TRANSIENT,weak_bending_Z,negative,tick=270,response=-0.000098871,linear=0.000000000,angular=0.000213623
PLANK_SETTLE,weak_bending_Z,negative,ticks=360,response=-0.000098871,linear_mps=0.000000000,angular_radps=0.000213623
PLANK_RESPONSE,weak_bending_Z,measured=-0.000098871,expected=-0.000100000,relative_error=-0.011285836
PLANK_TRANSIENT,weak_bending_Z,unloaded,tick=0,response=-0.000004955,linear=0.000000000,angular=0.001996228
PLANK_TRANSIENT,weak_bending_Z,unloaded,tick=1,response=-0.000001104,linear=0.000000000,angular=0.000208782
PLANK_TRANSIENT,weak_bending_Z,unloaded,tick=2,response=-0.000001104,linear=0.000000000,angular=0.000208778
PLANK_TRANSIENT,weak_bending_Z,unloaded,tick=3,response=-0.000001104,linear=0.000000000,angular=0.000208778
PLANK_TRANSIENT,weak_bending_Z,unloaded,tick=4,response=-0.000001104,linear=0.000000000,angular=0.000208778
PLANK_TRANSIENT,weak_bending_Z,unloaded,tick=5,response=-0.000001104,linear=0.000000000,angular=0.000208778
PLANK_TRANSIENT,weak_bending_Z,unloaded,tick=6,response=-0.000001104,linear=0.000000000,angular=0.000208778
PLANK_TRANSIENT,weak_bending_Z,unloaded,tick=7,response=-0.000001104,linear=0.000000000,angular=0.000208778
PLANK_TRANSIENT,weak_bending_Z,unloaded,tick=8,response=-0.000001104,linear=0.000000000,angular=0.000208778
PLANK_TRANSIENT,weak_bending_Z,unloaded,tick=9,response=-0.000001104,linear=0.000000000,angular=0.000208778
PLANK_TRANSIENT,weak_bending_Z,unloaded,tick=10,response=-0.000001104,linear=0.000000000,angular=0.000208778
PLANK_TRANSIENT,weak_bending_Z,unloaded,tick=11,response=-0.000001104,linear=0.000000000,angular=0.000208778
PLANK_TRANSIENT,weak_bending_Z,unloaded,tick=12,response=-0.000001104,linear=0.000000000,angular=0.000208778
PLANK_TRANSIENT,weak_bending_Z,unloaded,tick=13,response=-0.000001104,linear=0.000000000,angular=0.000208778
PLANK_TRANSIENT,weak_bending_Z,unloaded,tick=14,response=-0.000001104,linear=0.000000000,angular=0.000208778
PLANK_TRANSIENT,weak_bending_Z,unloaded,tick=15,response=-0.000001104,linear=0.000000000,angular=0.000208778
PLANK_TRANSIENT,weak_bending_Z,unloaded,tick=16,response=-0.000001104,linear=0.000000000,angular=0.000208778
PLANK_TRANSIENT,weak_bending_Z,unloaded,tick=17,response=-0.000001104,linear=0.000000000,angular=0.000208778
PLANK_TRANSIENT,weak_bending_Z,unloaded,tick=18,response=-0.000001104,linear=0.000000000,angular=0.000208778
PLANK_TRANSIENT,weak_bending_Z,unloaded,tick=19,response=-0.000001104,linear=0.000000000,angular=0.000208778
PLANK_TRANSIENT,weak_bending_Z,unloaded,tick=90,response=-0.000001104,linear=0.000000000,angular=0.000208778
PLANK_TRANSIENT,weak_bending_Z,unloaded,tick=180,response=-0.000001104,linear=0.000000000,angular=0.000208778
PLANK_TRANSIENT,weak_bending_Z,unloaded,tick=270,response=-0.000001104,linear=0.000000000,angular=0.000208778
PLANK_SETTLE,weak_bending_Z,unloaded,ticks=360,response=-0.000001104,linear_mps=0.000000000,angular_radps=0.000208778
PLANK_TRANSIENT,rotated_common_frame_weak_Z,positive,tick=0,response=0.000094984,linear=0.000000000,angular=0.002022363
PLANK_TRANSIENT,rotated_common_frame_weak_Z,positive,tick=1,response=0.000098883,linear=0.000000000,angular=0.000210932
PLANK_TRANSIENT,rotated_common_frame_weak_Z,positive,tick=2,response=0.000098883,linear=0.000000000,angular=0.000210925
PLANK_TRANSIENT,rotated_common_frame_weak_Z,positive,tick=3,response=0.000098883,linear=0.000000000,angular=0.000210925
PLANK_TRANSIENT,rotated_common_frame_weak_Z,positive,tick=4,response=0.000098883,linear=0.000000000,angular=0.000210925
PLANK_TRANSIENT,rotated_common_frame_weak_Z,positive,tick=5,response=0.000098883,linear=0.000000000,angular=0.000210925
PLANK_TRANSIENT,rotated_common_frame_weak_Z,positive,tick=6,response=0.000098883,linear=0.000000000,angular=0.000210925
PLANK_TRANSIENT,rotated_common_frame_weak_Z,positive,tick=7,response=0.000098883,linear=0.000000000,angular=0.000210925
PLANK_TRANSIENT,rotated_common_frame_weak_Z,positive,tick=8,response=0.000098883,linear=0.000000000,angular=0.000210925
PLANK_TRANSIENT,rotated_common_frame_weak_Z,positive,tick=9,response=0.000098883,linear=0.000000000,angular=0.000210925
PLANK_TRANSIENT,rotated_common_frame_weak_Z,positive,tick=10,response=0.000098883,linear=0.000000000,angular=0.000210925
PLANK_TRANSIENT,rotated_common_frame_weak_Z,positive,tick=11,response=0.000098883,linear=0.000000000,angular=0.000210925
PLANK_TRANSIENT,rotated_common_frame_weak_Z,positive,tick=12,response=0.000098883,linear=0.000000000,angular=0.000210925
PLANK_TRANSIENT,rotated_common_frame_weak_Z,positive,tick=13,response=0.000098883,linear=0.000000000,angular=0.000210925
PLANK_TRANSIENT,rotated_common_frame_weak_Z,positive,tick=14,response=0.000098883,linear=0.000000000,angular=0.000210925
PLANK_TRANSIENT,rotated_common_frame_weak_Z,positive,tick=15,response=0.000098883,linear=0.000000000,angular=0.000210925
PLANK_TRANSIENT,rotated_common_frame_weak_Z,positive,tick=16,response=0.000098883,linear=0.000000000,angular=0.000210925
PLANK_TRANSIENT,rotated_common_frame_weak_Z,positive,tick=17,response=0.000098883,linear=0.000000000,angular=0.000210925
PLANK_TRANSIENT,rotated_common_frame_weak_Z,positive,tick=18,response=0.000098883,linear=0.000000000,angular=0.000210925
PLANK_TRANSIENT,rotated_common_frame_weak_Z,positive,tick=19,response=0.000098883,linear=0.000000000,angular=0.000210925
PLANK_TRANSIENT,rotated_common_frame_weak_Z,positive,tick=90,response=0.000098883,linear=0.000000000,angular=0.000210925
PLANK_TRANSIENT,rotated_common_frame_weak_Z,positive,tick=180,response=0.000098883,linear=0.000000000,angular=0.000210925
PLANK_TRANSIENT,rotated_common_frame_weak_Z,positive,tick=270,response=0.000098883,linear=0.000000000,angular=0.000210925
PLANK_SETTLE,rotated_common_frame_weak_Z,positive,ticks=360,response=0.000098883,linear_mps=0.000000000,angular_radps=0.000210925
PLANK_RESPONSE,rotated_common_frame_weak_Z,measured=0.000098883,expected=0.000100000,relative_error=-0.011170294
PLANK_TRANSIENT,rotated_common_frame_weak_Z,unloaded,tick=0,response=0.000004964,linear=0.000000000,angular=0.001997163
PLANK_TRANSIENT,rotated_common_frame_weak_Z,unloaded,tick=1,response=0.000001105,linear=0.000000000,angular=0.000208618
PLANK_TRANSIENT,rotated_common_frame_weak_Z,unloaded,tick=2,response=0.000001105,linear=0.000000000,angular=0.000208613
PLANK_TRANSIENT,rotated_common_frame_weak_Z,unloaded,tick=3,response=0.000001105,linear=0.000000000,angular=0.000208613
PLANK_TRANSIENT,rotated_common_frame_weak_Z,unloaded,tick=4,response=0.000001105,linear=0.000000000,angular=0.000208614
PLANK_TRANSIENT,rotated_common_frame_weak_Z,unloaded,tick=5,response=0.000001105,linear=0.000000000,angular=0.000208613
PLANK_TRANSIENT,rotated_common_frame_weak_Z,unloaded,tick=6,response=0.000001105,linear=0.000000000,angular=0.000208613
PLANK_TRANSIENT,rotated_common_frame_weak_Z,unloaded,tick=7,response=0.000001105,linear=0.000000000,angular=0.000208614
PLANK_TRANSIENT,rotated_common_frame_weak_Z,unloaded,tick=8,response=0.000001105,linear=0.000000000,angular=0.000208613
PLANK_TRANSIENT,rotated_common_frame_weak_Z,unloaded,tick=9,response=0.000001105,linear=0.000000000,angular=0.000208613
PLANK_TRANSIENT,rotated_common_frame_weak_Z,unloaded,tick=10,response=0.000001105,linear=0.000000000,angular=0.000208614
PLANK_TRANSIENT,rotated_common_frame_weak_Z,unloaded,tick=11,response=0.000001105,linear=0.000000000,angular=0.000208613
PLANK_TRANSIENT,rotated_common_frame_weak_Z,unloaded,tick=12,response=0.000001105,linear=0.000000000,angular=0.000208613
PLANK_TRANSIENT,rotated_common_frame_weak_Z,unloaded,tick=13,response=0.000001105,linear=0.000000000,angular=0.000208614
PLANK_TRANSIENT,rotated_common_frame_weak_Z,unloaded,tick=14,response=0.000001105,linear=0.000000000,angular=0.000208613
PLANK_TRANSIENT,rotated_common_frame_weak_Z,unloaded,tick=15,response=0.000001105,linear=0.000000000,angular=0.000208613
PLANK_TRANSIENT,rotated_common_frame_weak_Z,unloaded,tick=16,response=0.000001105,linear=0.000000000,angular=0.000208614
PLANK_TRANSIENT,rotated_common_frame_weak_Z,unloaded,tick=17,response=0.000001105,linear=0.000000000,angular=0.000208613
PLANK_TRANSIENT,rotated_common_frame_weak_Z,unloaded,tick=18,response=0.000001105,linear=0.000000000,angular=0.000208613
PLANK_TRANSIENT,rotated_common_frame_weak_Z,unloaded,tick=19,response=0.000001105,linear=0.000000000,angular=0.000208614
PLANK_TRANSIENT,rotated_common_frame_weak_Z,unloaded,tick=90,response=0.000001105,linear=0.000000000,angular=0.000208613
PLANK_TRANSIENT,rotated_common_frame_weak_Z,unloaded,tick=180,response=0.000001105,linear=0.000000000,angular=0.000208613
PLANK_TRANSIENT,rotated_common_frame_weak_Z,unloaded,tick=270,response=0.000001105,linear=0.000000000,angular=0.000208613
PLANK_SETTLE,rotated_common_frame_weak_Z,unloaded,ticks=360,response=0.000001105,linear_mps=0.000000000,angular_radps=0.000208613
PLANK_TRANSIENT,rotated_common_frame_weak_Z,negative,tick=0,response=-0.000094898,linear=0.000000000,angular=0.002045152
PLANK_TRANSIENT,rotated_common_frame_weak_Z,negative,tick=1,response=-0.000098844,linear=0.000000000,angular=0.000219679
PLANK_TRANSIENT,rotated_common_frame_weak_Z,negative,tick=2,response=-0.000098844,linear=0.000000000,angular=0.000219659
PLANK_TRANSIENT,rotated_common_frame_weak_Z,negative,tick=3,response=-0.000098844,linear=0.000000000,angular=0.000219659
PLANK_TRANSIENT,rotated_common_frame_weak_Z,negative,tick=4,response=-0.000098844,linear=0.000000000,angular=0.000219659
PLANK_TRANSIENT,rotated_common_frame_weak_Z,negative,tick=5,response=-0.000098844,linear=0.000000000,angular=0.000219659
PLANK_TRANSIENT,rotated_common_frame_weak_Z,negative,tick=6,response=-0.000098844,linear=0.000000000,angular=0.000219659
PLANK_TRANSIENT,rotated_common_frame_weak_Z,negative,tick=7,response=-0.000098844,linear=0.000000000,angular=0.000219659
PLANK_TRANSIENT,rotated_common_frame_weak_Z,negative,tick=8,response=-0.000098844,linear=0.000000000,angular=0.000219659
PLANK_TRANSIENT,rotated_common_frame_weak_Z,negative,tick=9,response=-0.000098844,linear=0.000000000,angular=0.000219659
PLANK_TRANSIENT,rotated_common_frame_weak_Z,negative,tick=10,response=-0.000098844,linear=0.000000000,angular=0.000219659
PLANK_TRANSIENT,rotated_common_frame_weak_Z,negative,tick=11,response=-0.000098844,linear=0.000000000,angular=0.000219659
PLANK_TRANSIENT,rotated_common_frame_weak_Z,negative,tick=12,response=-0.000098844,linear=0.000000000,angular=0.000219659
PLANK_TRANSIENT,rotated_common_frame_weak_Z,negative,tick=13,response=-0.000098844,linear=0.000000000,angular=0.000219659
PLANK_TRANSIENT,rotated_common_frame_weak_Z,negative,tick=14,response=-0.000098844,linear=0.000000000,angular=0.000219659
PLANK_TRANSIENT,rotated_common_frame_weak_Z,negative,tick=15,response=-0.000098844,linear=0.000000000,angular=0.000219659
PLANK_TRANSIENT,rotated_common_frame_weak_Z,negative,tick=16,response=-0.000098844,linear=0.000000000,angular=0.000219659
PLANK_TRANSIENT,rotated_common_frame_weak_Z,negative,tick=17,response=-0.000098844,linear=0.000000000,angular=0.000219659
PLANK_TRANSIENT,rotated_common_frame_weak_Z,negative,tick=18,response=-0.000098844,linear=0.000000000,angular=0.000219659
PLANK_TRANSIENT,rotated_common_frame_weak_Z,negative,tick=19,response=-0.000098844,linear=0.000000000,angular=0.000219659
PLANK_TRANSIENT,rotated_common_frame_weak_Z,negative,tick=90,response=-0.000098844,linear=0.000000000,angular=0.000219659
PLANK_TRANSIENT,rotated_common_frame_weak_Z,negative,tick=180,response=-0.000098844,linear=0.000000000,angular=0.000219659
PLANK_TRANSIENT,rotated_common_frame_weak_Z,negative,tick=270,response=-0.000098844,linear=0.000000000,angular=0.000219659
PLANK_SETTLE,rotated_common_frame_weak_Z,negative,ticks=360,response=-0.000098844,linear_mps=0.000000000,angular_radps=0.000219659
PLANK_RESPONSE,rotated_common_frame_weak_Z,measured=-0.000098844,expected=-0.000100000,relative_error=-0.011564796
PLANK_TRANSIENT,rotated_common_frame_weak_Z,unloaded,tick=0,response=-0.000004953,linear=0.000000000,angular=0.001991525
PLANK_TRANSIENT,rotated_common_frame_weak_Z,unloaded,tick=1,response=-0.000001094,linear=0.000000000,angular=0.000208618
PLANK_TRANSIENT,rotated_common_frame_weak_Z,unloaded,tick=2,response=-0.000001094,linear=0.000000000,angular=0.000208613
PLANK_TRANSIENT,rotated_common_frame_weak_Z,unloaded,tick=3,response=-0.000001094,linear=0.000000000,angular=0.000208613
PLANK_TRANSIENT,rotated_common_frame_weak_Z,unloaded,tick=4,response=-0.000001094,linear=0.000000000,angular=0.000208613
PLANK_TRANSIENT,rotated_common_frame_weak_Z,unloaded,tick=5,response=-0.000001094,linear=0.000000000,angular=0.000208613
PLANK_TRANSIENT,rotated_common_frame_weak_Z,unloaded,tick=6,response=-0.000001094,linear=0.000000000,angular=0.000208613
PLANK_TRANSIENT,rotated_common_frame_weak_Z,unloaded,tick=7,response=-0.000001094,linear=0.000000000,angular=0.000208613
PLANK_TRANSIENT,rotated_common_frame_weak_Z,unloaded,tick=8,response=-0.000001094,linear=0.000000000,angular=0.000208613
PLANK_TRANSIENT,rotated_common_frame_weak_Z,unloaded,tick=9,response=-0.000001094,linear=0.000000000,angular=0.000208613
PLANK_TRANSIENT,rotated_common_frame_weak_Z,unloaded,tick=10,response=-0.000001094,linear=0.000000000,angular=0.000208613
PLANK_TRANSIENT,rotated_common_frame_weak_Z,unloaded,tick=11,response=-0.000001094,linear=0.000000000,angular=0.000208613
PLANK_TRANSIENT,rotated_common_frame_weak_Z,unloaded,tick=12,response=-0.000001094,linear=0.000000000,angular=0.000208613
PLANK_TRANSIENT,rotated_common_frame_weak_Z,unloaded,tick=13,response=-0.000001094,linear=0.000000000,angular=0.000208613
PLANK_TRANSIENT,rotated_common_frame_weak_Z,unloaded,tick=14,response=-0.000001094,linear=0.000000000,angular=0.000208613
PLANK_TRANSIENT,rotated_common_frame_weak_Z,unloaded,tick=15,response=-0.000001094,linear=0.000000000,angular=0.000208613
PLANK_TRANSIENT,rotated_common_frame_weak_Z,unloaded,tick=16,response=-0.000001094,linear=0.000000000,angular=0.000208613
PLANK_TRANSIENT,rotated_common_frame_weak_Z,unloaded,tick=17,response=-0.000001094,linear=0.000000000,angular=0.000208613
PLANK_TRANSIENT,rotated_common_frame_weak_Z,unloaded,tick=18,response=-0.000001094,linear=0.000000000,angular=0.000208613
PLANK_TRANSIENT,rotated_common_frame_weak_Z,unloaded,tick=19,response=-0.000001094,linear=0.000000000,angular=0.000208613
PLANK_TRANSIENT,rotated_common_frame_weak_Z,unloaded,tick=90,response=-0.000001094,linear=0.000000000,angular=0.000208613
PLANK_TRANSIENT,rotated_common_frame_weak_Z,unloaded,tick=180,response=-0.000001094,linear=0.000000000,angular=0.000208613
PLANK_TRANSIENT,rotated_common_frame_weak_Z,unloaded,tick=270,response=-0.000001094,linear=0.000000000,angular=0.000208613
PLANK_SETTLE,rotated_common_frame_weak_Z,unloaded,ticks=360,response=-0.000001094,linear_mps=0.000000000,angular_radps=0.000208613
PLANK_TRANSIENT,fixed_endpoint_half_cell_Z,positive,tick=0,response=0.000094959,linear=0.000000000,angular=0.002019844
PLANK_TRANSIENT,fixed_endpoint_half_cell_Z,positive,tick=1,response=0.000098870,linear=0.000000000,angular=0.000213906
PLANK_TRANSIENT,fixed_endpoint_half_cell_Z,positive,tick=2,response=0.000098870,linear=0.000000000,angular=0.000213623
PLANK_TRANSIENT,fixed_endpoint_half_cell_Z,positive,tick=3,response=0.000098870,linear=0.000000000,angular=0.000213623
PLANK_TRANSIENT,fixed_endpoint_half_cell_Z,positive,tick=4,response=0.000098870,linear=0.000000000,angular=0.000213623
PLANK_TRANSIENT,fixed_endpoint_half_cell_Z,positive,tick=5,response=0.000098870,linear=0.000000000,angular=0.000213623
PLANK_TRANSIENT,fixed_endpoint_half_cell_Z,positive,tick=6,response=0.000098870,linear=0.000000000,angular=0.000213623
PLANK_TRANSIENT,fixed_endpoint_half_cell_Z,positive,tick=7,response=0.000098870,linear=0.000000000,angular=0.000213623
PLANK_TRANSIENT,fixed_endpoint_half_cell_Z,positive,tick=8,response=0.000098870,linear=0.000000000,angular=0.000213623
PLANK_TRANSIENT,fixed_endpoint_half_cell_Z,positive,tick=9,response=0.000098870,linear=0.000000000,angular=0.000213623
PLANK_TRANSIENT,fixed_endpoint_half_cell_Z,positive,tick=10,response=0.000098870,linear=0.000000000,angular=0.000213623
PLANK_TRANSIENT,fixed_endpoint_half_cell_Z,positive,tick=11,response=0.000098870,linear=0.000000000,angular=0.000213623
PLANK_TRANSIENT,fixed_endpoint_half_cell_Z,positive,tick=12,response=0.000098870,linear=0.000000000,angular=0.000213623
PLANK_TRANSIENT,fixed_endpoint_half_cell_Z,positive,tick=13,response=0.000098870,linear=0.000000000,angular=0.000213623
PLANK_TRANSIENT,fixed_endpoint_half_cell_Z,positive,tick=14,response=0.000098870,linear=0.000000000,angular=0.000213623
PLANK_TRANSIENT,fixed_endpoint_half_cell_Z,positive,tick=15,response=0.000098870,linear=0.000000000,angular=0.000213623
PLANK_TRANSIENT,fixed_endpoint_half_cell_Z,positive,tick=16,response=0.000098870,linear=0.000000000,angular=0.000213623
PLANK_TRANSIENT,fixed_endpoint_half_cell_Z,positive,tick=17,response=0.000098870,linear=0.000000000,angular=0.000213623
PLANK_TRANSIENT,fixed_endpoint_half_cell_Z,positive,tick=18,response=0.000098870,linear=0.000000000,angular=0.000213623
PLANK_TRANSIENT,fixed_endpoint_half_cell_Z,positive,tick=19,response=0.000098870,linear=0.000000000,angular=0.000213623
PLANK_TRANSIENT,fixed_endpoint_half_cell_Z,positive,tick=90,response=0.000098870,linear=0.000000000,angular=0.000213623
PLANK_TRANSIENT,fixed_endpoint_half_cell_Z,positive,tick=180,response=0.000098870,linear=0.000000000,angular=0.000213623
PLANK_TRANSIENT,fixed_endpoint_half_cell_Z,positive,tick=270,response=0.000098870,linear=0.000000000,angular=0.000213623
PLANK_SETTLE,fixed_endpoint_half_cell_Z,positive,ticks=360,response=0.000098870,linear_mps=0.000000000,angular_radps=0.000213623
PLANK_RESPONSE,fixed_endpoint_half_cell_Z,measured=0.000098870,expected=0.000100000,relative_error=-0.011298423
PLANK_TRANSIENT,fixed_endpoint_half_cell_Z,unloaded,tick=0,response=0.000004983,linear=0.000000000,angular=0.001997122
PLANK_TRANSIENT,fixed_endpoint_half_cell_Z,unloaded,tick=1,response=0.000001116,linear=0.000000000,angular=0.000211111
PLANK_TRANSIENT,fixed_endpoint_half_cell_Z,unloaded,tick=2,response=0.000001116,linear=0.000000000,angular=0.000211110
PLANK_TRANSIENT,fixed_endpoint_half_cell_Z,unloaded,tick=3,response=0.000001116,linear=0.000000000,angular=0.000211110
PLANK_TRANSIENT,fixed_endpoint_half_cell_Z,unloaded,tick=4,response=0.000001116,linear=0.000000000,angular=0.000211110
PLANK_TRANSIENT,fixed_endpoint_half_cell_Z,unloaded,tick=5,response=0.000001116,linear=0.000000000,angular=0.000211110
PLANK_TRANSIENT,fixed_endpoint_half_cell_Z,unloaded,tick=6,response=0.000001116,linear=0.000000000,angular=0.000211110
PLANK_TRANSIENT,fixed_endpoint_half_cell_Z,unloaded,tick=7,response=0.000001116,linear=0.000000000,angular=0.000211110
PLANK_TRANSIENT,fixed_endpoint_half_cell_Z,unloaded,tick=8,response=0.000001116,linear=0.000000000,angular=0.000211110
PLANK_TRANSIENT,fixed_endpoint_half_cell_Z,unloaded,tick=9,response=0.000001116,linear=0.000000000,angular=0.000211110
PLANK_TRANSIENT,fixed_endpoint_half_cell_Z,unloaded,tick=10,response=0.000001116,linear=0.000000000,angular=0.000211110
PLANK_TRANSIENT,fixed_endpoint_half_cell_Z,unloaded,tick=11,response=0.000001116,linear=0.000000000,angular=0.000211110
PLANK_TRANSIENT,fixed_endpoint_half_cell_Z,unloaded,tick=12,response=0.000001116,linear=0.000000000,angular=0.000211110
PLANK_TRANSIENT,fixed_endpoint_half_cell_Z,unloaded,tick=13,response=0.000001116,linear=0.000000000,angular=0.000211110
PLANK_TRANSIENT,fixed_endpoint_half_cell_Z,unloaded,tick=14,response=0.000001116,linear=0.000000000,angular=0.000211110
PLANK_TRANSIENT,fixed_endpoint_half_cell_Z,unloaded,tick=15,response=0.000001116,linear=0.000000000,angular=0.000211110
PLANK_TRANSIENT,fixed_endpoint_half_cell_Z,unloaded,tick=16,response=0.000001116,linear=0.000000000,angular=0.000211110
PLANK_TRANSIENT,fixed_endpoint_half_cell_Z,unloaded,tick=17,response=0.000001116,linear=0.000000000,angular=0.000211110
PLANK_TRANSIENT,fixed_endpoint_half_cell_Z,unloaded,tick=18,response=0.000001116,linear=0.000000000,angular=0.000211110
PLANK_TRANSIENT,fixed_endpoint_half_cell_Z,unloaded,tick=19,response=0.000001116,linear=0.000000000,angular=0.000211110
PLANK_TRANSIENT,fixed_endpoint_half_cell_Z,unloaded,tick=90,response=0.000001116,linear=0.000000000,angular=0.000211110
PLANK_TRANSIENT,fixed_endpoint_half_cell_Z,unloaded,tick=180,response=0.000001116,linear=0.000000000,angular=0.000211110
PLANK_TRANSIENT,fixed_endpoint_half_cell_Z,unloaded,tick=270,response=0.000001116,linear=0.000000000,angular=0.000211110
PLANK_SETTLE,fixed_endpoint_half_cell_Z,unloaded,ticks=360,response=0.000001116,linear_mps=0.000000000,angular_radps=0.000211110
PLANK_TRANSIENT,fixed_endpoint_half_cell_Z,negative,tick=0,response=-0.000094903,linear=0.000000000,angular=0.002041967
PLANK_TRANSIENT,fixed_endpoint_half_cell_Z,negative,tick=1,response=-0.000098858,linear=0.000000000,angular=0.000215941
PLANK_TRANSIENT,fixed_endpoint_half_cell_Z,negative,tick=2,response=-0.000098858,linear=0.000000000,angular=0.000215944
PLANK_TRANSIENT,fixed_endpoint_half_cell_Z,negative,tick=3,response=-0.000098858,linear=0.000000000,angular=0.000215944
PLANK_TRANSIENT,fixed_endpoint_half_cell_Z,negative,tick=4,response=-0.000098858,linear=0.000000000,angular=0.000215944
PLANK_TRANSIENT,fixed_endpoint_half_cell_Z,negative,tick=5,response=-0.000098858,linear=0.000000000,angular=0.000215944
PLANK_TRANSIENT,fixed_endpoint_half_cell_Z,negative,tick=6,response=-0.000098858,linear=0.000000000,angular=0.000215944
PLANK_TRANSIENT,fixed_endpoint_half_cell_Z,negative,tick=7,response=-0.000098858,linear=0.000000000,angular=0.000215944
PLANK_TRANSIENT,fixed_endpoint_half_cell_Z,negative,tick=8,response=-0.000098858,linear=0.000000000,angular=0.000215944
PLANK_TRANSIENT,fixed_endpoint_half_cell_Z,negative,tick=9,response=-0.000098858,linear=0.000000000,angular=0.000215944
PLANK_TRANSIENT,fixed_endpoint_half_cell_Z,negative,tick=10,response=-0.000098858,linear=0.000000000,angular=0.000215944
PLANK_TRANSIENT,fixed_endpoint_half_cell_Z,negative,tick=11,response=-0.000098858,linear=0.000000000,angular=0.000215944
PLANK_TRANSIENT,fixed_endpoint_half_cell_Z,negative,tick=12,response=-0.000098858,linear=0.000000000,angular=0.000215944
PLANK_TRANSIENT,fixed_endpoint_half_cell_Z,negative,tick=13,response=-0.000098858,linear=0.000000000,angular=0.000215944
PLANK_TRANSIENT,fixed_endpoint_half_cell_Z,negative,tick=14,response=-0.000098858,linear=0.000000000,angular=0.000215944
PLANK_TRANSIENT,fixed_endpoint_half_cell_Z,negative,tick=15,response=-0.000098858,linear=0.000000000,angular=0.000215944
PLANK_TRANSIENT,fixed_endpoint_half_cell_Z,negative,tick=16,response=-0.000098858,linear=0.000000000,angular=0.000215944
PLANK_TRANSIENT,fixed_endpoint_half_cell_Z,negative,tick=17,response=-0.000098858,linear=0.000000000,angular=0.000215944
PLANK_TRANSIENT,fixed_endpoint_half_cell_Z,negative,tick=18,response=-0.000098858,linear=0.000000000,angular=0.000215944
PLANK_TRANSIENT,fixed_endpoint_half_cell_Z,negative,tick=19,response=-0.000098858,linear=0.000000000,angular=0.000215944
PLANK_TRANSIENT,fixed_endpoint_half_cell_Z,negative,tick=90,response=-0.000098858,linear=0.000000000,angular=0.000215944
PLANK_TRANSIENT,fixed_endpoint_half_cell_Z,negative,tick=180,response=-0.000098858,linear=0.000000000,angular=0.000215944
PLANK_TRANSIENT,fixed_endpoint_half_cell_Z,negative,tick=270,response=-0.000098858,linear=0.000000000,angular=0.000215944
PLANK_SETTLE,fixed_endpoint_half_cell_Z,negative,ticks=360,response=-0.000098858,linear_mps=0.000000000,angular_radps=0.000215944
PLANK_RESPONSE,fixed_endpoint_half_cell_Z,measured=-0.000098858,expected=-0.000100000,relative_error=-0.011423206
PLANK_TRANSIENT,fixed_endpoint_half_cell_Z,unloaded,tick=0,response=-0.000004983,linear=0.000000000,angular=0.001996871
PLANK_TRANSIENT,fixed_endpoint_half_cell_Z,unloaded,tick=1,response=-0.000001116,linear=0.000000000,angular=0.000211084
PLANK_TRANSIENT,fixed_endpoint_half_cell_Z,unloaded,tick=2,response=-0.000001116,linear=0.000000000,angular=0.000211083
PLANK_TRANSIENT,fixed_endpoint_half_cell_Z,unloaded,tick=3,response=-0.000001116,linear=0.000000000,angular=0.000211083
PLANK_TRANSIENT,fixed_endpoint_half_cell_Z,unloaded,tick=4,response=-0.000001116,linear=0.000000000,angular=0.000211083
PLANK_TRANSIENT,fixed_endpoint_half_cell_Z,unloaded,tick=5,response=-0.000001116,linear=0.000000000,angular=0.000211083
PLANK_TRANSIENT,fixed_endpoint_half_cell_Z,unloaded,tick=6,response=-0.000001116,linear=0.000000000,angular=0.000211083
PLANK_TRANSIENT,fixed_endpoint_half_cell_Z,unloaded,tick=7,response=-0.000001116,linear=0.000000000,angular=0.000211083
PLANK_TRANSIENT,fixed_endpoint_half_cell_Z,unloaded,tick=8,response=-0.000001116,linear=0.000000000,angular=0.000211083
PLANK_TRANSIENT,fixed_endpoint_half_cell_Z,unloaded,tick=9,response=-0.000001116,linear=0.000000000,angular=0.000211083
PLANK_TRANSIENT,fixed_endpoint_half_cell_Z,unloaded,tick=10,response=-0.000001116,linear=0.000000000,angular=0.000211083
PLANK_TRANSIENT,fixed_endpoint_half_cell_Z,unloaded,tick=11,response=-0.000001116,linear=0.000000000,angular=0.000211083
PLANK_TRANSIENT,fixed_endpoint_half_cell_Z,unloaded,tick=12,response=-0.000001116,linear=0.000000000,angular=0.000211083
PLANK_TRANSIENT,fixed_endpoint_half_cell_Z,unloaded,tick=13,response=-0.000001116,linear=0.000000000,angular=0.000211083
PLANK_TRANSIENT,fixed_endpoint_half_cell_Z,unloaded,tick=14,response=-0.000001116,linear=0.000000000,angular=0.000211083
PLANK_TRANSIENT,fixed_endpoint_half_cell_Z,unloaded,tick=15,response=-0.000001116,linear=0.000000000,angular=0.000211083
PLANK_TRANSIENT,fixed_endpoint_half_cell_Z,unloaded,tick=16,response=-0.000001116,linear=0.000000000,angular=0.000211083
PLANK_TRANSIENT,fixed_endpoint_half_cell_Z,unloaded,tick=17,response=-0.000001116,linear=0.000000000,angular=0.000211083
PLANK_TRANSIENT,fixed_endpoint_half_cell_Z,unloaded,tick=18,response=-0.000001116,linear=0.000000000,angular=0.000211083
PLANK_TRANSIENT,fixed_endpoint_half_cell_Z,unloaded,tick=19,response=-0.000001116,linear=0.000000000,angular=0.000211083
PLANK_TRANSIENT,fixed_endpoint_half_cell_Z,unloaded,tick=90,response=-0.000001116,linear=0.000000000,angular=0.000211083
PLANK_TRANSIENT,fixed_endpoint_half_cell_Z,unloaded,tick=180,response=-0.000001116,linear=0.000000000,angular=0.000211083
PLANK_TRANSIENT,fixed_endpoint_half_cell_Z,unloaded,tick=270,response=-0.000001116,linear=0.000000000,angular=0.000211083
PLANK_SETTLE,fixed_endpoint_half_cell_Z,unloaded,ticks=360,response=-0.000001116,linear_mps=0.000000000,angular_radps=0.000211083
PLANK_TRANSIENT,pin_roller1000N_joint1.2,loaded,tick=0,response=0.014778642,linear=1.835624337,angular=2.370996714
PLANK_TRANSIENT,pin_roller1000N_joint1.2,loaded,tick=1,response=0.038236693,linear=2.018064499,angular=2.655120373
PLANK_TRANSIENT,pin_roller1000N_joint1.2,loaded,tick=2,response=0.054168418,linear=0.947790384,angular=1.248599768
PLANK_TRANSIENT,pin_roller1000N_joint1.2,loaded,tick=3,response=0.055323523,linear=0.370899677,angular=0.487978250
PLANK_TRANSIENT,pin_roller1000N_joint1.2,loaded,tick=4,response=0.045378976,linear=1.079590917,angular=1.422231555
PLANK_TRANSIENT,pin_roller1000N_joint1.2,loaded,tick=5,response=0.033538066,linear=0.934056997,angular=1.229423285
PLANK_TRANSIENT,pin_roller1000N_joint1.2,loaded,tick=6,response=0.027445748,linear=0.272462815,angular=0.358948827
PLANK_TRANSIENT,pin_roller1000N_joint1.2,loaded,tick=7,response=0.029053807,linear=0.356721908,angular=0.469718158
PLANK_TRANSIENT,pin_roller1000N_joint1.2,loaded,tick=8,response=0.035122760,linear=0.586368442,angular=0.772299469
PLANK_TRANSIENT,pin_roller1000N_joint1.2,loaded,tick=9,response=0.040702827,linear=0.397575736,angular=0.523648918
PLANK_TRANSIENT,pin_roller1000N_joint1.2,loaded,tick=10,response=0.042604148,linear=0.026991306,angular=0.035779957
PLANK_TRANSIENT,pin_roller1000N_joint1.2,loaded,tick=11,response=0.040778264,linear=0.250271529,angular=0.329746515
PLANK_TRANSIENT,pin_roller1000N_joint1.2,loaded,tick=12,response=0.037416659,linear=0.296070725,angular=0.390268236
PLANK_TRANSIENT,pin_roller1000N_joint1.2,loaded,tick=13,response=0.034982391,linear=0.151319295,angular=0.199303791
PLANK_TRANSIENT,pin_roller1000N_joint1.2,loaded,tick=14,response=0.034657273,linear=0.041150741,angular=0.054131981
PLANK_TRANSIENT,pin_roller1000N_joint1.2,loaded,tick=15,response=0.036012713,linear=0.152143255,angular=0.200459436
PLANK_TRANSIENT,pin_roller1000N_joint1.2,loaded,tick=16,response=0.037741475,linear=0.139382586,angular=0.183739901
PLANK_TRANSIENT,pin_roller1000N_joint1.2,loaded,tick=17,response=0.038699873,linear=0.047085725,angular=0.062127501
PLANK_TRANSIENT,pin_roller1000N_joint1.2,loaded,tick=18,response=0.038542710,linear=0.046085805,angular=0.060700491
PLANK_TRANSIENT,pin_roller1000N_joint1.2,loaded,tick=19,response=0.037693664,linear=0.084172212,angular=0.110926382
PLANK_TRANSIENT,pin_roller1000N_joint1.2,loaded,tick=90,response=0.037312068,linear=0.000146196,angular=0.000300182
PLANK_TRANSIENT,pin_roller1000N_joint1.2,loaded,tick=180,response=0.037301332,linear=0.000113057,angular=0.000192647
PLANK_TRANSIENT,pin_roller1000N_joint1.2,loaded,tick=270,response=0.037314568,linear=0.000054991,angular=0.000210858
PLANK_SETTLE,pin_roller1000N_joint1.2,loaded,ticks=360,response=0.037303761,linear_mps=0.000212163,angular_radps=0.000372973
PLANK_BENCHMARK,pin_roller1000N_joint1.2,jolt_mm=37.303760648,discrete_mm=37.343687254,continuum_mm=36.832129895,jolt_vs_discrete=-0.001069166,discrete_vs_continuum=0.013888889
PLANK_RESPONSE,pin_roller1000N_joint1.2,measured=0.037303761,expected=0.037343687,relative_error=-0.001069166
PLANK_ENERGY,pin_roller1000N_joint1.2,max_partial_excess_j=0.000013259,load_work_j=37.303760648
PLANK_TRANSIENT,pin_roller1000N_joint1.2,unloaded,tick=0,response=0.022560474,linear=1.833009481,angular=2.368164539
PLANK_TRANSIENT,pin_roller1000N_joint1.2,unloaded,tick=1,response=-0.000896535,linear=2.018731117,angular=2.655858755
PLANK_TRANSIENT,pin_roller1000N_joint1.2,unloaded,tick=2,response=-0.016862959,linear=0.949114025,angular=1.249052644
PLANK_TRANSIENT,pin_roller1000N_joint1.2,unloaded,tick=3,response=-0.018025719,linear=0.370880216,angular=0.487935752
PLANK_TRANSIENT,pin_roller1000N_joint1.2,unloaded,tick=4,response=-0.008070990,linear=1.078907251,angular=1.420458198
PLANK_TRANSIENT,pin_roller1000N_joint1.2,unloaded,tick=5,response=0.003764938,linear=0.932509542,angular=1.227351546
PLANK_TRANSIENT,pin_roller1000N_joint1.2,unloaded,tick=6,response=0.009847870,linear=0.271891564,angular=0.358190149
PLANK_TRANSIENT,pin_roller1000N_joint1.2,unloaded,tick=7,response=0.008244109,linear=0.355774492,angular=0.468443424
PLANK_TRANSIENT,pin_roller1000N_joint1.2,unloaded,tick=8,response=0.002186483,linear=0.585060477,angular=0.770556390
PLANK_TRANSIENT,pin_roller1000N_joint1.2,unloaded,tick=9,response=-0.003386348,linear=0.396804243,angular=0.522463918
PLANK_TRANSIENT,pin_roller1000N_joint1.2,unloaded,tick=10,response=-0.005286144,linear=0.026997205,angular=0.035720274
PLANK_TRANSIENT,pin_roller1000N_joint1.2,unloaded,tick=11,response=-0.003464068,linear=0.249525040,angular=0.328654170
PLANK_TRANSIENT,pin_roller1000N_joint1.2,unloaded,tick=12,response=-0.000110439,linear=0.295077801,angular=0.388862133
PLANK_TRANSIENT,pin_roller1000N_joint1.2,unloaded,tick=13,response=0.002316932,linear=0.150778219,angular=0.198553398
PLANK_TRANSIENT,pin_roller1000N_joint1.2,unloaded,tick=14,response=0.002641397,linear=0.040935371,angular=0.053844459
PLANK_TRANSIENT,pin_roller1000N_joint1.2,unloaded,tick=15,response=0.001291139,linear=0.151471466,angular=0.199550465
PLANK_TRANSIENT,pin_roller1000N_joint1.2,unloaded,tick=16,response=-0.000431248,linear=0.138767645,angular=0.182898164
PLANK_TRANSIENT,pin_roller1000N_joint1.2,unloaded,tick=17,response=-0.001386181,linear=0.046881787,angular=0.061848253
PLANK_TRANSIENT,pin_roller1000N_joint1.2,unloaded,tick=18,response=-0.001229901,linear=0.045841213,angular=0.060357787
PLANK_TRANSIENT,pin_roller1000N_joint1.2,unloaded,tick=19,response=-0.000384732,linear=0.083718732,angular=0.110311665
PLANK_TRANSIENT,pin_roller1000N_joint1.2,unloaded,tick=90,response=-0.000000446,linear=0.000056269,angular=0.000239427
PLANK_TRANSIENT,pin_roller1000N_joint1.2,unloaded,tick=180,response=0.000001913,linear=0.000020509,angular=0.000153622
PLANK_TRANSIENT,pin_roller1000N_joint1.2,unloaded,tick=270,response=0.000001881,linear=0.000020509,angular=0.000153622
PLANK_SETTLE,pin_roller1000N_joint1.2,unloaded,ticks=360,response=0.000001881,linear_mps=0.000020509,angular_radps=0.000153622
PASS DEFORMABLE_PLANK pin_roller1000N_joint1.2 gravity=0 iterations=80/8 update_us_per_tick=4009.473925000 material_E=9e9 benchmark_only=1 energy_closure=unverified
PLANK_TRANSIENT,cantilever100N_tip2.4,loaded,tick=0,response=0.005062081,linear=0.565669477,angular=0.553789616
PLANK_TRANSIENT,cantilever100N_tip2.4,loaded,tick=1,response=0.013948594,linear=0.851620257,angular=0.506410420
PLANK_TRANSIENT,cantilever100N_tip2.4,loaded,tick=2,response=0.026007274,linear=1.130905151,angular=0.644601524
PLANK_TRANSIENT,cantilever100N_tip2.4,loaded,tick=3,response=0.040901024,linear=1.327828288,angular=0.809675694
PLANK_TRANSIENT,cantilever100N_tip2.4,loaded,tick=4,response=0.056999307,linear=1.368347883,angular=0.838891864
PLANK_TRANSIENT,cantilever100N_tip2.4,loaded,tick=5,response=0.072500028,linear=1.268827200,angular=0.768090665
PLANK_TRANSIENT,cantilever100N_tip2.4,loaded,tick=6,response=0.085978203,linear=1.057679772,angular=0.639537334
PLANK_TRANSIENT,cantilever100N_tip2.4,loaded,tick=7,response=0.096285127,linear=0.756547689,angular=0.459250778
PLANK_TRANSIENT,cantilever100N_tip2.4,loaded,tick=8,response=0.102574341,linear=0.395716965,angular=0.240402922
PLANK_TRANSIENT,cantilever100N_tip2.4,loaded,tick=9,response=0.104420602,linear=0.013301581,angular=0.007935914
PLANK_TRANSIENT,cantilever100N_tip2.4,loaded,tick=10,response=0.101853386,linear=0.352640390,angular=0.213977545
PLANK_TRANSIENT,cantilever100N_tip2.4,loaded,tick=11,response=0.095320992,linear=0.668110788,angular=0.405208141
PLANK_TRANSIENT,cantilever100N_tip2.4,loaded,tick=12,response=0.085626945,linear=0.905357003,angular=0.549096107
PLANK_TRANSIENT,cantilever100N_tip2.4,loaded,tick=13,response=0.073840350,linear=1.045263886,angular=0.633958101
PLANK_TRANSIENT,cantilever100N_tip2.4,loaded,tick=14,response=0.061182197,linear=1.078917503,angular=0.654348791
PLANK_TRANSIENT,cantilever100N_tip2.4,loaded,tick=15,response=0.048901681,linear=1.007988572,angular=0.611315370
PLANK_TRANSIENT,cantilever100N_tip2.4,loaded,tick=16,response=0.038154900,linear=0.844051123,angular=0.511890709
PLANK_TRANSIENT,cantilever100N_tip2.4,loaded,tick=17,response=0.029898578,linear=0.607034564,angular=0.368153065
PLANK_TRANSIENT,cantilever100N_tip2.4,loaded,tick=18,response=0.024807733,linear=0.322905660,angular=0.195835903
PLANK_TRANSIENT,cantilever100N_tip2.4,loaded,tick=19,response=0.023223979,linear=0.020939510,angular=0.012694109
PLANK_TRANSIENT,cantilever100N_tip2.4,loaded,tick=90,response=0.065817602,linear=0.038911052,angular=0.023603940
PLANK_TRANSIENT,cantilever100N_tip2.4,loaded,tick=180,response=0.058266096,linear=0.002634942,angular=0.001648945
PLANK_TRANSIENT,cantilever100N_tip2.4,loaded,tick=270,response=0.059192184,linear=0.000203790,angular=0.000282476
PLANK_TRANSIENT,cantilever100N_tip2.4,loaded,tick=360,response=0.059128672,linear=0.000717056,angular=0.000467325
PLANK_SETTLE,cantilever100N_tip2.4,loaded,ticks=380,response=0.059075400,linear_mps=0.000677812,angular_radps=0.000373715
PLANK_BENCHMARK,cantilever100N_tip2.4,jolt_mm=59.075400233,discrete_mm=59.136030775,continuum_mm=58.931407831,jolt_vs_discrete=-0.001025272,discrete_vs_continuum=0.003472222
PLANK_RESPONSE,cantilever100N_tip2.4,measured=0.059075400,expected=0.059136031,relative_error=-0.001025272
PLANK_ENERGY,cantilever100N_tip2.4,max_partial_excess_j=0.000013259,load_work_j=5.907540023
PLANK_TRANSIENT,cantilever100N_tip2.4,unloaded,tick=0,response=0.054028157,linear=0.564497828,angular=0.552890599
PLANK_TRANSIENT,cantilever100N_tip2.4,unloaded,tick=1,response=0.045158934,linear=0.850326538,angular=0.505669415
PLANK_TRANSIENT,cantilever100N_tip2.4,unloaded,tick=2,response=0.033117313,linear=1.129559398,angular=0.643870354
PLANK_TRANSIENT,cantilever100N_tip2.4,unloaded,tick=3,response=0.018238103,linear=1.326555252,angular=0.808956742
PLANK_TRANSIENT,cantilever100N_tip2.4,unloaded,tick=4,response=0.002148218,linear=1.367365599,angular=0.838363767
PLANK_TRANSIENT,cantilever100N_tip2.4,unloaded,tick=5,response=-0.013352211,linear=1.268322349,angular=0.767850280
PLANK_TRANSIENT,cantilever100N_tip2.4,unloaded,tick=6,response=-0.026838701,linear=1.057821274,angular=0.639700413
PLANK_TRANSIENT,cantilever100N_tip2.4,unloaded,tick=7,response=-0.037161820,linear=0.757422507,angular=0.459846675
PLANK_TRANSIENT,cantilever100N_tip2.4,unloaded,tick=8,response=-0.043473035,linear=0.397305906,angular=0.241408333
PLANK_TRANSIENT,cantilever100N_tip2.4,unloaded,tick=9,response=-0.045344602,linear=0.015488879,angular=0.009286012
PLANK_TRANSIENT,cantilever100N_tip2.4,unloaded,tick=10,response=-0.042803477,linear=0.350084722,angular=0.212426692
PLANK_TRANSIENT,cantilever100N_tip2.4,unloaded,tick=11,response=-0.036295488,linear=0.665497124,angular=0.403642803
PLANK_TRANSIENT,cantilever100N_tip2.4,unloaded,tick=12,response=-0.026621921,linear=0.903041124,angular=0.547736943
PLANK_TRANSIENT,cantilever100N_tip2.4,unloaded,tick=13,response=-0.014849775,linear=1.043575883,angular=0.633004785
PLANK_TRANSIENT,cantilever100N_tip2.4,unloaded,tick=14,response=-0.002198327,linear=1.078101873,angular=0.653927624
PLANK_TRANSIENT,cantilever100N_tip2.4,unloaded,tick=15,response=0.010084586,linear=1.008183837,angular=0.611505270
PLANK_TRANSIENT,cantilever100N_tip2.4,unloaded,tick=16,response=0.020843424,linear=0.845258832,angular=0.512684226
PLANK_TRANSIENT,cantilever100N_tip2.4,unloaded,tick=17,response=0.029121367,linear=0.609141529,angular=0.369480669
PLANK_TRANSIENT,cantilever100N_tip2.4,unloaded,tick=18,response=0.034242231,linear=0.325699657,angular=0.197560534
PLANK_TRANSIENT,cantilever100N_tip2.4,unloaded,tick=19,response=0.035862040,linear=0.024134524,angular=0.014640830
PLANK_TRANSIENT,cantilever100N_tip2.4,unloaded,tick=90,response=-0.006734459,linear=0.036438625,angular=0.022097254
PLANK_TRANSIENT,cantilever100N_tip2.4,unloaded,tick=180,response=0.000836443,linear=0.002006638,angular=0.001235088
PLANK_TRANSIENT,cantilever100N_tip2.4,unloaded,tick=270,response=-0.000093554,linear=0.000298764,angular=0.000287916
PLANK_TRANSIENT,cantilever100N_tip2.4,unloaded,tick=360,response=-0.000028148,linear=0.000768526,angular=0.000447495
PLANK_SETTLE,cantilever100N_tip2.4,unloaded,ticks=380,response=0.000025690,linear_mps=0.000636268,angular_radps=0.000363306
PASS DEFORMABLE_PLANK cantilever100N_tip2.4 gravity=0 iterations=250/32 update_us_per_tick=9974.003352632 material_E=9e9 benchmark_only=1 energy_closure=unverified
PASS DEFORMABLE_PLANK mode=both player_integration=unverified
