INSPECTION_CSV_HEADER,phase,event,tick,x,y,z,vx,vy,vz,grounded,support,traversal,traversal_support,grip_available,grip_entity,swinging,hands,gravity,deaths,landings,impact_mps,jump_work_j,hand_positive_work_j,firm_footing
INSPECTION_CSV,recovery_left407_start,begin,0,6.000000,1.200000,-25.000000,0.000000,0.000000,0.000000,0,0,0,0,0,0,0,0,1.000000,0,0,0.000000,0.000000,0.000000,0
INSPECTION_CSV,recovery_left407_start,tick,90,-16.650000,407.899994,-128.199997,0.000000,0.000000,0.000000,1,1935,0,0,0,0,0,0,1.000000,0,1,0.027250,0.000000,0.000000,1
INSPECTION_CSV,recovery_left407_start,stable,135,-16.650000,407.899994,-128.199997,0.000000,0.000000,0.000000,1,1935,0,0,0,0,0,0,1.000000,0,1,0.027250,0.000000,0.000000,1
INSPECTION_CSV,deliberate_gap_walkoff,begin,135,-16.650000,407.899994,-128.199997,0.000000,0.000000,0.000000,1,1935,0,0,0,0,0,0,1.000000,0,1,0.027250,0.000000,0.000000,1
INSPECTION_CSV,deliberate_gap_walkoff,tick,180,-15.668840,407.837463,-128.199997,3.895998,-1.132791,0.000000,0,0,0,0,0,0,0,0,1.000000,0,1,0.027250,0.000000,0.000000,0
INSPECTION_CSV,deliberate_gap_walkoff,tray_impact,246,-12.249326,404.399963,-128.199997,4.715677,-0.010986,0.000000,1,1936,0,0,0,0,0,0,1.000000,0,2,8.299522,0.000000,0.000000,1
INSPECTION_CSV,tray_landing_recovery,begin,246,-12.249326,404.399963,-128.199997,4.715677,-0.010986,0.000000,1,1936,0,0,0,0,0,0,1.000000,0,2,8.299522,0.000000,0.000000,1
INSPECTION_CSV,tray_landing_recovery,tick,270,-11.267404,404.099976,-128.259232,2.664231,0.000000,-0.410741,1,1936,0,0,0,0,0,0,1.000000,0,2,8.299522,0.000000,0.000000,1
INSPECTION_CSV,tray_landing_recovery,tick,360,-12.142874,404.399963,-129.196899,-1.933359,0.000000,-0.802783,1,1936,0,0,0,0,0,0,1.000000,0,2,8.299522,0.000000,0.000000,1
INSPECTION_CSV,tray_landing_recovery,arrived,389,-12.417753,404.399963,-129.308441,-0.127689,0.000000,-0.045677,1,1936,0,0,0,0,0,0,1.000000,0,2,8.299522,0.000000,0.000000,1
INSPECTION_CSV,tray_landing_recovery,tick,450,-12.439401,404.399963,-129.316010,-0.002619,0.000000,-0.000937,1,1936,0,0,0,0,0,0,1.000000,0,2,8.299522,0.000000,0.000000,1
INSPECTION_CSV,tray_landing_recovery,tick,540,-12.439835,404.399963,-129.316010,-0.000008,0.000000,-0.000003,1,1936,0,0,0,0,0,0,1.000000,0,2,8.299522,0.000000,0.000000,1
INSPECTION_CSV,tray_landing_recovery,tick,630,-12.439835,404.399963,-129.316010,-0.000000,0.000000,-0.000000,1,1936,0,0,0,0,0,0,1.000000,0,2,8.299522,0.000000,0.000000,1
INSPECTION_CSV,tray_landing_recovery,stable,659,-12.439835,404.399963,-129.316010,-0.000000,0.000000,-0.000000,1,1936,0,0,0,0,0,0,1.000000,0,2,8.299522,0.000000,0.000000,1
INSPECTION_CSV,tray_to_return_brace,begin,659,-12.439835,404.399963,-129.316010,-0.000000,0.000000,-0.000000,1,1936,0,0,0,0,0,0,1.000000,0,2,8.299522,0.000000,0.000000,1
INSPECTION_CSV,tray_to_return_brace,tick,720,-14.226330,404.399963,-129.394928,-4.920790,0.000000,-0.217387,1,1936,0,0,0,0,0,0,1.000000,0,2,8.299522,0.000000,0.000000,1
INSPECTION_CSV,tray_to_return_brace,tick,810,-18.135696,404.399963,-129.099991,-5.181589,0.000000,0.000000,1,1936,0,0,0,0,0,0,1.000000,0,2,8.299522,0.000000,0.000000,1
INSPECTION_CSV,tray_to_return_brace,arrived,897,-20.011009,404.399963,-129.655151,-0.122080,0.000000,-0.056740,1,1936,0,0,0,0,0,0,1.000000,0,3,2.364459,251.277695,0.000000,1
INSPECTION_CSV,actual_return_brace_ascent,begin,897,-20.011009,404.399963,-129.655151,-0.122080,0.000000,-0.056740,1,1936,0,0,0,0,0,0,1.000000,0,3,2.364459,251.277695,0.000000,1
INSPECTION_CSV,actual_return_brace_ascent,tick,900,-20.010357,404.399963,-129.656982,0.139501,0.000000,-0.053615,1,1936,0,0,0,0,0,0,1.000000,0,3,2.364459,251.277695,0.000000,1
INSPECTION_CSV,actual_return_brace_ascent,tick,990,-17.174967,405.367828,-129.666702,4.299422,1.979997,0.016837,1,1936,0,0,0,0,0,0,1.000000,0,3,2.364459,251.277695,0.000000,1
INSPECTION_CSV,actual_return_brace_ascent,tick,1080,-12.848471,407.360352,-129.651077,2.700669,1.243729,0.008112,1,1936,0,0,0,0,0,0,1.000000,0,3,2.364459,251.277695,0.000000,1
INSPECTION_CSV,actual_return_brace_ascent,arrived,1123,-12.391452,407.570770,-129.650192,0.137497,0.063321,0.001022,1,1936,0,0,0,0,0,0,1.000000,0,3,2.364459,251.277695,0.000000,1
INSPECTION_CSV,return_brace_to407_receiver,begin,1123,-12.391452,407.570770,-129.650192,0.137497,0.063321,0.001022,1,1936,0,0,0,0,0,0,1.000000,0,3,2.364459,251.277695,0.000000,1
INSPECTION_CSV,return_brace_to407_receiver,tick,1170,-11.943007,407.777313,-129.650192,1.572317,0.724093,0.000652,1,1936,0,0,0,0,0,0,1.000000,0,3,2.364459,251.277695,0.000000,1
INSPECTION_CSV,return_brace_to407_receiver,arrived,1246,-10.789234,407.899963,-129.650192,0.135821,0.000000,0.000845,1,1935,0,0,0,0,0,0,1.000000,0,3,2.364459,251.277695,0.000000,1
INSPECTION_CSV,recovered_right407_braking,begin,1246,-10.789234,407.899963,-129.650192,0.135821,0.000000,0.000845,1,1935,0,0,0,0,0,0,1.000000,0,3,2.364459,251.277695,0.000000,1
INSPECTION_CSV,recovered_right407_braking,tick,1260,-10.772954,407.899963,-129.553528,0.072107,0.000000,1.219974,1,1935,0,0,0,0,0,0,1.000000,0,3,2.364459,251.277695,0.000000,1
INSPECTION_CSV,recovered_right407_braking,arrived,1338,-10.800179,407.899963,-128.190552,-0.006417,0.000000,0.132747,1,1935,0,0,0,0,0,0,1.000000,0,3,2.364459,251.277695,0.000000,1
INSPECTION_CSV,recovered_right407_braking,tick,1350,-10.800772,407.899963,-128.178284,-0.002987,0.000000,0.061797,1,1935,0,0,0,0,0,0,1.000000,0,3,2.364459,251.277695,0.000000,1
INSPECTION_CSV,recovered_right407_braking,stable,1428,-10.801269,407.899963,-128.167923,-0.000021,0.000000,0.000429,1,1935,0,0,0,0,0,0,1.000000,0,3,2.364459,251.277695,0.000000,1
PASS INSPECTION_JUNCTION recovery407_gap_to403.5_to407 ordinary_inputs_only=1 actual_tray_impact=1 actual_return_brace_contact=1 gravity=1 deaths=0 initial_staging_only=1 full_route=0 gap_retry=0
